FFFF...F.F.FF                                                            [100%]
=================================== FAILURES ===================================
_ test_channel_backgrounds_match_independent_three_atom_solution[dead-UNIFORM] _

model = <SurpriseModel.UNIFORM: 'UNIFORM'>
warrant = WarrantProfile(lower=(frozenset({1}),), upper=(frozenset({1}),))

    @pytest.mark.parametrize("model", list(SP.SurpriseModel))
    @pytest.mark.parametrize("warrant", [WP.of({1}), WP.partial([{1}])], ids=["dead", "unknown"])
    def test_channel_backgrounds_match_independent_three_atom_solution(model, warrant):
        # One edge q->d and isolated u, alpha=1/3. Removing d's warrant removes
        # only the warranted transition/restart. Exploratory P and seed stay intact.
        ks = S.KnowledgeSpace(
            (S.Atom("q", "query_seed"), S.Atom("d", "claim", warrant), S.Atom("u", "claim")),
            (S.Hyperedge("qd", ("q",), ("d",), "SUPPORT"),),
        )
        task = SV.Task("channels", (SV.QueryPart("q", "claim", ("q",)),))
        cfg = SV.SolveConfig(surprise_model=model)
        seed = N.seed_vector(ks, {"q": F(1)})
        stage, nav = SV.navigate_stage(ks, seed, task, cfg, {1})
        assert nav["act_w"] == {"q": F(1, 3), "d": F(0), "u": F(0)}
        assert nav["act_x"] == {"q": F(1, 3), "d": F(2, 9), "u": F(0)}
        assert nav["background"] == {"q": F(1, 9), "d": F(0), "u": F(1, 9)}
>       assert nav["background_x"] == {"q": F(1, 9), "d": F(5, 27), "u": F(1, 9)}
E       KeyError: 'background_x'

tests/m2/test_surprise_channel_backgrounds.py:32: KeyError
_ test_channel_backgrounds_match_independent_three_atom_solution[dead-PROPAGATED] _

model = <SurpriseModel.PROPAGATED: 'PROPAGATED'>
warrant = WarrantProfile(lower=(frozenset({1}),), upper=(frozenset({1}),))

    @pytest.mark.parametrize("model", list(SP.SurpriseModel))
    @pytest.mark.parametrize("warrant", [WP.of({1}), WP.partial([{1}])], ids=["dead", "unknown"])
    def test_channel_backgrounds_match_independent_three_atom_solution(model, warrant):
        # One edge q->d and isolated u, alpha=1/3. Removing d's warrant removes
        # only the warranted transition/restart. Exploratory P and seed stay intact.
        ks = S.KnowledgeSpace(
            (S.Atom("q", "query_seed"), S.Atom("d", "claim", warrant), S.Atom("u", "claim")),
            (S.Hyperedge("qd", ("q",), ("d",), "SUPPORT"),),
        )
        task = SV.Task("channels", (SV.QueryPart("q", "claim", ("q",)),))
        cfg = SV.SolveConfig(surprise_model=model)
        seed = N.seed_vector(ks, {"q": F(1)})
        stage, nav = SV.navigate_stage(ks, seed, task, cfg, {1})
        assert nav["act_w"] == {"q": F(1, 3), "d": F(0), "u": F(0)}
        assert nav["act_x"] == {"q": F(1, 3), "d": F(2, 9), "u": F(0)}
        assert nav["background"] == {"q": F(1, 9), "d": F(0), "u": F(1, 9)}
>       assert nav["background_x"] == {"q": F(1, 9), "d": F(5, 27), "u": F(1, 9)}
E       KeyError: 'background_x'

tests/m2/test_surprise_channel_backgrounds.py:32: KeyError
_ test_channel_backgrounds_match_independent_three_atom_solution[unknown-UNIFORM] _

model = <SurpriseModel.UNIFORM: 'UNIFORM'>
warrant = WarrantProfile(lower=(frozenset({1}),), upper=(frozenset(),))

    @pytest.mark.parametrize("model", list(SP.SurpriseModel))
    @pytest.mark.parametrize("warrant", [WP.of({1}), WP.partial([{1}])], ids=["dead", "unknown"])
    def test_channel_backgrounds_match_independent_three_atom_solution(model, warrant):
        # One edge q->d and isolated u, alpha=1/3. Removing d's warrant removes
        # only the warranted transition/restart. Exploratory P and seed stay intact.
        ks = S.KnowledgeSpace(
            (S.Atom("q", "query_seed"), S.Atom("d", "claim", warrant), S.Atom("u", "claim")),
            (S.Hyperedge("qd", ("q",), ("d",), "SUPPORT"),),
        )
        task = SV.Task("channels", (SV.QueryPart("q", "claim", ("q",)),))
        cfg = SV.SolveConfig(surprise_model=model)
        seed = N.seed_vector(ks, {"q": F(1)})
        stage, nav = SV.navigate_stage(ks, seed, task, cfg, {1})
        assert nav["act_w"] == {"q": F(1, 3), "d": F(0), "u": F(0)}
        assert nav["act_x"] == {"q": F(1, 3), "d": F(2, 9), "u": F(0)}
        assert nav["background"] == {"q": F(1, 9), "d": F(0), "u": F(1, 9)}
>       assert nav["background_x"] == {"q": F(1, 9), "d": F(5, 27), "u": F(1, 9)}
E       KeyError: 'background_x'

tests/m2/test_surprise_channel_backgrounds.py:32: KeyError
_ test_channel_backgrounds_match_independent_three_atom_solution[unknown-PROPAGATED] _

model = <SurpriseModel.PROPAGATED: 'PROPAGATED'>
warrant = WarrantProfile(lower=(frozenset({1}),), upper=(frozenset(),))

    @pytest.mark.parametrize("model", list(SP.SurpriseModel))
    @pytest.mark.parametrize("warrant", [WP.of({1}), WP.partial([{1}])], ids=["dead", "unknown"])
    def test_channel_backgrounds_match_independent_three_atom_solution(model, warrant):
        # One edge q->d and isolated u, alpha=1/3. Removing d's warrant removes
        # only the warranted transition/restart. Exploratory P and seed stay intact.
        ks = S.KnowledgeSpace(
            (S.Atom("q", "query_seed"), S.Atom("d", "claim", warrant), S.Atom("u", "claim")),
            (S.Hyperedge("qd", ("q",), ("d",), "SUPPORT"),),
        )
        task = SV.Task("channels", (SV.QueryPart("q", "claim", ("q",)),))
        cfg = SV.SolveConfig(surprise_model=model)
        seed = N.seed_vector(ks, {"q": F(1)})
        stage, nav = SV.navigate_stage(ks, seed, task, cfg, {1})
        assert nav["act_w"] == {"q": F(1, 3), "d": F(0), "u": F(0)}
        assert nav["act_x"] == {"q": F(1, 3), "d": F(2, 9), "u": F(0)}
        assert nav["background"] == {"q": F(1, 9), "d": F(0), "u": F(1, 9)}
>       assert nav["background_x"] == {"q": F(1, 9), "d": F(5, 27), "u": F(1, 9)}
E       KeyError: 'background_x'

tests/m2/test_surprise_channel_backgrounds.py:32: KeyError
_ test_existing_solve_fixture_preserves_refusal_and_unrelated_capability[revoked1-PROPAGATED] _

model = <SurpriseModel.PROPAGATED: 'PROPAGATED'>, revoked = (1,)

    @pytest.mark.parametrize("model", list(SP.SurpriseModel))
    @pytest.mark.parametrize("revoked", [(), (1,), (2,), (3,)])
    def test_existing_solve_fixture_preserves_refusal_and_unrelated_capability(model, revoked):
>       out = SV.solve(_space(), _task(), [_op()], revoked=revoked,
                       config=SV.SolveConfig(surprise_model=model),
                       commit_authority=Authority.of(src=3))

tests/m2/test_surprise_channel_backgrounds.py:51: 
_ _ _ _ _ _ _ _ _ _ _ _ _ _ _ _ _ _ _ _ _ _ _ _ _ _ _ _ _ _ _ _ _ _ _ _ _ _ _ _ 
src/ocm/runtime/solve.py:420: in solve
    ext_res, ext = extract_stage(ks, seed, nav, config, rv)
src/ocm/runtime/solve.py:202: in extract_stage
    rho_x = SP.surprise(ks, nav["act_x"], nav["background"], seed, cfg.alpha, cfg.surprise_model, revoked=rv, mode=N.NavigationMode.EXPLORATORY)
src/ocm/kso/surprise.py:62: in surprise
    return {x: N.reaction_surprise(b_q[x], b_pi[x]) for x in ks.ids}
_ _ _ _ _ _ _ _ _ _ _ _ _ _ _ _ _ _ _ _ _ _ _ _ _ _ _ _ _ _ _ _ _ _ _ _ _ _ _ _ 

query = Fraction(1, 9), background = Fraction(-1, 18), eps = 1e-12

    def reaction_surprise(query: Fraction | float, background: Fraction | float, eps: float = 1e-12) -> float:
        q, b = float(query), float(background)
        if q <= 0:
            return 0.0
>       return max(0.0, q * math.log((q + eps) / (b + eps)))
E       ValueError: math domain error

src/ocm/kso/navigation.py:297: ValueError
_ test_existing_solve_fixture_preserves_refusal_and_unrelated_capability[revoked2-PROPAGATED] _

model = <SurpriseModel.PROPAGATED: 'PROPAGATED'>, revoked = (2,)

    @pytest.mark.parametrize("model", list(SP.SurpriseModel))
    @pytest.mark.parametrize("revoked", [(), (1,), (2,), (3,)])
    def test_existing_solve_fixture_preserves_refusal_and_unrelated_capability(model, revoked):
>       out = SV.solve(_space(), _task(), [_op()], revoked=revoked,
                       config=SV.SolveConfig(surprise_model=model),
                       commit_authority=Authority.of(src=3))

tests/m2/test_surprise_channel_backgrounds.py:51: 
_ _ _ _ _ _ _ _ _ _ _ _ _ _ _ _ _ _ _ _ _ _ _ _ _ _ _ _ _ _ _ _ _ _ _ _ _ _ _ _ 
src/ocm/runtime/solve.py:420: in solve
    ext_res, ext = extract_stage(ks, seed, nav, config, rv)
src/ocm/runtime/solve.py:202: in extract_stage
    rho_x = SP.surprise(ks, nav["act_x"], nav["background"], seed, cfg.alpha, cfg.surprise_model, revoked=rv, mode=N.NavigationMode.EXPLORATORY)
src/ocm/kso/surprise.py:62: in surprise
    return {x: N.reaction_surprise(b_q[x], b_pi[x]) for x in ks.ids}
_ _ _ _ _ _ _ _ _ _ _ _ _ _ _ _ _ _ _ _ _ _ _ _ _ _ _ _ _ _ _ _ _ _ _ _ _ _ _ _ 

query = Fraction(2, 27), background = Fraction(-1, 18), eps = 1e-12

    def reaction_surprise(query: Fraction | float, background: Fraction | float, eps: float = 1e-12) -> float:
        q, b = float(query), float(background)
        if q <= 0:
            return 0.0
>       return max(0.0, q * math.log((q + eps) / (b + eps)))
E       ValueError: math domain error

src/ocm/kso/navigation.py:297: ValueError
_ test_existing_solve_fixture_preserves_refusal_and_unrelated_capability[revoked3-PROPAGATED] _

model = <SurpriseModel.PROPAGATED: 'PROPAGATED'>, revoked = (3,)

    @pytest.mark.parametrize("model", list(SP.SurpriseModel))
    @pytest.mark.parametrize("revoked", [(), (1,), (2,), (3,)])
    def test_existing_solve_fixture_preserves_refusal_and_unrelated_capability(model, revoked):
>       out = SV.solve(_space(), _task(), [_op()], revoked=revoked,
                       config=SV.SolveConfig(surprise_model=model),
                       commit_authority=Authority.of(src=3))

tests/m2/test_surprise_channel_backgrounds.py:51: 
_ _ _ _ _ _ _ _ _ _ _ _ _ _ _ _ _ _ _ _ _ _ _ _ _ _ _ _ _ _ _ _ _ _ _ _ _ _ _ _ 
src/ocm/runtime/solve.py:420: in solve
    ext_res, ext = extract_stage(ks, seed, nav, config, rv)
src/ocm/runtime/solve.py:202: in extract_stage
    rho_x = SP.surprise(ks, nav["act_x"], nav["background"], seed, cfg.alpha, cfg.surprise_model, revoked=rv, mode=N.NavigationMode.EXPLORATORY)
src/ocm/kso/surprise.py:62: in surprise
    return {x: N.reaction_surprise(b_q[x], b_pi[x]) for x in ks.ids}
_ _ _ _ _ _ _ _ _ _ _ _ _ _ _ _ _ _ _ _ _ _ _ _ _ _ _ _ _ _ _ _ _ _ _ _ _ _ _ _ 

query = Fraction(1, 9), background = Fraction(-1, 18), eps = 1e-12

    def reaction_surprise(query: Fraction | float, background: Fraction | float, eps: float = 1e-12) -> float:
        q, b = float(query), float(background)
        if q <= 0:
            return 0.0
>       return max(0.0, q * math.log((q + eps) / (b + eps)))
E       ValueError: math domain error

src/ocm/kso/navigation.py:297: ValueError
_________ test_unavailable_exploratory_background_remains_cannot_check _________

monkeypatch = <_pytest.monkeypatch.MonkeyPatch object at 0x7f03034096e0>

    def test_unavailable_exploratory_background_remains_cannot_check(monkeypatch):
        fixed_point = N.fixed_point
    
        def unavailable(ks, seed, alpha, **kwargs):
            if kwargs.get("mode") is N.NavigationMode.EXPLORATORY and seed == N.uniform_seed(ks):
                raise CannotCheck("exploratory background unavailable")
            return fixed_point(ks, seed, alpha, **kwargs)
    
        monkeypatch.setattr(N, "fixed_point", unavailable)
        out = SV.solve(_space(), _task(), [_op()], config=_cfg(), commit_authority=Authority.of(src=3))
>       assert out.decision is SV.Decision.CANNOT_CHECK
E       AssertionError: assert <Decision.ANSWER: 'ANSWER'> is <Decision.CANNOT_CHECK: 'CANNOT_CHECK'>
E        +  where <Decision.ANSWER: 'ANSWER'> = SolveOutcome(decision=<Decision.ANSWER: 'ANSWER'>, trace=SolveTrace(task_id='t1', stages=[StageResult(stage=<Stage.TAS... ['fact', 'rule']}, WarrantProfile(lower=(frozenset({1, 2}),), upper=(frozenset({1, 2}),))), witness=None, gap_hook='').decision
E        +  and   <Decision.CANNOT_CHECK: 'CANNOT_CHECK'> = <enum 'Decision'>.CANNOT_CHECK
E        +    where <enum 'Decision'> = SV.Decision

tests/m2/test_surprise_channel_backgrounds.py:75: AssertionError
- generated xml file: /home/billy/orion-director-work/20260906/ocm-surprise-background-repair/research/ocm-prototype/results/surprise-channel-repair-20260906/red.xml -
=========================== short test summary info ============================
FAILED tests/m2/test_surprise_channel_backgrounds.py::test_channel_backgrounds_match_independent_three_atom_solution[dead-UNIFORM]
FAILED tests/m2/test_surprise_channel_backgrounds.py::test_channel_backgrounds_match_independent_three_atom_solution[dead-PROPAGATED]
FAILED tests/m2/test_surprise_channel_backgrounds.py::test_channel_backgrounds_match_independent_three_atom_solution[unknown-UNIFORM]
FAILED tests/m2/test_surprise_channel_backgrounds.py::test_channel_backgrounds_match_independent_three_atom_solution[unknown-PROPAGATED]
FAILED tests/m2/test_surprise_channel_backgrounds.py::test_existing_solve_fixture_preserves_refusal_and_unrelated_capability[revoked1-PROPAGATED]
FAILED tests/m2/test_surprise_channel_backgrounds.py::test_existing_solve_fixture_preserves_refusal_and_unrelated_capability[revoked2-PROPAGATED]
FAILED tests/m2/test_surprise_channel_backgrounds.py::test_existing_solve_fixture_preserves_refusal_and_unrelated_capability[revoked3-PROPAGATED]
FAILED tests/m2/test_surprise_channel_backgrounds.py::test_unavailable_exploratory_background_remains_cannot_check
8 failed, 5 passed in 0.17s
