=== host cn018 world=M2P2_WORLD_hc01-binary-ladder DIAGNOSTIC mining coverage: oracle-chunk guided-first only (union exceeds the 16-fragment cap of the registered unit); runner_sha=4bb7a173c018f2b0 methods_sha=e0a0565466dc6778 dev_state_sha=f413d97666a73134
{
 "schema": "M2P1_ARM_REPORT",
 "arm": "PARENT_GFO_D3",
 "calibration_only": true,
 "note": "ungated guided-first parent, CALIBRATION ONLY true hidden chunk library, fixed depth 3",
 "fragments_served": 6,
 "process": {
  "pid": 2557703,
  "pre_restart_pid": 3757396,
  "pid_changed": true
 },
 "targets": 46,
 "ladder": [
  200000
 ],
 "successes": 46,
 "attempts": 46,
 "all_targets_verified": true,
 "ladder_total": 46,
 "mean_B_slots": 34299.2,
 "external_verifications": 46,
 "successes_by_budget": {
  "200000": 46
 },
 "wall_seconds": 23.61
}

{
 "schema": "M2P1_ARM_REPORT",
 "arm": "PARENT_GFO_D4",
 "calibration_only": true,
 "note": "ungated guided-first parent, CALIBRATION ONLY true hidden chunk library, fixed depth 4",
 "fragments_served": 6,
 "process": {
  "pid": 2557859,
  "pre_restart_pid": 3757396,
  "pid_changed": true
 },
 "targets": 46,
 "ladder": [
  200000
 ],
 "successes": 46,
 "attempts": 46,
 "all_targets_verified": true,
 "ladder_total": 46,
 "mean_B_slots": 2163.7,
 "external_verifications": 46,
 "successes_by_budget": {
  "200000": 46
 },
 "wall_seconds": 4.96
}

=== DONE M2P2_WORLD_hc01-binary-ladder 2026-09-11T19:33:02Z
