=== host cn018 world=M2P2_WORLD_hc02-square-shift DIAGNOSTIC mining coverage: oracle-chunk guided-first only (union exceeds the 16-fragment cap of the registered unit); runner_sha=4bb7a173c018f2b0 methods_sha=e0a0565466dc6778 dev_state_sha=66b0ba5bdc03485a
{
 "schema": "M2P1_ARM_REPORT",
 "arm": "PARENT_GFO_D3",
 "calibration_only": true,
 "note": "ungated guided-first parent, CALIBRATION ONLY true hidden chunk library, fixed depth 3",
 "fragments_served": 6,
 "process": {
  "pid": 2557704,
  "pre_restart_pid": 3769083,
  "pid_changed": true
 },
 "targets": 447,
 "ladder": [
  200000
 ],
 "successes": 447,
 "attempts": 447,
 "all_targets_verified": true,
 "ladder_total": 447,
 "mean_B_slots": 54009.7,
 "external_verifications": 447,
 "successes_by_budget": {
  "200000": 447
 },
 "wall_seconds": 968.19
}

{
 "schema": "M2P1_ARM_REPORT",
 "arm": "PARENT_GFO_D4",
 "calibration_only": true,
 "note": "ungated guided-first parent, CALIBRATION ONLY true hidden chunk library, fixed depth 4",
 "fragments_served": 6,
 "process": {
  "pid": 2559360,
  "pre_restart_pid": 3769083,
  "pid_changed": true
 },
 "targets": 447,
 "ladder": [
  200000
 ],
 "successes": 447,
 "attempts": 447,
 "all_targets_verified": true,
 "ladder_total": 447,
 "mean_B_slots": 3112.8,
 "external_verifications": 447,
 "successes_by_budget": {
  "200000": 447
 },
 "wall_seconds": 178.71
}

=== DONE M2P2_WORLD_hc02-square-shift 2026-09-11T19:51:40Z
