=== host cn057 world=M2P2_WORLD_hc03-shift-runs DIAGNOSTIC mining coverage: union and oracle-chunk guided-first; runner_sha=4bb7a173c018f2b0 methods_sha=e0a0565466dc6778 dev_state_sha=84d4fa0c288cb8f5
{
 "schema": "M2P1_ARM_REPORT",
 "arm": "PARENT_GF_D4",
 "calibration_only": false,
 "note": "ungated guided-first parent, MDL library, fixed depth 4",
 "fragments_served": 6,
 "process": {
  "pid": 840151,
  "pre_restart_pid": 3760577,
  "pid_changed": true
 },
 "targets": 303,
 "ladder": [
  200000
 ],
 "successes": 303,
 "attempts": 303,
 "all_targets_verified": true,
 "ladder_total": 303,
 "mean_B_slots": 3593.4,
 "external_verifications": 303,
 "successes_by_budget": {
  "200000": 303
 },
 "wall_seconds": 76.99
}

{
 "schema": "M2P1_ARM_REPORT",
 "arm": "PARENT_GFU_D3",
 "calibration_only": false,
 "note": "ungated guided-first parent, MDL+frequency union library, fixed depth 3",
 "fragments_served": 16,
 "process": {
  "pid": 840992,
  "pre_restart_pid": 3760577,
  "pid_changed": true
 },
 "targets": 303,
 "ladder": [
  200000
 ],
 "successes": 303,
 "attempts": 303,
 "all_targets_verified": true,
 "ladder_total": 303,
 "mean_B_slots": 12025.6,
 "external_verifications": 303,
 "successes_by_budget": {
  "200000": 303
 },
 "wall_seconds": 175.99
}

{
 "schema": "M2P1_ARM_REPORT",
 "arm": "PARENT_GFU_D4",
 "calibration_only": false,
 "note": "ungated guided-first parent, MDL+frequency union library, fixed depth 4",
 "fragments_served": 16,
 "process": {
  "pid": 841713,
  "pre_restart_pid": 3760577,
  "pid_changed": true
 },
 "targets": 303,
 "ladder": [
  200000
 ],
 "successes": 303,
 "attempts": 303,
 "all_targets_verified": true,
 "ladder_total": 303,
 "mean_B_slots": 9425.7,
 "external_verifications": 303,
 "successes_by_budget": {
  "200000": 303
 },
 "wall_seconds": 166.99
}

{
 "schema": "M2P1_ARM_REPORT",
 "arm": "PARENT_GFO_D3",
 "calibration_only": true,
 "note": "ungated guided-first parent, CALIBRATION ONLY true hidden chunk library, fixed depth 3",
 "fragments_served": 8,
 "process": {
  "pid": 842333,
  "pre_restart_pid": 3760577,
  "pid_changed": true
 },
 "targets": 303,
 "ladder": [
  200000
 ],
 "successes": 303,
 "attempts": 303,
 "all_targets_verified": true,
 "ladder_total": 303,
 "mean_B_slots": 35768.1,
 "external_verifications": 303,
 "successes_by_budget": {
  "200000": 303
 },
 "wall_seconds": 320.75
}

{
 "schema": "M2P1_ARM_REPORT",
 "arm": "PARENT_GFO_D4",
 "calibration_only": true,
 "note": "ungated guided-first parent, CALIBRATION ONLY true hidden chunk library, fixed depth 4",
 "fragments_served": 8,
 "process": {
  "pid": 843872,
  "pre_restart_pid": 3760577,
  "pid_changed": true
 },
 "targets": 303,
 "ladder": [
  200000
 ],
 "successes": 303,
 "attempts": 303,
 "all_targets_verified": true,
 "ladder_total": 303,
 "mean_B_slots": 6559.9,
 "external_verifications": 303,
 "successes_by_budget": {
  "200000": 303
 },
 "wall_seconds": 77.05
}

=== DONE M2P2_WORLD_hc03-shift-runs 2026-09-11T19:30:11Z
