=== host cn057 world=M2P2_WORLD_hc05-long-form DIAGNOSTIC mining coverage: union and oracle-chunk guided-first; runner_sha=4bb7a173c018f2b0 methods_sha=e0a0565466dc6778 dev_state_sha=0d74f653a0a2e6e9
{
 "schema": "M2P1_ARM_REPORT",
 "arm": "PARENT_GF_D4",
 "calibration_only": false,
 "note": "ungated guided-first parent, MDL library, fixed depth 4",
 "fragments_served": 6,
 "process": {
  "pid": 840149,
  "pre_restart_pid": 3757718,
  "pid_changed": true
 },
 "targets": 55,
 "ladder": [
  200000
 ],
 "successes": 55,
 "attempts": 55,
 "all_targets_verified": true,
 "ladder_total": 55,
 "mean_B_slots": 6397.8,
 "external_verifications": 55,
 "successes_by_budget": {
  "200000": 55
 },
 "wall_seconds": 13.34
}

Traceback (most recent call last):
  File "/projects/hep/fs12/scratch/scyiu-m2trav/scripts_v5gfu/m2p1_runner.py", line 896, in <module>
    raise SystemExit(main())
                     ^^^^^^
  File "/projects/hep/fs12/scratch/scyiu-m2trav/scripts_v5gfu/m2p1_runner.py", line 887, in main
    phase_acquire(M, repo, eco, run, a.arm, ladder, a.targets)
  File "/projects/hep/fs12/scratch/scyiu-m2trav/scripts_v5gfu/m2p1_runner.py", line 622, in phase_acquire
    method, note = arm_method(M, arm, eco, dev)
                   ^^^^^^^^^^^^^^^^^^^^^^^^^^^^
  File "/projects/hep/fs12/scratch/scyiu-m2trav/scripts_v5gfu/m2p1_runner.py", line 523, in arm_method
    return M.GeneratorMethod(tuple(tuple(f) for f in mdl), tuple(dev["training_task_ids"])), \
           ^^^^^^^^^^^^^^^^^^^^^^^^^^^^^^^^^^^^^^^^^^^^^^^^^^^^^^^^^^^^^^^^^^^^^^^^^^^^^^^^
  File "<string>", line 5, in __init__
  File "/projects/hep/fs12/scratch/scyiu-m2trav/src/ocm/learning/methods.py", line 108, in __post_init__
    raise ValueError("invalid fragment library")
ValueError: invalid fragment library

ARM_FAILED PARENT_GFU_D3: p/fs12/scratch/scyiu-m2trav/scripts_v5gfu/m2p1_runner.py", line 523, in arm_method
    return M.GeneratorMethod(tuple(tuple(f) for f in mdl), tuple(dev["training_task_ids"])), \
           ^^^^^^^^^^^^^^^^^^^^^^^^^^^^^^^^^^^^^^^^^^^^^^^^^^^^^^^^^^^^^^^^^^^^^^^^^^^^^^^^
  File "<string>", line 5, in __init__
  File "/projects/hep/fs12/scratch/scyiu-m2trav/src/ocm/learning/methods.py", line 108, in __post_init__
    raise ValueError("invalid fragment library")
ValueError: invalid fragment library

