=== host cn067 world=M2P2_WORLD_hc05-long-form DIAGNOSTIC mining coverage: oracle-chunk guided-first only (union exceeds the 16-fragment cap of the registered unit); runner_sha=4bb7a173c018f2b0 methods_sha=e0a0565466dc6778 dev_state_sha=0d74f653a0a2e6e9
{
 "schema": "M2P1_ARM_REPORT",
 "arm": "PARENT_GFO_D3",
 "calibration_only": true,
 "note": "ungated guided-first parent, CALIBRATION ONLY true hidden chunk library, fixed depth 3",
 "fragments_served": 7,
 "process": {
  "pid": 2302932,
  "pre_restart_pid": 3757718,
  "pid_changed": true
 },
 "targets": 55,
 "ladder": [
  200000
 ],
 "successes": 55,
 "attempts": 55,
 "all_targets_verified": true,
 "ladder_total": 55,
 "mean_B_slots": 39531.7,
 "external_verifications": 55,
 "successes_by_budget": {
  "200000": 55
 },
 "wall_seconds": 53.82
}

{
 "schema": "M2P1_ARM_REPORT",
 "arm": "PARENT_GFO_D4",
 "calibration_only": true,
 "note": "ungated guided-first parent, CALIBRATION ONLY true hidden chunk library, fixed depth 4",
 "fragments_served": 7,
 "process": {
  "pid": 2303029,
  "pre_restart_pid": 3757718,
  "pid_changed": true
 },
 "targets": 55,
 "ladder": [
  200000
 ],
 "successes": 55,
 "attempts": 55,
 "all_targets_verified": true,
 "ladder_total": 55,
 "mean_B_slots": 5905.0,
 "external_verifications": 55,
 "successes_by_budget": {
  "200000": 55
 },
 "wall_seconds": 11.8
}

=== DONE M2P2_WORLD_hc05-long-form 2026-09-11T19:33:39Z
