=== host cn094 world=M2P2_WORLD_hc06-decoy-pair DIAGNOSTIC mining coverage: oracle-chunk guided-first only (union exceeds the 16-fragment cap of the registered unit); runner_sha=4bb7a173c018f2b0 methods_sha=e0a0565466dc6778 dev_state_sha=ec5e078837526f8f
{
 "schema": "M2P1_ARM_REPORT",
 "arm": "PARENT_GFO_D3",
 "calibration_only": true,
 "note": "ungated guided-first parent, CALIBRATION ONLY true hidden chunk library, fixed depth 3",
 "fragments_served": 7,
 "process": {
  "pid": 100353,
  "pre_restart_pid": 3759671,
  "pid_changed": true
 },
 "targets": 146,
 "ladder": [
  200000
 ],
 "successes": 146,
 "attempts": 146,
 "all_targets_verified": true,
 "ladder_total": 146,
 "mean_B_slots": 48094.5,
 "external_verifications": 146,
 "successes_by_budget": {
  "200000": 146
 },
 "wall_seconds": 258.01
}

{
 "schema": "M2P1_ARM_REPORT",
 "arm": "PARENT_GFO_D4",
 "calibration_only": true,
 "note": "ungated guided-first parent, CALIBRATION ONLY true hidden chunk library, fixed depth 4",
 "fragments_served": 7,
 "process": {
  "pid": 101000,
  "pre_restart_pid": 3759671,
  "pid_changed": true
 },
 "targets": 146,
 "ladder": [
  200000
 ],
 "successes": 146,
 "attempts": 146,
 "all_targets_verified": true,
 "ladder_total": 146,
 "mean_B_slots": 3989.3,
 "external_verifications": 146,
 "successes_by_budget": {
  "200000": 146
 },
 "wall_seconds": 38.33
}

=== DONE M2P2_WORLD_hc06-decoy-pair 2026-09-11T19:37:30Z
