=== host cn067 world=M2P2_WORLD_hc09-negative-ladder DIAGNOSTIC mining coverage: union and oracle-chunk guided-first; runner_sha=4bb7a173c018f2b0 methods_sha=e0a0565466dc6778 dev_state_sha=fd316f428d1553c1
{
 "schema": "M2P1_ARM_REPORT",
 "arm": "PARENT_GF_D4",
 "calibration_only": false,
 "note": "ungated guided-first parent, MDL library, fixed depth 4",
 "fragments_served": 5,
 "process": {
  "pid": 2299961,
  "pre_restart_pid": 3757866,
  "pid_changed": true
 },
 "targets": 58,
 "ladder": [
  200000
 ],
 "successes": 58,
 "attempts": 58,
 "all_targets_verified": true,
 "ladder_total": 58,
 "mean_B_slots": 4985.7,
 "external_verifications": 58,
 "successes_by_budget": {
  "200000": 58
 },
 "wall_seconds": 10.95
}

{
 "schema": "M2P1_ARM_REPORT",
 "arm": "PARENT_GFU_D3",
 "calibration_only": false,
 "note": "ungated guided-first parent, MDL+frequency union library, fixed depth 3",
 "fragments_served": 16,
 "process": {
  "pid": 2300031,
  "pre_restart_pid": 3757866,
  "pid_changed": true
 },
 "targets": 58,
 "ladder": [
  200000
 ],
 "successes": 58,
 "attempts": 58,
 "all_targets_verified": true,
 "ladder_total": 58,
 "mean_B_slots": 6607.4,
 "external_verifications": 58,
 "successes_by_budget": {
  "200000": 58
 },
 "wall_seconds": 14.5
}

{
 "schema": "M2P1_ARM_REPORT",
 "arm": "PARENT_GFU_D4",
 "calibration_only": false,
 "note": "ungated guided-first parent, MDL+frequency union library, fixed depth 4",
 "fragments_served": 16,
 "process": {
  "pid": 2300113,
  "pre_restart_pid": 3757866,
  "pid_changed": true
 },
 "targets": 58,
 "ladder": [
  200000
 ],
 "successes": 58,
 "attempts": 58,
 "all_targets_verified": true,
 "ladder_total": 58,
 "mean_B_slots": 5883.5,
 "external_verifications": 58,
 "successes_by_budget": {
  "200000": 58
 },
 "wall_seconds": 10.31
}

{
 "schema": "M2P1_ARM_REPORT",
 "arm": "PARENT_GFO_D3",
 "calibration_only": true,
 "note": "ungated guided-first parent, CALIBRATION ONLY true hidden chunk library, fixed depth 3",
 "fragments_served": 6,
 "process": {
  "pid": 2300176,
  "pre_restart_pid": 3757866,
  "pid_changed": true
 },
 "targets": 58,
 "ladder": [
  200000
 ],
 "successes": 58,
 "attempts": 58,
 "all_targets_verified": true,
 "ladder_total": 58,
 "mean_B_slots": 33599.7,
 "external_verifications": 58,
 "successes_by_budget": {
  "200000": 58
 },
 "wall_seconds": 51.51
}

{
 "schema": "M2P1_ARM_REPORT",
 "arm": "PARENT_GFO_D4",
 "calibration_only": true,
 "note": "ungated guided-first parent, CALIBRATION ONLY true hidden chunk library, fixed depth 4",
 "fragments_served": 6,
 "process": {
  "pid": 2300290,
  "pre_restart_pid": 3757866,
  "pid_changed": true
 },
 "targets": 58,
 "ladder": [
  200000
 ],
 "successes": 58,
 "attempts": 58,
 "all_targets_verified": true,
 "ladder_total": 58,
 "mean_B_slots": 2487.2,
 "external_verifications": 58,
 "successes_by_budget": {
  "200000": 58
 },
 "wall_seconds": 7.73
}

=== DONE M2P2_WORLD_hc09-negative-ladder 2026-09-11T19:18:08Z
