=== host cn094 world=M2P2_WORLD_hc10-quartic-climb DIAGNOSTIC mining coverage: oracle-chunk guided-first only (union exceeds the 16-fragment cap of the registered unit); runner_sha=4bb7a173c018f2b0 methods_sha=e0a0565466dc6778 dev_state_sha=0c386f74e22d91f6
{
 "schema": "M2P1_ARM_REPORT",
 "arm": "PARENT_GFO_D3",
 "calibration_only": true,
 "note": "ungated guided-first parent, CALIBRATION ONLY true hidden chunk library, fixed depth 3",
 "fragments_served": 6,
 "process": {
  "pid": 100354,
  "pre_restart_pid": 3767359,
  "pid_changed": true
 },
 "targets": 163,
 "ladder": [
  200000
 ],
 "successes": 163,
 "attempts": 163,
 "all_targets_verified": true,
 "ladder_total": 163,
 "mean_B_slots": 38044.5,
 "external_verifications": 163,
 "successes_by_budget": {
  "200000": 163
 },
 "wall_seconds": 577.98
}

{
 "schema": "M2P1_ARM_REPORT",
 "arm": "PARENT_GFO_D4",
 "calibration_only": true,
 "note": "ungated guided-first parent, CALIBRATION ONLY true hidden chunk library, fixed depth 4",
 "fragments_served": 6,
 "process": {
  "pid": 101527,
  "pre_restart_pid": 3767359,
  "pid_changed": true
 },
 "targets": 163,
 "ladder": [
  200000
 ],
 "successes": 163,
 "attempts": 163,
 "all_targets_verified": true,
 "ladder_total": 163,
 "mean_B_slots": 2311.0,
 "external_verifications": 163,
 "successes_by_budget": {
  "200000": 163
 },
 "wall_seconds": 110.57
}

=== DONE M2P2_WORLD_hc10-quartic-climb 2026-09-11T19:44:02Z
