........................................................................ [  5%]
........................................................................ [ 11%]
........................................................................ [ 16%]
........................................................................ [ 22%]
........................................................................ [ 28%]
........................................................................ [ 33%]
........................................................................ [ 39%]
........................................................................ [ 44%]
........................................................................ [ 50%]
........................................................................ [ 56%]
........................................................................ [ 61%]
........................................................................ [ 67%]
........................................................................ [ 72%]
........................................................................ [ 78%]
........................................................................ [ 84%]
........................................................................ [ 89%]
........................................................................ [ 95%]
...........................................................              [100%]
- generated xml file: /home/billy/orion-director-work/20260906/ocm-completion-runtime/docs/provenance/engineering_revisions/runs/0d114c3087855886242611c623f7ccd60061c140e7b5de4033e6df5644b94948/acfee3cfbe0d43bf/FULL_SUITE.xml -
1283 passed in 288.78s (0:04:48)
