=== host cn094 world=narrow_gauge M2-P4 stage 3; runner_sha=7d790905ada3ad76 methods_sha=e0a0565466dc6778
=== protected targets: 84
{
 "schema": "M2P1_DEV_STATE",
 "eu_admission": {
  "policy": "EXPECTED_UTILITY_WITH_BOUNDED_REGRET_V1",
  "mean_delta": -949.8,
  "ci95_low": -1814.1,
  "worst_ratio": 2.0,
  "rho_max": 2.0,
  "all_verified": true,
  "admitted": false,
  "reason": "ci95_low<=0"
 },
 "ocm_controller": {
  "rule": {
   "[8, 6, 2, 2]": false,
   "[4, 3, 1, 2]": true,
   "[4, 4, 1, 2]": true,
   "[8, 1, 3, 2]": true,
   "[8, 6, 4, 2]": true,
   "[4, 5, 2, 2]": false,
   "[4, 5, 1, 2]": true,
   "[8, 5, 1, 2]": false,
   "[8, 3, 4, 2]": true,
   "[8, 5, 2, 2]": false,
   "[8, 6, 3, 2]": false,
   "[8, 1, 4, 2]": true,
   "[8, 2, 1, 2]": true,
   "[4, 3, 2, 2]": false,
   "[8, 1, 1, 2]": true,
   "[8, 5, 3, 2]": false
  },
  "fallback": false,
  "probe_depth": 1,
  "rule_fit": "controller_v4: miss-conditional (validation tasks tiling deeper than the probe depth); 42 of 42 rows",
  "beta": 14,
  "liveness_window": 8,
  "liveness_min_hit_rate": 0.25,
  "depth_rule": "expected-cost on held-out validation (controller_v2)",
  "liveness": "v2: counter advances every target; stood-down => RESET until re-probe hits",
  "library": "mdl",
  "library_rule": "controller_v5: interleave validation (v2 rule) + v4 miss-conditional rule",
  "expected_probe_cost": {
   "frequency": 3522.5,
   "mdl": 3787.4
  },
  "validated_better_interleave": {
   "frequency": 15,
   "mdl": 20
  }
 },
 "mdl_fragments": [
  [
   "double",
   "square"
  ],
  [
   "inc",
   "square"
  ],
  [
   "dec",
   "square"
  ],
  [
   "square",
   "dec",
   "double"
  ],
  [
   "square",
   "square"
  ],
  [
   "square",
   "inc",
   "double"
  ],
  [
   "square",
   "double"
  ],
  [
   "inc",
   "double"
  ],
  [
   "square",
   "dec"
  ],
  [
   "dec",
   "double"
  ]
 ],
 "mdl_admission": false,
 "mdl_terminal": "KEEP_PRIMITIVE_BASELINE",
 "mdl_strictly_better": 20,
 "train_solved": 98,
 "train_unsolved": 0,
 "fragments_mined": 16,
 "admission": false,
 "terminal": "KEEP_PRIMITIVE_BASELINE",
 "validated_on": 42,
 "held_out_strictly_better": 15,
 "held_out_never_worse": false,
 "held_out_mean_baseline": 3773.4,
 "held_out_mean_candidate": 4723.1,
 "wall_seconds": 24.97,
 "pid": 131943
}
checkpoint written, pid 131968
{
 "schema": "M2P1_ARM_REPORT",
 "arm": "RESET",
 "calibration_only": false,
 "note": "no generator; LIBRARY_ONLY holds solved objects whose normal forms are disjoint from every target (gate G2)",
 "fragments_served": 0,
 "process": {
  "pid": 131970,
  "pre_restart_pid": 131968,
  "pid_changed": true
 },
 "targets": 84,
 "ladder": [
  200000
 ],
 "successes": 84,
 "attempts": 84,
 "all_targets_verified": true,
 "ladder_total": 84,
 "mean_B_slots": 4066.6,
 "external_verifications": 84,
 "successes_by_budget": {
  "200000": 84
 },
 "wall_seconds": 15.51
}

{
 "schema": "M2P1_ARM_REPORT",
 "arm": "PARENT_GF_D4",
 "calibration_only": false,
 "note": "ungated guided-first parent, MDL library, fixed depth 4",
 "fragments_served": 10,
 "process": {
  "pid": 132080,
  "pre_restart_pid": 131968,
  "pid_changed": true
 },
 "targets": 84,
 "ladder": [
  200000
 ],
 "successes": 84,
 "attempts": 84,
 "all_targets_verified": true,
 "ladder_total": 84,
 "mean_B_slots": 7762.4,
 "external_verifications": 84,
 "successes_by_budget": {
  "200000": 84
 },
 "wall_seconds": 87.14
}

{
 "schema": "M2P1_ARM_REPORT",
 "arm": "SHUFFLED_HISTORY",
 "calibration_only": false,
 "note": "random fragments matching the mined count and length profile, with the true hidden motifs excluded so the control cannot rediscover them by chance",
 "fragments_served": 16,
 "process": {
  "pid": 132549,
  "pre_restart_pid": 131968,
  "pid_changed": true
 },
 "targets": 84,
 "ladder": [
  200000
 ],
 "successes": 84,
 "attempts": 84,
 "all_targets_verified": true,
 "ladder_total": 84,
 "mean_B_slots": 7472.8,
 "external_verifications": 84,
 "successes_by_budget": {
  "200000": 84
 },
 "wall_seconds": 19.17
}

{
 "schema": "M2P1_ARM_REPORT",
 "arm": "CONTINUED_OCM",
 "calibration_only": false,
 "note": "integrated controller: probe depth 1 beta 14, rule cells 16",
 "fragments_served": 10,
 "process": {
  "pid": 132774,
  "pre_restart_pid": 131968,
  "pid_changed": true
 },
 "targets": 84,
 "ladder": [
  200000
 ],
 "successes": 84,
 "attempts": 84,
 "all_targets_verified": true,
 "ladder_total": 84,
 "mean_B_slots": 4068.5,
 "external_verifications": 84,
 "successes_by_budget": {
  "200000": 84
 },
 "wall_seconds": 15.66
}

{
 "schema": "M2P1_ARM_REPORT",
 "arm": "PARENT_WITH_MDL",
 "calibration_only": false,
 "note": "ungated parent serving the MDL library: isolates selection rule from OCM",
 "fragments_served": 10,
 "process": {
  "pid": 132998,
  "pre_restart_pid": 131968,
  "pid_changed": true
 },
 "targets": 84,
 "ladder": [
  200000
 ],
 "successes": 84,
 "attempts": 84,
 "all_targets_verified": true,
 "ladder_total": 84,
 "mean_B_slots": 4005.0,
 "external_verifications": 84,
 "successes_by_budget": {
  "200000": 84
 },
 "wall_seconds": 13.21
}

{
 "schema": "M2P1_ARM_REPORT",
 "arm": "PARENT_GFQ_D3",
 "calibration_only": false,
 "note": "ungated guided-first parent, frequency library, fixed depth 3",
 "fragments_served": 16,
 "process": {
  "pid": 133184,
  "pre_restart_pid": 131968,
  "pid_changed": true
 },
 "targets": 84,
 "ladder": [
  200000
 ],
 "successes": 84,
 "attempts": 84,
 "all_targets_verified": true,
 "ladder_total": 84,
 "mean_B_slots": 3182.7,
 "external_verifications": 84,
 "successes_by_budget": {
  "200000": 84
 },
 "wall_seconds": 66.9
}

{
 "schema": "M2P1_ARM_REPORT",
 "arm": "PARENT_GFQ_D4",
 "calibration_only": false,
 "note": "ungated guided-first parent, frequency library, fixed depth 4",
 "fragments_served": 16,
 "process": {
  "pid": 133881,
  "pre_restart_pid": 131968,
  "pid_changed": true
 },
 "targets": 84,
 "ladder": [
  200000
 ],
 "successes": 84,
 "attempts": 84,
 "all_targets_verified": true,
 "ladder_total": 84,
 "mean_B_slots": 7834.1,
 "external_verifications": 84,
 "successes_by_budget": {
  "200000": 84
 },
 "wall_seconds": 125.09
}

=== DONE narrow_gauge 2026-09-12T01:09:46Z
