=== host cn094 world=twin_roots M2-P4 stage 3; runner_sha=7d790905ada3ad76 methods_sha=e0a0565466dc6778
=== protected targets: 50
{
 "schema": "M2P1_DEV_STATE",
 "eu_admission": {
  "policy": "EXPECTED_UTILITY_WITH_BOUNDED_REGRET_V1",
  "mean_delta": 19461.3,
  "ci95_low": 12629.0,
  "worst_ratio": 1.6945,
  "rho_max": 2.0,
  "all_verified": true,
  "admitted": true,
  "reason": "admitted"
 },
 "ocm_controller": {
  "rule": {
   "[8, 5, 4, 4]": true,
   "[8, 6, 4, 4]": false,
   "[8, 6, 3, 4]": true,
   "[8, 5, 3, 4]": true
  },
  "fallback": true,
  "probe_depth": 3,
  "rule_fit": "controller_v4: miss-conditional (validation tasks tiling deeper than the probe depth); 7 of 41 rows",
  "beta": 8420,
  "liveness_window": 8,
  "liveness_min_hit_rate": 0.25,
  "depth_rule": "expected-cost on held-out validation (controller_v2)",
  "liveness": "v2: counter advances every target; stood-down => RESET until re-probe hits",
  "library": "frequency",
  "library_rule": "controller_v5: interleave validation (v2 rule) + v4 miss-conditional rule",
  "expected_probe_cost": {
   "frequency": 12973.0,
   "mdl": 15756.6
  },
  "validated_better_interleave": {
   "frequency": 38,
   "mdl": 33
  }
 },
 "mdl_fragments": [
  [
   "square",
   "double",
   "square"
  ],
  [
   "inc",
   "square"
  ],
  [
   "square",
   "dec",
   "square"
  ],
  [
   "square",
   "inc",
   "double",
   "square"
  ],
  [
   "dec",
   "square"
  ],
  [
   "square",
   "double"
  ],
  [
   "double",
   "square"
  ],
  [
   "square",
   "inc"
  ]
 ],
 "mdl_admission": false,
 "mdl_terminal": "KEEP_PRIMITIVE_BASELINE",
 "mdl_strictly_better": 38,
 "train_solved": 53,
 "train_unsolved": 0,
 "fragments_mined": 16,
 "admission": false,
 "terminal": "KEEP_PRIMITIVE_BASELINE",
 "validated_on": 41,
 "held_out_strictly_better": 38,
 "held_out_never_worse": false,
 "held_out_mean_baseline": 29777.0,
 "held_out_mean_candidate": 10315.7,
 "wall_seconds": 173.24,
 "pid": 131944
}
checkpoint written, pid 133117
{
 "schema": "M2P1_ARM_REPORT",
 "arm": "RESET",
 "calibration_only": false,
 "note": "no generator; LIBRARY_ONLY holds solved objects whose normal forms are disjoint from every target (gate G2)",
 "fragments_served": 0,
 "process": {
  "pid": 133123,
  "pre_restart_pid": 133117,
  "pid_changed": true
 },
 "targets": 50,
 "ladder": [
  200000
 ],
 "successes": 50,
 "attempts": 50,
 "all_targets_verified": true,
 "ladder_total": 50,
 "mean_B_slots": 28276.0,
 "external_verifications": 50,
 "successes_by_budget": {
  "200000": 50
 },
 "wall_seconds": 60.11
}

{
 "schema": "M2P1_ARM_REPORT",
 "arm": "PARENT_GF_D4",
 "calibration_only": false,
 "note": "ungated guided-first parent, MDL library, fixed depth 4",
 "fragments_served": 8,
 "process": {
  "pid": 133768,
  "pre_restart_pid": 133117,
  "pid_changed": true
 },
 "targets": 50,
 "ladder": [
  200000
 ],
 "successes": 50,
 "attempts": 50,
 "all_targets_verified": true,
 "ladder_total": 50,
 "mean_B_slots": 4015.8,
 "external_verifications": 50,
 "successes_by_budget": {
  "200000": 50
 },
 "wall_seconds": 25.82
}

{
 "schema": "M2P1_ARM_REPORT",
 "arm": "SHUFFLED_HISTORY",
 "calibration_only": false,
 "note": "random fragments matching the mined count and length profile, with the true hidden motifs excluded so the control cannot rediscover them by chance",
 "fragments_served": 14,
 "process": {
  "pid": 134016,
  "pre_restart_pid": 133117,
  "pid_changed": true
 },
 "targets": 50,
 "ladder": [
  200000
 ],
 "successes": 50,
 "attempts": 50,
 "all_targets_verified": true,
 "ladder_total": 50,
 "mean_B_slots": 54950.5,
 "external_verifications": 50,
 "successes_by_budget": {
  "200000": 50
 },
 "wall_seconds": 66.84
}

{
 "schema": "M2P1_ARM_REPORT",
 "arm": "CONTINUED_OCM",
 "calibration_only": false,
 "note": "integrated controller: probe depth 3 beta 8420, rule cells 4",
 "fragments_served": 16,
 "process": {
  "pid": 134227,
  "pre_restart_pid": 133117,
  "pid_changed": true
 },
 "targets": 50,
 "ladder": [
  200000
 ],
 "successes": 50,
 "attempts": 50,
 "all_targets_verified": true,
 "ladder_total": 50,
 "mean_B_slots": 9743.4,
 "external_verifications": 50,
 "successes_by_budget": {
  "200000": 50
 },
 "wall_seconds": 46.81
}

{
 "schema": "M2P1_ARM_REPORT",
 "arm": "PARENT_WITH_MDL",
 "calibration_only": false,
 "note": "ungated parent serving the MDL library: isolates selection rule from OCM",
 "fragments_served": 8,
 "process": {
  "pid": 134410,
  "pre_restart_pid": 133117,
  "pid_changed": true
 },
 "targets": 50,
 "ladder": [
  200000
 ],
 "successes": 50,
 "attempts": 50,
 "all_targets_verified": true,
 "ladder_total": 50,
 "mean_B_slots": 7769.5,
 "external_verifications": 50,
 "successes_by_budget": {
  "200000": 50
 },
 "wall_seconds": 13.22
}

{
 "schema": "M2P1_ARM_REPORT",
 "arm": "PARENT_GFQ_D3",
 "calibration_only": false,
 "note": "ungated guided-first parent, frequency library, fixed depth 3",
 "fragments_served": 16,
 "process": {
  "pid": 134475,
  "pre_restart_pid": 133117,
  "pid_changed": true
 },
 "targets": 50,
 "ladder": [
  200000
 ],
 "successes": 50,
 "attempts": 50,
 "all_targets_verified": true,
 "ladder_total": 50,
 "mean_B_slots": 9570.0,
 "external_verifications": 50,
 "successes_by_budget": {
  "200000": 50
 },
 "wall_seconds": 50.95
}

{
 "schema": "M2P1_ARM_REPORT",
 "arm": "PARENT_GFQ_D4",
 "calibration_only": false,
 "note": "ungated guided-first parent, frequency library, fixed depth 4",
 "fragments_served": 16,
 "process": {
  "pid": 134630,
  "pre_restart_pid": 133117,
  "pid_changed": true
 },
 "targets": 50,
 "ladder": [
  200000
 ],
 "successes": 50,
 "attempts": 50,
 "all_targets_verified": true,
 "ladder_total": 50,
 "mean_B_slots": 5201.1,
 "external_verifications": 50,
 "successes_by_budget": {
  "200000": 50
 },
 "wall_seconds": 53.09
}

=== DONE twin_roots 2026-09-12T01:11:48Z
