=== host cn094 world=brass_lantern M2-P4 stage 3; runner_sha=7d790905ada3ad76 methods_sha=e0a0565466dc6778
=== protected targets: 38
{
 "schema": "M2P1_DEV_STATE",
 "eu_admission": {
  "policy": "EXPECTED_UTILITY_WITH_BOUNDED_REGRET_V1",
  "mean_delta": 18139.8,
  "ci95_low": 10888.0,
  "worst_ratio": 0.674,
  "rho_max": 2.0,
  "all_verified": true,
  "admitted": true,
  "reason": "admitted"
 },
 "ocm_controller": {
  "rule": {},
  "fallback": false,
  "probe_depth": 3,
  "rule_fit": "controller_v4: miss-conditional (validation tasks tiling deeper than the probe depth); 0 of 29 rows",
  "beta": 8420,
  "liveness_window": 8,
  "liveness_min_hit_rate": 0.25,
  "depth_rule": "expected-cost on held-out validation (controller_v2)",
  "liveness": "v2: counter advances every target; stood-down => RESET until re-probe hits",
  "library": "frequency",
  "library_rule": "controller_v5: interleave validation (v2 rule) + v4 miss-conditional rule",
  "expected_probe_cost": {
   "frequency": 2971.7,
   "mdl": 14474.3
  },
  "validated_better_interleave": {
   "frequency": 29,
   "mdl": 25
  }
 },
 "mdl_fragments": [
  [
   "inc",
   "square"
  ],
  [
   "double",
   "square"
  ],
  [
   "square",
   "inc",
   "double"
  ],
  [
   "square",
   "inc"
  ],
  [
   "square",
   "double"
  ]
 ],
 "mdl_admission": true,
 "mdl_terminal": "HELD_OUT_SEARCH_IMPROVEMENT",
 "mdl_strictly_better": 29,
 "train_solved": 68,
 "train_unsolved": 0,
 "fragments_mined": 16,
 "admission": true,
 "terminal": "HELD_OUT_SEARCH_IMPROVEMENT",
 "validated_on": 29,
 "held_out_strictly_better": 29,
 "held_out_never_worse": true,
 "held_out_mean_baseline": 21598.3,
 "held_out_mean_candidate": 3458.5,
 "wall_seconds": 86.81,
 "pid": 131940
}
checkpoint written, pid 132192
{
 "schema": "M2P1_ARM_REPORT",
 "arm": "RESET",
 "calibration_only": false,
 "note": "no generator; LIBRARY_ONLY holds solved objects whose normal forms are disjoint from every target (gate G2)",
 "fragments_served": 0,
 "process": {
  "pid": 132195,
  "pre_restart_pid": 132192,
  "pid_changed": true
 },
 "targets": 38,
 "ladder": [
  200000
 ],
 "successes": 38,
 "attempts": 38,
 "all_targets_verified": true,
 "ladder_total": 38,
 "mean_B_slots": 19273.1,
 "external_verifications": 38,
 "successes_by_budget": {
  "200000": 38
 },
 "wall_seconds": 27.49
}

{
 "schema": "M2P1_ARM_REPORT",
 "arm": "PARENT_GF_D4",
 "calibration_only": false,
 "note": "ungated guided-first parent, MDL library, fixed depth 4",
 "fragments_served": 5,
 "process": {
  "pid": 132412,
  "pre_restart_pid": 132192,
  "pid_changed": true
 },
 "targets": 38,
 "ladder": [
  200000
 ],
 "successes": 38,
 "attempts": 38,
 "all_targets_verified": true,
 "ladder_total": 38,
 "mean_B_slots": 10094.9,
 "external_verifications": 38,
 "successes_by_budget": {
  "200000": 38
 },
 "wall_seconds": 20.99
}

{
 "schema": "M2P1_ARM_REPORT",
 "arm": "SHUFFLED_HISTORY",
 "calibration_only": false,
 "note": "random fragments matching the mined count and length profile, with the true hidden motifs excluded so the control cannot rediscover them by chance",
 "fragments_served": 15,
 "process": {
  "pid": 132614,
  "pre_restart_pid": 132192,
  "pid_changed": true
 },
 "targets": 38,
 "ladder": [
  200000
 ],
 "successes": 38,
 "attempts": 38,
 "all_targets_verified": true,
 "ladder_total": 38,
 "mean_B_slots": 31349.5,
 "external_verifications": 38,
 "successes_by_budget": {
  "200000": 38
 },
 "wall_seconds": 26.87
}

{
 "schema": "M2P1_ARM_REPORT",
 "arm": "CONTINUED_OCM",
 "calibration_only": false,
 "note": "integrated controller: probe depth 3 beta 8420, rule cells 0",
 "fragments_served": 16,
 "process": {
  "pid": 132985,
  "pre_restart_pid": 132192,
  "pid_changed": true
 },
 "targets": 38,
 "ladder": [
  200000
 ],
 "successes": 38,
 "attempts": 38,
 "all_targets_verified": true,
 "ladder_total": 38,
 "mean_B_slots": 1489.1,
 "external_verifications": 38,
 "successes_by_budget": {
  "200000": 38
 },
 "wall_seconds": 9.29
}

{
 "schema": "M2P1_ARM_REPORT",
 "arm": "PARENT_WITH_MDL",
 "calibration_only": false,
 "note": "ungated parent serving the MDL library: isolates selection rule from OCM",
 "fragments_served": 5,
 "process": {
  "pid": 133105,
  "pre_restart_pid": 132192,
  "pid_changed": true
 },
 "targets": 38,
 "ladder": [
  200000
 ],
 "successes": 38,
 "attempts": 38,
 "all_targets_verified": true,
 "ladder_total": 38,
 "mean_B_slots": 15926.6,
 "external_verifications": 38,
 "successes_by_budget": {
  "200000": 38
 },
 "wall_seconds": 15.81
}

{
 "schema": "M2P1_ARM_REPORT",
 "arm": "PARENT_GFQ_D3",
 "calibration_only": false,
 "note": "ungated guided-first parent, frequency library, fixed depth 3",
 "fragments_served": 16,
 "process": {
  "pid": 133296,
  "pre_restart_pid": 132192,
  "pid_changed": true
 },
 "targets": 38,
 "ladder": [
  200000
 ],
 "successes": 38,
 "attempts": 38,
 "all_targets_verified": true,
 "ladder_total": 38,
 "mean_B_slots": 1489.1,
 "external_verifications": 38,
 "successes_by_budget": {
  "200000": 38
 },
 "wall_seconds": 9.25
}

{
 "schema": "M2P1_ARM_REPORT",
 "arm": "PARENT_GFQ_D4",
 "calibration_only": false,
 "note": "ungated guided-first parent, frequency library, fixed depth 4",
 "fragments_served": 16,
 "process": {
  "pid": 133397,
  "pre_restart_pid": 132192,
  "pid_changed": true
 },
 "targets": 38,
 "ladder": [
  200000
 ],
 "successes": 38,
 "attempts": 38,
 "all_targets_verified": true,
 "ladder_total": 38,
 "mean_B_slots": 1489.1,
 "external_verifications": 38,
 "successes_by_budget": {
  "200000": 38
 },
 "wall_seconds": 9.3
}

=== DONE brass_lantern 2026-09-12T01:07:04Z
