=== host cn094 world=long_and_short M2-P4 stage 3; runner_sha=7d790905ada3ad76 methods_sha=e0a0565466dc6778
=== protected targets: 49
{
 "schema": "M2P1_DEV_STATE",
 "eu_admission": {
  "policy": "EXPECTED_UTILITY_WITH_BOUNDED_REGRET_V1",
  "mean_delta": -10535.5,
  "ci95_low": -27998.6,
  "worst_ratio": 2.0,
  "rho_max": 2.0,
  "all_verified": true,
  "admitted": false,
  "reason": "ci95_low<=0"
 },
 "ocm_controller": {
  "rule": {
   "[4, 5, 2, 2]": false,
   "[8, 5, 3, 2]": true,
   "[8, 5, 2, 2]": true,
   "[8, 6, 3, 2]": true,
   "[4, 3, 2, 2]": true,
   "[8, 6, 2, 2]": true,
   "[8, 6, 4, 2]": false,
   "[8, 6, 6, 2]": false
  },
  "fallback": false,
  "probe_depth": 3,
  "rule_fit": "controller_v4: miss-conditional (validation tasks tiling deeper than the probe depth); 17 of 20 rows",
  "beta": 1884,
  "liveness_window": 8,
  "liveness_min_hit_rate": 0.25,
  "depth_rule": "expected-cost on held-out validation (controller_v2)",
  "liveness": "v2: counter advances every target; stood-down => RESET until re-probe hits",
  "library": "mdl",
  "library_rule": "controller_v5: interleave validation (v2 rule) + v4 miss-conditional rule",
  "expected_probe_cost": {
   "frequency": 35231.3,
   "mdl": 31466.4
  },
  "validated_better_interleave": {
   "frequency": 10,
   "mdl": 12
  }
 },
 "mdl_fragments": [
  [
   "inc",
   "square"
  ],
  [
   "double",
   "square"
  ],
  [
   "square",
   "inc",
   "double",
   "double"
  ],
  [
   "dec",
   "square"
  ],
  [
   "square",
   "dec"
  ],
  [
   "inc",
   "double"
  ],
  [
   "square",
   "double"
  ],
  [
   "square",
   "square"
  ]
 ],
 "mdl_admission": false,
 "mdl_terminal": "KEEP_PRIMITIVE_BASELINE",
 "mdl_strictly_better": 12,
 "train_solved": 89,
 "train_unsolved": 0,
 "fragments_mined": 16,
 "admission": false,
 "terminal": "KEEP_PRIMITIVE_BASELINE",
 "validated_on": 20,
 "held_out_strictly_better": 10,
 "held_out_never_worse": false,
 "held_out_mean_baseline": 40462.1,
 "held_out_mean_candidate": 50997.7,
 "wall_seconds": 203.65,
 "pid": 131945
}
checkpoint written, pid 133455
{
 "schema": "M2P1_ARM_REPORT",
 "arm": "RESET",
 "calibration_only": false,
 "note": "no generator; LIBRARY_ONLY holds solved objects whose normal forms are disjoint from every target (gate G2)",
 "fragments_served": 0,
 "process": {
  "pid": 133462,
  "pre_restart_pid": 133455,
  "pid_changed": true
 },
 "targets": 49,
 "ladder": [
  200000
 ],
 "successes": 49,
 "attempts": 49,
 "all_targets_verified": true,
 "ladder_total": 49,
 "mean_B_slots": 36315.4,
 "external_verifications": 49,
 "successes_by_budget": {
  "200000": 49
 },
 "wall_seconds": 70.87
}

{
 "schema": "M2P1_ARM_REPORT",
 "arm": "PARENT_GF_D4",
 "calibration_only": false,
 "note": "ungated guided-first parent, MDL library, fixed depth 4",
 "fragments_served": 8,
 "process": {
  "pid": 134116,
  "pre_restart_pid": 133455,
  "pid_changed": true
 },
 "targets": 49,
 "ladder": [
  200000
 ],
 "successes": 49,
 "attempts": 49,
 "all_targets_verified": true,
 "ladder_total": 49,
 "mean_B_slots": 28536.8,
 "external_verifications": 49,
 "successes_by_budget": {
  "200000": 49
 },
 "wall_seconds": 124.8
}

{
 "schema": "M2P1_ARM_REPORT",
 "arm": "SHUFFLED_HISTORY",
 "calibration_only": false,
 "note": "random fragments matching the mined count and length profile, with the true hidden motifs excluded so the control cannot rediscover them by chance",
 "fragments_served": 16,
 "process": {
  "pid": 134535,
  "pre_restart_pid": 133455,
  "pid_changed": true
 },
 "targets": 49,
 "ladder": [
  200000
 ],
 "successes": 49,
 "attempts": 49,
 "all_targets_verified": true,
 "ladder_total": 49,
 "mean_B_slots": 71966.1,
 "external_verifications": 49,
 "successes_by_budget": {
  "200000": 49
 },
 "wall_seconds": 75.3
}

{
 "schema": "M2P1_ARM_REPORT",
 "arm": "CONTINUED_OCM",
 "calibration_only": false,
 "note": "integrated controller: probe depth 3 beta 1884, rule cells 8",
 "fragments_served": 8,
 "process": {
  "pid": 134732,
  "pre_restart_pid": 133455,
  "pid_changed": true
 },
 "targets": 49,
 "ladder": [
  200000
 ],
 "successes": 49,
 "attempts": 49,
 "all_targets_verified": true,
 "ladder_total": 49,
 "mean_B_slots": 35528.7,
 "external_verifications": 49,
 "successes_by_budget": {
  "200000": 49
 },
 "wall_seconds": 70.52
}

{
 "schema": "M2P1_ARM_REPORT",
 "arm": "PARENT_WITH_MDL",
 "calibration_only": false,
 "note": "ungated parent serving the MDL library: isolates selection rule from OCM",
 "fragments_served": 8,
 "process": {
  "pid": 134922,
  "pre_restart_pid": 133455,
  "pid_changed": true
 },
 "targets": 49,
 "ladder": [
  200000
 ],
 "successes": 49,
 "attempts": 49,
 "all_targets_verified": true,
 "ladder_total": 49,
 "mean_B_slots": 40300.2,
 "external_verifications": 49,
 "successes_by_budget": {
  "200000": 49
 },
 "wall_seconds": 51.42
}

{
 "schema": "M2P1_ARM_REPORT",
 "arm": "PARENT_GFQ_D3",
 "calibration_only": false,
 "note": "ungated guided-first parent, frequency library, fixed depth 3",
 "fragments_served": 16,
 "process": {
  "pid": 135026,
  "pre_restart_pid": 133455,
  "pid_changed": true
 },
 "targets": 49,
 "ladder": [
  200000
 ],
 "successes": 49,
 "attempts": 49,
 "all_targets_verified": true,
 "ladder_total": 49,
 "mean_B_slots": 26097.6,
 "external_verifications": 49,
 "successes_by_budget": {
  "200000": 49
 },
 "wall_seconds": 69.89
}

{
 "schema": "M2P1_ARM_REPORT",
 "arm": "PARENT_GFQ_D4",
 "calibration_only": false,
 "note": "ungated guided-first parent, frequency library, fixed depth 4",
 "fragments_served": 16,
 "process": {
  "pid": 135162,
  "pre_restart_pid": 133455,
  "pid_changed": true
 },
 "targets": 49,
 "ladder": [
  200000
 ],
 "successes": 47,
 "attempts": 49,
 "all_targets_verified": false,
 "ladder_total": 47,
 "mean_B_slots": 51478.3,
 "external_verifications": 47,
 "successes_by_budget": {
  "200000": 47
 },
 "wall_seconds": 235.04
}

=== DONE long_and_short 2026-09-12T01:18:40Z
