F                                                                        [100%]
=================================== FAILURES ===================================
_______ test_actual_native_and_ocm_unit_outputs_qualify_external_grader ________

tmp_path = PosixPath('/tmp/pytest-of-billy/pytest-78/test_actual_native_and_ocm_uni0')

    def test_actual_native_and_ocm_unit_outputs_qualify_external_grader(tmp_path):
>       G = module("grade_clia_reuse")

research/ocm-prototype/test_clia_reuse_study.py:126: 
_ _ _ _ _ _ _ _ _ _ _ _ _ _ _ _ _ _ _ _ _ _ _ _ _ _ _ _ _ _ _ _ _ _ _ _ _ _ _ _ 

name = 'grade_clia_reuse'

    def module(name):
>       assert importlib.util.find_spec(name) is not None, name + " implementation is absent"
E       AssertionError: grade_clia_reuse implementation is absent
E       assert None is not None
E        +  where None = <function find_spec at 0x7fc3139d8180>('grade_clia_reuse')
E        +    where <function find_spec at 0x7fc3139d8180> = <module 'importlib.util' (frozen)>.find_spec
E        +      where <module 'importlib.util' (frozen)> = importlib.util

research/ocm-prototype/test_clia_reuse_study.py:13: AssertionError
- generated xml file: /home/billy/orion-director-work/20260906/clia-reuse-study-controls/actual-before.xml -
=========================== short test summary info ============================
FAILED research/ocm-prototype/test_clia_reuse_study.py::test_actual_native_and_ocm_unit_outputs_qualify_external_grader
1 failed in 0.04s
