FFFFFFFFFFF                                                              [100%]
=================================== FAILURES ===================================
_________ test_external_grader_rejects_wrong_value_and_nonintegers[40] _________

value = 40

    @pytest.mark.parametrize("value", [40, True, 41.0, "41"])
    def test_external_grader_rejects_wrong_value_and_nonintegers(value):
>       G = module("grade_clia_reuse")

research/ocm-prototype/test_clia_reuse_study.py:33: 
_ _ _ _ _ _ _ _ _ _ _ _ _ _ _ _ _ _ _ _ _ _ _ _ _ _ _ _ _ _ _ _ _ _ _ _ _ _ _ _ 

name = 'grade_clia_reuse'

    def module(name):
>       assert importlib.util.find_spec(name) is not None, name + " implementation is absent"
E       AssertionError: grade_clia_reuse implementation is absent
E       assert None is not None
E        +  where None = <function find_spec at 0x7efc8ce80040>('grade_clia_reuse')
E        +    where <function find_spec at 0x7efc8ce80040> = <module 'importlib.util' (frozen)>.find_spec
E        +      where <module 'importlib.util' (frozen)> = importlib.util

research/ocm-prototype/test_clia_reuse_study.py:13: AssertionError
________ test_external_grader_rejects_wrong_value_and_nonintegers[True] ________

value = True

    @pytest.mark.parametrize("value", [40, True, 41.0, "41"])
    def test_external_grader_rejects_wrong_value_and_nonintegers(value):
>       G = module("grade_clia_reuse")

research/ocm-prototype/test_clia_reuse_study.py:33: 
_ _ _ _ _ _ _ _ _ _ _ _ _ _ _ _ _ _ _ _ _ _ _ _ _ _ _ _ _ _ _ _ _ _ _ _ _ _ _ _ 

name = 'grade_clia_reuse'

    def module(name):
>       assert importlib.util.find_spec(name) is not None, name + " implementation is absent"
E       AssertionError: grade_clia_reuse implementation is absent
E       assert None is not None
E        +  where None = <function find_spec at 0x7efc8ce80040>('grade_clia_reuse')
E        +    where <function find_spec at 0x7efc8ce80040> = <module 'importlib.util' (frozen)>.find_spec
E        +      where <module 'importlib.util' (frozen)> = importlib.util

research/ocm-prototype/test_clia_reuse_study.py:13: AssertionError
________ test_external_grader_rejects_wrong_value_and_nonintegers[41.0] ________

value = 41.0

    @pytest.mark.parametrize("value", [40, True, 41.0, "41"])
    def test_external_grader_rejects_wrong_value_and_nonintegers(value):
>       G = module("grade_clia_reuse")

research/ocm-prototype/test_clia_reuse_study.py:33: 
_ _ _ _ _ _ _ _ _ _ _ _ _ _ _ _ _ _ _ _ _ _ _ _ _ _ _ _ _ _ _ _ _ _ _ _ _ _ _ _ 

name = 'grade_clia_reuse'

    def module(name):
>       assert importlib.util.find_spec(name) is not None, name + " implementation is absent"
E       AssertionError: grade_clia_reuse implementation is absent
E       assert None is not None
E        +  where None = <function find_spec at 0x7efc8ce80040>('grade_clia_reuse')
E        +    where <function find_spec at 0x7efc8ce80040> = <module 'importlib.util' (frozen)>.find_spec
E        +      where <module 'importlib.util' (frozen)> = importlib.util

research/ocm-prototype/test_clia_reuse_study.py:13: AssertionError
_________ test_external_grader_rejects_wrong_value_and_nonintegers[41] _________

value = '41'

    @pytest.mark.parametrize("value", [40, True, 41.0, "41"])
    def test_external_grader_rejects_wrong_value_and_nonintegers(value):
>       G = module("grade_clia_reuse")

research/ocm-prototype/test_clia_reuse_study.py:33: 
_ _ _ _ _ _ _ _ _ _ _ _ _ _ _ _ _ _ _ _ _ _ _ _ _ _ _ _ _ _ _ _ _ _ _ _ _ _ _ _ 

name = 'grade_clia_reuse'

    def module(name):
>       assert importlib.util.find_spec(name) is not None, name + " implementation is absent"
E       AssertionError: grade_clia_reuse implementation is absent
E       assert None is not None
E        +  where None = <function find_spec at 0x7efc8ce80040>('grade_clia_reuse')
E        +    where <function find_spec at 0x7efc8ce80040> = <module 'importlib.util' (frozen)>.find_spec
E        +      where <module 'importlib.util' (frozen)> = importlib.util

research/ocm-prototype/test_clia_reuse_study.py:13: AssertionError
_________________ test_guard_oracle_uses_z_and_exact_boundary __________________

    def test_guard_oracle_uses_z_and_exact_boundary():
>       G = module("grade_clia_reuse")

research/ocm-prototype/test_clia_reuse_study.py:41: 
_ _ _ _ _ _ _ _ _ _ _ _ _ _ _ _ _ _ _ _ _ _ _ _ _ _ _ _ _ _ _ _ _ _ _ _ _ _ _ _ 

name = 'grade_clia_reuse'

    def module(name):
>       assert importlib.util.find_spec(name) is not None, name + " implementation is absent"
E       AssertionError: grade_clia_reuse implementation is absent
E       assert None is not None
E        +  where None = <function find_spec at 0x7efc8ce80040>('grade_clia_reuse')
E        +    where <function find_spec at 0x7efc8ce80040> = <module 'importlib.util' (frozen)>.find_spec
E        +      where <module 'importlib.util' (frozen)> = importlib.util

research/ocm-prototype/test_clia_reuse_study.py:13: AssertionError
__________ test_wrong_tuple_boolean_alias_and_diagnostic_not_selected __________

    def test_wrong_tuple_boolean_alias_and_diagnostic_not_selected():
>       G = module("grade_clia_reuse")

research/ocm-prototype/test_clia_reuse_study.py:47: 
_ _ _ _ _ _ _ _ _ _ _ _ _ _ _ _ _ _ _ _ _ _ _ _ _ _ _ _ _ _ _ _ _ _ _ _ _ _ _ _ 

name = 'grade_clia_reuse'

    def module(name):
>       assert importlib.util.find_spec(name) is not None, name + " implementation is absent"
E       AssertionError: grade_clia_reuse implementation is absent
E       assert None is not None
E        +  where None = <function find_spec at 0x7efc8ce80040>('grade_clia_reuse')
E        +    where <function find_spec at 0x7efc8ce80040> = <module 'importlib.util' (frozen)>.find_spec
E        +      where <module 'importlib.util' (frozen)> = importlib.util

research/ocm-prototype/test_clia_reuse_study.py:13: AssertionError
_______________ test_policy_refusal_is_not_error_or_live_unbound _______________

    def test_policy_refusal_is_not_error_or_live_unbound():
>       G = module("grade_clia_reuse")

research/ocm-prototype/test_clia_reuse_study.py:59: 
_ _ _ _ _ _ _ _ _ _ _ _ _ _ _ _ _ _ _ _ _ _ _ _ _ _ _ _ _ _ _ _ _ _ _ _ _ _ _ _ 

name = 'grade_clia_reuse'

    def module(name):
>       assert importlib.util.find_spec(name) is not None, name + " implementation is absent"
E       AssertionError: grade_clia_reuse implementation is absent
E       assert None is not None
E        +  where None = <function find_spec at 0x7efc8ce80040>('grade_clia_reuse')
E        +    where <function find_spec at 0x7efc8ce80040> = <module 'importlib.util' (frozen)>.find_spec
E        +      where <module 'importlib.util' (frozen)> = importlib.util

research/ocm-prototype/test_clia_reuse_study.py:13: AssertionError
______ test_actual_native_invocation_is_observed_without_changing_result _______

    def test_actual_native_invocation_is_observed_without_changing_result():
>       C = module("clia_reuse_study_common")

research/ocm-prototype/test_clia_reuse_study.py:72: 
_ _ _ _ _ _ _ _ _ _ _ _ _ _ _ _ _ _ _ _ _ _ _ _ _ _ _ _ _ _ _ _ _ _ _ _ _ _ _ _ 

name = 'clia_reuse_study_common'

    def module(name):
>       assert importlib.util.find_spec(name) is not None, name + " implementation is absent"
E       AssertionError: clia_reuse_study_common implementation is absent
E       assert None is not None
E        +  where None = <function find_spec at 0x7efc8ce80040>('clia_reuse_study_common')
E        +    where <function find_spec at 0x7efc8ce80040> = <module 'importlib.util' (frozen)>.find_spec
E        +      where <module 'importlib.util' (frozen)> = importlib.util

research/ocm-prototype/test_clia_reuse_study.py:13: AssertionError
____ test_wait4_records_actor_and_reaped_child_cpu_without_wrapper_omission ____

tmp_path = PosixPath('/tmp/pytest-of-billy/pytest-77/test_wait4_records_actor_and_r0')

    def test_wait4_records_actor_and_reaped_child_cpu_without_wrapper_omission(tmp_path):
>       C = module("clia_reuse_study_common")

research/ocm-prototype/test_clia_reuse_study.py:86: 
_ _ _ _ _ _ _ _ _ _ _ _ _ _ _ _ _ _ _ _ _ _ _ _ _ _ _ _ _ _ _ _ _ _ _ _ _ _ _ _ 

name = 'clia_reuse_study_common'

    def module(name):
>       assert importlib.util.find_spec(name) is not None, name + " implementation is absent"
E       AssertionError: clia_reuse_study_common implementation is absent
E       assert None is not None
E        +  where None = <function find_spec at 0x7efc8ce80040>('clia_reuse_study_common')
E        +    where <function find_spec at 0x7efc8ce80040> = <module 'importlib.util' (frozen)>.find_spec
E        +      where <module 'importlib.util' (frozen)> = importlib.util

research/ocm-prototype/test_clia_reuse_study.py:13: AssertionError
______________ test_timeout_is_preserved_as_incomplete_cpu_scope _______________

tmp_path = PosixPath('/tmp/pytest-of-billy/pytest-77/test_timeout_is_preserved_as_i0')

    def test_timeout_is_preserved_as_incomplete_cpu_scope(tmp_path):
>       C = module("clia_reuse_study_common")

research/ocm-prototype/test_clia_reuse_study.py:102: 
_ _ _ _ _ _ _ _ _ _ _ _ _ _ _ _ _ _ _ _ _ _ _ _ _ _ _ _ _ _ _ _ _ _ _ _ _ _ _ _ 

name = 'clia_reuse_study_common'

    def module(name):
>       assert importlib.util.find_spec(name) is not None, name + " implementation is absent"
E       AssertionError: clia_reuse_study_common implementation is absent
E       assert None is not None
E        +  where None = <function find_spec at 0x7efc8ce80040>('clia_reuse_study_common')
E        +    where <function find_spec at 0x7efc8ce80040> = <module 'importlib.util' (frozen)>.find_spec
E        +      where <module 'importlib.util' (frozen)> = importlib.util

research/ocm-prototype/test_clia_reuse_study.py:13: AssertionError
_ test_f1_different_canonical_program_refused_and_aliases_do_not_change_tuples _

    def test_f1_different_canonical_program_refused_and_aliases_do_not_change_tuples():
>       C = module("capture_clia_reuse")

research/ocm-prototype/test_clia_reuse_study.py:110: 
_ _ _ _ _ _ _ _ _ _ _ _ _ _ _ _ _ _ _ _ _ _ _ _ _ _ _ _ _ _ _ _ _ _ _ _ _ _ _ _ 

name = 'capture_clia_reuse'

    def module(name):
>       assert importlib.util.find_spec(name) is not None, name + " implementation is absent"
E       AssertionError: capture_clia_reuse implementation is absent
E       assert None is not None
E        +  where None = <function find_spec at 0x7efc8ce80040>('capture_clia_reuse')
E        +    where <function find_spec at 0x7efc8ce80040> = <module 'importlib.util' (frozen)>.find_spec
E        +      where <module 'importlib.util' (frozen)> = importlib.util

research/ocm-prototype/test_clia_reuse_study.py:13: AssertionError
- generated xml file: /home/billy/orion-director-work/20260906/clia-reuse-study-controls/before.xml -
=========================== short test summary info ============================
FAILED research/ocm-prototype/test_clia_reuse_study.py::test_external_grader_rejects_wrong_value_and_nonintegers[40]
FAILED research/ocm-prototype/test_clia_reuse_study.py::test_external_grader_rejects_wrong_value_and_nonintegers[True]
FAILED research/ocm-prototype/test_clia_reuse_study.py::test_external_grader_rejects_wrong_value_and_nonintegers[41.0]
FAILED research/ocm-prototype/test_clia_reuse_study.py::test_external_grader_rejects_wrong_value_and_nonintegers[41]
FAILED research/ocm-prototype/test_clia_reuse_study.py::test_guard_oracle_uses_z_and_exact_boundary
FAILED research/ocm-prototype/test_clia_reuse_study.py::test_wrong_tuple_boolean_alias_and_diagnostic_not_selected
FAILED research/ocm-prototype/test_clia_reuse_study.py::test_policy_refusal_is_not_error_or_live_unbound
FAILED research/ocm-prototype/test_clia_reuse_study.py::test_actual_native_invocation_is_observed_without_changing_result
FAILED research/ocm-prototype/test_clia_reuse_study.py::test_wait4_records_actor_and_reaped_child_cpu_without_wrapper_omission
FAILED research/ocm-prototype/test_clia_reuse_study.py::test_timeout_is_preserved_as_incomplete_cpu_scope
FAILED research/ocm-prototype/test_clia_reuse_study.py::test_f1_different_canonical_program_refused_and_aliases_do_not_change_tuples
11 failed in 0.06s
