Processing ./orion-director-work/20260906/generation-feasibility-qualification/stitch_core-0.1.29-cp313-cp313-manylinux_2_17_x86_64.manylinux2014_x86_64.whl
Collecting sexpdata==1.0.2
  Downloading sexpdata-1.0.2-py3-none-any.whl.metadata (3.6 kB)
Collecting z3-solver==5.1.0.0
  Downloading z3_solver-5.1.0.0-py3-none-manylinux_2_27_x86_64.whl.metadata (777 bytes)
Collecting cvc5==1.3.4
  Downloading cvc5-1.3.4-cp313-cp313-manylinux2014_x86_64.manylinux_2_17_x86_64.whl.metadata (757 bytes)
Collecting pytest==8.3.5
  Downloading pytest-8.3.5-py3-none-any.whl.metadata (7.6 kB)
Collecting iniconfig (from pytest==8.3.5)
  Downloading iniconfig-2.3.0-py3-none-any.whl.metadata (2.5 kB)
Collecting packaging (from pytest==8.3.5)
  Downloading packaging-26.3-py3-none-any.whl.metadata (3.5 kB)
Collecting pluggy<2,>=1.5 (from pytest==8.3.5)
  Downloading pluggy-1.6.0-py3-none-any.whl.metadata (4.8 kB)
Downloading sexpdata-1.0.2-py3-none-any.whl (10 kB)
Downloading z3_solver-5.1.0.0-py3-none-manylinux_2_27_x86_64.whl (33.1 MB)
   ━━━━━━━━━━━━━━━━━━━━━━━━━━━━━━━━━━━━━━━━ 33.1/33.1 MB 3.6 MB/s  0:00:09
Downloading cvc5-1.3.4-cp313-cp313-manylinux2014_x86_64.manylinux_2_17_x86_64.whl (13.7 MB)
   ━━━━━━━━━━━━━━━━━━━━━━━━━━━━━━━━━━━━━━━━ 13.7/13.7 MB 3.6 MB/s  0:00:03
Downloading pytest-8.3.5-py3-none-any.whl (343 kB)
Downloading pluggy-1.6.0-py3-none-any.whl (20 kB)
Downloading iniconfig-2.3.0-py3-none-any.whl (7.5 kB)
Downloading packaging-26.3-py3-none-any.whl (129 kB)
Installing collected packages: z3-solver, cvc5, stitch-core, sexpdata, pluggy, packaging, iniconfig, pytest

Successfully installed cvc5-1.3.4 iniconfig-2.3.0 packaging-26.3 pluggy-1.6.0 pytest-8.3.5 sexpdata-1.0.2 stitch-core-0.1.29 z3-solver-5.1.0.0

[notice] A new release of pip is available: 25.3 -> 26.2.1
[notice] To update, run: /home/billy/orion-director-work/20260906/generation-env/bin/python -m pip install --upgrade pip
