=== host cn010 world=M2P2_WORLD_hc01-binary-ladder EXPLORATORY integrated arm, controller_v5 (uniform); runner_sha=bb9f219e22c0af40 methods_sha=e0a0565466dc6778
{
 "schema": "M2P1_DEV_STATE",
 "eu_admission": {
  "policy": "EXPECTED_UTILITY_WITH_BOUNDED_REGRET_V1",
  "mean_delta": 32902.7,
  "ci95_low": 25513.3,
  "worst_ratio": 2.0,
  "rho_max": 2.0,
  "all_verified": true,
  "admitted": true,
  "reason": "admitted"
 },
 "ocm_controller": {
  "rule": {
   "[1, 2, 1, 1]": false
  },
  "fallback": false,
  "probe_depth": 4,
  "rule_fit": "controller_v4: miss-conditional (validation tasks tiling deeper than the probe depth); 3 of 49 rows",
  "beta": 11110,
  "liveness_window": 8,
  "liveness_min_hit_rate": 0.25,
  "depth_rule": "expected-cost on held-out validation (controller_v2)",
  "liveness": "v2: counter advances every target; stood-down => RESET until re-probe hits",
  "library": "mdl",
  "library_rule": "controller_v5: interleave validation (v2 rule) + v4 miss-conditional rule",
  "expected_probe_cost": {
   "frequency": 3542.6,
   "mdl": 4940.9
  },
  "validated_better_interleave": {
   "frequency": 43,
   "mdl": 46
  }
 },
 "mdl_fragments": [
  [
   "double",
   "double"
  ],
  [
   "double",
   "inc"
  ],
  [
   "double",
   "dec"
  ],
  [
   "inc",
   "inc"
  ],
  [
   "inc",
   "double"
  ],
  [
   "dec",
   "double"
  ]
 ],
 "mdl_admission": false,
 "mdl_terminal": "KEEP_PRIMITIVE_BASELINE",
 "mdl_strictly_better": 46,
 "train_solved": 100,
 "train_unsolved": 0,
 "fragments_mined": 16,
 "admission": false,
 "terminal": "KEEP_PRIMITIVE_BASELINE",
 "validated_on": 49,
 "held_out_strictly_better": 43,
 "held_out_never_worse": false,
 "held_out_mean_baseline": 35611.6,
 "held_out_mean_candidate": 2708.8,
 "wall_seconds": 92.34,
 "pid": 3756968
}
checkpoint written, pid 3757396
{
 "schema": "M2P1_ARM_REPORT",
 "arm": "RESET",
 "calibration_only": false,
 "note": "no generator; LIBRARY_ONLY holds solved objects whose normal forms are disjoint from every target (gate G2)",
 "fragments_served": 0,
 "process": {
  "pid": 3757398,
  "pre_restart_pid": 3757396,
  "pid_changed": true
 },
 "targets": 46,
 "ladder": [
  200000
 ],
 "successes": 46,
 "attempts": 46,
 "all_targets_verified": true,
 "ladder_total": 46,
 "mean_B_slots": 34514.3,
 "external_verifications": 46,
 "successes_by_budget": {
  "200000": 46
 },
 "wall_seconds": 24.89
}

{
 "schema": "M2P1_ARM_REPORT",
 "arm": "CONTINUED_OCM",
 "calibration_only": false,
 "note": "integrated controller: probe depth 4 beta 11110, rule cells 1",
 "fragments_served": 6,
 "process": {
  "pid": 3757461,
  "pre_restart_pid": 3757396,
  "pid_changed": true
 },
 "targets": 46,
 "ladder": [
  200000
 ],
 "successes": 46,
 "attempts": 46,
 "all_targets_verified": true,
 "ladder_total": 46,
 "mean_B_slots": 2494.7,
 "external_verifications": 46,
 "successes_by_budget": {
  "200000": 46
 },
 "wall_seconds": 5.39
}

{
 "schema": "M2P1_ARM_REPORT",
 "arm": "PARENT_WITH_MDL",
 "calibration_only": false,
 "note": "ungated parent serving the MDL library: isolates selection rule from OCM",
 "fragments_served": 6,
 "process": {
  "pid": 3757515,
  "pre_restart_pid": 3757396,
  "pid_changed": true
 },
 "targets": 46,
 "ladder": [
  200000
 ],
 "successes": 46,
 "attempts": 46,
 "all_targets_verified": true,
 "ladder_total": 46,
 "mean_B_slots": 4986.8,
 "external_verifications": 46,
 "successes_by_budget": {
  "200000": 46
 },
 "wall_seconds": 5.63
}

{
 "schema": "M2P1_ARM_REPORT",
 "arm": "ORDINARY_ADAPTIVE_PARENT",
 "calibration_only": false,
 "note": "same mined fragments served WITHOUT the admission gate",
 "fragments_served": 16,
 "process": {
  "pid": 3757564,
  "pre_restart_pid": 3757396,
  "pid_changed": true
 },
 "targets": 46,
 "ladder": [
  200000
 ],
 "successes": 46,
 "attempts": 46,
 "all_targets_verified": true,
 "ladder_total": 46,
 "mean_B_slots": 2914.2,
 "external_verifications": 46,
 "successes_by_budget": {
  "200000": 46
 },
 "wall_seconds": 4.65
}

{
 "schema": "M2P1_ARM_REPORT",
 "arm": "SHUFFLED_HISTORY",
 "calibration_only": false,
 "note": "random fragments matching the mined count and length profile, with the true hidden motifs excluded so the control cannot rediscover them by chance",
 "fragments_served": 12,
 "process": {
  "pid": 3757614,
  "pre_restart_pid": 3757396,
  "pid_changed": true
 },
 "targets": 46,
 "ladder": [
  200000
 ],
 "successes": 46,
 "attempts": 46,
 "all_targets_verified": true,
 "ladder_total": 46,
 "mean_B_slots": 69028.6,
 "external_verifications": 46,
 "successes_by_budget": {
  "200000": 46
 },
 "wall_seconds": 27.74
}

{
 "terminal": "PARENT_SUFFICIENT__LEARNER_REFUSED_DEPLOYMENT",
 "G4": "CANNOT_CHECK_NO_DEPLOYED_HISTORY_ARM",
 "ladder": {
  "CONTINUED_OCM": 46,
  "ORDINARY_ADAPTIVE_PARENT": 46,
  "PARENT_WITH_MDL": 46,
  "RESET": 46,
  "SHUFFLED_HISTORY": 46
 },
 "best_surface": 46,
 "mean_B": {
  "CONTINUED_OCM": 2494.7,
  "ORDINARY_ADAPTIVE_PARENT": 2914.2,
  "PARENT_WITH_MDL": 4986.8,
  "RESET": 34514.3,
  "SHUFFLED_HISTORY": 69028.6
 },
 "admission": false
}
{
 "schema": "OCM_M2P1_ATTRIBUTION_V1",
 "lane": "LANE_M2_TRAVERSAL_CAPITAL_OPUS",
 "admission": false,
 "terminal": "KEEP_PRIMITIVE_BASELINE",
 "held_out_n": 49,
 "strictly_better": 43,
 "worse": 6,
 "mean_baseline_slots": 35611.6,
 "mean_candidate_slots": 2708.8,
 "mean_work_reduction": 0.9239,
 "by_canonical_length": {
  "4": {
   "n": 4,
   "worse": 2,
   "mean_candidate_over_baseline": 0.774
  },
  "5": {
   "n": 1,
   "worse": 1,
   "mean_candidate_over_baseline": 2.0
  },
  "6": {
   "n": 11,
   "worse": 1,
   "mean_candidate_over_baseline": 0.193
  },
  "7": {
   "n": 2,
   "worse": 2,
   "mean_candidate_over_baseline": 2.0
  },
  "8": {
   "n": 31,
   "worse": 0,
   "mean_candidate_over_baseline": 0.067
  }
 },
 "worse_length_distribution": {
  "4": 2,
  "5": 1,
  "6": 1,
  "7": 2
 }
}
VETOING TASKS: [
 {
  "canonical_length": 7,
  "baseline_slots": 6016,
  "candidate_slots": 12032,
  "delta": 6016,
  "worse": true,
  "ratio": 2.0,
  "both_verified": true
 },
 {
  "canonical_length": 7,
  "baseline_slots": 6015,
  "candidate_slots": 12030,
  "delta": 6015,
  "worse": true,
  "ratio": 2.0,
  "both_verified": true
 },
 {
  "canonical_length": 6,
  "baseline_slots": 1919,
  "candidate_slots": 2531,
  "delta": 612,
  "worse": true,
  "ratio": 1.319,
  "both_verified": true
 },
 {
  "canonical_length": 5,
  "baseline_slots": 384,
  "candidate_slots": 768,
  "delta": 384,
  "worse": true,
  "ratio": 2.0,
  "both_verified": true
 },
 {
  "canonical_length": 4,
  "baseline_slots": 127,
  "candidate_slots": 131,
  "delta": 4,
  "worse": true,
  "ratio": 1.031,
  "both_verified": true
 },
 {
  "canonical_length": 4,
  "baseline_slots": 126,
  "candidate_slots": 127,
  "delta": 1,
  "worse": true,
  "ratio": 1.008,
  "both_verified": true
 }
]
m2p2_M2P2_WORLD_hc01-binary-ladder_ocm  admitted=True  saved/target=32020  future=46
  conservative  cost=5119295    breakeven=159.9    pays=False  net=-3646393.4
  marginal      cost=1877698    breakeven=58.6     pays=False  net=-404796.4
  incremental   cost=132732     breakeven=4.1      pays=True   net=1340169.6
=== DONE M2P2_WORLD_hc01-binary-ladder 2026-09-11T15:43:29Z
