=== host cn010 world=M2P2_WORLD_hc02-square-shift EXPLORATORY integrated arm, controller_v5 (uniform); runner_sha=bb9f219e22c0af40 methods_sha=e0a0565466dc6778
{
 "schema": "M2P1_DEV_STATE",
 "eu_admission": {
  "policy": "EXPECTED_UTILITY_WITH_BOUNDED_REGRET_V1",
  "mean_delta": 6067.6,
  "ci95_low": 3548.1,
  "worst_ratio": 1.2175,
  "rho_max": 2.0,
  "all_verified": true,
  "admitted": true,
  "reason": "admitted"
 },
 "ocm_controller": {
  "rule": {},
  "fallback": false,
  "probe_depth": 4,
  "rule_fit": "controller_v4: miss-conditional (validation tasks tiling deeper than the probe depth); 0 of 224 rows",
  "beta": 41370,
  "liveness_window": 8,
  "liveness_min_hit_rate": 0.25,
  "depth_rule": "expected-cost on held-out validation (controller_v2)",
  "liveness": "v2: counter advances every target; stood-down => RESET until re-probe hits",
  "library": "mdl",
  "library_rule": "controller_v5: interleave validation (v2 rule) + v4 miss-conditional rule",
  "expected_probe_cost": {
   "frequency": 54847.1,
   "mdl": 18447.6
  },
  "validated_better_interleave": {
   "frequency": 160,
   "mdl": 224
  }
 },
 "mdl_fragments": [
  [
   "square",
   "dec",
   "square"
  ],
  [
   "inc",
   "square"
  ],
  [
   "double",
   "square"
  ],
  [
   "dec",
   "square"
  ],
  [
   "square",
   "inc"
  ],
  [
   "square",
   "double"
  ],
  [
   "square",
   "dec"
  ],
  [
   "dec",
   "dec"
  ],
  [
   "inc",
   "double"
  ],
  [
   "inc",
   "inc"
  ]
 ],
 "mdl_admission": true,
 "mdl_terminal": "HELD_OUT_SEARCH_IMPROVEMENT",
 "mdl_strictly_better": 224,
 "train_solved": 523,
 "train_unsolved": 0,
 "fragments_mined": 16,
 "admission": false,
 "terminal": "KEEP_PRIMITIVE_BASELINE",
 "validated_on": 224,
 "held_out_strictly_better": 160,
 "held_out_never_worse": false,
 "held_out_mean_baseline": 54827.1,
 "held_out_mean_candidate": 48759.5,
 "wall_seconds": 2500.45,
 "pid": 3756967
}
checkpoint written, pid 3769083
{
 "schema": "M2P1_ARM_REPORT",
 "arm": "RESET",
 "calibration_only": false,
 "note": "no generator; LIBRARY_ONLY holds solved objects whose normal forms are disjoint from every target (gate G2)",
 "fragments_served": 0,
 "process": {
  "pid": 3769085,
  "pre_restart_pid": 3769083,
  "pid_changed": true
 },
 "targets": 447,
 "ladder": [
  200000
 ],
 "successes": 447,
 "attempts": 447,
 "all_targets_verified": true,
 "ladder_total": 447,
 "mean_B_slots": 53667.5,
 "external_verifications": 447,
 "successes_by_budget": {
  "200000": 447
 },
 "wall_seconds": 1018.63
}

{
 "schema": "M2P1_ARM_REPORT",
 "arm": "CONTINUED_OCM",
 "calibration_only": false,
 "note": "integrated controller: probe depth 4 beta 41370, rule cells 0",
 "fragments_served": 10,
 "process": {
  "pid": 3772110,
  "pre_restart_pid": 3769083,
  "pid_changed": true
 },
 "targets": 447,
 "ladder": [
  200000
 ],
 "successes": 447,
 "attempts": 447,
 "all_targets_verified": true,
 "ladder_total": 447,
 "mean_B_slots": 9744.6,
 "external_verifications": 447,
 "successes_by_budget": {
  "200000": 447
 },
 "wall_seconds": 437.43
}

{
 "schema": "M2P1_ARM_REPORT",
 "arm": "PARENT_WITH_MDL",
 "calibration_only": false,
 "note": "ungated parent serving the MDL library: isolates selection rule from OCM",
 "fragments_served": 10,
 "process": {
  "pid": 3773121,
  "pre_restart_pid": 3769083,
  "pid_changed": true
 },
 "targets": 447,
 "ladder": [
  200000
 ],
 "successes": 447,
 "attempts": 447,
 "all_targets_verified": true,
 "ladder_total": 447,
 "mean_B_slots": 19488.1,
 "external_verifications": 447,
 "successes_by_budget": {
  "200000": 447
 },
 "wall_seconds": 260.04
}

{
 "schema": "M2P1_ARM_REPORT",
 "arm": "ORDINARY_ADAPTIVE_PARENT",
 "calibration_only": false,
 "note": "same mined fragments served WITHOUT the admission gate",
 "fragments_served": 16,
 "process": {
  "pid": 3773833,
  "pre_restart_pid": 3769083,
  "pid_changed": true
 },
 "targets": 447,
 "ladder": [
  200000
 ],
 "successes": 447,
 "attempts": 447,
 "all_targets_verified": true,
 "ladder_total": 447,
 "mean_B_slots": 49337.6,
 "external_verifications": 447,
 "successes_by_budget": {
  "200000": 447
 },
 "wall_seconds": 548.1
}

{
 "schema": "M2P1_ARM_REPORT",
 "arm": "SHUFFLED_HISTORY",
 "calibration_only": false,
 "note": "random fragments matching the mined count and length profile, with the true hidden motifs excluded so the control cannot rediscover them by chance",
 "fragments_served": 16,
 "process": {
  "pid": 3775689,
  "pre_restart_pid": 3769083,
  "pid_changed": true
 },
 "targets": 447,
 "ladder": [
  200000
 ],
 "successes": 447,
 "attempts": 447,
 "all_targets_verified": true,
 "ladder_total": 447,
 "mean_B_slots": 106892.6,
 "external_verifications": 447,
 "successes_by_budget": {
  "200000": 447
 },
 "wall_seconds": 1100.22
}

{
 "terminal": "PARENT_SUFFICIENT__LEARNER_REFUSED_DEPLOYMENT",
 "G4": "CANNOT_CHECK_NO_DEPLOYED_HISTORY_ARM",
 "ladder": {
  "CONTINUED_OCM": 447,
  "ORDINARY_ADAPTIVE_PARENT": 447,
  "PARENT_WITH_MDL": 447,
  "RESET": 447,
  "SHUFFLED_HISTORY": 447
 },
 "best_surface": 447,
 "mean_B": {
  "CONTINUED_OCM": 9744.6,
  "ORDINARY_ADAPTIVE_PARENT": 49337.6,
  "PARENT_WITH_MDL": 19488.1,
  "RESET": 53667.5,
  "SHUFFLED_HISTORY": 106892.6
 },
 "admission": false
}
{
 "schema": "OCM_M2P1_ATTRIBUTION_V1",
 "lane": "LANE_M2_TRAVERSAL_CAPITAL_OPUS",
 "admission": false,
 "terminal": "KEEP_PRIMITIVE_BASELINE",
 "held_out_n": 224,
 "strictly_better": 160,
 "worse": 64,
 "mean_baseline_slots": 54827.1,
 "mean_candidate_slots": 48759.5,
 "mean_work_reduction": 0.1107,
 "by_canonical_length": {
  "4": {
   "n": 6,
   "worse": 0,
   "mean_candidate_over_baseline": 0.525
  },
  "6": {
   "n": 34,
   "worse": 0,
   "mean_candidate_over_baseline": 0.681
  },
  "8": {
   "n": 184,
   "worse": 64,
   "mean_candidate_over_baseline": 0.87
  }
 },
 "worse_length_distribution": {
  "8": 64
 }
}
VETOING TASKS: [
 {
  "canonical_length": 8,
  "baseline_slots": 82893,
  "candidate_slots": 100925,
  "delta": 18032,
  "worse": true,
  "ratio": 1.218,
  "both_verified": true
 },
 {
  "canonical_length": 8,
  "baseline_slots": 82899,
  "candidate_slots": 100923,
  "delta": 18024,
  "worse": true,
  "ratio": 1.217,
  "both_verified": true
 },
 {
  "canonical_length": 8,
  "baseline_slots": 82829,
  "candidate_slots": 100845,
  "delta": 18016,
  "worse": true,
  "ratio": 1.218,
  "both_verified": true
 },
 {
  "canonical_length": 8,
  "baseline_slots": 82825,
  "candidate_slots": 100841,
  "delta": 18016,
  "worse": true,
  "ratio": 1.218,
  "both_verified": true
 },
 {
  "canonical_length": 8,
  "baseline_slots": 81165,
  "candidate_slots": 98605,
  "delta": 17440,
  "worse": true,
  "ratio": 1.215,
  "both_verified": true
 },
 {
  "canonical_length": 8,
  "baseline_slots": 81171,
  "candidate_slots": 98603,
  "delta": 17432,
  "worse": true,
  "ratio": 1.215,
  "both_verified": true
 },
 {
  "canonical_length": 8,
  "baseline_slots": 81218,
  "candidate_slots": 98647,
  "delta": 17429,
  "worse": true,
  "ratio": 1.215,
  "both_verified": true
 },
 {
  "canonical_length": 8,
  "baseline_slots": 81219,
  "candidate_slots": 98643,
  "delta": 17424,
  "worse": true,
  "ratio": 1.215,
  "both_verified": true
 },
 {
  "canonical_length": 8,
  "baseline_slots": 81042,
  "candidate_slots": 98447,
  "delta": 17405,
  "worse": true,
  "ratio": 1.215,
  "both_verified": true
 },
 {
  "canonical_length": 8,
  "baseline_slots": 81187,
  "candidate_slots": 98563,
  "delta": 17376,
  "worse": true,
  "ratio": 1.214,
  "both_verified": true
 },
 {
  "canonical_length": 8,
  "baseline_slots": 81197,
  "candidate_slots": 98485,
  "delta": 17288,
  "worse": true,
  "ratio": 1.213,
  "both_verified": true
 },
 {
  "canonical_length": 8,
  "baseline_slots": 82445,
  "candidate_slots": 99405,
  "delta": 16960,
  "worse": true,
  "ratio": 1.206,
  "both_verified": true
 }
]
m2p2_M2P2_WORLD_hc02-square-shift_ocm  admitted=True  saved/target=43923  future=447
  conservative  cost=50732694   breakeven=1155.0   pays=False  net=-31099157.7
  marginal      cost=23203392   breakeven=528.3    pays=False  net=-3569855.7
  incremental   cost=10922128   breakeven=248.7    pays=True   net=8711408.3
=== DONE M2P2_WORLD_hc02-square-shift 2026-09-11T17:30:50Z
