F_CONTINUAL_REAL 0.6 r0 [OFF_BAND] pred=EXPANSION cv=EXPANSION obs=EXPANSION adm=['EXPANSION'] agree=True band_in=False margin=1.0000 6.4s
F_CONTINUAL_REAL 0.6 r1 [OFF_BAND] pred=EXPANSION cv=NONE obs=EXPANSION adm=['EXPANSION'] agree=True band_in=False margin=1.0000 6.5s
F_CONTINUAL_REAL 0.6 r2 [OFF_BAND] pred=EXPANSION cv=EXPANSION obs=EXPANSION adm=['EXPANSION'] agree=True band_in=False margin=1.0000 6.3s
F_CONTINUAL_REAL 0.6 r3 [OFF_BAND] pred=EXPANSION cv=EXPANSION obs=EXPANSION adm=['EXPANSION'] agree=True band_in=False margin=1.0000 5.9s
F_CONTINUAL_REAL 0.6 r4 [OFF_BAND] pred=EXPANSION cv=EXPANSION obs=EXPANSION adm=['EXPANSION'] agree=True band_in=False margin=1.0000 6.2s
F_CONTINUAL_REAL 0.6 r5 [OFF_BAND] pred=EXPANSION cv=EXPANSION obs=EXPANSION adm=['EXPANSION'] agree=True band_in=False margin=1.0000 5.9s
F_CONTINUAL_REAL 0.6 r6 [OFF_BAND] pred=EXPANSION cv=NONE obs=EXPANSION adm=['EXPANSION'] agree=True band_in=False margin=1.0000 7.1s
F_CONTINUAL_REAL 0.6 r7 [OFF_BAND] pred=EXPANSION cv=EXPANSION obs=NONE adm=[] agree=False band_in=True margin=-1.0000 7.4s
F_CONTINUAL_REAL 0.8 r0 [OFF_BAND] pred=EXPANSION cv=EXPANSION obs=EXPANSION adm=['EXPANSION'] agree=True band_in=False margin=1.0000 7.4s
F_CONTINUAL_REAL 0.8 r1 [OFF_BAND] pred=EXPANSION cv=EXPANSION obs=EXPANSION adm=['EXPANSION'] agree=True band_in=False margin=1.0000 6.4s
F_CONTINUAL_REAL 0.8 r2 [OFF_BAND] pred=EXPANSION cv=NONE obs=EXPANSION adm=['EXPANSION'] agree=True band_in=False margin=1.0000 6.4s
F_CONTINUAL_REAL 0.8 r3 [OFF_BAND] pred=EXPANSION cv=NONE obs=EXPANSION adm=['EXPANSION'] agree=True band_in=False margin=1.0000 6.4s
F_CONTINUAL_REAL 0.8 r4 [OFF_BAND] pred=EXPANSION cv=EXPANSION obs=EXPANSION adm=['EXPANSION'] agree=True band_in=False margin=1.0000 6.5s
F_CONTINUAL_REAL 0.8 r5 [OFF_BAND] pred=EXPANSION cv=EXPANSION obs=EXPANSION adm=['EXPANSION'] agree=True band_in=False margin=1.0000 6.1s
F_CONTINUAL_REAL 0.8 r6 [OFF_BAND] pred=EXPANSION cv=EXPANSION obs=EXPANSION adm=['EXPANSION'] agree=True band_in=False margin=1.0000 6.3s
F_CONTINUAL_REAL 0.8 r7 [OFF_BAND] pred=EXPANSION cv=NONE obs=EXPANSION adm=['EXPANSION'] agree=True band_in=False margin=1.0000 6.0s
F_CONTINUAL_REAL 0.9 r0 [OFF_BAND] pred=EXPANSION cv=EXPANSION obs=EXPANSION adm=['EXPANSION'] agree=True band_in=False margin=1.0000 6.1s
F_CONTINUAL_REAL 0.9 r1 [OFF_BAND] pred=EXPANSION cv=EXPANSION obs=EXPANSION adm=['EXPANSION'] agree=True band_in=False margin=1.0000 6.3s
F_CONTINUAL_REAL 0.9 r2 [OFF_BAND] pred=EXPANSION cv=EXPANSION obs=EXPANSION adm=['EXPANSION'] agree=True band_in=False margin=1.0000 6.5s
F_CONTINUAL_REAL 0.9 r3 [OFF_BAND] pred=EXPANSION cv=EXPANSION obs=EXPANSION adm=['EXPANSION'] agree=True band_in=False margin=1.0000 6.9s
F_CONTINUAL_REAL 0.9 r4 [OFF_BAND] pred=EXPANSION cv=EXPANSION obs=EXPANSION adm=['EXPANSION'] agree=True band_in=False margin=1.0000 7.3s
F_CONTINUAL_REAL 0.9 r5 [OFF_BAND] pred=EXPANSION cv=NONE obs=EXPANSION adm=['EXPANSION'] agree=True band_in=False margin=1.0000 6.9s
F_CONTINUAL_REAL 0.9 r6 [OFF_BAND] pred=EXPANSION cv=NONE obs=EXPANSION adm=['EXPANSION'] agree=True band_in=False margin=1.0000 6.6s
F_CONTINUAL_REAL 0.9 r7 [OFF_BAND] pred=EXPANSION cv=NONE obs=EXPANSION adm=['EXPANSION'] agree=True band_in=False margin=1.0000 6.4s
F_CONTINUAL_REAL 0.95 r0 [BAND] pred=EXPANSION cv=EXPANSION obs=REPLAY adm=['REPLAY', 'EXPANSION'] agree=False band_in=True margin=-4192.1850 5.8s
F_CONTINUAL_REAL 0.95 r1 [BAND] pred=REPLAY cv=EXPANSION obs=REPLAY adm=['REPLAY', 'EXPANSION'] agree=True band_in=False margin=4192.1850 6.0s
F_CONTINUAL_REAL 0.95 r2 [BAND] pred=REPLAY cv=REPLAY obs=REPLAY adm=['REPLAY', 'EXPANSION'] agree=True band_in=False margin=4192.1850 6.2s
F_CONTINUAL_REAL 0.95 r3 [BAND] pred=REPLAY cv=NONE obs=REPLAY adm=['REPLAY', 'EXPANSION'] agree=True band_in=False margin=4192.1850 6.4s
F_CONTINUAL_REAL 0.95 r4 [BAND] pred=REPLAY cv=NONE obs=REPLAY adm=['REPLAY', 'EXPANSION'] agree=True band_in=False margin=4192.1850 6.1s
F_CONTINUAL_REAL 0.95 r5 [BAND] pred=EXPANSION cv=NONE obs=REPLAY adm=['REPLAY', 'EXPANSION'] agree=False band_in=True margin=-4192.1850 6.1s
F_CONTINUAL_REAL 0.95 r6 [BAND] pred=EXPANSION cv=REPLAY obs=EXPANSION adm=['EXPANSION'] agree=True band_in=False margin=1.0000 6.1s
F_CONTINUAL_REAL 0.95 r7 [BAND] pred=REPLAY cv=EXPANSION obs=EXPANSION adm=['EXPANSION'] agree=False band_in=True margin=-1.0000 6.2s
F_CONTINUAL_REAL 1.0 r0 [OFF_BAND] pred=REWRITE cv=REWRITE obs=REWRITE adm=['REWRITE', 'REPLAY', 'EXPANSION'] agree=True band_in=False margin=34.4320 7.5s
F_CONTINUAL_REAL 1.0 r1 [OFF_BAND] pred=REWRITE cv=REWRITE obs=REWRITE adm=['REWRITE', 'REPLAY'] agree=True band_in=False margin=34.4320 6.9s
F_CONTINUAL_REAL 1.0 r2 [OFF_BAND] pred=REWRITE cv=REWRITE obs=REWRITE adm=['REWRITE', 'REPLAY', 'EXPANSION'] agree=True band_in=False margin=34.4320 7.3s
F_CONTINUAL_REAL 1.0 r3 [OFF_BAND] pred=REWRITE cv=REWRITE obs=REWRITE adm=['REWRITE', 'REPLAY', 'EXPANSION'] agree=True band_in=False margin=34.4320 6.5s
F_CONTINUAL_REAL 1.0 r4 [OFF_BAND] pred=REWRITE cv=REWRITE obs=REWRITE adm=['REWRITE', 'REPLAY', 'EXPANSION'] agree=True band_in=False margin=34.4320 5.7s
F_CONTINUAL_REAL 1.0 r5 [OFF_BAND] pred=REWRITE cv=REWRITE obs=REWRITE adm=['REWRITE', 'REPLAY', 'EXPANSION'] agree=True band_in=False margin=34.4320 5.9s
F_CONTINUAL_REAL 1.0 r6 [OFF_BAND] pred=REWRITE cv=REWRITE obs=REWRITE adm=['REWRITE', 'REPLAY', 'EXPANSION'] agree=True band_in=False margin=34.4320 6.3s
F_CONTINUAL_REAL 1.0 r7 [OFF_BAND] pred=REWRITE cv=REWRITE obs=REWRITE adm=['REWRITE', 'REPLAY'] agree=True band_in=False margin=34.4320 8.0s
B_SPECIALIZATION_REAL 0.0 r0 [BAND] pred=SHARED cv=SHARED obs=SHARED adm=['SHARED', 'SPECIALIZED'] agree=True band_in=False margin=0.0093 0.3s
B_SPECIALIZATION_REAL 0.0 r1 [BAND] pred=SHARED cv=SHARED obs=SHARED adm=['SHARED', 'SPECIALIZED'] agree=True band_in=False margin=0.0181 0.0s
B_SPECIALIZATION_REAL 0.0 r2 [BAND] pred=SHARED cv=SHARED obs=SHARED adm=['SHARED', 'SPECIALIZED'] agree=True band_in=False margin=0.0035 0.0s
B_SPECIALIZATION_REAL 0.0 r3 [BAND] pred=SPECIALIZED cv=SHARED obs=SHARED adm=['SHARED', 'SPECIALIZED'] agree=False band_in=False margin=-0.0527 0.4s
B_SPECIALIZATION_REAL 0.0 r4 [BAND] pred=SHARED cv=SHARED obs=SHARED adm=['SHARED', 'SPECIALIZED'] agree=True band_in=False margin=0.0420 0.1s
B_SPECIALIZATION_REAL 0.0 r5 [BAND] pred=SHARED cv=SHARED obs=SHARED adm=['SHARED', 'SPECIALIZED'] agree=True band_in=False margin=0.0210 0.0s
B_SPECIALIZATION_REAL 0.0 r6 [BAND] pred=SHARED cv=SHARED obs=SHARED adm=['SHARED', 'SPECIALIZED'] agree=True band_in=False margin=0.0034 0.0s
B_SPECIALIZATION_REAL 0.0 r7 [BAND] pred=SHARED cv=SHARED obs=SHARED adm=['SHARED', 'SPECIALIZED'] agree=True band_in=False margin=0.0069 0.2s
B_SPECIALIZATION_REAL 0.1 r0 [BAND] pred=SPECIALIZED cv=SHARED obs=SHARED adm=['SHARED', 'SPECIALIZED'] agree=False band_in=False margin=-0.0170 0.3s
B_SPECIALIZATION_REAL 0.1 r1 [BAND] pred=SHARED cv=SHARED obs=SHARED adm=['SHARED', 'SPECIALIZED'] agree=True band_in=False margin=0.0326 0.6s
B_SPECIALIZATION_REAL 0.1 r2 [BAND] pred=SPECIALIZED cv=SPECIALIZED obs=SHARED adm=['SHARED', 'SPECIALIZED'] agree=False band_in=False margin=-0.0216 0.4s
B_SPECIALIZATION_REAL 0.1 r3 [BAND] pred=SHARED cv=SHARED obs=SHARED adm=['SHARED', 'SPECIALIZED'] agree=True band_in=False margin=0.0097 0.2s
B_SPECIALIZATION_REAL 0.1 r4 [BAND] pred=SPECIALIZED cv=SPECIALIZED obs=SHARED adm=['SHARED', 'SPECIALIZED'] agree=False band_in=True margin=-0.0013 0.3s
B_SPECIALIZATION_REAL 0.1 r5 [BAND] pred=SHARED cv=SHARED obs=SHARED adm=['SHARED', 'SPECIALIZED'] agree=True band_in=False margin=0.0329 0.3s
B_SPECIALIZATION_REAL 0.1 r6 [BAND] pred=SHARED cv=SHARED obs=SHARED adm=['SHARED', 'SPECIALIZED'] agree=True band_in=False margin=0.0059 0.0s
B_SPECIALIZATION_REAL 0.1 r7 [BAND] pred=SHARED cv=SHARED obs=SHARED adm=['SHARED', 'SPECIALIZED'] agree=True band_in=False margin=0.0049 0.1s
B_SPECIALIZATION_REAL 0.3 r0 [BAND] pred=SHARED cv=SHARED obs=SPECIALIZED adm=['SHARED', 'SPECIALIZED'] agree=False band_in=True margin=-0.0056 0.3s
B_SPECIALIZATION_REAL 0.3 r1 [BAND] pred=SHARED cv=SHARED obs=SHARED adm=['SHARED', 'SPECIALIZED'] agree=True band_in=False margin=0.0107 0.3s
B_SPECIALIZATION_REAL 0.3 r2 [BAND] pred=SHARED cv=SHARED obs=SPECIALIZED adm=['SHARED', 'SPECIALIZED'] agree=False band_in=False margin=-0.0131 0.1s
B_SPECIALIZATION_REAL 0.3 r3 [BAND] pred=SPECIALIZED cv=SHARED obs=SHARED adm=['SHARED', 'SPECIALIZED'] agree=False band_in=False margin=-0.0176 0.3s
B_SPECIALIZATION_REAL 0.3 r4 [BAND] pred=SPECIALIZED cv=SPECIALIZED obs=SPECIALIZED adm=['SHARED', 'SPECIALIZED'] agree=True band_in=False margin=0.0129 0.3s
B_SPECIALIZATION_REAL 0.3 r5 [BAND] pred=SPECIALIZED cv=SHARED obs=SPECIALIZED adm=['SHARED', 'SPECIALIZED'] agree=True band_in=False margin=0.0143 0.7s
B_SPECIALIZATION_REAL 0.3 r6 [BAND] pred=SPECIALIZED cv=SPECIALIZED obs=SPECIALIZED adm=['SHARED', 'SPECIALIZED'] agree=True band_in=False margin=0.0287 0.6s
B_SPECIALIZATION_REAL 0.3 r7 [BAND] pred=SHARED cv=SHARED obs=SPECIALIZED adm=['SHARED', 'SPECIALIZED'] agree=False band_in=True margin=-0.0061 0.4s
B_SPECIALIZATION_REAL 0.5 r0 [OFF_BAND] pred=SPECIALIZED cv=SPECIALIZED obs=SPECIALIZED adm=['SHARED', 'SPECIALIZED'] agree=True band_in=False margin=0.0489 0.7s
B_SPECIALIZATION_REAL 0.5 r1 [OFF_BAND] pred=SPECIALIZED cv=SPECIALIZED obs=SPECIALIZED adm=['SHARED', 'SPECIALIZED'] agree=True band_in=False margin=0.0952 0.5s
B_SPECIALIZATION_REAL 0.5 r2 [OFF_BAND] pred=SPECIALIZED cv=SPECIALIZED obs=SPECIALIZED adm=['SHARED', 'SPECIALIZED'] agree=True band_in=False margin=0.0162 0.4s
B_SPECIALIZATION_REAL 0.5 r3 [OFF_BAND] pred=SPECIALIZED cv=SPECIALIZED obs=SPECIALIZED adm=['SHARED', 'SPECIALIZED'] agree=True band_in=False margin=0.0407 0.5s
B_SPECIALIZATION_REAL 0.5 r4 [OFF_BAND] pred=SPECIALIZED cv=SHARED obs=SPECIALIZED adm=['SHARED', 'SPECIALIZED'] agree=True band_in=False margin=0.0153 0.3s
B_SPECIALIZATION_REAL 0.5 r5 [OFF_BAND] pred=SPECIALIZED cv=SPECIALIZED obs=SPECIALIZED adm=['SHARED', 'SPECIALIZED'] agree=True band_in=False margin=0.0293 0.0s
B_SPECIALIZATION_REAL 0.5 r6 [OFF_BAND] pred=SPECIALIZED cv=SPECIALIZED obs=SPECIALIZED adm=['SHARED', 'SPECIALIZED'] agree=True band_in=False margin=0.0408 0.4s
B_SPECIALIZATION_REAL 0.5 r7 [OFF_BAND] pred=SPECIALIZED cv=SPECIALIZED obs=SPECIALIZED adm=['SHARED', 'SPECIALIZED'] agree=True band_in=False margin=0.1080 0.4s
B_SPECIALIZATION_REAL 0.65 r0 [OFF_BAND] pred=SPECIALIZED cv=SPECIALIZED obs=SPECIALIZED adm=['SHARED', 'SPECIALIZED'] agree=True band_in=False margin=0.0934 0.3s
B_SPECIALIZATION_REAL 0.65 r1 [OFF_BAND] pred=SPECIALIZED cv=SPECIALIZED obs=SPECIALIZED adm=['SHARED', 'SPECIALIZED'] agree=True band_in=False margin=0.1042 0.3s
B_SPECIALIZATION_REAL 0.65 r2 [OFF_BAND] pred=SPECIALIZED cv=SPECIALIZED obs=SPECIALIZED adm=['SHARED', 'SPECIALIZED'] agree=True band_in=False margin=0.0347 0.0s
B_SPECIALIZATION_REAL 0.65 r3 [OFF_BAND] pred=SPECIALIZED cv=SPECIALIZED obs=SPECIALIZED adm=['SPECIALIZED'] agree=True band_in=False margin=1.0000 0.1s
B_SPECIALIZATION_REAL 0.65 r4 [OFF_BAND] pred=SPECIALIZED cv=SPECIALIZED obs=SPECIALIZED adm=['SHARED', 'SPECIALIZED'] agree=True band_in=False margin=0.1528 0.5s
B_SPECIALIZATION_REAL 0.65 r5 [OFF_BAND] pred=SPECIALIZED cv=SPECIALIZED obs=SPECIALIZED adm=['SHARED', 'SPECIALIZED'] agree=True band_in=False margin=0.0715 0.5s
B_SPECIALIZATION_REAL 0.65 r6 [OFF_BAND] pred=SPECIALIZED cv=SPECIALIZED obs=SPECIALIZED adm=['SHARED', 'SPECIALIZED'] agree=True band_in=False margin=0.1447 0.1s
B_SPECIALIZATION_REAL 0.65 r7 [OFF_BAND] pred=SPECIALIZED cv=SPECIALIZED obs=SPECIALIZED adm=['SHARED', 'SPECIALIZED'] agree=True band_in=False margin=0.1762 0.4s
B_SPECIALIZATION_REAL 0.8 r0 [OFF_BAND] pred=SPECIALIZED cv=SPECIALIZED obs=SPECIALIZED adm=['SHARED', 'SPECIALIZED'] agree=True band_in=False margin=0.1375 0.8s
B_SPECIALIZATION_REAL 0.8 r1 [OFF_BAND] pred=SPECIALIZED cv=SPECIALIZED obs=SPECIALIZED adm=['SPECIALIZED'] agree=True band_in=False margin=1.0000 0.9s
B_SPECIALIZATION_REAL 0.8 r2 [OFF_BAND] pred=SPECIALIZED cv=SPECIALIZED obs=SPECIALIZED adm=['SHARED', 'SPECIALIZED'] agree=True band_in=False margin=0.1145 0.8s
B_SPECIALIZATION_REAL 0.8 r3 [OFF_BAND] pred=SPECIALIZED cv=NONE obs=SPECIALIZED adm=['SPECIALIZED'] agree=True band_in=False margin=1.0000 0.6s
B_SPECIALIZATION_REAL 0.8 r4 [OFF_BAND] pred=SPECIALIZED cv=SPECIALIZED obs=SPECIALIZED adm=['SHARED', 'SPECIALIZED'] agree=True band_in=False margin=0.0878 0.6s
B_SPECIALIZATION_REAL 0.8 r5 [OFF_BAND] pred=SPECIALIZED cv=SPECIALIZED obs=SPECIALIZED adm=['SPECIALIZED'] agree=True band_in=False margin=1.0000 0.6s
B_SPECIALIZATION_REAL 0.8 r6 [OFF_BAND] pred=SPECIALIZED cv=SPECIALIZED obs=SPECIALIZED adm=['SHARED', 'SPECIALIZED'] agree=True band_in=False margin=0.1342 0.6s
B_SPECIALIZATION_REAL 0.8 r7 [OFF_BAND] pred=SPECIALIZED cv=SPECIALIZED obs=SPECIALIZED adm=['SPECIALIZED'] agree=True band_in=False margin=1.0000 0.7s
B_SPECIALIZATION_REAL 1.0 r0 [OFF_BAND] pred=SPECIALIZED cv=SPECIALIZED obs=SPECIALIZED adm=['SPECIALIZED'] agree=True band_in=False margin=1.0000 0.6s
B_SPECIALIZATION_REAL 1.0 r1 [OFF_BAND] pred=SPECIALIZED cv=SPECIALIZED obs=SPECIALIZED adm=['SPECIALIZED'] agree=True band_in=False margin=1.0000 0.6s
B_SPECIALIZATION_REAL 1.0 r2 [OFF_BAND] pred=SPECIALIZED cv=SPECIALIZED obs=SPECIALIZED adm=['SPECIALIZED'] agree=True band_in=False margin=1.0000 0.8s
B_SPECIALIZATION_REAL 1.0 r3 [OFF_BAND] pred=SPECIALIZED cv=SPECIALIZED obs=SPECIALIZED adm=['SHARED', 'SPECIALIZED'] agree=True band_in=False margin=0.1648 0.6s
B_SPECIALIZATION_REAL 1.0 r4 [OFF_BAND] pred=SPECIALIZED cv=SPECIALIZED obs=SPECIALIZED adm=['SPECIALIZED'] agree=True band_in=False margin=1.0000 0.6s
B_SPECIALIZATION_REAL 1.0 r5 [OFF_BAND] pred=SPECIALIZED cv=SPECIALIZED obs=SPECIALIZED adm=['SHARED', 'SPECIALIZED'] agree=True band_in=False margin=0.1942 0.7s
B_SPECIALIZATION_REAL 1.0 r6 [OFF_BAND] pred=SPECIALIZED cv=SPECIALIZED obs=SPECIALIZED adm=['SPECIALIZED'] agree=True band_in=False margin=1.0000 0.5s
B_SPECIALIZATION_REAL 1.0 r7 [OFF_BAND] pred=SPECIALIZED cv=SPECIALIZED obs=SPECIALIZED adm=['SPECIALIZED'] agree=True band_in=False margin=1.0000 0.5s
{
 "lane_results": {
  "F_CONTINUAL_REAL": "F_CONTINUAL_REAL_GREEN_OFF_CROSSOVER__PARENT_SUFFICIENT_CV__PARENT_SUFFICIENT_HOLDOUT",
  "B_SPECIALIZATION_REAL": "B_SPECIALIZATION_REAL_GREEN_OFF_BAND_UNDER_MASS_WEIGHTED_TERM__FREE_LAW_EQUALS_CV_OFF_BAND__CROSSOVER_CELLS_INSIDE_BAND_BY_CONSTRUCTION"
 },
 "lane_stats": {
  "F_CONTINUAL_REAL": {
   "off_band_cells": 4,
   "off_band_green": 4,
   "cv_same_as_gmi_off_band": 24,
   "n_off_band_replicates": 32,
   "parent_free_substitute_ok": false
  },
  "B_SPECIALIZATION_REAL": {
   "off_band_cells": 4,
   "off_band_green": 4,
   "cv_same_as_gmi_off_band": 30,
   "n_off_band_replicates": 32,
   "parent_free_substitute_ok": true
  }
 },
 "terminal": "REAL_TRANSFER_PHASE_LAWS_PARENT_SUFFICIENT_CV"
}
