FFFFFFFFFFFFF                                                            [100%]
=================================== FAILURES ===================================
__________ test_raw_three_routes_sealed_before_any_check_and_no_retry __________

tmp_path = PosixPath('/tmp/pytest-of-billy/pytest-204/test_raw_three_routes_sealed_b0')
monkeypatch = <_pytest.monkeypatch.MonkeyPatch object at 0x7f127cd6a790>

    def test_raw_three_routes_sealed_before_any_check_and_no_retry(tmp_path, monkeypatch):
>       C, A, manifest = prepared(tmp_path)

research/ocm-prototype/generation_tests/test_later_consumption_protocol.py:46: 
_ _ _ _ _ _ _ _ _ _ _ _ _ _ _ _ _ _ _ _ _ _ _ _ _ _ _ _ _ _ _ _ _ _ _ _ _ _ _ _ 
research/ocm-prototype/generation_tests/test_later_consumption_protocol.py:41: in prepared
    manifest = P.prepare(tmp_path/'packet')
research/ocm-prototype/later_consumption_prepare.py:61: in prepare
    'source_bindings':{str(p):binding(p) for p in sources},'environment_bindings':environment(),
_ _ _ _ _ _ _ _ _ _ _ _ _ _ _ _ _ _ _ _ _ _ _ _ _ _ _ _ _ _ _ _ _ _ _ _ _ _ _ _ 

    @lru_cache(maxsize=1)
    def environment():
        if Path(sys.executable).resolve() != PYTHON.resolve():
>           raise ValueError('prepare with the pinned generation environment')
E           ValueError: prepare with the pinned generation environment

research/ocm-prototype/later_consumption_prepare.py:21: ValueError
_______ test_timeout_and_malformed_rows_retained_as_assigned_denominator _______

tmp_path = PosixPath('/tmp/pytest-of-billy/pytest-204/test_timeout_and_malformed_row0')
monkeypatch = <_pytest.monkeypatch.MonkeyPatch object at 0x7f127d0486d0>

    def test_timeout_and_malformed_rows_retained_as_assigned_denominator(tmp_path, monkeypatch):
>       C, A, manifest = prepared(tmp_path)

research/ocm-prototype/generation_tests/test_later_consumption_protocol.py:63: 
_ _ _ _ _ _ _ _ _ _ _ _ _ _ _ _ _ _ _ _ _ _ _ _ _ _ _ _ _ _ _ _ _ _ _ _ _ _ _ _ 
research/ocm-prototype/generation_tests/test_later_consumption_protocol.py:41: in prepared
    manifest = P.prepare(tmp_path/'packet')
research/ocm-prototype/later_consumption_prepare.py:61: in prepare
    'source_bindings':{str(p):binding(p) for p in sources},'environment_bindings':environment(),
_ _ _ _ _ _ _ _ _ _ _ _ _ _ _ _ _ _ _ _ _ _ _ _ _ _ _ _ _ _ _ _ _ _ _ _ _ _ _ _ 

    @lru_cache(maxsize=1)
    def environment():
        if Path(sys.executable).resolve() != PYTHON.resolve():
>           raise ValueError('prepare with the pinned generation environment')
E           ValueError: prepare with the pinned generation environment

research/ocm-prototype/later_consumption_prepare.py:21: ValueError
_ test_four_check_ceiling_and_observed_use_is_separate[(define-fun absdiff2 ((x Int) (y Int)) Int (ite (>= x y) (- x y) (- y x)))-NO_OBSERVED_USE] _

tmp_path = PosixPath('/tmp/pytest-of-billy/pytest-204/test_four_check_ceiling_and_ob0')
monkeypatch = <_pytest.monkeypatch.MonkeyPatch object at 0x7f127cf01a10>
candidate = '(define-fun absdiff2 ((x Int) (y Int)) Int (ite (>= x y) (- x y) (- y x)))'
expected = 'NO_OBSERVED_USE'

    @pytest.mark.parametrize('candidate, expected', [(PRIMITIVE,'NO_OBSERVED_USE'), (USED,'LEARNED_DEFINITION_CONSUMPTION_QUALIFIED')])
    def test_four_check_ceiling_and_observed_use_is_separate(tmp_path, monkeypatch, candidate, expected):
>       C, A, manifest = prepared(tmp_path)

research/ocm-prototype/generation_tests/test_later_consumption_protocol.py:79: 
_ _ _ _ _ _ _ _ _ _ _ _ _ _ _ _ _ _ _ _ _ _ _ _ _ _ _ _ _ _ _ _ _ _ _ _ _ _ _ _ 
research/ocm-prototype/generation_tests/test_later_consumption_protocol.py:41: in prepared
    manifest = P.prepare(tmp_path/'packet')
research/ocm-prototype/later_consumption_prepare.py:61: in prepare
    'source_bindings':{str(p):binding(p) for p in sources},'environment_bindings':environment(),
_ _ _ _ _ _ _ _ _ _ _ _ _ _ _ _ _ _ _ _ _ _ _ _ _ _ _ _ _ _ _ _ _ _ _ _ _ _ _ _ 

    @lru_cache(maxsize=1)
    def environment():
        if Path(sys.executable).resolve() != PYTHON.resolve():
>           raise ValueError('prepare with the pinned generation environment')
E           ValueError: prepare with the pinned generation environment

research/ocm-prototype/later_consumption_prepare.py:21: ValueError
_ test_four_check_ceiling_and_observed_use_is_separate[(define-fun absdiff2 ((x Int) (y Int)) Int (ite (fn_0 (- x y)) (- y x) (- x y)))-LEARNED_DEFINITION_CONSUMPTION_QUALIFIED] _

tmp_path = PosixPath('/tmp/pytest-of-billy/pytest-204/test_four_check_ceiling_and_ob1')
monkeypatch = <_pytest.monkeypatch.MonkeyPatch object at 0x7f127ceb8f90>
candidate = '(define-fun absdiff2 ((x Int) (y Int)) Int (ite (fn_0 (- x y)) (- y x) (- x y)))'
expected = 'LEARNED_DEFINITION_CONSUMPTION_QUALIFIED'

    @pytest.mark.parametrize('candidate, expected', [(PRIMITIVE,'NO_OBSERVED_USE'), (USED,'LEARNED_DEFINITION_CONSUMPTION_QUALIFIED')])
    def test_four_check_ceiling_and_observed_use_is_separate(tmp_path, monkeypatch, candidate, expected):
>       C, A, manifest = prepared(tmp_path)

research/ocm-prototype/generation_tests/test_later_consumption_protocol.py:79: 
_ _ _ _ _ _ _ _ _ _ _ _ _ _ _ _ _ _ _ _ _ _ _ _ _ _ _ _ _ _ _ _ _ _ _ _ _ _ _ _ 
research/ocm-prototype/generation_tests/test_later_consumption_protocol.py:41: in prepared
    manifest = P.prepare(tmp_path/'packet')
research/ocm-prototype/later_consumption_prepare.py:61: in prepare
    'source_bindings':{str(p):binding(p) for p in sources},'environment_bindings':environment(),
_ _ _ _ _ _ _ _ _ _ _ _ _ _ _ _ _ _ _ _ _ _ _ _ _ _ _ _ _ _ _ _ _ _ _ _ _ _ _ _ 

    @lru_cache(maxsize=1)
    def environment():
        if Path(sys.executable).resolve() != PYTHON.resolve():
>           raise ValueError('prepare with the pinned generation environment')
E           ValueError: prepare with the pinned generation environment

research/ocm-prototype/later_consumption_prepare.py:21: ValueError
__________ test_wrong_expansion_cannot_qualify_even_when_spec_passes ___________

tmp_path = PosixPath('/tmp/pytest-of-billy/pytest-204/test_wrong_expansion_cannot_qu0')
monkeypatch = <_pytest.monkeypatch.MonkeyPatch object at 0x7f127cec7710>

    def test_wrong_expansion_cannot_qualify_even_when_spec_passes(tmp_path, monkeypatch):
>       C, A, manifest = prepared(tmp_path)

research/ocm-prototype/generation_tests/test_later_consumption_protocol.py:104: 
_ _ _ _ _ _ _ _ _ _ _ _ _ _ _ _ _ _ _ _ _ _ _ _ _ _ _ _ _ _ _ _ _ _ _ _ _ _ _ _ 
research/ocm-prototype/generation_tests/test_later_consumption_protocol.py:41: in prepared
    manifest = P.prepare(tmp_path/'packet')
research/ocm-prototype/later_consumption_prepare.py:61: in prepare
    'source_bindings':{str(p):binding(p) for p in sources},'environment_bindings':environment(),
_ _ _ _ _ _ _ _ _ _ _ _ _ _ _ _ _ _ _ _ _ _ _ _ _ _ _ _ _ _ _ _ _ _ _ _ _ _ _ _ 

    @lru_cache(maxsize=1)
    def environment():
        if Path(sys.executable).resolve() != PYTHON.resolve():
>           raise ValueError('prepare with the pinned generation environment')
E           ValueError: prepare with the pinned generation environment

research/ocm-prototype/later_consumption_prepare.py:21: ValueError
_______________ test_raw_drift_prevents_assessment_native_calls ________________

tmp_path = PosixPath('/tmp/pytest-of-billy/pytest-204/test_raw_drift_prevents_assess0')
monkeypatch = <_pytest.monkeypatch.MonkeyPatch object at 0x7f127cea8990>

    def test_raw_drift_prevents_assessment_native_calls(tmp_path, monkeypatch):
>       C, A, manifest = prepared(tmp_path)

research/ocm-prototype/generation_tests/test_later_consumption_protocol.py:118: 
_ _ _ _ _ _ _ _ _ _ _ _ _ _ _ _ _ _ _ _ _ _ _ _ _ _ _ _ _ _ _ _ _ _ _ _ _ _ _ _ 
research/ocm-prototype/generation_tests/test_later_consumption_protocol.py:41: in prepared
    manifest = P.prepare(tmp_path/'packet')
research/ocm-prototype/later_consumption_prepare.py:61: in prepare
    'source_bindings':{str(p):binding(p) for p in sources},'environment_bindings':environment(),
_ _ _ _ _ _ _ _ _ _ _ _ _ _ _ _ _ _ _ _ _ _ _ _ _ _ _ _ _ _ _ _ _ _ _ _ _ _ _ _ 

    @lru_cache(maxsize=1)
    def environment():
        if Path(sys.executable).resolve() != PYTHON.resolve():
>           raise ValueError('prepare with the pinned generation environment')
E           ValueError: prepare with the pinned generation environment

research/ocm-prototype/later_consumption_prepare.py:21: ValueError
_____________ test_prepared_commands_preserve_worker_and_envelope ______________

tmp_path = PosixPath('/tmp/pytest-of-billy/pytest-204/test_prepared_commands_preserv0')

    def test_prepared_commands_preserve_worker_and_envelope(tmp_path):
>       C, A, manifest = prepared(tmp_path)

research/ocm-prototype/generation_tests/test_later_consumption_protocol.py:129: 
_ _ _ _ _ _ _ _ _ _ _ _ _ _ _ _ _ _ _ _ _ _ _ _ _ _ _ _ _ _ _ _ _ _ _ _ _ _ _ _ 
research/ocm-prototype/generation_tests/test_later_consumption_protocol.py:41: in prepared
    manifest = P.prepare(tmp_path/'packet')
research/ocm-prototype/later_consumption_prepare.py:61: in prepare
    'source_bindings':{str(p):binding(p) for p in sources},'environment_bindings':environment(),
_ _ _ _ _ _ _ _ _ _ _ _ _ _ _ _ _ _ _ _ _ _ _ _ _ _ _ _ _ _ _ _ _ _ _ _ _ _ _ _ 

    @lru_cache(maxsize=1)
    def environment():
        if Path(sys.executable).resolve() != PYTHON.resolve():
>           raise ValueError('prepare with the pinned generation environment')
E           ValueError: prepare with the pinned generation environment

research/ocm-prototype/later_consumption_prepare.py:21: ValueError
___________________ test_command_drift_cannot_launch_native ____________________

tmp_path = PosixPath('/tmp/pytest-of-billy/pytest-204/test_command_drift_cannot_laun0')
monkeypatch = <_pytest.monkeypatch.MonkeyPatch object at 0x7f127d1002d0>

    def test_command_drift_cannot_launch_native(tmp_path, monkeypatch):
>       C, A, manifest = prepared(tmp_path)

research/ocm-prototype/generation_tests/test_later_consumption_protocol.py:146: 
_ _ _ _ _ _ _ _ _ _ _ _ _ _ _ _ _ _ _ _ _ _ _ _ _ _ _ _ _ _ _ _ _ _ _ _ _ _ _ _ 
research/ocm-prototype/generation_tests/test_later_consumption_protocol.py:41: in prepared
    manifest = P.prepare(tmp_path/'packet')
research/ocm-prototype/later_consumption_prepare.py:61: in prepare
    'source_bindings':{str(p):binding(p) for p in sources},'environment_bindings':environment(),
_ _ _ _ _ _ _ _ _ _ _ _ _ _ _ _ _ _ _ _ _ _ _ _ _ _ _ _ _ _ _ _ _ _ _ _ _ _ _ _ 

    @lru_cache(maxsize=1)
    def environment():
        if Path(sys.executable).resolve() != PYTHON.resolve():
>           raise ValueError('prepare with the pinned generation environment')
E           ValueError: prepare with the pinned generation environment

research/ocm-prototype/later_consumption_prepare.py:21: ValueError
_____________ test_raw_seal_remains_verifiable_after_evidence_copy _____________

tmp_path = PosixPath('/tmp/pytest-of-billy/pytest-204/test_raw_seal_remains_verifiab0')
monkeypatch = <_pytest.monkeypatch.MonkeyPatch object at 0x7f127d161650>

    def test_raw_seal_remains_verifiable_after_evidence_copy(tmp_path, monkeypatch):
        import shutil
>       C, A, manifest = prepared(tmp_path)

research/ocm-prototype/generation_tests/test_later_consumption_protocol.py:157: 
_ _ _ _ _ _ _ _ _ _ _ _ _ _ _ _ _ _ _ _ _ _ _ _ _ _ _ _ _ _ _ _ _ _ _ _ _ _ _ _ 
research/ocm-prototype/generation_tests/test_later_consumption_protocol.py:41: in prepared
    manifest = P.prepare(tmp_path/'packet')
research/ocm-prototype/later_consumption_prepare.py:61: in prepare
    'source_bindings':{str(p):binding(p) for p in sources},'environment_bindings':environment(),
_ _ _ _ _ _ _ _ _ _ _ _ _ _ _ _ _ _ _ _ _ _ _ _ _ _ _ _ _ _ _ _ _ _ _ _ _ _ _ _ 

    @lru_cache(maxsize=1)
    def environment():
        if Path(sys.executable).resolve() != PYTHON.resolve():
>           raise ValueError('prepare with the pinned generation environment')
E           ValueError: prepare with the pinned generation environment

research/ocm-prototype/later_consumption_prepare.py:21: ValueError
____ test_post_dispatch_drift_has_one_row_and_never_reaches_semantic_check _____

tmp_path = PosixPath('/tmp/pytest-of-billy/pytest-204/test_post_dispatch_drift_has_o0')
monkeypatch = <_pytest.monkeypatch.MonkeyPatch object at 0x7f127d2335d0>

    def test_post_dispatch_drift_has_one_row_and_never_reaches_semantic_check(tmp_path, monkeypatch):
>       C, A, manifest = prepared(tmp_path)

research/ocm-prototype/generation_tests/test_later_consumption_drift.py:10: 
_ _ _ _ _ _ _ _ _ _ _ _ _ _ _ _ _ _ _ _ _ _ _ _ _ _ _ _ _ _ _ _ _ _ _ _ _ _ _ _ 
research/ocm-prototype/generation_tests/test_later_consumption_protocol.py:41: in prepared
    manifest = P.prepare(tmp_path/'packet')
research/ocm-prototype/later_consumption_prepare.py:61: in prepare
    'source_bindings':{str(p):binding(p) for p in sources},'environment_bindings':environment(),
_ _ _ _ _ _ _ _ _ _ _ _ _ _ _ _ _ _ _ _ _ _ _ _ _ _ _ _ _ _ _ _ _ _ _ _ _ _ _ _ 

    @lru_cache(maxsize=1)
    def environment():
        if Path(sys.executable).resolve() != PYTHON.resolve():
>           raise ValueError('prepare with the pinned generation environment')
E           ValueError: prepare with the pinned generation environment

research/ocm-prototype/later_consumption_prepare.py:21: ValueError
_ test_invalid_sealed_assignment_sequence_refuses_before_assessment[indices0] __

tmp_path = PosixPath('/tmp/pytest-of-billy/pytest-204/test_invalid_sealed_assignment0')
monkeypatch = <_pytest.monkeypatch.MonkeyPatch object at 0x7f127cf0c2d0>
indices = (0, 0, 1, 2)

    @pytest.mark.parametrize('indices', [(0,0,1,2), (0,2), (1,0,2)])
    def test_invalid_sealed_assignment_sequence_refuses_before_assessment(tmp_path,monkeypatch,indices):
>       C, A, manifest = prepared(tmp_path)

research/ocm-prototype/generation_tests/test_later_consumption_drift.py:40: 
_ _ _ _ _ _ _ _ _ _ _ _ _ _ _ _ _ _ _ _ _ _ _ _ _ _ _ _ _ _ _ _ _ _ _ _ _ _ _ _ 
research/ocm-prototype/generation_tests/test_later_consumption_protocol.py:41: in prepared
    manifest = P.prepare(tmp_path/'packet')
research/ocm-prototype/later_consumption_prepare.py:61: in prepare
    'source_bindings':{str(p):binding(p) for p in sources},'environment_bindings':environment(),
_ _ _ _ _ _ _ _ _ _ _ _ _ _ _ _ _ _ _ _ _ _ _ _ _ _ _ _ _ _ _ _ _ _ _ _ _ _ _ _ 

    @lru_cache(maxsize=1)
    def environment():
        if Path(sys.executable).resolve() != PYTHON.resolve():
>           raise ValueError('prepare with the pinned generation environment')
E           ValueError: prepare with the pinned generation environment

research/ocm-prototype/later_consumption_prepare.py:21: ValueError
_ test_invalid_sealed_assignment_sequence_refuses_before_assessment[indices1] __

tmp_path = PosixPath('/tmp/pytest-of-billy/pytest-204/test_invalid_sealed_assignment1')
monkeypatch = <_pytest.monkeypatch.MonkeyPatch object at 0x7f127d022610>
indices = (0, 2)

    @pytest.mark.parametrize('indices', [(0,0,1,2), (0,2), (1,0,2)])
    def test_invalid_sealed_assignment_sequence_refuses_before_assessment(tmp_path,monkeypatch,indices):
>       C, A, manifest = prepared(tmp_path)

research/ocm-prototype/generation_tests/test_later_consumption_drift.py:40: 
_ _ _ _ _ _ _ _ _ _ _ _ _ _ _ _ _ _ _ _ _ _ _ _ _ _ _ _ _ _ _ _ _ _ _ _ _ _ _ _ 
research/ocm-prototype/generation_tests/test_later_consumption_protocol.py:41: in prepared
    manifest = P.prepare(tmp_path/'packet')
research/ocm-prototype/later_consumption_prepare.py:61: in prepare
    'source_bindings':{str(p):binding(p) for p in sources},'environment_bindings':environment(),
_ _ _ _ _ _ _ _ _ _ _ _ _ _ _ _ _ _ _ _ _ _ _ _ _ _ _ _ _ _ _ _ _ _ _ _ _ _ _ _ 

    @lru_cache(maxsize=1)
    def environment():
        if Path(sys.executable).resolve() != PYTHON.resolve():
>           raise ValueError('prepare with the pinned generation environment')
E           ValueError: prepare with the pinned generation environment

research/ocm-prototype/later_consumption_prepare.py:21: ValueError
_ test_invalid_sealed_assignment_sequence_refuses_before_assessment[indices2] __

tmp_path = PosixPath('/tmp/pytest-of-billy/pytest-204/test_invalid_sealed_assignment2')
monkeypatch = <_pytest.monkeypatch.MonkeyPatch object at 0x7f127d02c090>
indices = (1, 0, 2)

    @pytest.mark.parametrize('indices', [(0,0,1,2), (0,2), (1,0,2)])
    def test_invalid_sealed_assignment_sequence_refuses_before_assessment(tmp_path,monkeypatch,indices):
>       C, A, manifest = prepared(tmp_path)

research/ocm-prototype/generation_tests/test_later_consumption_drift.py:40: 
_ _ _ _ _ _ _ _ _ _ _ _ _ _ _ _ _ _ _ _ _ _ _ _ _ _ _ _ _ _ _ _ _ _ _ _ _ _ _ _ 
research/ocm-prototype/generation_tests/test_later_consumption_protocol.py:41: in prepared
    manifest = P.prepare(tmp_path/'packet')
research/ocm-prototype/later_consumption_prepare.py:61: in prepare
    'source_bindings':{str(p):binding(p) for p in sources},'environment_bindings':environment(),
_ _ _ _ _ _ _ _ _ _ _ _ _ _ _ _ _ _ _ _ _ _ _ _ _ _ _ _ _ _ _ _ _ _ _ _ _ _ _ _ 

    @lru_cache(maxsize=1)
    def environment():
        if Path(sys.executable).resolve() != PYTHON.resolve():
>           raise ValueError('prepare with the pinned generation environment')
E           ValueError: prepare with the pinned generation environment

research/ocm-prototype/later_consumption_prepare.py:21: ValueError
- generated xml file: /home/billy/orion-director-work/20260906/ocm-registered-research/docs/provenance/research_assay_ci_mock_environment_20260906/red.xml -
=========================== short test summary info ============================
FAILED research/ocm-prototype/generation_tests/test_later_consumption_protocol.py::test_raw_three_routes_sealed_before_any_check_and_no_retry
FAILED research/ocm-prototype/generation_tests/test_later_consumption_protocol.py::test_timeout_and_malformed_rows_retained_as_assigned_denominator
FAILED research/ocm-prototype/generation_tests/test_later_consumption_protocol.py::test_four_check_ceiling_and_observed_use_is_separate[(define-fun absdiff2 ((x Int) (y Int)) Int (ite (>= x y) (- x y) (- y x)))-NO_OBSERVED_USE]
FAILED research/ocm-prototype/generation_tests/test_later_consumption_protocol.py::test_four_check_ceiling_and_observed_use_is_separate[(define-fun absdiff2 ((x Int) (y Int)) Int (ite (fn_0 (- x y)) (- y x) (- x y)))-LEARNED_DEFINITION_CONSUMPTION_QUALIFIED]
FAILED research/ocm-prototype/generation_tests/test_later_consumption_protocol.py::test_wrong_expansion_cannot_qualify_even_when_spec_passes
FAILED research/ocm-prototype/generation_tests/test_later_consumption_protocol.py::test_raw_drift_prevents_assessment_native_calls
FAILED research/ocm-prototype/generation_tests/test_later_consumption_protocol.py::test_prepared_commands_preserve_worker_and_envelope
FAILED research/ocm-prototype/generation_tests/test_later_consumption_protocol.py::test_command_drift_cannot_launch_native
FAILED research/ocm-prototype/generation_tests/test_later_consumption_protocol.py::test_raw_seal_remains_verifiable_after_evidence_copy
FAILED research/ocm-prototype/generation_tests/test_later_consumption_drift.py::test_post_dispatch_drift_has_one_row_and_never_reaches_semantic_check
FAILED research/ocm-prototype/generation_tests/test_later_consumption_drift.py::test_invalid_sealed_assignment_sequence_refuses_before_assessment[indices0]
FAILED research/ocm-prototype/generation_tests/test_later_consumption_drift.py::test_invalid_sealed_assignment_sequence_refuses_before_assessment[indices1]
FAILED research/ocm-prototype/generation_tests/test_later_consumption_drift.py::test_invalid_sealed_assignment_sequence_refuses_before_assessment[indices2]
13 failed in 0.20s
