........................................................................ [  5%]
........................................................................ [ 10%]
........................................................................ [ 16%]
........................................................................ [ 21%]
........................................................................ [ 26%]
........................................................................ [ 32%]
........................................................................ [ 37%]
........................................................................ [ 43%]
........................................................................ [ 48%]
........................................................................ [ 53%]
........................................................................ [ 59%]
........................................................................ [ 64%]
........................................................................ [ 70%]
........................................................................ [ 75%]
........................................................................ [ 80%]
........................................................................ [ 86%]
........................................................................ [ 91%]
........................................................................ [ 97%]
........................................                                 [100%]
- generated xml file: /home/billy/orion-director-work/20260908/ocm-exact-navigation-serving/docs/provenance/engineering_revisions/runs/e5f7c5c40b64f09f3538ecf4fc33ed3f8fd77129d454c50f52bfb14878c1a628/f68095c98973422c/FULL_SUITE.xml -
1336 passed in 294.16s (0:04:54)
