=== host cn132 world=world_3_varied_lengths M2-P3 stage 3; runner_sha=7d790905ada3ad76 methods_sha=e0a0565466dc6778
{
 "schema": "M2P1_DEV_STATE",
 "eu_admission": {
  "policy": "EXPECTED_UTILITY_WITH_BOUNDED_REGRET_V1",
  "mean_delta": 30090.9,
  "ci95_low": 17033.7,
  "worst_ratio": 2.0,
  "rho_max": 2.0,
  "all_verified": true,
  "admitted": true,
  "reason": "admitted"
 },
 "ocm_controller": {
  "rule": {},
  "fallback": false,
  "probe_depth": 4,
  "rule_fit": "controller_v4: miss-conditional (validation tasks tiling deeper than the probe depth); 0 of 28 rows",
  "beta": 7380,
  "liveness_window": 8,
  "liveness_min_hit_rate": 0.25,
  "depth_rule": "expected-cost on held-out validation (controller_v2)",
  "liveness": "v2: counter advances every target; stood-down => RESET until re-probe hits",
  "library": "mdl",
  "library_rule": "controller_v5: interleave validation (v2 rule) + v4 miss-conditional rule",
  "expected_probe_cost": {
   "frequency": 13312.7,
   "mdl": 2783.2
  },
  "validated_better_interleave": {
   "frequency": 23,
   "mdl": 28
  }
 },
 "mdl_fragments": [
  [
   "double",
   "square"
  ],
  [
   "square",
   "inc"
  ],
  [
   "dec",
   "dec"
  ],
  [
   "double",
   "double"
  ],
  [
   "inc",
   "double",
   "inc"
  ]
 ],
 "mdl_admission": true,
 "mdl_terminal": "HELD_OUT_SEARCH_IMPROVEMENT",
 "mdl_strictly_better": 28,
 "train_solved": 106,
 "train_unsolved": 0,
 "fragments_mined": 16,
 "admission": false,
 "terminal": "KEEP_PRIMITIVE_BASELINE",
 "validated_on": 28,
 "held_out_strictly_better": 23,
 "held_out_never_worse": false,
 "held_out_mean_baseline": 42973.6,
 "held_out_mean_candidate": 12882.7,
 "wall_seconds": 169.72,
 "pid": 3438995
}
checkpoint written, pid 3439753
{
 "schema": "M2P1_ARM_REPORT",
 "arm": "RESET",
 "calibration_only": false,
 "note": "no generator; LIBRARY_ONLY holds solved objects whose normal forms are disjoint from every target (gate G2)",
 "fragments_served": 0,
 "process": {
  "pid": 3439755,
  "pre_restart_pid": 3439753,
  "pid_changed": true
 },
 "targets": 57,
 "ladder": [
  200000
 ],
 "successes": 57,
 "attempts": 57,
 "all_targets_verified": true,
 "ladder_total": 57,
 "mean_B_slots": 42237.9,
 "external_verifications": 57,
 "successes_by_budget": {
  "200000": 57
 },
 "wall_seconds": 58.82
}

{
 "schema": "M2P1_ARM_REPORT",
 "arm": "PARENT_GF_D4",
 "calibration_only": false,
 "note": "ungated guided-first parent, MDL library, fixed depth 4",
 "fragments_served": 5,
 "process": {
  "pid": 3439962,
  "pre_restart_pid": 3439753,
  "pid_changed": true
 },
 "targets": 57,
 "ladder": [
  200000
 ],
 "successes": 57,
 "attempts": 57,
 "all_targets_verified": true,
 "ladder_total": 57,
 "mean_B_slots": 1420.4,
 "external_verifications": 57,
 "successes_by_budget": {
  "200000": 57
 },
 "wall_seconds": 7.34
}

{
 "schema": "M2P1_ARM_REPORT",
 "arm": "SHUFFLED_HISTORY",
 "calibration_only": false,
 "note": "random fragments matching the mined count and length profile, with the true hidden motifs excluded so the control cannot rediscover them by chance",
 "fragments_served": 13,
 "process": {
  "pid": 3440023,
  "pre_restart_pid": 3439753,
  "pid_changed": true
 },
 "targets": 57,
 "ladder": [
  200000
 ],
 "successes": 57,
 "attempts": 57,
 "all_targets_verified": true,
 "ladder_total": 57,
 "mean_B_slots": 84461.8,
 "external_verifications": 57,
 "successes_by_budget": {
  "200000": 57
 },
 "wall_seconds": 63.64
}

{
 "schema": "M2P1_ARM_REPORT",
 "arm": "CONTINUED_OCM",
 "calibration_only": false,
 "note": "integrated controller: probe depth 4 beta 7380, rule cells 0",
 "fragments_served": 5,
 "process": {
  "pid": 3440188,
  "pre_restart_pid": 3439753,
  "pid_changed": true
 },
 "targets": 57,
 "ladder": [
  200000
 ],
 "successes": 57,
 "attempts": 57,
 "all_targets_verified": true,
 "ladder_total": 57,
 "mean_B_slots": 1420.4,
 "external_verifications": 57,
 "successes_by_budget": {
  "200000": 57
 },
 "wall_seconds": 7.4
}

{
 "schema": "M2P1_ARM_REPORT",
 "arm": "PARENT_WITH_MDL",
 "calibration_only": false,
 "note": "ungated parent serving the MDL library: isolates selection rule from OCM",
 "fragments_served": 5,
 "process": {
  "pid": 3440251,
  "pre_restart_pid": 3439753,
  "pid_changed": true
 },
 "targets": 57,
 "ladder": [
  200000
 ],
 "successes": 57,
 "attempts": 57,
 "all_targets_verified": true,
 "ladder_total": 57,
 "mean_B_slots": 2839.7,
 "external_verifications": 57,
 "successes_by_budget": {
  "200000": 57
 },
 "wall_seconds": 7.16
}

{
 "schema": "M2P1_ARM_REPORT",
 "arm": "PARENT_GFQ_D3",
 "calibration_only": false,
 "note": "ungated guided-first parent, frequency library, fixed depth 3",
 "fragments_served": 16,
 "process": {
  "pid": 3440314,
  "pre_restart_pid": 3439753,
  "pid_changed": true
 },
 "targets": 57,
 "ladder": [
  200000
 ],
 "successes": 57,
 "attempts": 57,
 "all_targets_verified": true,
 "ladder_total": 57,
 "mean_B_slots": 9350.3,
 "external_verifications": 57,
 "successes_by_budget": {
  "200000": 57
 },
 "wall_seconds": 17.32
}

{
 "schema": "M2P1_ARM_REPORT",
 "arm": "PARENT_GFQ_D4",
 "calibration_only": false,
 "note": "ungated guided-first parent, frequency library, fixed depth 4",
 "fragments_served": 16,
 "process": {
  "pid": 3440399,
  "pre_restart_pid": 3439753,
  "pid_changed": true
 },
 "targets": 57,
 "ladder": [
  200000
 ],
 "successes": 57,
 "attempts": 57,
 "all_targets_verified": true,
 "ladder_total": 57,
 "mean_B_slots": 8220.5,
 "external_verifications": 57,
 "successes_by_budget": {
  "200000": 57
 },
 "wall_seconds": 13.38
}

=== DONE world_3_varied_lengths 2026-09-11T22:15:34Z
