=== host cn159 world=world_4_six_chunks M2-P3 stage 3; runner_sha=7d790905ada3ad76 methods_sha=e0a0565466dc6778
{
 "schema": "M2P1_DEV_STATE",
 "eu_admission": {
  "policy": "EXPECTED_UTILITY_WITH_BOUNDED_REGRET_V1",
  "mean_delta": 11698.0,
  "ci95_low": -920.5,
  "worst_ratio": 2.0,
  "rho_max": 2.0,
  "all_verified": true,
  "admitted": false,
  "reason": "ci95_low<=0"
 },
 "ocm_controller": {
  "rule": {},
  "fallback": false,
  "probe_depth": 4,
  "rule_fit": "controller_v4: miss-conditional (validation tasks tiling deeper than the probe depth); 0 of 23 rows",
  "beta": 11110,
  "liveness_window": 8,
  "liveness_min_hit_rate": 0.25,
  "depth_rule": "expected-cost on held-out validation (controller_v2)",
  "liveness": "v2: counter advances every target; stood-down => RESET until re-probe hits",
  "library": "mdl",
  "library_rule": "controller_v5: interleave validation (v2 rule) + v4 miss-conditional rule",
  "expected_probe_cost": {
   "frequency": 9156.0,
   "mdl": 3886.1
  },
  "validated_better_interleave": {
   "frequency": 16,
   "mdl": 23
  }
 },
 "mdl_fragments": [
  [
   "inc",
   "double",
   "double"
  ],
  [
   "double",
   "double"
  ],
  [
   "inc",
   "double"
  ],
  [
   "dec",
   "dec"
  ],
  [
   "inc",
   "inc"
  ],
  [
   "double",
   "inc"
  ]
 ],
 "mdl_admission": true,
 "mdl_terminal": "HELD_OUT_SEARCH_IMPROVEMENT",
 "mdl_strictly_better": 23,
 "train_solved": 56,
 "train_unsolved": 0,
 "fragments_mined": 16,
 "admission": false,
 "terminal": "KEEP_PRIMITIVE_BASELINE",
 "validated_on": 23,
 "held_out_strictly_better": 16,
 "held_out_never_worse": false,
 "held_out_mean_baseline": 25505.6,
 "held_out_mean_candidate": 13807.6,
 "wall_seconds": 35.38,
 "pid": 761853
}
checkpoint written, pid 762216
{
 "schema": "M2P1_ARM_REPORT",
 "arm": "RESET",
 "calibration_only": false,
 "note": "no generator; LIBRARY_ONLY holds solved objects whose normal forms are disjoint from every target (gate G2)",
 "fragments_served": 0,
 "process": {
  "pid": 762220,
  "pre_restart_pid": 762216,
  "pid_changed": true
 },
 "targets": 34,
 "ladder": [
  200000
 ],
 "successes": 34,
 "attempts": 34,
 "all_targets_verified": true,
 "ladder_total": 34,
 "mean_B_slots": 22346.1,
 "external_verifications": 34,
 "successes_by_budget": {
  "200000": 34
 },
 "wall_seconds": 12.43
}

{
 "schema": "M2P1_ARM_REPORT",
 "arm": "PARENT_GF_D4",
 "calibration_only": false,
 "note": "ungated guided-first parent, MDL library, fixed depth 4",
 "fragments_served": 6,
 "process": {
  "pid": 762336,
  "pre_restart_pid": 762216,
  "pid_changed": true
 },
 "targets": 34,
 "ladder": [
  200000
 ],
 "successes": 34,
 "attempts": 34,
 "all_targets_verified": true,
 "ladder_total": 34,
 "mean_B_slots": 2609.0,
 "external_verifications": 34,
 "successes_by_budget": {
  "200000": 34
 },
 "wall_seconds": 3.88
}

{
 "schema": "M2P1_ARM_REPORT",
 "arm": "SHUFFLED_HISTORY",
 "calibration_only": false,
 "note": "random fragments matching the mined count and length profile, with the true hidden motifs excluded so the control cannot rediscover them by chance",
 "fragments_served": 9,
 "process": {
  "pid": 762386,
  "pre_restart_pid": 762216,
  "pid_changed": true
 },
 "targets": 34,
 "ladder": [
  200000
 ],
 "successes": 34,
 "attempts": 34,
 "all_targets_verified": true,
 "ladder_total": 34,
 "mean_B_slots": 44588.6,
 "external_verifications": 34,
 "successes_by_budget": {
  "200000": 34
 },
 "wall_seconds": 14.59
}

{
 "schema": "M2P1_ARM_REPORT",
 "arm": "CONTINUED_OCM",
 "calibration_only": false,
 "note": "integrated controller: probe depth 4 beta 11110, rule cells 0",
 "fragments_served": 6,
 "process": {
  "pid": 762488,
  "pre_restart_pid": 762216,
  "pid_changed": true
 },
 "targets": 34,
 "ladder": [
  200000
 ],
 "successes": 34,
 "attempts": 34,
 "all_targets_verified": true,
 "ladder_total": 34,
 "mean_B_slots": 2609.0,
 "external_verifications": 34,
 "successes_by_budget": {
  "200000": 34
 },
 "wall_seconds": 3.89
}

{
 "schema": "M2P1_ARM_REPORT",
 "arm": "PARENT_WITH_MDL",
 "calibration_only": false,
 "note": "ungated parent serving the MDL library: isolates selection rule from OCM",
 "fragments_served": 6,
 "process": {
  "pid": 762533,
  "pre_restart_pid": 762216,
  "pid_changed": true
 },
 "targets": 34,
 "ladder": [
  200000
 ],
 "successes": 34,
 "attempts": 34,
 "all_targets_verified": true,
 "ladder_total": 34,
 "mean_B_slots": 5216.9,
 "external_verifications": 34,
 "successes_by_budget": {
  "200000": 34
 },
 "wall_seconds": 4.17
}

{
 "schema": "M2P1_ARM_REPORT",
 "arm": "PARENT_GFQ_D3",
 "calibration_only": false,
 "note": "ungated guided-first parent, frequency library, fixed depth 3",
 "fragments_served": 16,
 "process": {
  "pid": 762597,
  "pre_restart_pid": 762216,
  "pid_changed": true
 },
 "targets": 34,
 "ladder": [
  200000
 ],
 "successes": 34,
 "attempts": 34,
 "all_targets_verified": true,
 "ladder_total": 34,
 "mean_B_slots": 13990.9,
 "external_verifications": 34,
 "successes_by_budget": {
  "200000": 34
 },
 "wall_seconds": 8.15
}

{
 "schema": "M2P1_ARM_REPORT",
 "arm": "PARENT_GFQ_D4",
 "calibration_only": false,
 "note": "ungated guided-first parent, frequency library, fixed depth 4",
 "fragments_served": 16,
 "process": {
  "pid": 762692,
  "pre_restart_pid": 762216,
  "pid_changed": true
 },
 "targets": 34,
 "ladder": [
  200000
 ],
 "successes": 31,
 "attempts": 34,
 "all_targets_verified": false,
 "ladder_total": 31,
 "mean_B_slots": 38394.9,
 "external_verifications": 31,
 "successes_by_budget": {
  "200000": 31
 },
 "wall_seconds": 8.87
}

=== DONE world_4_six_chunks 2026-09-11T22:11:20Z
