FFF.........                                                             [100%]
=================================== FAILURES ===================================
_ test_completed_native_result_does_not_inherit_unavailable_reason[None-PASS] __

tmp_path = PosixPath('/tmp/pytest-of-billy/pytest-201/test_completed_native_result_d0')
status = 'PASS', reason = None

    @pytest.mark.parametrize("status", ["PASS", "FAIL", "SOLUTION"])
    @pytest.mark.parametrize("reason", [None, "explicit native explanation"])
    def test_completed_native_result_does_not_inherit_unavailable_reason(tmp_path, status, reason):
        value = {"status": status, "candidate": "(define-fun f () Int 1)",
                 "metrics": {"worker_pid": 123}, "solver_result": "unsat"}
        if reason is not None:
            value["reason"] = reason
        (tmp_path / "stdout").write_text(json.dumps(value))
        got = decode_result(tmp_path, {"exit_code": 0, "pid": 123, "elapsed_ns": 100})
        assert got["status"] == status and got["native_invoked"] is True
>       assert got["reason"] == ("" if reason is None else reason)
E       AssertionError: assert 'native return unavailable' == ''
E         
E         + native return unavailable

research/ocm-prototype/generation_tests/test_later_consumption_decode.py:22: AssertionError
_ test_completed_native_result_does_not_inherit_unavailable_reason[None-FAIL] __

tmp_path = PosixPath('/tmp/pytest-of-billy/pytest-201/test_completed_native_result_d1')
status = 'FAIL', reason = None

    @pytest.mark.parametrize("status", ["PASS", "FAIL", "SOLUTION"])
    @pytest.mark.parametrize("reason", [None, "explicit native explanation"])
    def test_completed_native_result_does_not_inherit_unavailable_reason(tmp_path, status, reason):
        value = {"status": status, "candidate": "(define-fun f () Int 1)",
                 "metrics": {"worker_pid": 123}, "solver_result": "unsat"}
        if reason is not None:
            value["reason"] = reason
        (tmp_path / "stdout").write_text(json.dumps(value))
        got = decode_result(tmp_path, {"exit_code": 0, "pid": 123, "elapsed_ns": 100})
        assert got["status"] == status and got["native_invoked"] is True
>       assert got["reason"] == ("" if reason is None else reason)
E       AssertionError: assert 'native return unavailable' == ''
E         
E         + native return unavailable

research/ocm-prototype/generation_tests/test_later_consumption_decode.py:22: AssertionError
_ test_completed_native_result_does_not_inherit_unavailable_reason[None-SOLUTION] _

tmp_path = PosixPath('/tmp/pytest-of-billy/pytest-201/test_completed_native_result_d2')
status = 'SOLUTION', reason = None

    @pytest.mark.parametrize("status", ["PASS", "FAIL", "SOLUTION"])
    @pytest.mark.parametrize("reason", [None, "explicit native explanation"])
    def test_completed_native_result_does_not_inherit_unavailable_reason(tmp_path, status, reason):
        value = {"status": status, "candidate": "(define-fun f () Int 1)",
                 "metrics": {"worker_pid": 123}, "solver_result": "unsat"}
        if reason is not None:
            value["reason"] = reason
        (tmp_path / "stdout").write_text(json.dumps(value))
        got = decode_result(tmp_path, {"exit_code": 0, "pid": 123, "elapsed_ns": 100})
        assert got["status"] == status and got["native_invoked"] is True
>       assert got["reason"] == ("" if reason is None else reason)
E       AssertionError: assert 'native return unavailable' == ''
E         
E         + native return unavailable

research/ocm-prototype/generation_tests/test_later_consumption_decode.py:22: AssertionError
- generated xml file: /home/billy/orion-director-work/20260906/ocm-registered-research/docs/provenance/research_assay_integration_20260906/decoder-red.xml -
=========================== short test summary info ============================
FAILED research/ocm-prototype/generation_tests/test_later_consumption_decode.py::test_completed_native_result_does_not_inherit_unavailable_reason[None-PASS]
FAILED research/ocm-prototype/generation_tests/test_later_consumption_decode.py::test_completed_native_result_does_not_inherit_unavailable_reason[None-FAIL]
FAILED research/ocm-prototype/generation_tests/test_later_consumption_decode.py::test_completed_native_result_does_not_inherit_unavailable_reason[None-SOLUTION]
3 failed, 9 passed in 0.06s
