{
  "schema": "ocm.f1.registration-records.v1",
  "original_root": "/home/billy/orion-director-work/20260907/proof-corpus-coverage-registration-20260907-v1",
  "original_seal": {
    "sha256": "9d02378c93369da33ccd8940509474422d898bee899c42ce28e7bc6958362a2e",
    "bytes": 3315
  },
  "derived": {
    "archive": {
      "sha256": "e6fb897cce2162afce93adf33add8a3794cac40df58f1325f8ed2a61bf9e2bcb",
      "bytes": 9946546,
      "name": "registration-derived.tar.gz"
    },
    "members": {
      "sha256": "d446d7e1e724a1ba15192eda34b20134aa72e4712626b8bad23ec1633f234288",
      "bytes": 2768,
      "name": "registration-derived.members.json"
    },
    "member_count": 24,
    "raw_bytes": 28386436
  },
  "supporting": {
    "archive": {
      "sha256": "650e8f53e0c5ecc6e59d40ba620f3aaa6238ab30b1087b602090021599cb0cf2",
      "bytes": 26745,
      "name": "supporting.tar.gz"
    },
    "members": {
      "sha256": "054dcd63aa33440e48062f16a4bcbe1d2f6b615b2ea67c80a42496366129efc9",
      "bytes": 4133,
      "name": "supporting.members.json"
    },
    "member_count": 31,
    "raw_bytes": 102603
  },
  "omissions": {
    "sha256": "27df3468ac5ce425e40fd0b4e06b93bff216233802fe49231c197cf058e89053",
    "bytes": 2147,
    "name": "OMITTED.json"
  },
  "packaging": {
    "wall_s_before_manifest": 2.7835568419541232,
    "scope": "Hash verification, external prior archive reads and creation of two archives/member maps; no experiment rerun."
  }
}
MANIFEST {'sha256': '226ff793016e143cf7746d72030c8a585631aad530e84db39ed97166791590e4', 'bytes': 1212}
