........................................................................ [  5%]
........................................................................ [ 11%]
........................................................................ [ 16%]
........................................................................ [ 22%]
........................................................................ [ 27%]
........................................................................ [ 33%]
........................................................................ [ 38%]
........................................................................ [ 44%]
........................................................................ [ 49%]
........................................................................ [ 55%]
........................................................................ [ 60%]
........................................................................ [ 66%]
........................................................................ [ 71%]
........................................................................ [ 77%]
........................................................................ [ 82%]
........................................................................ [ 88%]
........................................................................ [ 93%]
........................................................................ [ 99%]
.......                                                                  [100%]
- generated xml file: /home/billy/orion-director-work/20260907/proof-runtime-main-suite.xml -
1303 passed in 293.39s (0:04:53)
