........................................................................ [  7%]
........................................................................ [ 15%]
........................................................................ [ 22%]
........................................................................ [ 30%]
........................................................................ [ 38%]
........................................................................ [ 45%]
........................................................................ [ 53%]
...................F.................................................... [ 61%]
........................................................................ [ 68%]
........................................................................ [ 76%]
........................................................................ [ 83%]
........................................................................ [ 91%]
........................................................................ [ 99%]
........                                                                 [100%]
=================================== FAILURES ===================================
_____ test_actual_manifest_pins_all_original_receipts_and_reference_scope ______

    def test_actual_manifest_pins_all_original_receipts_and_reference_scope():
        config = json.loads((ROOT / R.CONFIG_PATH).read_text())
        for i in range(1, 13):
            item = config["milestones"][str(i)]
>           assert hashlib.sha256((ROOT / item["historical_path"]).read_bytes()).hexdigest() == item["historical_sha256"]
E           AssertionError: assert 'edcde7760620...a2c8255f22f67' == '4dc2b92b44a4...01d680adeb959'
E             
E             - 4dc2b92b44a42d29a229ac21087cc97a03c2370ab9f25b5f7f801d680adeb959
E             + edcde77606205609ffdefaa6335a534d3e14c2679e79789e179a2c8255f22f67

tests/test_runtime_revision_receipts.py:185: AssertionError
- generated xml file: /workspace/scratch/57b4973284eb/ORION-OCM/docs/provenance/runtime_revision_20260905_v4/FULL_SUITE.xml -
=========================== short test summary info ============================
FAILED tests/test_runtime_revision_receipts.py::test_actual_manifest_pins_all_original_receipts_and_reference_scope
1 failed, 943 passed in 463.48s (0:07:43)
