........................................................................ [  5%]
........................................................................ [ 11%]
........................................................................ [ 16%]
........................................................................ [ 22%]
........................................................................ [ 27%]
........................................................................ [ 33%]
........................................................................ [ 38%]
........................................................................ [ 44%]
........................................................................ [ 49%]
........................................................................ [ 55%]
........................................................................ [ 60%]
........................................................................ [ 66%]
........................................................................ [ 71%]
........................................................................ [ 77%]
........................................................................ [ 82%]
........................................................................ [ 88%]
........................................................................ [ 93%]
........................................................................ [ 99%]
.......                                                                  [100%]
- generated xml file: /home/billy/orion-director-work/20260907/ocm-proof-runtime/docs/provenance/engineering_revisions/runs/7b7f9f11895b3eb8f2e3f7c1cfe9eeb7adc4a7807020f922dde47f2f92aa31bb/e9034c3abc3b43e4/FULL_SUITE.xml -
1303 passed in 290.32s (0:04:50)
