Using Python 3.13.12 environment at: orion-director-work/20260906/stanza-shared-runtime/env
Resolved 38 packages in 888ms
Downloading hf-xet (4.3MiB)
Downloading sympy (6.0MiB)
Downloading torch (187.2MiB)
Downloading networkx (2.0MiB)
Downloading numpy (15.9MiB)
Downloading z3-solver (31.6MiB)
Downloading cvc5 (13.1MiB)
 Downloaded networkx
 Downloaded hf-xet
 Downloaded sympy
 Downloaded cvc5
 Downloaded numpy
 Downloaded z3-solver
 Downloaded torch
Prepared 38 packages in 1m 19s
Installed 38 packages in 81ms
 + anyio==4.15.1 (from https://files.pythonhosted.org/packages/12/b8/4bd346e22b28902df4d651910f5242c28d84e4a5c2435ca5c3f797ed7e2e/anyio-4.15.1-py3-none-any.whl)
 + certifi==2026.7.22 (from https://files.pythonhosted.org/packages/0b/a7/71ac2cff56fec219ed242bb11b8efb69fcc4bec75db06fb7bfe35de520e6/certifi-2026.7.22-py3-none-any.whl)
 + charset-normalizer==3.5.1 (from https://files.pythonhosted.org/packages/fb/af/63240b0c0248c075c2535a1f1bd992821d8251b9f173abc13329661d09e4/charset_normalizer-3.5.1-cp313-cp313-manylinux2014_x86_64.manylinux_2_17_x86_64.manylinux_2_28_x86_64.whl)
 + click==8.5.0 (from https://files.pythonhosted.org/packages/58/50/6c0d534c5f134586a8e1ba4e330569e32f057e33372ae556463212fb4cd3/click-8.5.0-py3-none-any.whl)
 + colorama==0.4.6 (from https://files.pythonhosted.org/packages/d1/d6/3965ed04c63042e047cb6a3e6ed1a63a35087b6a609aa3a15ed8ac56c221/colorama-0.4.6-py2.py3-none-any.whl)
 + cvc5==1.3.4 (from https://files.pythonhosted.org/packages/03/58/e481927c642196bbf93b80a7d5e85c71fb3afa5e77413f0cd9e4ecd793d5/cvc5-1.3.4-cp313-cp313-manylinux2014_x86_64.manylinux_2_17_x86_64.whl)
 + emoji==2.15.0 (from https://files.pythonhosted.org/packages/e1/5e/4b5aaaabddfacfe36ba7768817bd1f71a7a810a43705e531f3ae4c690767/emoji-2.15.0-py3-none-any.whl)
 + filelock==3.32.5 (from https://files.pythonhosted.org/packages/36/d2/b70a31e13d04456d28493f31d2aa087e99eeb2767ef0293b2625727ccb8c/filelock-3.32.5-py3-none-any.whl)
 + fsspec==2026.7.0 (from https://files.pythonhosted.org/packages/fd/3c/6a2bf344106328fd04963664a60b9bb6496fc25df8e962fcdc1367285fb9/fsspec-2026.7.0-py3-none-any.whl)
 + h11==0.16.0 (from https://files.pythonhosted.org/packages/04/4b/29cac41a4d98d144bf5f6d33995617b185d14b22401f75ca86f384e87ff1/h11-0.16.0-py3-none-any.whl)
 + hf-xet==1.6.0 (from https://files.pythonhosted.org/packages/67/4e/a28359bf1c1ecf11eba22123168c138698f7cb576ac678f5a2e16cd5da08/hf_xet-1.6.0-cp38-abi3-manylinux2014_x86_64.manylinux_2_17_x86_64.whl)
 + httpcore==1.0.9 (from https://files.pythonhosted.org/packages/7e/f5/f66802a942d491edb555dd61e3a9961140fd64c90bce1eafd741609d334d/httpcore-1.0.9-py3-none-any.whl)
 + httpx==0.28.1 (from https://files.pythonhosted.org/packages/2a/39/e50c7c3a983047577ee07d2a9e53faf5a69493943ec3f6a384bdc792deb2/httpx-0.28.1-py3-none-any.whl)
 + huggingface-hub==1.30.0 (from https://files.pythonhosted.org/packages/c3/0e/3e45bbe0dd48f4e56b1d46649d342de853cd1c7e815323472ab62687f153/huggingface_hub-1.30.0-py3-none-any.whl)
 + idna==3.19 (from https://files.pythonhosted.org/packages/57/b0/0e52c878c53f245edd3a11020f20979b3f490f245af532c7cae3027754b5/idna-3.19-py3-none-any.whl)
 + jinja2==3.1.6 (from https://files.pythonhosted.org/packages/62/a1/3d680cbfd5f4b8f15abc1d571870c5fc3e594bb582bc3b64ea099db13e56/jinja2-3.1.6-py3-none-any.whl)
 + markupsafe==3.0.3 (from https://files.pythonhosted.org/packages/a9/21/9b05698b46f218fc0e118e1f8168395c65c8a2c750ae2bab54fc4bd4e0e8/markupsafe-3.0.3-cp313-cp313-manylinux2014_x86_64.manylinux_2_17_x86_64.manylinux_2_28_x86_64.whl)
 + mpmath==1.3.0 (from https://files.pythonhosted.org/packages/43/e3/7d92a15f894aa0c9c4b49b8ee9ac9850d6e63b03c9c32c0367a13ae62209/mpmath-1.3.0-py3-none-any.whl)
 + networkx==3.6.1 (from https://files.pythonhosted.org/packages/9e/c9/b2622292ea83fbb4ec318f5b9ab867d0a28ab43c5717bb85b0a5f6b3b0a4/networkx-3.6.1-py3-none-any.whl)
 + numpy==2.5.2 (from https://files.pythonhosted.org/packages/7b/44/59a1eb68e773c4098d107ef34a0dbdeca501d72ffcfbff9a7707343921ce/numpy-2.5.2-cp313-cp313-manylinux_2_27_x86_64.manylinux_2_28_x86_64.whl)
 + packaging==26.3 (from https://files.pythonhosted.org/packages/63/34/ba1c580383c9eada3711951fef0795c80b829a078d72188184bcab9dd527/packaging-26.3-py3-none-any.whl)
 + platformdirs==4.11.7 (from https://files.pythonhosted.org/packages/27/6e/80993e10a0482f630cef528635789233224f36b1ffd11592aa15d13ff9ce/platformdirs-4.11.7-py3-none-any.whl)
 + protobuf==7.36.1 (from https://files.pythonhosted.org/packages/22/df/c799fe7a05ef16ba853a59db01f3a2c5f7d0676469589ccc4874f76a2a88/protobuf-7.36.1-cp310-abi3-manylinux2014_x86_64.whl)
 + pyyaml==6.0.3 (from https://files.pythonhosted.org/packages/74/27/e5b8f34d02d9995b80abcef563ea1f8b56d20134d8f4e5e81733b1feceb2/pyyaml-6.0.3-cp313-cp313-manylinux2014_x86_64.manylinux_2_17_x86_64.manylinux_2_28_x86_64.whl)
 + regex==2026.9.3 (from https://files.pythonhosted.org/packages/3f/a6/e9a59b507cdf7a9735df4bab92b4ea9d2ca2e665c6de14c112db7e3c0926/regex-2026.9.3-cp313-cp313-manylinux2014_x86_64.manylinux_2_17_x86_64.manylinux_2_28_x86_64.whl)
 + requests==2.34.2 (from https://files.pythonhosted.org/packages/a0/f4/c67b0b3f1b9245e8d266f0f112c500d50e5b4e83cb6f3b71b6528104182a/requests-2.34.2-py3-none-any.whl)
 + setuptools==84.0.0 (from https://files.pythonhosted.org/packages/95/9c/c510029fc6ef33a6275cd2c5d3cecd6613dfd6aa401d57c54f1c18852ccf/setuptools-84.0.0-py3-none-any.whl)
 + sexpdata==1.0.2 (from https://files.pythonhosted.org/packages/f1/f3/ec9f8cc20dc1f34c926f0ec3f43b73fa2da59cf08e432fb8ae5b666b2027/sexpdata-1.0.2-py3-none-any.whl)
 + stanza==1.14.0 (from file:///home/billy/orion-director-work/20260906/stanza-qualification/software/stanza-1.14.0-py3-none-any.whl)
 + sympy==1.14.0 (from https://files.pythonhosted.org/packages/a2/09/77d55d46fd61b4a135c444fc97158ef34a095e5681d0a6c10b75bf356191/sympy-1.14.0-py3-none-any.whl)
 + termcolor==3.3.0 (from https://files.pythonhosted.org/packages/33/d1/8bb87d21e9aeb323cc03034f5eaf2c8f69841e40e4853c2627edf8111ed3/termcolor-3.3.0-py3-none-any.whl)
 + torch==2.14.0+cpu (from https://download-r2.pytorch.org/whl/cpu/torch-2.14.0%2Bcpu-cp313-cp313-manylinux_2_28_x86_64.whl)
 + tqdm==4.70.0 (from https://files.pythonhosted.org/packages/f9/1c/01bfd571a64e7f270e6bab5e33777debe0edc56759233ce84f27dec92d14/tqdm-4.70.0-py3-none-any.whl)
 + typing-extensions==4.16.0 (from https://files.pythonhosted.org/packages/49/d3/b8441a820a491ddfc024b0b0cf0393375b75ea13866d9c66727e54c2fc80/typing_extensions-4.16.0-py3-none-any.whl)
 + udapi==0.5.2 (from https://files.pythonhosted.org/packages/c0/bf/7314295832b37c6c02ebafdac3a240cc557674a2a61a27a6291f32abdd50/udapi-0.5.2-py3-none-any.whl)
 + udtools==0.2.8 (from https://files.pythonhosted.org/packages/ec/e0/6d021ce8f05b55c9b506662e242af66d594818e7049fd06d3089480eebfb/udtools-0.2.8-py3-none-any.whl)
 + urllib3==2.7.0 (from https://files.pythonhosted.org/packages/7f/3e/5db95bcf282c52709639744ca2a8b149baccf648e39c8cc87553df9eae0c/urllib3-2.7.0-py3-none-any.whl)
 + z3-solver==5.1.0.0 (from https://files.pythonhosted.org/packages/34/de/30329041d9a2dda11308576a80b5db17060e4b03a7ba7f550437fb38dd6b/z3_solver-5.1.0.0-py3-none-manylinux_2_27_x86_64.whl)
