2026-09-06T06:57:26.2558489Z Current runner version: '2.337.0'
2026-09-06T06:57:26.2594441Z ##[group]Runner Image Provisioner
2026-09-06T06:57:26.2595690Z Hosted Compute Agent
2026-09-06T06:57:26.2596810Z Version: 20260828.587
2026-09-06T06:57:26.2597918Z Commit: abac92662cab4cc7352de4f9f9d2e2419aad9c29
2026-09-06T06:57:26.2599197Z Build Date: 2026-08-28T16:44:25Z
2026-09-06T06:57:26.2600440Z Worker ID: {198f6ccb-c10b-4142-a2fb-e89a4d5e52da}
2026-09-06T06:57:26.2601591Z Azure Region: eastus
2026-09-06T06:57:26.2602901Z ##[endgroup]
2026-09-06T06:57:26.2605108Z ##[group]Operating System
2026-09-06T06:57:26.2606324Z Ubuntu
2026-09-06T06:57:26.2607297Z 24.04.4
2026-09-06T06:57:26.2608096Z LTS
2026-09-06T06:57:26.2609162Z ##[endgroup]
2026-09-06T06:57:26.2610114Z ##[group]Runner Image
2026-09-06T06:57:26.2611160Z Image: ubuntu-24.04
2026-09-06T06:57:26.2612075Z Version: 20260831.293.1
2026-09-06T06:57:26.2614679Z Included Software: https://github.com/actions/runner-images/blob/ubuntu24/20260831.293/images/ubuntu/Ubuntu2404-Readme.md
2026-09-06T06:57:26.2617346Z Image Release: https://github.com/actions/runner-images/releases/tag/ubuntu24%2F20260831.293
2026-09-06T06:57:26.2619195Z ##[endgroup]
2026-09-06T06:57:26.2621055Z ##[group]GITHUB_TOKEN Permissions
2026-09-06T06:57:26.2623975Z Contents: read
2026-09-06T06:57:26.2624896Z Metadata: read
2026-09-06T06:57:26.2625882Z ##[endgroup]
2026-09-06T06:57:26.2629100Z Secret source: Actions
2026-09-06T06:57:26.2631064Z Prepare workflow directory
2026-09-06T06:57:26.3114605Z Prepare all required actions
2026-09-06T06:57:26.3188171Z Getting action download info
2026-09-06T06:57:26.5081604Z Download action repository 'actions/checkout@v4' (SHA:11d5960a326750d5838078e36cf38b85af677262)
2026-09-06T06:57:26.6234877Z Download action repository 'actions/setup-python@v5' (SHA:a26af69be951a213d495a4c3e4e4022e16d87065)
2026-09-06T06:57:26.8081899Z Complete job name: packed-chart
2026-09-06T06:57:26.8875334Z Node 20 is being deprecated. This workflow is running with Node 24 by default. If you need to temporarily use Node 20, you can set the ACTIONS_ALLOW_USE_UNSECURE_NODE_VERSION=true environment variable. For more information see: https://github.blog/changelog/2025-09-19-deprecation-of-node-20-on-github-actions-runners/
2026-09-06T06:57:26.8884662Z ##[group]Run actions/checkout@v4
2026-09-06T06:57:26.8885426Z with:
2026-09-06T06:57:26.8885894Z   repository: SzeChunYiu/ORION-OCM
2026-09-06T06:57:26.8889892Z   token: ***
2026-09-06T06:57:26.8890336Z   ssh-strict: true
2026-09-06T06:57:26.8890773Z   ssh-user: git
2026-09-06T06:57:26.8891229Z   persist-credentials: true
2026-09-06T06:57:26.8891727Z   clean: true
2026-09-06T06:57:26.8892174Z   sparse-checkout-cone-mode: true
2026-09-06T06:57:26.8892910Z   fetch-depth: 1
2026-09-06T06:57:26.8893339Z   fetch-tags: false
2026-09-06T06:57:26.8893777Z   show-progress: true
2026-09-06T06:57:26.8894215Z   lfs: false
2026-09-06T06:57:26.8894667Z   submodules: false
2026-09-06T06:57:26.8895113Z   set-safe-directory: true
2026-09-06T06:57:26.8895619Z   allow-unsafe-pr-checkout: false
2026-09-06T06:57:26.8896411Z ##[endgroup]
2026-09-06T06:57:26.9924089Z Syncing repository: SzeChunYiu/ORION-OCM
2026-09-06T06:57:26.9926220Z ##[group]Getting Git version info
2026-09-06T06:57:26.9927520Z Working directory is '/home/runner/work/ORION-OCM/ORION-OCM'
2026-09-06T06:57:26.9929114Z [command]/usr/bin/git version
2026-09-06T06:57:27.0005500Z git version 2.55.0
2026-09-06T06:57:27.0070572Z ##[endgroup]
2026-09-06T06:57:27.0078615Z Temporarily overriding HOME='/home/runner/work/_temp/709b56ca-f942-48d0-ac70-88a756887ca7' before making global git config changes
2026-09-06T06:57:27.0081027Z Adding repository directory to the temporary git global config as a safe directory
2026-09-06T06:57:27.0083443Z [command]/usr/bin/git config --global --add safe.directory /home/runner/work/ORION-OCM/ORION-OCM
2026-09-06T06:57:27.0118483Z Deleting the contents of '/home/runner/work/ORION-OCM/ORION-OCM'
2026-09-06T06:57:27.0122506Z ##[group]Initializing the repository
2026-09-06T06:57:27.0128385Z [command]/usr/bin/git init /home/runner/work/ORION-OCM/ORION-OCM
2026-09-06T06:57:27.0235758Z hint: Using 'master' as the name for the initial branch. This default branch name
2026-09-06T06:57:27.0237468Z hint: will change to "main" in Git 3.0. To configure the initial branch name
2026-09-06T06:57:27.0239734Z hint: to use in all of your new repositories, which will suppress this warning,
2026-09-06T06:57:27.0240941Z hint: call:
2026-09-06T06:57:27.0241568Z hint:
2026-09-06T06:57:27.0242562Z hint: 	git config --global init.defaultBranch <name>
2026-09-06T06:57:27.0243634Z hint:
2026-09-06T06:57:27.0244670Z hint: Names commonly chosen instead of 'master' are 'main', 'trunk' and
2026-09-06T06:57:27.0246204Z hint: 'development'. The just-created branch can be renamed via this command:
2026-09-06T06:57:27.0247533Z hint:
2026-09-06T06:57:27.0248260Z hint: 	git branch -m <name>
2026-09-06T06:57:27.0249155Z hint:
2026-09-06T06:57:27.0250394Z hint: Disable this message with "git config set advice.defaultBranchName false"
2026-09-06T06:57:27.0252050Z Initialized empty Git repository in /home/runner/work/ORION-OCM/ORION-OCM/.git/
2026-09-06T06:57:27.0255691Z [command]/usr/bin/git remote add origin https://github.com/SzeChunYiu/ORION-OCM
2026-09-06T06:57:27.0303087Z ##[endgroup]
2026-09-06T06:57:27.0304453Z ##[group]Disabling automatic garbage collection
2026-09-06T06:57:27.0307988Z [command]/usr/bin/git config --local gc.auto 0
2026-09-06T06:57:27.0343690Z ##[endgroup]
2026-09-06T06:57:27.0345042Z ##[group]Setting up auth
2026-09-06T06:57:27.0351459Z [command]/usr/bin/git config --local --name-only --get-regexp core\.sshCommand
2026-09-06T06:57:27.0389786Z [command]/usr/bin/git submodule foreach --recursive sh -c "git config --local --name-only --get-regexp 'core\.sshCommand' && git config --local --unset-all 'core.sshCommand' || :"
2026-09-06T06:57:27.0779722Z [command]/usr/bin/git config --local --name-only --get-regexp http\.https\:\/\/github\.com\/\.extraheader
2026-09-06T06:57:27.0821510Z [command]/usr/bin/git submodule foreach --recursive sh -c "git config --local --name-only --get-regexp 'http\.https\:\/\/github\.com\/\.extraheader' && git config --local --unset-all 'http.https://github.com/.extraheader' || :"
2026-09-06T06:57:27.1059103Z [command]/usr/bin/git config --local --name-only --get-regexp ^includeIf\.gitdir:
2026-09-06T06:57:27.1099589Z [command]/usr/bin/git submodule foreach --recursive git config --local --show-origin --name-only --get-regexp remote.origin.url
2026-09-06T06:57:27.1336441Z [command]/usr/bin/git config --local http.https://github.com/.extraheader AUTHORIZATION: basic ***
2026-09-06T06:57:27.1378756Z ##[endgroup]
2026-09-06T06:57:27.1380164Z ##[group]Fetching the repository
2026-09-06T06:57:27.1391676Z [command]/usr/bin/git -c protocol.version=2 fetch --no-tags --prune --no-recurse-submodules --depth=1 origin +2f1e5d625884972a1144ad9e0a3c504d06bd9f42:refs/remotes/pull/87/merge
2026-09-06T06:57:27.9180520Z From https://github.com/SzeChunYiu/ORION-OCM
2026-09-06T06:57:27.9182036Z  * [new ref]         2f1e5d625884972a1144ad9e0a3c504d06bd9f42 -> pull/87/merge
2026-09-06T06:57:27.9186107Z ##[endgroup]
2026-09-06T06:57:27.9187523Z ##[group]Determining the checkout info
2026-09-06T06:57:27.9189185Z ##[endgroup]
2026-09-06T06:57:27.9194309Z [command]/usr/bin/git sparse-checkout disable
2026-09-06T06:57:27.9247592Z [command]/usr/bin/git config --local --unset-all extensions.worktreeConfig
2026-09-06T06:57:27.9289355Z ##[group]Checking out the ref
2026-09-06T06:57:27.9293542Z [command]/usr/bin/git checkout --progress --force refs/remotes/pull/87/merge
2026-09-06T06:57:28.1029981Z Note: switching to 'refs/remotes/pull/87/merge'.
2026-09-06T06:57:28.1031273Z 
2026-09-06T06:57:28.1032176Z You are in 'detached HEAD' state. You can look around, make experimental
2026-09-06T06:57:28.1034905Z changes and commit them, and you can discard any commits you make in this
2026-09-06T06:57:28.1036931Z state without impacting any branches by switching back to a branch.
2026-09-06T06:57:28.1038055Z 
2026-09-06T06:57:28.1038795Z If you want to create a new branch to retain commits you create, you may
2026-09-06T06:57:28.1040879Z do so (now or later) by using -c with the switch command. Example:
2026-09-06T06:57:28.1041894Z 
2026-09-06T06:57:28.1042459Z   git switch -c <new-branch-name>
2026-09-06T06:57:28.1043203Z 
2026-09-06T06:57:28.1043757Z Or undo this operation with:
2026-09-06T06:57:28.1044632Z 
2026-09-06T06:57:28.1045364Z   git switch -
2026-09-06T06:57:28.1046378Z 
2026-09-06T06:57:28.1047900Z Turn off this advice by setting config variable advice.detachedHead to false
2026-09-06T06:57:28.1049859Z 
2026-09-06T06:57:28.1052095Z HEAD is now at 2f1e5d6 Merge 1509d23217a43e4024b442f66b242316bc877e55 into 55bb3176484a7355ca103cbcda5efcb24ebd78f1
2026-09-06T06:57:28.1059669Z ##[endgroup]
2026-09-06T06:57:28.1101528Z [command]/usr/bin/git log -1 --format=%H
2026-09-06T06:57:28.1129434Z 2f1e5d625884972a1144ad9e0a3c504d06bd9f42
2026-09-06T06:57:28.1532946Z Node 20 is being deprecated. This workflow is running with Node 24 by default. If you need to temporarily use Node 20, you can set the ACTIONS_ALLOW_USE_UNSECURE_NODE_VERSION=true environment variable. For more information see: https://github.blog/changelog/2025-09-19-deprecation-of-node-20-on-github-actions-runners/
2026-09-06T06:57:28.1610251Z ##[group]Run actions/setup-python@v5
2026-09-06T06:57:28.1611595Z with:
2026-09-06T06:57:28.1612853Z   python-version: 3.11
2026-09-06T06:57:28.1613941Z   check-latest: false
2026-09-06T06:57:28.1624674Z   token: ***
2026-09-06T06:57:28.1625655Z   update-environment: true
2026-09-06T06:57:28.1626802Z   allow-prereleases: false
2026-09-06T06:57:28.1627900Z   freethreaded: false
2026-09-06T06:57:28.1628910Z ##[endgroup]
2026-09-06T06:57:28.2989230Z ##[group]Installed versions
2026-09-06T06:57:28.3087083Z (node:2901) [DEP0040] DeprecationWarning: The `punycode` module is deprecated. Please use a userland alternative instead.
2026-09-06T06:57:28.3091855Z (Use `node --trace-deprecation ...` to show where the warning was created)
2026-09-06T06:57:28.3094966Z Successfully set up CPython (3.11.16)
2026-09-06T06:57:28.3097282Z ##[endgroup]
2026-09-06T06:57:28.3354179Z ##[group]Run ./scripts/m0_install_dev.sh
2026-09-06T06:57:28.3356380Z [36;1m./scripts/m0_install_dev.sh[0m
2026-09-06T06:57:28.3435560Z shell: /usr/bin/bash -e {0}
2026-09-06T06:57:28.3437524Z env:
2026-09-06T06:57:28.3439390Z   pythonLocation: /opt/hostedtoolcache/Python/3.11.16/x64
2026-09-06T06:57:28.3442903Z   PKG_CONFIG_PATH: /opt/hostedtoolcache/Python/3.11.16/x64/lib/pkgconfig
2026-09-06T06:57:28.3445047Z   Python_ROOT_DIR: /opt/hostedtoolcache/Python/3.11.16/x64
2026-09-06T06:57:28.3446765Z   Python2_ROOT_DIR: /opt/hostedtoolcache/Python/3.11.16/x64
2026-09-06T06:57:28.3448456Z   Python3_ROOT_DIR: /opt/hostedtoolcache/Python/3.11.16/x64
2026-09-06T06:57:28.3450190Z   LD_LIBRARY_PATH: /opt/hostedtoolcache/Python/3.11.16/x64/lib
2026-09-06T06:57:28.3454188Z ##[endgroup]
2026-09-06T06:57:29.1603781Z Collecting iniconfig==2.3.0 (from -r requirements-dev.lock (line 1))
2026-09-06T06:57:29.2257781Z   Downloading iniconfig-2.3.0-py3-none-any.whl.metadata (2.5 kB)
2026-09-06T06:57:29.2418063Z Collecting packaging==26.3 (from -r requirements-dev.lock (line 2))
2026-09-06T06:57:29.2456227Z   Downloading packaging-26.3-py3-none-any.whl.metadata (3.5 kB)
2026-09-06T06:57:29.2581742Z Collecting pluggy==1.6.0 (from -r requirements-dev.lock (line 3))
2026-09-06T06:57:29.2620977Z   Downloading pluggy-1.6.0-py3-none-any.whl.metadata (4.8 kB)
2026-09-06T06:57:29.2925523Z Collecting pytest==8.3.5 (from -r requirements-dev.lock (line 4))
2026-09-06T06:57:29.2967476Z   Downloading pytest-8.3.5-py3-none-any.whl.metadata (7.6 kB)
2026-09-06T06:57:29.3790155Z Collecting setuptools==75.8.0 (from -r requirements-dev.lock (line 5))
2026-09-06T06:57:29.3835984Z   Downloading setuptools-75.8.0-py3-none-any.whl.metadata (6.7 kB)
2026-09-06T06:57:29.4051015Z Collecting wheel==0.45.1 (from -r requirements-dev.lock (line 6))
2026-09-06T06:57:29.4088949Z   Downloading wheel-0.45.1-py3-none-any.whl.metadata (2.3 kB)
2026-09-06T06:57:29.4193512Z Downloading iniconfig-2.3.0-py3-none-any.whl (7.5 kB)
2026-09-06T06:57:29.4249869Z Downloading packaging-26.3-py3-none-any.whl (129 kB)
2026-09-06T06:57:29.4413665Z Downloading pluggy-1.6.0-py3-none-any.whl (20 kB)
2026-09-06T06:57:29.4468920Z Downloading pytest-8.3.5-py3-none-any.whl (343 kB)
2026-09-06T06:57:29.4594933Z Downloading setuptools-75.8.0-py3-none-any.whl (1.2 MB)
2026-09-06T06:57:29.4738007Z    ━━━━━━━━━━━━━━━━━━━━━━━━━━━━━━━━━━━━━━━━ 1.2/1.2 MB 96.9 MB/s  0:00:00
2026-09-06T06:57:29.4774909Z Downloading wheel-0.45.1-py3-none-any.whl (72 kB)
2026-09-06T06:57:29.5466923Z Installing collected packages: wheel, setuptools, pluggy, packaging, iniconfig, pytest
2026-09-06T06:57:29.5978239Z   Attempting uninstall: setuptools
2026-09-06T06:57:29.5993342Z     Found existing installation: setuptools 79.0.1
2026-09-06T06:57:29.7443273Z     Uninstalling setuptools-79.0.1:
2026-09-06T06:57:29.7785827Z       Successfully uninstalled setuptools-79.0.1
2026-09-06T06:57:30.7733542Z 
2026-09-06T06:57:30.7743791Z Successfully installed iniconfig-2.3.0 packaging-26.3 pluggy-1.6.0 pytest-8.3.5 setuptools-75.8.0 wheel-0.45.1
2026-09-06T06:57:31.1299742Z Obtaining file:///home/runner/work/ORION-OCM/ORION-OCM
2026-09-06T06:57:31.1324174Z   Installing build dependencies: started
2026-09-06T06:57:31.6974154Z   Installing build dependencies: finished with status 'done'
2026-09-06T06:57:31.6981914Z   Checking if build backend supports build_editable: started
2026-09-06T06:57:31.9703834Z   Checking if build backend supports build_editable: finished with status 'done'
2026-09-06T06:57:31.9710897Z   Getting requirements to build editable: started
2026-09-06T06:57:32.3391208Z   Getting requirements to build editable: finished with status 'done'
2026-09-06T06:57:32.3400378Z   Preparing editable metadata (pyproject.toml): started
2026-09-06T06:57:32.5408893Z   Preparing editable metadata (pyproject.toml): finished with status 'done'
2026-09-06T06:57:32.5439056Z Building wheels for collected packages: orion-ocm
2026-09-06T06:57:32.5448440Z   Building editable for orion-ocm (pyproject.toml): started
2026-09-06T06:57:32.7720824Z   Building editable for orion-ocm (pyproject.toml): finished with status 'done'
2026-09-06T06:57:32.7728005Z   Created wheel for orion-ocm: filename=orion_ocm-0.1.0-0.editable-py3-none-any.whl size=6121 sha256=30646767251d8b7c9dd0c41a784c27dbdb6f7427dbfed845dc6edebcd3fd5e5f
2026-09-06T06:57:32.7729804Z   Stored in directory: /tmp/pip-ephem-wheel-cache-9_yxbugr/wheels/d6/22/5f/33f60dec5762a1139f41087bc37192d87ca221dcbd176badac
2026-09-06T06:57:32.7750226Z Successfully built orion-ocm
2026-09-06T06:57:32.7849551Z Installing collected packages: orion-ocm
2026-09-06T06:57:32.7935754Z Successfully installed orion-ocm-0.1.0
2026-09-06T06:57:32.8615688Z ##[group]Run python -m pip install -r research/ocm-prototype/requirements-g1.txt
2026-09-06T06:57:32.8616349Z [36;1mpython -m pip install -r research/ocm-prototype/requirements-g1.txt[0m
2026-09-06T06:57:32.8656043Z shell: /usr/bin/bash -e {0}
2026-09-06T06:57:32.8656327Z env:
2026-09-06T06:57:32.8656598Z   pythonLocation: /opt/hostedtoolcache/Python/3.11.16/x64
2026-09-06T06:57:32.8657043Z   PKG_CONFIG_PATH: /opt/hostedtoolcache/Python/3.11.16/x64/lib/pkgconfig
2026-09-06T06:57:32.8657471Z   Python_ROOT_DIR: /opt/hostedtoolcache/Python/3.11.16/x64
2026-09-06T06:57:32.8657863Z   Python2_ROOT_DIR: /opt/hostedtoolcache/Python/3.11.16/x64
2026-09-06T06:57:32.8658248Z   Python3_ROOT_DIR: /opt/hostedtoolcache/Python/3.11.16/x64
2026-09-06T06:57:32.8658641Z   LD_LIBRARY_PATH: /opt/hostedtoolcache/Python/3.11.16/x64/lib
2026-09-06T06:57:32.8658964Z ##[endgroup]
2026-09-06T06:57:33.1741352Z Requirement already satisfied: pytest==8.3.5 in /opt/hostedtoolcache/Python/3.11.16/x64/lib/python3.11/site-packages (from -r research/ocm-prototype/requirements-g1.txt (line 1)) (8.3.5)
2026-09-06T06:57:33.2397339Z Collecting sympy==1.14.0 (from -r research/ocm-prototype/requirements-g1.txt (line 2))
2026-09-06T06:57:33.2865803Z   Downloading sympy-1.14.0-py3-none-any.whl.metadata (12 kB)
2026-09-06T06:57:33.3333294Z Collecting cvc5==1.3.4 (from -r research/ocm-prototype/requirements-g1.txt (line 3))
2026-09-06T06:57:33.3380783Z   Downloading cvc5-1.3.4-cp311-cp311-manylinux2014_x86_64.manylinux_2_17_x86_64.whl.metadata (757 bytes)
2026-09-06T06:57:33.3618768Z Collecting z3-solver==5.1.0.0 (from -r research/ocm-prototype/requirements-g1.txt (line 4))
2026-09-06T06:57:33.3656308Z   Downloading z3_solver-5.1.0.0-py3-none-manylinux_2_27_x86_64.whl.metadata (777 bytes)
2026-09-06T06:57:33.3783907Z Collecting sexpdata==1.0.2 (from -r research/ocm-prototype/requirements-g1.txt (line 5))
2026-09-06T06:57:33.3832423Z   Downloading sexpdata-1.0.2-py3-none-any.whl.metadata (3.6 kB)
2026-09-06T06:57:33.4204354Z Collecting ufal.udpipe==1.4.0.1 (from -r research/ocm-prototype/requirements-g1.txt (line 6))
2026-09-06T06:57:33.4260880Z   Downloading ufal_udpipe-1.4.0.1-cp311-cp311-manylinux_2_27_x86_64.manylinux_2_28_x86_64.whl.metadata (10 kB)
2026-09-06T06:57:33.4338284Z Requirement already satisfied: iniconfig in /opt/hostedtoolcache/Python/3.11.16/x64/lib/python3.11/site-packages (from pytest==8.3.5->-r research/ocm-prototype/requirements-g1.txt (line 1)) (2.3.0)
2026-09-06T06:57:33.4344961Z Requirement already satisfied: packaging in /opt/hostedtoolcache/Python/3.11.16/x64/lib/python3.11/site-packages (from pytest==8.3.5->-r research/ocm-prototype/requirements-g1.txt (line 1)) (26.3)
2026-09-06T06:57:33.4352952Z Requirement already satisfied: pluggy<2,>=1.5 in /opt/hostedtoolcache/Python/3.11.16/x64/lib/python3.11/site-packages (from pytest==8.3.5->-r research/ocm-prototype/requirements-g1.txt (line 1)) (1.6.0)
2026-09-06T06:57:33.4530682Z Collecting mpmath<1.4,>=1.1.0 (from sympy==1.14.0->-r research/ocm-prototype/requirements-g1.txt (line 2))
2026-09-06T06:57:33.4579313Z   Downloading mpmath-1.3.0-py3-none-any.whl.metadata (8.6 kB)
2026-09-06T06:57:33.4735190Z Downloading sympy-1.14.0-py3-none-any.whl (6.3 MB)
2026-09-06T06:57:33.5210121Z    ━━━━━━━━━━━━━━━━━━━━━━━━━━━━━━━━━━━━━━━━ 6.3/6.3 MB 178.5 MB/s  0:00:00
2026-09-06T06:57:33.5268884Z Downloading cvc5-1.3.4-cp311-cp311-manylinux2014_x86_64.manylinux_2_17_x86_64.whl (13.7 MB)
2026-09-06T06:57:33.6106890Z    ━━━━━━━━━━━━━━━━━━━━━━━━━━━━━━━━━━━━━━━━ 13.7/13.7 MB 167.4 MB/s  0:00:00
2026-09-06T06:57:33.6172153Z Downloading z3_solver-5.1.0.0-py3-none-manylinux_2_27_x86_64.whl (33.1 MB)
2026-09-06T06:57:33.7588951Z    ━━━━━━━━━━━━━━━━━━━━━━━━━━━━━━━━━━━━━━━━ 33.1/33.1 MB 236.4 MB/s  0:00:00
2026-09-06T06:57:33.7638279Z Downloading sexpdata-1.0.2-py3-none-any.whl (10 kB)
2026-09-06T06:57:33.7706618Z Downloading ufal_udpipe-1.4.0.1-cp311-cp311-manylinux_2_27_x86_64.manylinux_2_28_x86_64.whl (954 kB)
2026-09-06T06:57:33.7773945Z    ━━━━━━━━━━━━━━━━━━━━━━━━━━━━━━━━━━━━━━━━ 954.4/954.4 kB 166.0 MB/s  0:00:00
2026-09-06T06:57:33.7811140Z Downloading mpmath-1.3.0-py3-none-any.whl (536 kB)
2026-09-06T06:57:33.7860119Z    ━━━━━━━━━━━━━━━━━━━━━━━━━━━━━━━━━━━━━━━━ 536.2/536.2 kB 99.3 MB/s  0:00:00
2026-09-06T06:57:33.8814012Z Installing collected packages: z3-solver, ufal.udpipe, mpmath, cvc5, sympy, sexpdata
2026-09-06T06:57:39.9804422Z 
2026-09-06T06:57:39.9816715Z Successfully installed cvc5-1.3.4 mpmath-1.3.0 sexpdata-1.0.2 sympy-1.14.0 ufal.udpipe-1.4.0.1 z3-solver-5.1.0.0
2026-09-06T06:57:40.0370522Z ##[group]Run curl --fail --location --retry 2 --connect-timeout 10 --output "$RUNNER_TEMP/en_ewt-ud-dev.conllu" https://raw.githubusercontent.com/UniversalDependencies/UD_English-EWT/r2.14/en_ewt-ud-dev.conllu
2026-09-06T06:57:40.0372055Z [36;1mcurl --fail --location --retry 2 --connect-timeout 10 --output "$RUNNER_TEMP/en_ewt-ud-dev.conllu" https://raw.githubusercontent.com/UniversalDependencies/UD_English-EWT/r2.14/en_ewt-ud-dev.conllu[0m
2026-09-06T06:57:40.0410968Z shell: /usr/bin/bash -e {0}
2026-09-06T06:57:40.0411225Z env:
2026-09-06T06:57:40.0411489Z   pythonLocation: /opt/hostedtoolcache/Python/3.11.16/x64
2026-09-06T06:57:40.0411944Z   PKG_CONFIG_PATH: /opt/hostedtoolcache/Python/3.11.16/x64/lib/pkgconfig
2026-09-06T06:57:40.0412670Z   Python_ROOT_DIR: /opt/hostedtoolcache/Python/3.11.16/x64
2026-09-06T06:57:40.0413271Z   Python2_ROOT_DIR: /opt/hostedtoolcache/Python/3.11.16/x64
2026-09-06T06:57:40.0413665Z   Python3_ROOT_DIR: /opt/hostedtoolcache/Python/3.11.16/x64
2026-09-06T06:57:40.0414095Z   LD_LIBRARY_PATH: /opt/hostedtoolcache/Python/3.11.16/x64/lib
2026-09-06T06:57:40.0414421Z ##[endgroup]
2026-09-06T06:57:40.0558107Z   % Total    % Received % Xferd  Average Speed   Time    Time     Time  Current
2026-09-06T06:57:40.0558982Z                                  Dload  Upload   Total   Spent    Left  Speed
2026-09-06T06:57:40.0559517Z 
2026-09-06T06:57:40.2068811Z   0     0    0     0    0     0      0      0 --:--:-- --:--:-- --:--:--     0
2026-09-06T06:57:40.2069728Z 100 1723k  100 1723k    0     0  11.1M      0 --:--:-- --:--:-- --:--:-- 11.1M
2026-09-06T06:57:40.2150446Z ##[group]Run python -m pytest research/ocm-n1 research/ocm-prototype -q \
2026-09-06T06:57:40.2151020Z [36;1mpython -m pytest research/ocm-n1 research/ocm-prototype -q \[0m
2026-09-06T06:57:40.2151457Z [36;1m  --ignore=research/ocm-prototype/results \[0m
2026-09-06T06:57:40.2151861Z [36;1m  --ignore-glob='research/ocm-prototype/test_hosted_*.py'[0m
2026-09-06T06:57:40.2190874Z shell: /usr/bin/bash -e {0}
2026-09-06T06:57:40.2191123Z env:
2026-09-06T06:57:40.2191394Z   pythonLocation: /opt/hostedtoolcache/Python/3.11.16/x64
2026-09-06T06:57:40.2191871Z   PKG_CONFIG_PATH: /opt/hostedtoolcache/Python/3.11.16/x64/lib/pkgconfig
2026-09-06T06:57:40.2192560Z   Python_ROOT_DIR: /opt/hostedtoolcache/Python/3.11.16/x64
2026-09-06T06:57:40.2192968Z   Python2_ROOT_DIR: /opt/hostedtoolcache/Python/3.11.16/x64
2026-09-06T06:57:40.2193354Z   Python3_ROOT_DIR: /opt/hostedtoolcache/Python/3.11.16/x64
2026-09-06T06:57:40.2193735Z   LD_LIBRARY_PATH: /opt/hostedtoolcache/Python/3.11.16/x64/lib
2026-09-06T06:57:40.2194194Z   OCM_G1_DEV_PATH: /home/runner/work/_temp/en_ewt-ud-dev.conllu
2026-09-06T06:57:40.2194524Z ##[endgroup]
2026-09-06T06:57:47.2461447Z ........................................................................ [ 35%]
2026-09-06T06:58:04.7356674Z .F...................................................................... [ 70%]
2026-09-06T06:58:22.5717455Z .............................................................            [100%]
2026-09-06T06:58:22.5718305Z =================================== FAILURES ===================================
2026-09-06T06:58:22.5719245Z __ test_new_request_after_fresh_withdrawal_refuses_then_same_request_recovers __
2026-09-06T06:58:22.5719859Z 
2026-09-06T06:58:22.5720310Z tmp_path = PosixPath('/tmp/pytest-of-runner/pytest-0/test_new_request_after_fresh_w0')
2026-09-06T06:58:22.5720930Z 
2026-09-06T06:58:22.5721404Z     def test_new_request_after_fresh_withdrawal_refuses_then_same_request_recovers(tmp_path):
2026-09-06T06:58:22.5722224Z         state = tmp_path / "state"
2026-09-06T06:58:22.5722991Z         runtime, records, history, _ = fixture_state(state)
2026-09-06T06:58:22.5723799Z         descs = {name: V.adopt(runtime, record[0], history=[history]) for name, record in records.items()}
2026-09-06T06:58:22.5724650Z         for desc in descs.values(): V.bind(runtime, desc["id"])
2026-09-06T06:58:22.5725339Z         maximum, guard = [descs[k] for k in ("jmbl_fg_max3", "jmbl_fg_mpg_guard2")]
2026-09-06T06:58:22.5726347Z         request = {"kind": "clia_apply", "program_id": maximum["id"], "arguments": [41, -7, 12]}
2026-09-06T06:58:22.5727254Z         assert "clia:application:" + content_hash(request) not in runtime.state.ks.ids
2026-09-06T06:58:22.5727960Z         registration = records["jmbl_fg_max3"][1]
2026-09-06T06:58:22.5728492Z         runtime.revoke([registration]); runtime.persist()
2026-09-06T06:58:22.5729140Z         config = {"max3": maximum["id"], "guard2": guard["id"], "request": request,
2026-09-06T06:58:22.5729864Z                   "registration": registration, "support": maximum["support"]}
2026-09-06T06:58:22.5730443Z         for phase in ("withdraw", "restore"):
2026-09-06T06:58:22.5731176Z             process = subprocess.run([sys.executable, "-c", WORKER, str(state), json.dumps(config), phase],
2026-09-06T06:58:22.5732545Z                 text=True, capture_output=True, timeout=30)
2026-09-06T06:58:22.5733147Z             (tmp_path / (phase + ".stdout")).write_text(process.stdout)
2026-09-06T06:58:22.5733768Z             (tmp_path / (phase + ".stderr")).write_text(process.stderr)
2026-09-06T06:58:22.5734363Z >           assert process.returncode == 0, process.stderr
2026-09-06T06:58:22.5734930Z E           AssertionError: Traceback (most recent call last):
2026-09-06T06:58:22.5735443Z E               File "<string>", line 7, in <module>
2026-09-06T06:58:22.5736026Z E             ModuleNotFoundError: No module named 'clia_reuse_study_common'
2026-09-06T06:58:22.5736576Z E             
2026-09-06T06:58:22.5737250Z E           assert 1 == 0
2026-09-06T06:58:22.5738774Z E            +  where 1 = CompletedProcess(args=['/opt/hostedtoolcache/Python/3.11.16/x64/bin/python', '-c', '\nimport json,sys\nfrom pathlib im...ll last):\n  File "<string>", line 7, in <module>\nModuleNotFoundError: No module named \'clia_reuse_study_common\'\n').returncode
2026-09-06T06:58:22.5740235Z 
2026-09-06T06:58:22.5740577Z research/ocm-prototype/test_clia_reuse_cold_withdrawal.py:93: AssertionError
2026-09-06T06:58:22.5741300Z =========================== short test summary info ============================
2026-09-06T06:58:22.5743068Z FAILED research/ocm-prototype/test_clia_reuse_cold_withdrawal.py::test_new_request_after_fresh_withdrawal_refuses_then_same_request_recovers - AssertionError: Traceback (most recent call last):
2026-09-06T06:58:22.5749995Z     File "<string>", line 7, in <module>
2026-09-06T06:58:22.5750650Z   ModuleNotFoundError: No module named 'clia_reuse_study_common'
2026-09-06T06:58:22.5751194Z   
2026-09-06T06:58:22.5751455Z assert 1 == 0
2026-09-06T06:58:22.5753217Z  +  where 1 = CompletedProcess(args=['/opt/hostedtoolcache/Python/3.11.16/x64/bin/python', '-c', '\nimport json,sys\nfrom pathlib im...ll last):\n  File "<string>", line 7, in <module>\nModuleNotFoundError: No module named \'clia_reuse_study_common\'\n').returncode
2026-09-06T06:58:22.5754821Z 1 failed, 204 passed in 42.13s
2026-09-06T06:58:22.6812207Z ##[error]Process completed with exit code 1.
2026-09-06T06:58:22.6979466Z Node 20 is being deprecated. This workflow is running with Node 24 by default. If you need to temporarily use Node 20, you can set the ACTIONS_ALLOW_USE_UNSECURE_NODE_VERSION=true environment variable. For more information see: https://github.blog/changelog/2025-09-19-deprecation-of-node-20-on-github-actions-runners/
2026-09-06T06:58:22.6980760Z Post job cleanup.
2026-09-06T06:58:22.7906513Z [command]/usr/bin/git version
2026-09-06T06:58:22.7953869Z git version 2.55.0
2026-09-06T06:58:22.7998876Z Temporarily overriding HOME='/home/runner/work/_temp/f6bb3767-da9e-4458-b4bb-62319e0a3650' before making global git config changes
2026-09-06T06:58:22.8000515Z Adding repository directory to the temporary git global config as a safe directory
2026-09-06T06:58:22.8005968Z [command]/usr/bin/git config --global --add safe.directory /home/runner/work/ORION-OCM/ORION-OCM
2026-09-06T06:58:22.8048287Z [command]/usr/bin/git config --local --name-only --get-regexp core\.sshCommand
2026-09-06T06:58:22.8085411Z [command]/usr/bin/git submodule foreach --recursive sh -c "git config --local --name-only --get-regexp 'core\.sshCommand' && git config --local --unset-all 'core.sshCommand' || :"
2026-09-06T06:58:22.8347882Z [command]/usr/bin/git config --local --name-only --get-regexp http\.https\:\/\/github\.com\/\.extraheader
2026-09-06T06:58:22.8376300Z http.https://github.com/.extraheader
2026-09-06T06:58:22.8388254Z [command]/usr/bin/git config --local --unset-all http.https://github.com/.extraheader
2026-09-06T06:58:22.8429396Z [command]/usr/bin/git submodule foreach --recursive sh -c "git config --local --name-only --get-regexp 'http\.https\:\/\/github\.com\/\.extraheader' && git config --local --unset-all 'http.https://github.com/.extraheader' || :"
2026-09-06T06:58:22.8701531Z [command]/usr/bin/git config --local --name-only --get-regexp ^includeIf\.gitdir:
2026-09-06T06:58:22.8743919Z [command]/usr/bin/git submodule foreach --recursive git config --local --show-origin --name-only --get-regexp remote.origin.url
2026-09-06T06:58:22.9147000Z Cleaning up orphan processes
2026-09-06T06:58:22.9441944Z ##[warning]Node.js 20 is deprecated. The following actions target Node.js 20 but are being forced to run on Node.js 24: actions/checkout@v4, actions/setup-python@v5. For more information see: https://github.blog/changelog/2025-09-19-deprecation-of-node-20-on-github-actions-runners/
