F_CONTINUAL_REAL 0.6 r0 pred=EXPANSION cv=EXPANSION obs=EXPANSION adm=['EXPANSION'] agree=True margin=1.0000 8.4s
F_CONTINUAL_REAL 0.6 r1 pred=EXPANSION cv=EXPANSION obs=EXPANSION adm=['EXPANSION'] agree=True margin=1.0000 8.6s
F_CONTINUAL_REAL 0.6 r2 pred=EXPANSION cv=EXPANSION obs=EXPANSION adm=['EXPANSION'] agree=True margin=1.0000 8.5s
F_CONTINUAL_REAL 0.6 r3 pred=EXPANSION cv=EXPANSION obs=EXPANSION adm=['EXPANSION'] agree=True margin=1.0000 9.2s
F_CONTINUAL_REAL 0.6 r4 pred=EXPANSION cv=EXPANSION obs=EXPANSION adm=['EXPANSION'] agree=True margin=1.0000 9.1s
F_CONTINUAL_REAL 0.6 r5 pred=EXPANSION cv=EXPANSION obs=EXPANSION adm=['EXPANSION'] agree=True margin=1.0000 9.1s
F_CONTINUAL_REAL 0.6 r6 pred=EXPANSION cv=EXPANSION obs=EXPANSION adm=['EXPANSION'] agree=True margin=1.0000 9.0s
F_CONTINUAL_REAL 0.6 r7 pred=EXPANSION cv=EXPANSION obs=EXPANSION adm=['EXPANSION'] agree=True margin=1.0000 9.0s
F_CONTINUAL_REAL 0.8 r0 pred=EXPANSION cv=EXPANSION obs=EXPANSION adm=['EXPANSION'] agree=True margin=1.0000 8.9s
F_CONTINUAL_REAL 0.8 r1 pred=EXPANSION cv=EXPANSION obs=EXPANSION adm=['EXPANSION'] agree=True margin=1.0000 9.1s
F_CONTINUAL_REAL 0.8 r2 pred=EXPANSION cv=EXPANSION obs=NONE adm=[] agree=False margin=-1.0000 8.8s
F_CONTINUAL_REAL 0.8 r3 pred=EXPANSION cv=EXPANSION obs=EXPANSION adm=['EXPANSION'] agree=True margin=1.0000 8.9s
F_CONTINUAL_REAL 0.8 r4 pred=EXPANSION cv=EXPANSION obs=EXPANSION adm=['EXPANSION'] agree=True margin=1.0000 9.4s
F_CONTINUAL_REAL 0.8 r5 pred=EXPANSION cv=EXPANSION obs=EXPANSION adm=['EXPANSION'] agree=True margin=1.0000 9.7s
F_CONTINUAL_REAL 0.8 r6 pred=EXPANSION cv=EXPANSION obs=EXPANSION adm=['EXPANSION'] agree=True margin=1.0000 9.6s
F_CONTINUAL_REAL 0.8 r7 pred=EXPANSION cv=EXPANSION obs=EXPANSION adm=['EXPANSION'] agree=True margin=1.0000 9.0s
F_CONTINUAL_REAL 0.9 r0 pred=EXPANSION cv=EXPANSION obs=EXPANSION adm=['EXPANSION'] agree=True margin=1.0000 9.1s
F_CONTINUAL_REAL 0.9 r1 pred=EXPANSION cv=NONE obs=EXPANSION adm=['EXPANSION'] agree=True margin=1.0000 8.8s
F_CONTINUAL_REAL 0.9 r2 pred=EXPANSION cv=EXPANSION obs=NONE adm=[] agree=False margin=-1.0000 8.6s
F_CONTINUAL_REAL 0.9 r3 pred=EXPANSION cv=EXPANSION obs=EXPANSION adm=['EXPANSION'] agree=True margin=1.0000 8.6s
F_CONTINUAL_REAL 0.9 r4 pred=EXPANSION cv=EXPANSION obs=EXPANSION adm=['EXPANSION'] agree=True margin=1.0000 8.6s
F_CONTINUAL_REAL 0.9 r5 pred=EXPANSION cv=EXPANSION obs=EXPANSION adm=['EXPANSION'] agree=True margin=1.0000 9.3s
F_CONTINUAL_REAL 0.9 r6 pred=EXPANSION cv=EXPANSION obs=EXPANSION adm=['EXPANSION'] agree=True margin=1.0000 9.5s
F_CONTINUAL_REAL 0.9 r7 pred=EXPANSION cv=NONE obs=EXPANSION adm=['EXPANSION'] agree=True margin=1.0000 9.3s
F_CONTINUAL_REAL 0.95 r0 pred=EXPANSION cv=REPLAY obs=REPLAY adm=['REPLAY', 'EXPANSION'] agree=False margin=-4183.9500 9.0s
F_CONTINUAL_REAL 0.95 r1 pred=EXPANSION cv=NONE obs=REPLAY adm=['REPLAY', 'EXPANSION'] agree=False margin=-4183.9500 9.2s
F_CONTINUAL_REAL 0.95 r2 pred=EXPANSION cv=REPLAY obs=REPLAY adm=['REPLAY', 'EXPANSION'] agree=False margin=-4183.9500 9.0s
F_CONTINUAL_REAL 0.95 r3 pred=EXPANSION cv=REPLAY obs=REWRITE adm=['REWRITE', 'REPLAY', 'EXPANSION'] agree=False margin=-4227.0220 8.9s
F_CONTINUAL_REAL 0.95 r4 pred=EXPANSION cv=REPLAY obs=REPLAY adm=['REPLAY', 'EXPANSION'] agree=False margin=-4183.9500 8.8s
F_CONTINUAL_REAL 0.95 r5 pred=EXPANSION cv=EXPANSION obs=REPLAY adm=['REPLAY', 'EXPANSION'] agree=False margin=-4183.9500 8.9s
F_CONTINUAL_REAL 0.95 r6 pred=EXPANSION cv=REPLAY obs=REPLAY adm=['REPLAY', 'EXPANSION'] agree=False margin=-4183.9500 8.7s
F_CONTINUAL_REAL 0.95 r7 pred=EXPANSION cv=EXPANSION obs=EXPANSION adm=['EXPANSION'] agree=True margin=1.0000 8.9s
F_CONTINUAL_REAL 1.0 r0 pred=REWRITE cv=REWRITE obs=REWRITE adm=['REWRITE', 'REPLAY', 'EXPANSION'] agree=True margin=43.0720 8.8s
F_CONTINUAL_REAL 1.0 r1 pred=REWRITE cv=REWRITE obs=REWRITE adm=['REWRITE', 'REPLAY', 'EXPANSION'] agree=True margin=43.0720 9.1s
F_CONTINUAL_REAL 1.0 r2 pred=REWRITE cv=REWRITE obs=REWRITE adm=['REWRITE', 'REPLAY', 'EXPANSION'] agree=True margin=43.0720 8.8s
F_CONTINUAL_REAL 1.0 r3 pred=REWRITE cv=REWRITE obs=REWRITE adm=['REWRITE', 'REPLAY', 'EXPANSION'] agree=True margin=43.0720 8.9s
F_CONTINUAL_REAL 1.0 r4 pred=REWRITE cv=REWRITE obs=REWRITE adm=['REWRITE', 'REPLAY', 'EXPANSION'] agree=True margin=43.0720 8.8s
F_CONTINUAL_REAL 1.0 r5 pred=REWRITE cv=REWRITE obs=REWRITE adm=['REWRITE', 'REPLAY', 'EXPANSION'] agree=True margin=43.0720 8.9s
F_CONTINUAL_REAL 1.0 r6 pred=REWRITE cv=REWRITE obs=REWRITE adm=['REWRITE', 'REPLAY', 'EXPANSION'] agree=True margin=43.0720 8.7s
F_CONTINUAL_REAL 1.0 r7 pred=REWRITE cv=REWRITE obs=REWRITE adm=['REWRITE', 'REPLAY', 'EXPANSION'] agree=True margin=43.0720 9.3s
B_SPECIALIZATION_REAL 0.0 r0 pred=SHARED cv=SHARED obs=SHARED adm=['SHARED', 'SPECIALIZED'] agree=True margin=0.0352 0.7s
B_SPECIALIZATION_REAL 0.0 r1 pred=SHARED cv=NONE obs=SPECIALIZED adm=['SHARED', 'SPECIALIZED'] agree=False margin=-0.0229 0.5s
B_SPECIALIZATION_REAL 0.0 r2 pred=SHARED cv=SHARED obs=SPECIALIZED adm=['SHARED', 'SPECIALIZED'] agree=False margin=-0.0036 0.2s
B_SPECIALIZATION_REAL 0.0 r3 pred=SHARED cv=NONE obs=SHARED adm=['SHARED', 'SPECIALIZED'] agree=True margin=0.0051 0.2s
B_SPECIALIZATION_REAL 0.0 r4 pred=SHARED cv=SHARED obs=SHARED adm=['SHARED', 'SPECIALIZED'] agree=True margin=0.0211 0.2s
B_SPECIALIZATION_REAL 0.0 r5 pred=SHARED cv=NONE obs=SHARED adm=['SHARED', 'SPECIALIZED'] agree=True margin=0.0017 0.2s
B_SPECIALIZATION_REAL 0.0 r6 pred=SHARED cv=NONE obs=SPECIALIZED adm=['SHARED', 'SPECIALIZED'] agree=False margin=-0.0190 0.0s
B_SPECIALIZATION_REAL 0.0 r7 pred=SHARED cv=NONE obs=SHARED adm=['SHARED', 'SPECIALIZED'] agree=True margin=0.0182 0.3s
B_SPECIALIZATION_REAL 0.1 r0 pred=SHARED cv=SHARED obs=SPECIALIZED adm=['SHARED', 'SPECIALIZED'] agree=False margin=-0.0052 0.3s
B_SPECIALIZATION_REAL 0.1 r1 pred=SHARED cv=SHARED obs=NONE adm=[] agree=False margin=-1.0000 0.0s
B_SPECIALIZATION_REAL 0.1 r2 pred=SHARED cv=SHARED obs=SPECIALIZED adm=['SHARED', 'SPECIALIZED'] agree=False margin=-0.0096 0.2s
B_SPECIALIZATION_REAL 0.1 r3 pred=SHARED cv=SHARED obs=SPECIALIZED adm=['SHARED', 'SPECIALIZED'] agree=False margin=-0.0988 0.2s
B_SPECIALIZATION_REAL 0.1 r4 pred=SHARED cv=NONE obs=SHARED adm=['SHARED', 'SPECIALIZED'] agree=True margin=0.0036 0.0s
B_SPECIALIZATION_REAL 0.1 r5 pred=SHARED cv=SPECIALIZED obs=SHARED adm=['SHARED', 'SPECIALIZED'] agree=True margin=0.0077 0.3s
B_SPECIALIZATION_REAL 0.1 r6 pred=SHARED cv=SPECIALIZED obs=SPECIALIZED adm=['SHARED', 'SPECIALIZED'] agree=False margin=-0.0213 0.3s
B_SPECIALIZATION_REAL 0.1 r7 pred=SHARED cv=SPECIALIZED obs=NONE adm=[] agree=False margin=-1.0000 0.0s
B_SPECIALIZATION_REAL 0.3 r0 pred=SHARED cv=SHARED obs=SHARED adm=['SHARED', 'SPECIALIZED'] agree=True margin=0.0112 0.0s
B_SPECIALIZATION_REAL 0.3 r1 pred=SHARED cv=SHARED obs=SPECIALIZED adm=['SPECIALIZED'] agree=False margin=-1.0000 0.1s
B_SPECIALIZATION_REAL 0.3 r2 pred=SHARED cv=SPECIALIZED obs=NONE adm=[] agree=False margin=-1.0000 0.1s
B_SPECIALIZATION_REAL 0.3 r3 pred=SHARED cv=SHARED obs=SHARED adm=['SHARED', 'SPECIALIZED'] agree=True margin=0.0038 0.2s
B_SPECIALIZATION_REAL 0.3 r4 pred=SHARED cv=NONE obs=SPECIALIZED adm=['SHARED', 'SPECIALIZED'] agree=False margin=-0.0314 0.3s
B_SPECIALIZATION_REAL 0.3 r5 pred=SHARED cv=SHARED obs=NONE adm=[] agree=False margin=-1.0000 0.2s
B_SPECIALIZATION_REAL 0.3 r6 pred=SHARED cv=NONE obs=SPECIALIZED adm=['SHARED', 'SPECIALIZED'] agree=False margin=-0.0233 0.2s
B_SPECIALIZATION_REAL 0.3 r7 pred=SHARED cv=SPECIALIZED obs=SPECIALIZED adm=['SPECIALIZED'] agree=False margin=-1.0000 0.3s
B_SPECIALIZATION_REAL 0.8 r0 pred=NONE cv=SPECIALIZED obs=SPECIALIZED adm=['SPECIALIZED'] agree=False margin=-1.0000 0.3s
B_SPECIALIZATION_REAL 0.8 r1 pred=NONE cv=NONE obs=SPECIALIZED adm=['SPECIALIZED'] agree=False margin=-1.0000 0.1s
B_SPECIALIZATION_REAL 0.8 r2 pred=NONE cv=SPECIALIZED obs=NONE adm=[] agree=True margin=1.0000 0.2s
B_SPECIALIZATION_REAL 0.8 r3 pred=SHARED cv=SPECIALIZED obs=SPECIALIZED adm=['SHARED', 'SPECIALIZED'] agree=False margin=-0.0820 0.1s
B_SPECIALIZATION_REAL 0.8 r4 pred=SHARED cv=SPECIALIZED obs=NONE adm=[] agree=False margin=-1.0000 0.3s
B_SPECIALIZATION_REAL 0.8 r5 pred=SHARED cv=SPECIALIZED obs=NONE adm=[] agree=False margin=-1.0000 0.3s
B_SPECIALIZATION_REAL 0.8 r6 pred=SHARED cv=SPECIALIZED obs=NONE adm=[] agree=False margin=-1.0000 0.3s
B_SPECIALIZATION_REAL 0.8 r7 pred=SHARED cv=SPECIALIZED obs=NONE adm=[] agree=False margin=-1.0000 0.3s
{
 "lane_results": {
  "F_CONTINUAL_REAL": "THEORY_RED",
  "F_CONTINUAL_REAL__parent": "GMI_LAW_DIFFERS_FROM_CV_ON_8_OF_40_REPLICATES",
  "B_SPECIALIZATION_REAL": "INCONCLUSIVE",
  "B_SPECIALIZATION_REAL__parent": "GMI_LAW_DIFFERS_FROM_CV_ON_20_OF_32_REPLICATES"
 },
 "terminal": "REAL_TRANSFER_PHASE_LAWS_GREEN_ON_0_OF_2_LANES"
}
