B_SPECIALIZATION_REAL 0.0 r0 pred=SHARED cv=SHARED obs=SHARED adm=['SHARED', 'SPECIALIZED'] agree=True margin=0.0182 0.5s
B_SPECIALIZATION_REAL 0.0 r1 pred=SHARED cv=SHARED obs=SPECIALIZED adm=['SHARED', 'SPECIALIZED'] agree=False margin=-0.0132 0.6s
B_SPECIALIZATION_REAL 0.0 r2 pred=SHARED cv=SPECIALIZED obs=SHARED adm=['SHARED', 'SPECIALIZED'] agree=True margin=0.0116 0.6s
B_SPECIALIZATION_REAL 0.0 r3 pred=SHARED cv=SPECIALIZED obs=SPECIALIZED adm=['SHARED', 'SPECIALIZED'] agree=False margin=-0.0080 0.2s
B_SPECIALIZATION_REAL 0.0 r4 pred=SHARED cv=SHARED obs=SHARED adm=['SHARED', 'SPECIALIZED'] agree=True margin=0.0069 0.3s
B_SPECIALIZATION_REAL 0.0 r5 pred=SPECIALIZED cv=SPECIALIZED obs=SHARED adm=['SHARED', 'SPECIALIZED'] agree=False margin=-0.0268 0.3s
B_SPECIALIZATION_REAL 0.0 r6 pred=SHARED cv=SHARED obs=SHARED adm=['SHARED', 'SPECIALIZED'] agree=True margin=0.0095 0.2s
B_SPECIALIZATION_REAL 0.0 r7 pred=SHARED cv=SHARED obs=SHARED adm=['SHARED', 'SPECIALIZED'] agree=True margin=0.0202 0.3s
B_SPECIALIZATION_REAL 0.1 r0 pred=SHARED cv=SHARED obs=SHARED adm=['SHARED', 'SPECIALIZED'] agree=True margin=0.0180 0.4s
B_SPECIALIZATION_REAL 0.1 r1 pred=SPECIALIZED cv=SPECIALIZED obs=SHARED adm=['SHARED', 'SPECIALIZED'] agree=False margin=-0.0110 0.3s
B_SPECIALIZATION_REAL 0.1 r2 pred=SHARED cv=SHARED obs=SHARED adm=['SHARED', 'SPECIALIZED'] agree=True margin=0.0109 0.4s
B_SPECIALIZATION_REAL 0.1 r3 pred=SHARED cv=SPECIALIZED obs=SHARED adm=['SHARED', 'SPECIALIZED'] agree=True margin=0.0237 0.4s
B_SPECIALIZATION_REAL 0.1 r4 pred=SHARED cv=SHARED obs=SHARED adm=['SHARED', 'SPECIALIZED'] agree=True margin=0.0232 0.4s
B_SPECIALIZATION_REAL 0.1 r5 pred=SHARED cv=SHARED obs=SHARED adm=['SHARED', 'SPECIALIZED'] agree=True margin=0.0314 0.5s
B_SPECIALIZATION_REAL 0.1 r6 pred=SHARED cv=SPECIALIZED obs=SHARED adm=['SHARED', 'SPECIALIZED'] agree=True margin=0.0436 0.4s
B_SPECIALIZATION_REAL 0.1 r7 pred=SHARED cv=SHARED obs=SPECIALIZED adm=['SHARED', 'SPECIALIZED'] agree=False margin=-0.0039 0.4s
B_SPECIALIZATION_REAL 0.3 r0 pred=SHARED cv=SHARED obs=SPECIALIZED adm=['SHARED', 'SPECIALIZED'] agree=False margin=-0.0164 0.5s
B_SPECIALIZATION_REAL 0.3 r1 pred=SHARED cv=SHARED obs=SHARED adm=['SHARED', 'SPECIALIZED'] agree=True margin=0.0393 0.5s
B_SPECIALIZATION_REAL 0.3 r2 pred=SHARED cv=SPECIALIZED obs=SPECIALIZED adm=['SHARED', 'SPECIALIZED'] agree=False margin=-0.0377 0.5s
B_SPECIALIZATION_REAL 0.3 r3 pred=SPECIALIZED cv=SPECIALIZED obs=SHARED adm=['SHARED', 'SPECIALIZED'] agree=False margin=-0.0107 0.4s
B_SPECIALIZATION_REAL 0.3 r4 pred=SHARED cv=SHARED obs=SPECIALIZED adm=['SHARED', 'SPECIALIZED'] agree=False margin=-0.0144 0.4s
B_SPECIALIZATION_REAL 0.3 r5 pred=SHARED cv=SPECIALIZED obs=SPECIALIZED adm=['SHARED', 'SPECIALIZED'] agree=False margin=-0.0016 0.3s
B_SPECIALIZATION_REAL 0.3 r6 pred=SHARED cv=SPECIALIZED obs=SPECIALIZED adm=['SHARED', 'SPECIALIZED'] agree=False margin=-0.0239 0.4s
B_SPECIALIZATION_REAL 0.3 r7 pred=SHARED cv=SHARED obs=SPECIALIZED adm=['SHARED', 'SPECIALIZED'] agree=False margin=-0.0201 0.4s
B_SPECIALIZATION_REAL 0.8 r0 pred=SPECIALIZED cv=SPECIALIZED obs=SPECIALIZED adm=['SPECIALIZED'] agree=True margin=1.0000 0.4s
B_SPECIALIZATION_REAL 0.8 r1 pred=SPECIALIZED cv=SPECIALIZED obs=SPECIALIZED adm=['SHARED', 'SPECIALIZED'] agree=True margin=0.1862 0.3s
B_SPECIALIZATION_REAL 0.8 r2 pred=SPECIALIZED cv=SPECIALIZED obs=SPECIALIZED adm=['SPECIALIZED'] agree=True margin=1.0000 0.3s
B_SPECIALIZATION_REAL 0.8 r3 pred=SPECIALIZED cv=SPECIALIZED obs=SPECIALIZED adm=['SPECIALIZED'] agree=True margin=1.0000 0.4s
B_SPECIALIZATION_REAL 0.8 r4 pred=SHARED cv=SPECIALIZED obs=SPECIALIZED adm=['SHARED', 'SPECIALIZED'] agree=False margin=-0.0923 0.2s
B_SPECIALIZATION_REAL 0.8 r5 pred=SPECIALIZED cv=SPECIALIZED obs=SPECIALIZED adm=['SHARED', 'SPECIALIZED'] agree=True margin=0.1074 0.2s
B_SPECIALIZATION_REAL 0.8 r6 pred=SPECIALIZED cv=SPECIALIZED obs=SPECIALIZED adm=['SHARED', 'SPECIALIZED'] agree=True margin=0.1263 0.2s
B_SPECIALIZATION_REAL 0.8 r7 pred=SPECIALIZED cv=SPECIALIZED obs=SPECIALIZED adm=['SHARED', 'SPECIALIZED'] agree=True margin=0.0989 0.1s
{
 "lane_results": {
  "B_SPECIALIZATION_REAL": "THEORY_RED",
  "B_SPECIALIZATION_REAL__parent": "GMI_LAW_DIFFERS_FROM_CV_ON_8_OF_32_REPLICATES"
 },
 "terminal": "REAL_TRANSFER_PHASE_LAWS_GREEN_ON_0_OF_1_LANES"
}
