Merge made by the 'recursive' strategy.
 research/ocm-prototype/capture_g1_matched.py       |   62 +-
 research/ocm-prototype/g1_stanza_capture.py        |   50 +
 research/ocm-prototype/g1_stanza_donor.py          |   65 +
 research/ocm-prototype/g1_stanza_field.py          |   32 +
 research/ocm-prototype/g1_stanza_profile.py        |  114 +
 research/ocm-prototype/g1_stanza_vessel.py         |   34 +
 research/ocm-prototype/g1_stanza_worker.py         |  100 +
 research/ocm-prototype/g1_vessel.py                |   38 +-
 research/ocm-prototype/grade_g1_matched.py         |   12 +-
 .../g1-stanza-matched-plan-v1/ARTIFACTS.json       |   33 +
 .../results/g1-stanza-matched-plan-v1/CORE.md      |   23 +
 .../F0-no-prediction.json                          |   15 +
 .../results/g1-stanza-matched-plan-v1/launch.json  |   75 +
 .../results/g1-stanza-matched-plan-v1/plan.json    |   56 +
 .../predecessor-plan.json                          |   25 +
 .../g1-stanza-matched-plan-v1/public-items.json    | 2621 ++++++++++++++++++++
 .../source-runtime-model-binding.json              |  397 +++
 .../ARTIFACTS.json                                 |  276 +++
 .../stanza-shared-engineering-20260906/CORE.md     |   21 +
 .../IMPLEMENTATION.md                              |   35 +
 .../stanza-shared-engineering-20260906/RUNTIME.md  |   43 +
 .../SOURCE-GUARD.md                                |   15 +
 .../controls/all-fixture-first.log                 |    3 +
 .../controls/all-fixture-first.xml                 |    1 +
 .../controls/donor-first.log                       |    3 +
 .../controls/donor-first.xml                       |    1 +
 .../controls/hash-boundary.log                     |    3 +
 .../controls/hash-boundary.xml                     |    1 +
 .../controls/initial-red.log                       |   15 +
 .../controls/main9cab-merge.json                   |   27 +
 .../capture_g1_matched.py.txt                      |  157 ++
 .../g1_stanza_capture.py.txt                       |   50 +
 .../g1_stanza_donor.py.txt                         |   61 +
 .../g1_stanza_field.py.txt                         |   32 +
 .../g1_stanza_profile.py.txt                       |  114 +
 .../g1_stanza_vessel.py.txt                        |   34 +
 .../g1_stanza_worker.py.txt                        |  100 +
 .../pre-hash-boundary-correction/g1_vessel.py.txt  |  156 ++
 .../grade_g1_matched.py.txt                        |  204 ++
 .../source-binding.json                            |   16 +
 .../stanza_donor.py.txt                            |  166 ++
 .../test_g1_stanza_capture.py.txt                  |   89 +
 .../test_g1_stanza_donor.py.txt                    |   74 +
 .../test_g1_stanza_loader.py.txt                   |   37 +
 .../test_g1_stanza_vessel.py.txt                   |   97 +
 .../controls/prospective-source-guard.log          |    5 +
 .../controls/prospective-source-guard.xml          |    1 +
 .../controls/review-ready.json                     |   73 +
 .../controls/scoped-final.log                      |    5 +
 .../controls/scoped-final.xml                      |    1 +
 .../controls/scoped-first.log                      |    5 +
 .../controls/scoped-first.xml                      |    1 +
 .../controls/source-prior-inventory.json           |  693 ++++++
 .../controls/vessel-first.log                      |    3 +
 .../controls/vessel-first.xml                      |    1 +
 .../runtime/cvc5-1.3.4-pypi.json                   |    1 +
 .../runtime/donor-profile.json                     |    1 +
 .../runtime/import-custody-attempt1-failed.json    |    6 +
 .../runtime/import-custody.json                    |  310 +++
 .../runtime/install-0.stderr                       |    0
 .../runtime/install-0.stdout                       |    0
 .../runtime/install-attempt2-0.stderr              |    3 +
 .../runtime/install-attempt2-0.stdout              |    0
 .../runtime/install-attempt2-1.stderr              |   56 +
 .../runtime/install-attempt2-1.stdout              |    0
 .../runtime/installation-attempt1-failed.json      |    8 +
 .../runtime/installation-attempt2.json             |   35 +
 .../runtime/requirements-runtime.lock              |   38 +
 .../runtime/runtime-lock.json                      |  252 ++
 .../runtime/sexpdata-1.0.2-pypi.json               |    1 +
 .../runtime/z3-solver-5.1.0.0-pypi.json            |    1 +
 research/ocm-prototype/stanza_donor.py             |    9 +-
 research/ocm-prototype/test_g1_stanza_capture.py   |   95 +
 research/ocm-prototype/test_g1_stanza_donor.py     |   78 +
 research/ocm-prototype/test_g1_stanza_loader.py    |   37 +
 research/ocm-prototype/test_g1_stanza_vessel.py    |  113 +
 76 files changed, 7380 insertions(+), 35 deletions(-)
 create mode 100644 research/ocm-prototype/g1_stanza_capture.py
 create mode 100644 research/ocm-prototype/g1_stanza_donor.py
 create mode 100644 research/ocm-prototype/g1_stanza_field.py
 create mode 100644 research/ocm-prototype/g1_stanza_profile.py
 create mode 100644 research/ocm-prototype/g1_stanza_vessel.py
 create mode 100644 research/ocm-prototype/g1_stanza_worker.py
 create mode 100644 research/ocm-prototype/results/g1-stanza-matched-plan-v1/ARTIFACTS.json
 create mode 100644 research/ocm-prototype/results/g1-stanza-matched-plan-v1/CORE.md
 create mode 100644 research/ocm-prototype/results/g1-stanza-matched-plan-v1/F0-no-prediction.json
 create mode 100644 research/ocm-prototype/results/g1-stanza-matched-plan-v1/launch.json
 create mode 100644 research/ocm-prototype/results/g1-stanza-matched-plan-v1/plan.json
 create mode 100644 research/ocm-prototype/results/g1-stanza-matched-plan-v1/predecessor-plan.json
 create mode 100644 research/ocm-prototype/results/g1-stanza-matched-plan-v1/public-items.json
 create mode 100644 research/ocm-prototype/results/g1-stanza-matched-plan-v1/source-runtime-model-binding.json
 create mode 100644 research/ocm-prototype/results/stanza-shared-engineering-20260906/ARTIFACTS.json
 create mode 100644 research/ocm-prototype/results/stanza-shared-engineering-20260906/CORE.md
 create mode 100644 research/ocm-prototype/results/stanza-shared-engineering-20260906/IMPLEMENTATION.md
 create mode 100644 research/ocm-prototype/results/stanza-shared-engineering-20260906/RUNTIME.md
 create mode 100644 research/ocm-prototype/results/stanza-shared-engineering-20260906/SOURCE-GUARD.md
 create mode 100644 research/ocm-prototype/results/stanza-shared-engineering-20260906/controls/all-fixture-first.log
 create mode 100644 research/ocm-prototype/results/stanza-shared-engineering-20260906/controls/all-fixture-first.xml
 create mode 100644 research/ocm-prototype/results/stanza-shared-engineering-20260906/controls/donor-first.log
 create mode 100644 research/ocm-prototype/results/stanza-shared-engineering-20260906/controls/donor-first.xml
 create mode 100644 research/ocm-prototype/results/stanza-shared-engineering-20260906/controls/hash-boundary.log
 create mode 100644 research/ocm-prototype/results/stanza-shared-engineering-20260906/controls/hash-boundary.xml
 create mode 100644 research/ocm-prototype/results/stanza-shared-engineering-20260906/controls/initial-red.log
 create mode 100644 research/ocm-prototype/results/stanza-shared-engineering-20260906/controls/main9cab-merge.json
 create mode 100644 research/ocm-prototype/results/stanza-shared-engineering-20260906/controls/pre-hash-boundary-correction/capture_g1_matched.py.txt
 create mode 100644 research/ocm-prototype/results/stanza-shared-engineering-20260906/controls/pre-hash-boundary-correction/g1_stanza_capture.py.txt
 create mode 100644 research/ocm-prototype/results/stanza-shared-engineering-20260906/controls/pre-hash-boundary-correction/g1_stanza_donor.py.txt
 create mode 100644 research/ocm-prototype/results/stanza-shared-engineering-20260906/controls/pre-hash-boundary-correction/g1_stanza_field.py.txt
 create mode 100644 research/ocm-prototype/results/stanza-shared-engineering-20260906/controls/pre-hash-boundary-correction/g1_stanza_profile.py.txt
 create mode 100644 research/ocm-prototype/results/stanza-shared-engineering-20260906/controls/pre-hash-boundary-correction/g1_stanza_vessel.py.txt
 create mode 100644 research/ocm-prototype/results/stanza-shared-engineering-20260906/controls/pre-hash-boundary-correction/g1_stanza_worker.py.txt
 create mode 100644 research/ocm-prototype/results/stanza-shared-engineering-20260906/controls/pre-hash-boundary-correction/g1_vessel.py.txt
 create mode 100644 research/ocm-prototype/results/stanza-shared-engineering-20260906/controls/pre-hash-boundary-correction/grade_g1_matched.py.txt
 create mode 100644 research/ocm-prototype/results/stanza-shared-engineering-20260906/controls/pre-hash-boundary-correction/source-binding.json
 create mode 100644 research/ocm-prototype/results/stanza-shared-engineering-20260906/controls/pre-hash-boundary-correction/stanza_donor.py.txt
 create mode 100644 research/ocm-prototype/results/stanza-shared-engineering-20260906/controls/pre-hash-boundary-correction/test_g1_stanza_capture.py.txt
 create mode 100644 research/ocm-prototype/results/stanza-shared-engineering-20260906/controls/pre-hash-boundary-correction/test_g1_stanza_donor.py.txt
 create mode 100644 research/ocm-prototype/results/stanza-shared-engineering-20260906/controls/pre-hash-boundary-correction/test_g1_stanza_loader.py.txt
 create mode 100644 research/ocm-prototype/results/stanza-shared-engineering-20260906/controls/pre-hash-boundary-correction/test_g1_stanza_vessel.py.txt
 create mode 100644 research/ocm-prototype/results/stanza-shared-engineering-20260906/controls/prospective-source-guard.log
 create mode 100644 research/ocm-prototype/results/stanza-shared-engineering-20260906/controls/prospective-source-guard.xml
 create mode 100644 research/ocm-prototype/results/stanza-shared-engineering-20260906/controls/review-ready.json
 create mode 100644 research/ocm-prototype/results/stanza-shared-engineering-20260906/controls/scoped-final.log
 create mode 100644 research/ocm-prototype/results/stanza-shared-engineering-20260906/controls/scoped-final.xml
 create mode 100644 research/ocm-prototype/results/stanza-shared-engineering-20260906/controls/scoped-first.log
 create mode 100644 research/ocm-prototype/results/stanza-shared-engineering-20260906/controls/scoped-first.xml
 create mode 100644 research/ocm-prototype/results/stanza-shared-engineering-20260906/controls/source-prior-inventory.json
 create mode 100644 research/ocm-prototype/results/stanza-shared-engineering-20260906/controls/vessel-first.log
 create mode 100644 research/ocm-prototype/results/stanza-shared-engineering-20260906/controls/vessel-first.xml
 create mode 100644 research/ocm-prototype/results/stanza-shared-engineering-20260906/runtime/cvc5-1.3.4-pypi.json
 create mode 100644 research/ocm-prototype/results/stanza-shared-engineering-20260906/runtime/donor-profile.json
 create mode 100644 research/ocm-prototype/results/stanza-shared-engineering-20260906/runtime/import-custody-attempt1-failed.json
 create mode 100644 research/ocm-prototype/results/stanza-shared-engineering-20260906/runtime/import-custody.json
 create mode 100644 research/ocm-prototype/results/stanza-shared-engineering-20260906/runtime/install-0.stderr
 create mode 100644 research/ocm-prototype/results/stanza-shared-engineering-20260906/runtime/install-0.stdout
 create mode 100644 research/ocm-prototype/results/stanza-shared-engineering-20260906/runtime/install-attempt2-0.stderr
 create mode 100644 research/ocm-prototype/results/stanza-shared-engineering-20260906/runtime/install-attempt2-0.stdout
 create mode 100644 research/ocm-prototype/results/stanza-shared-engineering-20260906/runtime/install-attempt2-1.stderr
 create mode 100644 research/ocm-prototype/results/stanza-shared-engineering-20260906/runtime/install-attempt2-1.stdout
 create mode 100644 research/ocm-prototype/results/stanza-shared-engineering-20260906/runtime/installation-attempt1-failed.json
 create mode 100644 research/ocm-prototype/results/stanza-shared-engineering-20260906/runtime/installation-attempt2.json
 create mode 100644 research/ocm-prototype/results/stanza-shared-engineering-20260906/runtime/requirements-runtime.lock
 create mode 100644 research/ocm-prototype/results/stanza-shared-engineering-20260906/runtime/runtime-lock.json
 create mode 100644 research/ocm-prototype/results/stanza-shared-engineering-20260906/runtime/sexpdata-1.0.2-pypi.json
 create mode 100644 research/ocm-prototype/results/stanza-shared-engineering-20260906/runtime/z3-solver-5.1.0.0-pypi.json
 create mode 100644 research/ocm-prototype/test_g1_stanza_capture.py
 create mode 100644 research/ocm-prototype/test_g1_stanza_donor.py
 create mode 100644 research/ocm-prototype/test_g1_stanza_loader.py
 create mode 100644 research/ocm-prototype/test_g1_stanza_vessel.py
