FFFFFFFFFFFFFFFFFFFFFFFFFFFFFFFFFFFFFFFFFFFFF                            [100%]
=================================== FAILURES ===================================
_______ test_real_consumer_and_all_four_channels_match[revoked0-UNIFORM] _______

model = <SurpriseModel.UNIFORM: 'UNIFORM'>, revoked = ()

    @pytest.mark.parametrize("model", list(SP.SurpriseModel))
    @pytest.mark.parametrize("revoked", [(), (1,), ("backup",), (1,"backup"), (2,), (3,)])
    def test_real_consumer_and_all_four_channels_match(model, revoked):
>       assert importlib.util.find_spec("exact_sparse_donor_consumer"), "missing donor consumer adapter"
E       AssertionError: missing donor consumer adapter
E       assert None
E        +  where None = <function find_spec at 0x7f88223f0040>('exact_sparse_donor_consumer')
E        +    where <function find_spec at 0x7f88223f0040> = <module 'importlib.util' (frozen)>.find_spec
E        +      where <module 'importlib.util' (frozen)> = importlib.util

research/ocm-prototype/exact_sparse_donor_tests/test_consumer.py:15: AssertionError
_____ test_real_consumer_and_all_four_channels_match[revoked0-PROPAGATED] ______

model = <SurpriseModel.PROPAGATED: 'PROPAGATED'>, revoked = ()

    @pytest.mark.parametrize("model", list(SP.SurpriseModel))
    @pytest.mark.parametrize("revoked", [(), (1,), ("backup",), (1,"backup"), (2,), (3,)])
    def test_real_consumer_and_all_four_channels_match(model, revoked):
>       assert importlib.util.find_spec("exact_sparse_donor_consumer"), "missing donor consumer adapter"
E       AssertionError: missing donor consumer adapter
E       assert None
E        +  where None = <function find_spec at 0x7f88223f0040>('exact_sparse_donor_consumer')
E        +    where <function find_spec at 0x7f88223f0040> = <module 'importlib.util' (frozen)>.find_spec
E        +      where <module 'importlib.util' (frozen)> = importlib.util

research/ocm-prototype/exact_sparse_donor_tests/test_consumer.py:15: AssertionError
_______ test_real_consumer_and_all_four_channels_match[revoked1-UNIFORM] _______

model = <SurpriseModel.UNIFORM: 'UNIFORM'>, revoked = (1,)

    @pytest.mark.parametrize("model", list(SP.SurpriseModel))
    @pytest.mark.parametrize("revoked", [(), (1,), ("backup",), (1,"backup"), (2,), (3,)])
    def test_real_consumer_and_all_four_channels_match(model, revoked):
>       assert importlib.util.find_spec("exact_sparse_donor_consumer"), "missing donor consumer adapter"
E       AssertionError: missing donor consumer adapter
E       assert None
E        +  where None = <function find_spec at 0x7f88223f0040>('exact_sparse_donor_consumer')
E        +    where <function find_spec at 0x7f88223f0040> = <module 'importlib.util' (frozen)>.find_spec
E        +      where <module 'importlib.util' (frozen)> = importlib.util

research/ocm-prototype/exact_sparse_donor_tests/test_consumer.py:15: AssertionError
_____ test_real_consumer_and_all_four_channels_match[revoked1-PROPAGATED] ______

model = <SurpriseModel.PROPAGATED: 'PROPAGATED'>, revoked = (1,)

    @pytest.mark.parametrize("model", list(SP.SurpriseModel))
    @pytest.mark.parametrize("revoked", [(), (1,), ("backup",), (1,"backup"), (2,), (3,)])
    def test_real_consumer_and_all_four_channels_match(model, revoked):
>       assert importlib.util.find_spec("exact_sparse_donor_consumer"), "missing donor consumer adapter"
E       AssertionError: missing donor consumer adapter
E       assert None
E        +  where None = <function find_spec at 0x7f88223f0040>('exact_sparse_donor_consumer')
E        +    where <function find_spec at 0x7f88223f0040> = <module 'importlib.util' (frozen)>.find_spec
E        +      where <module 'importlib.util' (frozen)> = importlib.util

research/ocm-prototype/exact_sparse_donor_tests/test_consumer.py:15: AssertionError
_______ test_real_consumer_and_all_four_channels_match[revoked2-UNIFORM] _______

model = <SurpriseModel.UNIFORM: 'UNIFORM'>, revoked = ('backup',)

    @pytest.mark.parametrize("model", list(SP.SurpriseModel))
    @pytest.mark.parametrize("revoked", [(), (1,), ("backup",), (1,"backup"), (2,), (3,)])
    def test_real_consumer_and_all_four_channels_match(model, revoked):
>       assert importlib.util.find_spec("exact_sparse_donor_consumer"), "missing donor consumer adapter"
E       AssertionError: missing donor consumer adapter
E       assert None
E        +  where None = <function find_spec at 0x7f88223f0040>('exact_sparse_donor_consumer')
E        +    where <function find_spec at 0x7f88223f0040> = <module 'importlib.util' (frozen)>.find_spec
E        +      where <module 'importlib.util' (frozen)> = importlib.util

research/ocm-prototype/exact_sparse_donor_tests/test_consumer.py:15: AssertionError
_____ test_real_consumer_and_all_four_channels_match[revoked2-PROPAGATED] ______

model = <SurpriseModel.PROPAGATED: 'PROPAGATED'>, revoked = ('backup',)

    @pytest.mark.parametrize("model", list(SP.SurpriseModel))
    @pytest.mark.parametrize("revoked", [(), (1,), ("backup",), (1,"backup"), (2,), (3,)])
    def test_real_consumer_and_all_four_channels_match(model, revoked):
>       assert importlib.util.find_spec("exact_sparse_donor_consumer"), "missing donor consumer adapter"
E       AssertionError: missing donor consumer adapter
E       assert None
E        +  where None = <function find_spec at 0x7f88223f0040>('exact_sparse_donor_consumer')
E        +    where <function find_spec at 0x7f88223f0040> = <module 'importlib.util' (frozen)>.find_spec
E        +      where <module 'importlib.util' (frozen)> = importlib.util

research/ocm-prototype/exact_sparse_donor_tests/test_consumer.py:15: AssertionError
_______ test_real_consumer_and_all_four_channels_match[revoked3-UNIFORM] _______

model = <SurpriseModel.UNIFORM: 'UNIFORM'>, revoked = (1, 'backup')

    @pytest.mark.parametrize("model", list(SP.SurpriseModel))
    @pytest.mark.parametrize("revoked", [(), (1,), ("backup",), (1,"backup"), (2,), (3,)])
    def test_real_consumer_and_all_four_channels_match(model, revoked):
>       assert importlib.util.find_spec("exact_sparse_donor_consumer"), "missing donor consumer adapter"
E       AssertionError: missing donor consumer adapter
E       assert None
E        +  where None = <function find_spec at 0x7f88223f0040>('exact_sparse_donor_consumer')
E        +    where <function find_spec at 0x7f88223f0040> = <module 'importlib.util' (frozen)>.find_spec
E        +      where <module 'importlib.util' (frozen)> = importlib.util

research/ocm-prototype/exact_sparse_donor_tests/test_consumer.py:15: AssertionError
_____ test_real_consumer_and_all_four_channels_match[revoked3-PROPAGATED] ______

model = <SurpriseModel.PROPAGATED: 'PROPAGATED'>, revoked = (1, 'backup')

    @pytest.mark.parametrize("model", list(SP.SurpriseModel))
    @pytest.mark.parametrize("revoked", [(), (1,), ("backup",), (1,"backup"), (2,), (3,)])
    def test_real_consumer_and_all_four_channels_match(model, revoked):
>       assert importlib.util.find_spec("exact_sparse_donor_consumer"), "missing donor consumer adapter"
E       AssertionError: missing donor consumer adapter
E       assert None
E        +  where None = <function find_spec at 0x7f88223f0040>('exact_sparse_donor_consumer')
E        +    where <function find_spec at 0x7f88223f0040> = <module 'importlib.util' (frozen)>.find_spec
E        +      where <module 'importlib.util' (frozen)> = importlib.util

research/ocm-prototype/exact_sparse_donor_tests/test_consumer.py:15: AssertionError
_______ test_real_consumer_and_all_four_channels_match[revoked4-UNIFORM] _______

model = <SurpriseModel.UNIFORM: 'UNIFORM'>, revoked = (2,)

    @pytest.mark.parametrize("model", list(SP.SurpriseModel))
    @pytest.mark.parametrize("revoked", [(), (1,), ("backup",), (1,"backup"), (2,), (3,)])
    def test_real_consumer_and_all_four_channels_match(model, revoked):
>       assert importlib.util.find_spec("exact_sparse_donor_consumer"), "missing donor consumer adapter"
E       AssertionError: missing donor consumer adapter
E       assert None
E        +  where None = <function find_spec at 0x7f88223f0040>('exact_sparse_donor_consumer')
E        +    where <function find_spec at 0x7f88223f0040> = <module 'importlib.util' (frozen)>.find_spec
E        +      where <module 'importlib.util' (frozen)> = importlib.util

research/ocm-prototype/exact_sparse_donor_tests/test_consumer.py:15: AssertionError
_____ test_real_consumer_and_all_four_channels_match[revoked4-PROPAGATED] ______

model = <SurpriseModel.PROPAGATED: 'PROPAGATED'>, revoked = (2,)

    @pytest.mark.parametrize("model", list(SP.SurpriseModel))
    @pytest.mark.parametrize("revoked", [(), (1,), ("backup",), (1,"backup"), (2,), (3,)])
    def test_real_consumer_and_all_four_channels_match(model, revoked):
>       assert importlib.util.find_spec("exact_sparse_donor_consumer"), "missing donor consumer adapter"
E       AssertionError: missing donor consumer adapter
E       assert None
E        +  where None = <function find_spec at 0x7f88223f0040>('exact_sparse_donor_consumer')
E        +    where <function find_spec at 0x7f88223f0040> = <module 'importlib.util' (frozen)>.find_spec
E        +      where <module 'importlib.util' (frozen)> = importlib.util

research/ocm-prototype/exact_sparse_donor_tests/test_consumer.py:15: AssertionError
_______ test_real_consumer_and_all_four_channels_match[revoked5-UNIFORM] _______

model = <SurpriseModel.UNIFORM: 'UNIFORM'>, revoked = (3,)

    @pytest.mark.parametrize("model", list(SP.SurpriseModel))
    @pytest.mark.parametrize("revoked", [(), (1,), ("backup",), (1,"backup"), (2,), (3,)])
    def test_real_consumer_and_all_four_channels_match(model, revoked):
>       assert importlib.util.find_spec("exact_sparse_donor_consumer"), "missing donor consumer adapter"
E       AssertionError: missing donor consumer adapter
E       assert None
E        +  where None = <function find_spec at 0x7f88223f0040>('exact_sparse_donor_consumer')
E        +    where <function find_spec at 0x7f88223f0040> = <module 'importlib.util' (frozen)>.find_spec
E        +      where <module 'importlib.util' (frozen)> = importlib.util

research/ocm-prototype/exact_sparse_donor_tests/test_consumer.py:15: AssertionError
_____ test_real_consumer_and_all_four_channels_match[revoked5-PROPAGATED] ______

model = <SurpriseModel.PROPAGATED: 'PROPAGATED'>, revoked = (3,)

    @pytest.mark.parametrize("model", list(SP.SurpriseModel))
    @pytest.mark.parametrize("revoked", [(), (1,), ("backup",), (1,"backup"), (2,), (3,)])
    def test_real_consumer_and_all_four_channels_match(model, revoked):
>       assert importlib.util.find_spec("exact_sparse_donor_consumer"), "missing donor consumer adapter"
E       AssertionError: missing donor consumer adapter
E       assert None
E        +  where None = <function find_spec at 0x7f88223f0040>('exact_sparse_donor_consumer')
E        +    where <function find_spec at 0x7f88223f0040> = <module 'importlib.util' (frozen)>.find_spec
E        +      where <module 'importlib.util' (frozen)> = importlib.util

research/ocm-prototype/exact_sparse_donor_tests/test_consumer.py:15: AssertionError
_____________________ test_authority_refusal_is_unchanged ______________________

    def test_authority_refusal_is_unchanged():
>       assert importlib.util.find_spec("exact_sparse_donor_consumer"), "missing donor consumer adapter"
E       AssertionError: missing donor consumer adapter
E       assert None
E        +  where None = <function find_spec at 0x7f88223f0040>('exact_sparse_donor_consumer')
E        +    where <function find_spec at 0x7f88223f0040> = <module 'importlib.util' (frozen)>.find_spec
E        +      where <module 'importlib.util' (frozen)> = importlib.util

research/ocm-prototype/exact_sparse_donor_tests/test_consumer.py:33: AssertionError
_ test_sparse_coefficients_and_full_values_match_original[None-revoked0-WARRANTED] _

mode = <NavigationMode.WARRANTED: 'WARRANTED'>, revoked = (), relevance = None

    @pytest.mark.parametrize("mode", list(N.NavigationMode))
    @pytest.mark.parametrize("revoked", [(), ("a",), ("edge",), ("u",), ("a", "edge")])
    @pytest.mark.parametrize("relevance", [None, {"SUPPORT": F(2), "DEPENDENCE": F(0)}])
    def test_sparse_coefficients_and_full_values_match_original(mode, revoked, relevance):
>       D = donor()

research/ocm-prototype/exact_sparse_donor_tests/test_exact.py:33: 
_ _ _ _ _ _ _ _ _ _ _ _ _ _ _ _ _ _ _ _ _ _ _ _ _ _ _ _ _ _ _ _ _ _ _ _ _ _ _ _ 

    def donor():
>       assert importlib.util.find_spec("exact_sparse_donor"), "missing exact sparse donor"
E       AssertionError: missing exact sparse donor
E       assert None
E        +  where None = <function find_spec at 0x7f88223f0040>('exact_sparse_donor')
E        +    where <function find_spec at 0x7f88223f0040> = <module 'importlib.util' (frozen)>.find_spec
E        +      where <module 'importlib.util' (frozen)> = importlib.util

research/ocm-prototype/exact_sparse_donor_tests/test_exact.py:12: AssertionError
_ test_sparse_coefficients_and_full_values_match_original[None-revoked0-EXPLORATORY] _

mode = <NavigationMode.EXPLORATORY: 'EXPLORATORY'>, revoked = ()
relevance = None

    @pytest.mark.parametrize("mode", list(N.NavigationMode))
    @pytest.mark.parametrize("revoked", [(), ("a",), ("edge",), ("u",), ("a", "edge")])
    @pytest.mark.parametrize("relevance", [None, {"SUPPORT": F(2), "DEPENDENCE": F(0)}])
    def test_sparse_coefficients_and_full_values_match_original(mode, revoked, relevance):
>       D = donor()

research/ocm-prototype/exact_sparse_donor_tests/test_exact.py:33: 
_ _ _ _ _ _ _ _ _ _ _ _ _ _ _ _ _ _ _ _ _ _ _ _ _ _ _ _ _ _ _ _ _ _ _ _ _ _ _ _ 

    def donor():
>       assert importlib.util.find_spec("exact_sparse_donor"), "missing exact sparse donor"
E       AssertionError: missing exact sparse donor
E       assert None
E        +  where None = <function find_spec at 0x7f88223f0040>('exact_sparse_donor')
E        +    where <function find_spec at 0x7f88223f0040> = <module 'importlib.util' (frozen)>.find_spec
E        +      where <module 'importlib.util' (frozen)> = importlib.util

research/ocm-prototype/exact_sparse_donor_tests/test_exact.py:12: AssertionError
_ test_sparse_coefficients_and_full_values_match_original[None-revoked1-WARRANTED] _

mode = <NavigationMode.WARRANTED: 'WARRANTED'>, revoked = ('a',)
relevance = None

    @pytest.mark.parametrize("mode", list(N.NavigationMode))
    @pytest.mark.parametrize("revoked", [(), ("a",), ("edge",), ("u",), ("a", "edge")])
    @pytest.mark.parametrize("relevance", [None, {"SUPPORT": F(2), "DEPENDENCE": F(0)}])
    def test_sparse_coefficients_and_full_values_match_original(mode, revoked, relevance):
>       D = donor()

research/ocm-prototype/exact_sparse_donor_tests/test_exact.py:33: 
_ _ _ _ _ _ _ _ _ _ _ _ _ _ _ _ _ _ _ _ _ _ _ _ _ _ _ _ _ _ _ _ _ _ _ _ _ _ _ _ 

    def donor():
>       assert importlib.util.find_spec("exact_sparse_donor"), "missing exact sparse donor"
E       AssertionError: missing exact sparse donor
E       assert None
E        +  where None = <function find_spec at 0x7f88223f0040>('exact_sparse_donor')
E        +    where <function find_spec at 0x7f88223f0040> = <module 'importlib.util' (frozen)>.find_spec
E        +      where <module 'importlib.util' (frozen)> = importlib.util

research/ocm-prototype/exact_sparse_donor_tests/test_exact.py:12: AssertionError
_ test_sparse_coefficients_and_full_values_match_original[None-revoked1-EXPLORATORY] _

mode = <NavigationMode.EXPLORATORY: 'EXPLORATORY'>, revoked = ('a',)
relevance = None

    @pytest.mark.parametrize("mode", list(N.NavigationMode))
    @pytest.mark.parametrize("revoked", [(), ("a",), ("edge",), ("u",), ("a", "edge")])
    @pytest.mark.parametrize("relevance", [None, {"SUPPORT": F(2), "DEPENDENCE": F(0)}])
    def test_sparse_coefficients_and_full_values_match_original(mode, revoked, relevance):
>       D = donor()

research/ocm-prototype/exact_sparse_donor_tests/test_exact.py:33: 
_ _ _ _ _ _ _ _ _ _ _ _ _ _ _ _ _ _ _ _ _ _ _ _ _ _ _ _ _ _ _ _ _ _ _ _ _ _ _ _ 

    def donor():
>       assert importlib.util.find_spec("exact_sparse_donor"), "missing exact sparse donor"
E       AssertionError: missing exact sparse donor
E       assert None
E        +  where None = <function find_spec at 0x7f88223f0040>('exact_sparse_donor')
E        +    where <function find_spec at 0x7f88223f0040> = <module 'importlib.util' (frozen)>.find_spec
E        +      where <module 'importlib.util' (frozen)> = importlib.util

research/ocm-prototype/exact_sparse_donor_tests/test_exact.py:12: AssertionError
_ test_sparse_coefficients_and_full_values_match_original[None-revoked2-WARRANTED] _

mode = <NavigationMode.WARRANTED: 'WARRANTED'>, revoked = ('edge',)
relevance = None

    @pytest.mark.parametrize("mode", list(N.NavigationMode))
    @pytest.mark.parametrize("revoked", [(), ("a",), ("edge",), ("u",), ("a", "edge")])
    @pytest.mark.parametrize("relevance", [None, {"SUPPORT": F(2), "DEPENDENCE": F(0)}])
    def test_sparse_coefficients_and_full_values_match_original(mode, revoked, relevance):
>       D = donor()

research/ocm-prototype/exact_sparse_donor_tests/test_exact.py:33: 
_ _ _ _ _ _ _ _ _ _ _ _ _ _ _ _ _ _ _ _ _ _ _ _ _ _ _ _ _ _ _ _ _ _ _ _ _ _ _ _ 

    def donor():
>       assert importlib.util.find_spec("exact_sparse_donor"), "missing exact sparse donor"
E       AssertionError: missing exact sparse donor
E       assert None
E        +  where None = <function find_spec at 0x7f88223f0040>('exact_sparse_donor')
E        +    where <function find_spec at 0x7f88223f0040> = <module 'importlib.util' (frozen)>.find_spec
E        +      where <module 'importlib.util' (frozen)> = importlib.util

research/ocm-prototype/exact_sparse_donor_tests/test_exact.py:12: AssertionError
_ test_sparse_coefficients_and_full_values_match_original[None-revoked2-EXPLORATORY] _

mode = <NavigationMode.EXPLORATORY: 'EXPLORATORY'>, revoked = ('edge',)
relevance = None

    @pytest.mark.parametrize("mode", list(N.NavigationMode))
    @pytest.mark.parametrize("revoked", [(), ("a",), ("edge",), ("u",), ("a", "edge")])
    @pytest.mark.parametrize("relevance", [None, {"SUPPORT": F(2), "DEPENDENCE": F(0)}])
    def test_sparse_coefficients_and_full_values_match_original(mode, revoked, relevance):
>       D = donor()

research/ocm-prototype/exact_sparse_donor_tests/test_exact.py:33: 
_ _ _ _ _ _ _ _ _ _ _ _ _ _ _ _ _ _ _ _ _ _ _ _ _ _ _ _ _ _ _ _ _ _ _ _ _ _ _ _ 

    def donor():
>       assert importlib.util.find_spec("exact_sparse_donor"), "missing exact sparse donor"
E       AssertionError: missing exact sparse donor
E       assert None
E        +  where None = <function find_spec at 0x7f88223f0040>('exact_sparse_donor')
E        +    where <function find_spec at 0x7f88223f0040> = <module 'importlib.util' (frozen)>.find_spec
E        +      where <module 'importlib.util' (frozen)> = importlib.util

research/ocm-prototype/exact_sparse_donor_tests/test_exact.py:12: AssertionError
_ test_sparse_coefficients_and_full_values_match_original[None-revoked3-WARRANTED] _

mode = <NavigationMode.WARRANTED: 'WARRANTED'>, revoked = ('u',)
relevance = None

    @pytest.mark.parametrize("mode", list(N.NavigationMode))
    @pytest.mark.parametrize("revoked", [(), ("a",), ("edge",), ("u",), ("a", "edge")])
    @pytest.mark.parametrize("relevance", [None, {"SUPPORT": F(2), "DEPENDENCE": F(0)}])
    def test_sparse_coefficients_and_full_values_match_original(mode, revoked, relevance):
>       D = donor()

research/ocm-prototype/exact_sparse_donor_tests/test_exact.py:33: 
_ _ _ _ _ _ _ _ _ _ _ _ _ _ _ _ _ _ _ _ _ _ _ _ _ _ _ _ _ _ _ _ _ _ _ _ _ _ _ _ 

    def donor():
>       assert importlib.util.find_spec("exact_sparse_donor"), "missing exact sparse donor"
E       AssertionError: missing exact sparse donor
E       assert None
E        +  where None = <function find_spec at 0x7f88223f0040>('exact_sparse_donor')
E        +    where <function find_spec at 0x7f88223f0040> = <module 'importlib.util' (frozen)>.find_spec
E        +      where <module 'importlib.util' (frozen)> = importlib.util

research/ocm-prototype/exact_sparse_donor_tests/test_exact.py:12: AssertionError
_ test_sparse_coefficients_and_full_values_match_original[None-revoked3-EXPLORATORY] _

mode = <NavigationMode.EXPLORATORY: 'EXPLORATORY'>, revoked = ('u',)
relevance = None

    @pytest.mark.parametrize("mode", list(N.NavigationMode))
    @pytest.mark.parametrize("revoked", [(), ("a",), ("edge",), ("u",), ("a", "edge")])
    @pytest.mark.parametrize("relevance", [None, {"SUPPORT": F(2), "DEPENDENCE": F(0)}])
    def test_sparse_coefficients_and_full_values_match_original(mode, revoked, relevance):
>       D = donor()

research/ocm-prototype/exact_sparse_donor_tests/test_exact.py:33: 
_ _ _ _ _ _ _ _ _ _ _ _ _ _ _ _ _ _ _ _ _ _ _ _ _ _ _ _ _ _ _ _ _ _ _ _ _ _ _ _ 

    def donor():
>       assert importlib.util.find_spec("exact_sparse_donor"), "missing exact sparse donor"
E       AssertionError: missing exact sparse donor
E       assert None
E        +  where None = <function find_spec at 0x7f88223f0040>('exact_sparse_donor')
E        +    where <function find_spec at 0x7f88223f0040> = <module 'importlib.util' (frozen)>.find_spec
E        +      where <module 'importlib.util' (frozen)> = importlib.util

research/ocm-prototype/exact_sparse_donor_tests/test_exact.py:12: AssertionError
_ test_sparse_coefficients_and_full_values_match_original[None-revoked4-WARRANTED] _

mode = <NavigationMode.WARRANTED: 'WARRANTED'>, revoked = ('a', 'edge')
relevance = None

    @pytest.mark.parametrize("mode", list(N.NavigationMode))
    @pytest.mark.parametrize("revoked", [(), ("a",), ("edge",), ("u",), ("a", "edge")])
    @pytest.mark.parametrize("relevance", [None, {"SUPPORT": F(2), "DEPENDENCE": F(0)}])
    def test_sparse_coefficients_and_full_values_match_original(mode, revoked, relevance):
>       D = donor()

research/ocm-prototype/exact_sparse_donor_tests/test_exact.py:33: 
_ _ _ _ _ _ _ _ _ _ _ _ _ _ _ _ _ _ _ _ _ _ _ _ _ _ _ _ _ _ _ _ _ _ _ _ _ _ _ _ 

    def donor():
>       assert importlib.util.find_spec("exact_sparse_donor"), "missing exact sparse donor"
E       AssertionError: missing exact sparse donor
E       assert None
E        +  where None = <function find_spec at 0x7f88223f0040>('exact_sparse_donor')
E        +    where <function find_spec at 0x7f88223f0040> = <module 'importlib.util' (frozen)>.find_spec
E        +      where <module 'importlib.util' (frozen)> = importlib.util

research/ocm-prototype/exact_sparse_donor_tests/test_exact.py:12: AssertionError
_ test_sparse_coefficients_and_full_values_match_original[None-revoked4-EXPLORATORY] _

mode = <NavigationMode.EXPLORATORY: 'EXPLORATORY'>, revoked = ('a', 'edge')
relevance = None

    @pytest.mark.parametrize("mode", list(N.NavigationMode))
    @pytest.mark.parametrize("revoked", [(), ("a",), ("edge",), ("u",), ("a", "edge")])
    @pytest.mark.parametrize("relevance", [None, {"SUPPORT": F(2), "DEPENDENCE": F(0)}])
    def test_sparse_coefficients_and_full_values_match_original(mode, revoked, relevance):
>       D = donor()

research/ocm-prototype/exact_sparse_donor_tests/test_exact.py:33: 
_ _ _ _ _ _ _ _ _ _ _ _ _ _ _ _ _ _ _ _ _ _ _ _ _ _ _ _ _ _ _ _ _ _ _ _ _ _ _ _ 

    def donor():
>       assert importlib.util.find_spec("exact_sparse_donor"), "missing exact sparse donor"
E       AssertionError: missing exact sparse donor
E       assert None
E        +  where None = <function find_spec at 0x7f88223f0040>('exact_sparse_donor')
E        +    where <function find_spec at 0x7f88223f0040> = <module 'importlib.util' (frozen)>.find_spec
E        +      where <module 'importlib.util' (frozen)> = importlib.util

research/ocm-prototype/exact_sparse_donor_tests/test_exact.py:12: AssertionError
_ test_sparse_coefficients_and_full_values_match_original[relevance1-revoked0-WARRANTED] _

mode = <NavigationMode.WARRANTED: 'WARRANTED'>, revoked = ()
relevance = {'DEPENDENCE': Fraction(0, 1), 'SUPPORT': Fraction(2, 1)}

    @pytest.mark.parametrize("mode", list(N.NavigationMode))
    @pytest.mark.parametrize("revoked", [(), ("a",), ("edge",), ("u",), ("a", "edge")])
    @pytest.mark.parametrize("relevance", [None, {"SUPPORT": F(2), "DEPENDENCE": F(0)}])
    def test_sparse_coefficients_and_full_values_match_original(mode, revoked, relevance):
>       D = donor()

research/ocm-prototype/exact_sparse_donor_tests/test_exact.py:33: 
_ _ _ _ _ _ _ _ _ _ _ _ _ _ _ _ _ _ _ _ _ _ _ _ _ _ _ _ _ _ _ _ _ _ _ _ _ _ _ _ 

    def donor():
>       assert importlib.util.find_spec("exact_sparse_donor"), "missing exact sparse donor"
E       AssertionError: missing exact sparse donor
E       assert None
E        +  where None = <function find_spec at 0x7f88223f0040>('exact_sparse_donor')
E        +    where <function find_spec at 0x7f88223f0040> = <module 'importlib.util' (frozen)>.find_spec
E        +      where <module 'importlib.util' (frozen)> = importlib.util

research/ocm-prototype/exact_sparse_donor_tests/test_exact.py:12: AssertionError
_ test_sparse_coefficients_and_full_values_match_original[relevance1-revoked0-EXPLORATORY] _

mode = <NavigationMode.EXPLORATORY: 'EXPLORATORY'>, revoked = ()
relevance = {'DEPENDENCE': Fraction(0, 1), 'SUPPORT': Fraction(2, 1)}

    @pytest.mark.parametrize("mode", list(N.NavigationMode))
    @pytest.mark.parametrize("revoked", [(), ("a",), ("edge",), ("u",), ("a", "edge")])
    @pytest.mark.parametrize("relevance", [None, {"SUPPORT": F(2), "DEPENDENCE": F(0)}])
    def test_sparse_coefficients_and_full_values_match_original(mode, revoked, relevance):
>       D = donor()

research/ocm-prototype/exact_sparse_donor_tests/test_exact.py:33: 
_ _ _ _ _ _ _ _ _ _ _ _ _ _ _ _ _ _ _ _ _ _ _ _ _ _ _ _ _ _ _ _ _ _ _ _ _ _ _ _ 

    def donor():
>       assert importlib.util.find_spec("exact_sparse_donor"), "missing exact sparse donor"
E       AssertionError: missing exact sparse donor
E       assert None
E        +  where None = <function find_spec at 0x7f88223f0040>('exact_sparse_donor')
E        +    where <function find_spec at 0x7f88223f0040> = <module 'importlib.util' (frozen)>.find_spec
E        +      where <module 'importlib.util' (frozen)> = importlib.util

research/ocm-prototype/exact_sparse_donor_tests/test_exact.py:12: AssertionError
_ test_sparse_coefficients_and_full_values_match_original[relevance1-revoked1-WARRANTED] _

mode = <NavigationMode.WARRANTED: 'WARRANTED'>, revoked = ('a',)
relevance = {'DEPENDENCE': Fraction(0, 1), 'SUPPORT': Fraction(2, 1)}

    @pytest.mark.parametrize("mode", list(N.NavigationMode))
    @pytest.mark.parametrize("revoked", [(), ("a",), ("edge",), ("u",), ("a", "edge")])
    @pytest.mark.parametrize("relevance", [None, {"SUPPORT": F(2), "DEPENDENCE": F(0)}])
    def test_sparse_coefficients_and_full_values_match_original(mode, revoked, relevance):
>       D = donor()

research/ocm-prototype/exact_sparse_donor_tests/test_exact.py:33: 
_ _ _ _ _ _ _ _ _ _ _ _ _ _ _ _ _ _ _ _ _ _ _ _ _ _ _ _ _ _ _ _ _ _ _ _ _ _ _ _ 

    def donor():
>       assert importlib.util.find_spec("exact_sparse_donor"), "missing exact sparse donor"
E       AssertionError: missing exact sparse donor
E       assert None
E        +  where None = <function find_spec at 0x7f88223f0040>('exact_sparse_donor')
E        +    where <function find_spec at 0x7f88223f0040> = <module 'importlib.util' (frozen)>.find_spec
E        +      where <module 'importlib.util' (frozen)> = importlib.util

research/ocm-prototype/exact_sparse_donor_tests/test_exact.py:12: AssertionError
_ test_sparse_coefficients_and_full_values_match_original[relevance1-revoked1-EXPLORATORY] _

mode = <NavigationMode.EXPLORATORY: 'EXPLORATORY'>, revoked = ('a',)
relevance = {'DEPENDENCE': Fraction(0, 1), 'SUPPORT': Fraction(2, 1)}

    @pytest.mark.parametrize("mode", list(N.NavigationMode))
    @pytest.mark.parametrize("revoked", [(), ("a",), ("edge",), ("u",), ("a", "edge")])
    @pytest.mark.parametrize("relevance", [None, {"SUPPORT": F(2), "DEPENDENCE": F(0)}])
    def test_sparse_coefficients_and_full_values_match_original(mode, revoked, relevance):
>       D = donor()

research/ocm-prototype/exact_sparse_donor_tests/test_exact.py:33: 
_ _ _ _ _ _ _ _ _ _ _ _ _ _ _ _ _ _ _ _ _ _ _ _ _ _ _ _ _ _ _ _ _ _ _ _ _ _ _ _ 

    def donor():
>       assert importlib.util.find_spec("exact_sparse_donor"), "missing exact sparse donor"
E       AssertionError: missing exact sparse donor
E       assert None
E        +  where None = <function find_spec at 0x7f88223f0040>('exact_sparse_donor')
E        +    where <function find_spec at 0x7f88223f0040> = <module 'importlib.util' (frozen)>.find_spec
E        +      where <module 'importlib.util' (frozen)> = importlib.util

research/ocm-prototype/exact_sparse_donor_tests/test_exact.py:12: AssertionError
_ test_sparse_coefficients_and_full_values_match_original[relevance1-revoked2-WARRANTED] _

mode = <NavigationMode.WARRANTED: 'WARRANTED'>, revoked = ('edge',)
relevance = {'DEPENDENCE': Fraction(0, 1), 'SUPPORT': Fraction(2, 1)}

    @pytest.mark.parametrize("mode", list(N.NavigationMode))
    @pytest.mark.parametrize("revoked", [(), ("a",), ("edge",), ("u",), ("a", "edge")])
    @pytest.mark.parametrize("relevance", [None, {"SUPPORT": F(2), "DEPENDENCE": F(0)}])
    def test_sparse_coefficients_and_full_values_match_original(mode, revoked, relevance):
>       D = donor()

research/ocm-prototype/exact_sparse_donor_tests/test_exact.py:33: 
_ _ _ _ _ _ _ _ _ _ _ _ _ _ _ _ _ _ _ _ _ _ _ _ _ _ _ _ _ _ _ _ _ _ _ _ _ _ _ _ 

    def donor():
>       assert importlib.util.find_spec("exact_sparse_donor"), "missing exact sparse donor"
E       AssertionError: missing exact sparse donor
E       assert None
E        +  where None = <function find_spec at 0x7f88223f0040>('exact_sparse_donor')
E        +    where <function find_spec at 0x7f88223f0040> = <module 'importlib.util' (frozen)>.find_spec
E        +      where <module 'importlib.util' (frozen)> = importlib.util

research/ocm-prototype/exact_sparse_donor_tests/test_exact.py:12: AssertionError
_ test_sparse_coefficients_and_full_values_match_original[relevance1-revoked2-EXPLORATORY] _

mode = <NavigationMode.EXPLORATORY: 'EXPLORATORY'>, revoked = ('edge',)
relevance = {'DEPENDENCE': Fraction(0, 1), 'SUPPORT': Fraction(2, 1)}

    @pytest.mark.parametrize("mode", list(N.NavigationMode))
    @pytest.mark.parametrize("revoked", [(), ("a",), ("edge",), ("u",), ("a", "edge")])
    @pytest.mark.parametrize("relevance", [None, {"SUPPORT": F(2), "DEPENDENCE": F(0)}])
    def test_sparse_coefficients_and_full_values_match_original(mode, revoked, relevance):
>       D = donor()

research/ocm-prototype/exact_sparse_donor_tests/test_exact.py:33: 
_ _ _ _ _ _ _ _ _ _ _ _ _ _ _ _ _ _ _ _ _ _ _ _ _ _ _ _ _ _ _ _ _ _ _ _ _ _ _ _ 

    def donor():
>       assert importlib.util.find_spec("exact_sparse_donor"), "missing exact sparse donor"
E       AssertionError: missing exact sparse donor
E       assert None
E        +  where None = <function find_spec at 0x7f88223f0040>('exact_sparse_donor')
E        +    where <function find_spec at 0x7f88223f0040> = <module 'importlib.util' (frozen)>.find_spec
E        +      where <module 'importlib.util' (frozen)> = importlib.util

research/ocm-prototype/exact_sparse_donor_tests/test_exact.py:12: AssertionError
_ test_sparse_coefficients_and_full_values_match_original[relevance1-revoked3-WARRANTED] _

mode = <NavigationMode.WARRANTED: 'WARRANTED'>, revoked = ('u',)
relevance = {'DEPENDENCE': Fraction(0, 1), 'SUPPORT': Fraction(2, 1)}

    @pytest.mark.parametrize("mode", list(N.NavigationMode))
    @pytest.mark.parametrize("revoked", [(), ("a",), ("edge",), ("u",), ("a", "edge")])
    @pytest.mark.parametrize("relevance", [None, {"SUPPORT": F(2), "DEPENDENCE": F(0)}])
    def test_sparse_coefficients_and_full_values_match_original(mode, revoked, relevance):
>       D = donor()

research/ocm-prototype/exact_sparse_donor_tests/test_exact.py:33: 
_ _ _ _ _ _ _ _ _ _ _ _ _ _ _ _ _ _ _ _ _ _ _ _ _ _ _ _ _ _ _ _ _ _ _ _ _ _ _ _ 

    def donor():
>       assert importlib.util.find_spec("exact_sparse_donor"), "missing exact sparse donor"
E       AssertionError: missing exact sparse donor
E       assert None
E        +  where None = <function find_spec at 0x7f88223f0040>('exact_sparse_donor')
E        +    where <function find_spec at 0x7f88223f0040> = <module 'importlib.util' (frozen)>.find_spec
E        +      where <module 'importlib.util' (frozen)> = importlib.util

research/ocm-prototype/exact_sparse_donor_tests/test_exact.py:12: AssertionError
_ test_sparse_coefficients_and_full_values_match_original[relevance1-revoked3-EXPLORATORY] _

mode = <NavigationMode.EXPLORATORY: 'EXPLORATORY'>, revoked = ('u',)
relevance = {'DEPENDENCE': Fraction(0, 1), 'SUPPORT': Fraction(2, 1)}

    @pytest.mark.parametrize("mode", list(N.NavigationMode))
    @pytest.mark.parametrize("revoked", [(), ("a",), ("edge",), ("u",), ("a", "edge")])
    @pytest.mark.parametrize("relevance", [None, {"SUPPORT": F(2), "DEPENDENCE": F(0)}])
    def test_sparse_coefficients_and_full_values_match_original(mode, revoked, relevance):
>       D = donor()

research/ocm-prototype/exact_sparse_donor_tests/test_exact.py:33: 
_ _ _ _ _ _ _ _ _ _ _ _ _ _ _ _ _ _ _ _ _ _ _ _ _ _ _ _ _ _ _ _ _ _ _ _ _ _ _ _ 

    def donor():
>       assert importlib.util.find_spec("exact_sparse_donor"), "missing exact sparse donor"
E       AssertionError: missing exact sparse donor
E       assert None
E        +  where None = <function find_spec at 0x7f88223f0040>('exact_sparse_donor')
E        +    where <function find_spec at 0x7f88223f0040> = <module 'importlib.util' (frozen)>.find_spec
E        +      where <module 'importlib.util' (frozen)> = importlib.util

research/ocm-prototype/exact_sparse_donor_tests/test_exact.py:12: AssertionError
_ test_sparse_coefficients_and_full_values_match_original[relevance1-revoked4-WARRANTED] _

mode = <NavigationMode.WARRANTED: 'WARRANTED'>, revoked = ('a', 'edge')
relevance = {'DEPENDENCE': Fraction(0, 1), 'SUPPORT': Fraction(2, 1)}

    @pytest.mark.parametrize("mode", list(N.NavigationMode))
    @pytest.mark.parametrize("revoked", [(), ("a",), ("edge",), ("u",), ("a", "edge")])
    @pytest.mark.parametrize("relevance", [None, {"SUPPORT": F(2), "DEPENDENCE": F(0)}])
    def test_sparse_coefficients_and_full_values_match_original(mode, revoked, relevance):
>       D = donor()

research/ocm-prototype/exact_sparse_donor_tests/test_exact.py:33: 
_ _ _ _ _ _ _ _ _ _ _ _ _ _ _ _ _ _ _ _ _ _ _ _ _ _ _ _ _ _ _ _ _ _ _ _ _ _ _ _ 

    def donor():
>       assert importlib.util.find_spec("exact_sparse_donor"), "missing exact sparse donor"
E       AssertionError: missing exact sparse donor
E       assert None
E        +  where None = <function find_spec at 0x7f88223f0040>('exact_sparse_donor')
E        +    where <function find_spec at 0x7f88223f0040> = <module 'importlib.util' (frozen)>.find_spec
E        +      where <module 'importlib.util' (frozen)> = importlib.util

research/ocm-prototype/exact_sparse_donor_tests/test_exact.py:12: AssertionError
_ test_sparse_coefficients_and_full_values_match_original[relevance1-revoked4-EXPLORATORY] _

mode = <NavigationMode.EXPLORATORY: 'EXPLORATORY'>, revoked = ('a', 'edge')
relevance = {'DEPENDENCE': Fraction(0, 1), 'SUPPORT': Fraction(2, 1)}

    @pytest.mark.parametrize("mode", list(N.NavigationMode))
    @pytest.mark.parametrize("revoked", [(), ("a",), ("edge",), ("u",), ("a", "edge")])
    @pytest.mark.parametrize("relevance", [None, {"SUPPORT": F(2), "DEPENDENCE": F(0)}])
    def test_sparse_coefficients_and_full_values_match_original(mode, revoked, relevance):
>       D = donor()

research/ocm-prototype/exact_sparse_donor_tests/test_exact.py:33: 
_ _ _ _ _ _ _ _ _ _ _ _ _ _ _ _ _ _ _ _ _ _ _ _ _ _ _ _ _ _ _ _ _ _ _ _ _ _ _ _ 

    def donor():
>       assert importlib.util.find_spec("exact_sparse_donor"), "missing exact sparse donor"
E       AssertionError: missing exact sparse donor
E       assert None
E        +  where None = <function find_spec at 0x7f88223f0040>('exact_sparse_donor')
E        +    where <function find_spec at 0x7f88223f0040> = <module 'importlib.util' (frozen)>.find_spec
E        +      where <module 'importlib.util' (frozen)> = importlib.util

research/ocm-prototype/exact_sparse_donor_tests/test_exact.py:12: AssertionError
________ test_exact_builder_does_not_materialize_original_dense_kernel _________

monkeypatch = <_pytest.monkeypatch.MonkeyPatch object at 0x7f8821a57100>

    def test_exact_builder_does_not_materialize_original_dense_kernel(monkeypatch):
>       D = donor()

research/ocm-prototype/exact_sparse_donor_tests/test_exact.py:51: 
_ _ _ _ _ _ _ _ _ _ _ _ _ _ _ _ _ _ _ _ _ _ _ _ _ _ _ _ _ _ _ _ _ _ _ _ _ _ _ _ 

    def donor():
>       assert importlib.util.find_spec("exact_sparse_donor"), "missing exact sparse donor"
E       AssertionError: missing exact sparse donor
E       assert None
E        +  where None = <function find_spec at 0x7f88223f0040>('exact_sparse_donor')
E        +    where <function find_spec at 0x7f88223f0040> = <module 'importlib.util' (frozen)>.find_spec
E        +      where <module 'importlib.util' (frozen)> = importlib.util

research/ocm-prototype/exact_sparse_donor_tests/test_exact.py:12: AssertionError
__________ test_original_elimination_is_not_used_for_supported_donor ___________

monkeypatch = <_pytest.monkeypatch.MonkeyPatch object at 0x7f8821a576f0>

    def test_original_elimination_is_not_used_for_supported_donor(monkeypatch):
>       D = donor()

research/ocm-prototype/exact_sparse_donor_tests/test_exact.py:60: 
_ _ _ _ _ _ _ _ _ _ _ _ _ _ _ _ _ _ _ _ _ _ _ _ _ _ _ _ _ _ _ _ _ _ _ _ _ _ _ _ 

    def donor():
>       assert importlib.util.find_spec("exact_sparse_donor"), "missing exact sparse donor"
E       AssertionError: missing exact sparse donor
E       assert None
E        +  where None = <function find_spec at 0x7f88223f0040>('exact_sparse_donor')
E        +    where <function find_spec at 0x7f88223f0040> = <module 'importlib.util' (frozen)>.find_spec
E        +      where <module 'importlib.util' (frozen)> = importlib.util

research/ocm-prototype/exact_sparse_donor_tests/test_exact.py:12: AssertionError
_________ test_callable_relevance_falls_back_without_extra_evaluation __________

    def test_callable_relevance_falls_back_without_extra_evaluation():
>       D = donor()

research/ocm-prototype/exact_sparse_donor_tests/test_exact.py:67: 
_ _ _ _ _ _ _ _ _ _ _ _ _ _ _ _ _ _ _ _ _ _ _ _ _ _ _ _ _ _ _ _ _ _ _ _ _ _ _ _ 

    def donor():
>       assert importlib.util.find_spec("exact_sparse_donor"), "missing exact sparse donor"
E       AssertionError: missing exact sparse donor
E       assert None
E        +  where None = <function find_spec at 0x7f88223f0040>('exact_sparse_donor')
E        +    where <function find_spec at 0x7f88223f0040> = <module 'importlib.util' (frozen)>.find_spec
E        +      where <module 'importlib.util' (frozen)> = importlib.util

research/ocm-prototype/exact_sparse_donor_tests/test_exact.py:12: AssertionError
_________________ test_supplied_matrix_keeps_original_contract _________________

    def test_supplied_matrix_keeps_original_contract():
>       D = donor()

research/ocm-prototype/exact_sparse_donor_tests/test_exact.py:83: 
_ _ _ _ _ _ _ _ _ _ _ _ _ _ _ _ _ _ _ _ _ _ _ _ _ _ _ _ _ _ _ _ _ _ _ _ _ _ _ _ 

    def donor():
>       assert importlib.util.find_spec("exact_sparse_donor"), "missing exact sparse donor"
E       AssertionError: missing exact sparse donor
E       assert None
E        +  where None = <function find_spec at 0x7f88223f0040>('exact_sparse_donor')
E        +    where <function find_spec at 0x7f88223f0040> = <module 'importlib.util' (frozen)>.find_spec
E        +      where <module 'importlib.util' (frozen)> = importlib.util

research/ocm-prototype/exact_sparse_donor_tests/test_exact.py:12: AssertionError
_______ test_invalid_inputs_retain_original_exception_type[seed0-alpha0] _______

seed = [Fraction(-1, 1), Fraction(0, 1), Fraction(0, 1), Fraction(0, 1), Fraction(0, 1)]
alpha = Fraction(1, 3)

    @pytest.mark.parametrize("seed,alpha", [([F(-1), F(0), F(0), F(0), F(0)], F(1,3)),
        ([F(2), F(0), F(0), F(0), F(0)], F(1,3)), ([F(1)]*5, F(0)), ([F(0)]*4, F(1,3))])
    def test_invalid_inputs_retain_original_exception_type(seed, alpha):
>       D = donor()

research/ocm-prototype/exact_sparse_donor_tests/test_exact.py:95: 
_ _ _ _ _ _ _ _ _ _ _ _ _ _ _ _ _ _ _ _ _ _ _ _ _ _ _ _ _ _ _ _ _ _ _ _ _ _ _ _ 

    def donor():
>       assert importlib.util.find_spec("exact_sparse_donor"), "missing exact sparse donor"
E       AssertionError: missing exact sparse donor
E       assert None
E        +  where None = <function find_spec at 0x7f88223f0040>('exact_sparse_donor')
E        +    where <function find_spec at 0x7f88223f0040> = <module 'importlib.util' (frozen)>.find_spec
E        +      where <module 'importlib.util' (frozen)> = importlib.util

research/ocm-prototype/exact_sparse_donor_tests/test_exact.py:12: AssertionError
_______ test_invalid_inputs_retain_original_exception_type[seed1-alpha1] _______

seed = [Fraction(2, 1), Fraction(0, 1), Fraction(0, 1), Fraction(0, 1), Fraction(0, 1)]
alpha = Fraction(1, 3)

    @pytest.mark.parametrize("seed,alpha", [([F(-1), F(0), F(0), F(0), F(0)], F(1,3)),
        ([F(2), F(0), F(0), F(0), F(0)], F(1,3)), ([F(1)]*5, F(0)), ([F(0)]*4, F(1,3))])
    def test_invalid_inputs_retain_original_exception_type(seed, alpha):
>       D = donor()

research/ocm-prototype/exact_sparse_donor_tests/test_exact.py:95: 
_ _ _ _ _ _ _ _ _ _ _ _ _ _ _ _ _ _ _ _ _ _ _ _ _ _ _ _ _ _ _ _ _ _ _ _ _ _ _ _ 

    def donor():
>       assert importlib.util.find_spec("exact_sparse_donor"), "missing exact sparse donor"
E       AssertionError: missing exact sparse donor
E       assert None
E        +  where None = <function find_spec at 0x7f88223f0040>('exact_sparse_donor')
E        +    where <function find_spec at 0x7f88223f0040> = <module 'importlib.util' (frozen)>.find_spec
E        +      where <module 'importlib.util' (frozen)> = importlib.util

research/ocm-prototype/exact_sparse_donor_tests/test_exact.py:12: AssertionError
_______ test_invalid_inputs_retain_original_exception_type[seed2-alpha2] _______

seed = [Fraction(1, 1), Fraction(1, 1), Fraction(1, 1), Fraction(1, 1), Fraction(1, 1)]
alpha = Fraction(0, 1)

    @pytest.mark.parametrize("seed,alpha", [([F(-1), F(0), F(0), F(0), F(0)], F(1,3)),
        ([F(2), F(0), F(0), F(0), F(0)], F(1,3)), ([F(1)]*5, F(0)), ([F(0)]*4, F(1,3))])
    def test_invalid_inputs_retain_original_exception_type(seed, alpha):
>       D = donor()

research/ocm-prototype/exact_sparse_donor_tests/test_exact.py:95: 
_ _ _ _ _ _ _ _ _ _ _ _ _ _ _ _ _ _ _ _ _ _ _ _ _ _ _ _ _ _ _ _ _ _ _ _ _ _ _ _ 

    def donor():
>       assert importlib.util.find_spec("exact_sparse_donor"), "missing exact sparse donor"
E       AssertionError: missing exact sparse donor
E       assert None
E        +  where None = <function find_spec at 0x7f88223f0040>('exact_sparse_donor')
E        +    where <function find_spec at 0x7f88223f0040> = <module 'importlib.util' (frozen)>.find_spec
E        +      where <module 'importlib.util' (frozen)> = importlib.util

research/ocm-prototype/exact_sparse_donor_tests/test_exact.py:12: AssertionError
_______ test_invalid_inputs_retain_original_exception_type[seed3-alpha3] _______

seed = [Fraction(0, 1), Fraction(0, 1), Fraction(0, 1), Fraction(0, 1)]
alpha = Fraction(1, 3)

    @pytest.mark.parametrize("seed,alpha", [([F(-1), F(0), F(0), F(0), F(0)], F(1,3)),
        ([F(2), F(0), F(0), F(0), F(0)], F(1,3)), ([F(1)]*5, F(0)), ([F(0)]*4, F(1,3))])
    def test_invalid_inputs_retain_original_exception_type(seed, alpha):
>       D = donor()

research/ocm-prototype/exact_sparse_donor_tests/test_exact.py:95: 
_ _ _ _ _ _ _ _ _ _ _ _ _ _ _ _ _ _ _ _ _ _ _ _ _ _ _ _ _ _ _ _ _ _ _ _ _ _ _ _ 

    def donor():
>       assert importlib.util.find_spec("exact_sparse_donor"), "missing exact sparse donor"
E       AssertionError: missing exact sparse donor
E       assert None
E        +  where None = <function find_spec at 0x7f88223f0040>('exact_sparse_donor')
E        +    where <function find_spec at 0x7f88223f0040> = <module 'importlib.util' (frozen)>.find_spec
E        +      where <module 'importlib.util' (frozen)> = importlib.util

research/ocm-prototype/exact_sparse_donor_tests/test_exact.py:12: AssertionError
__________________ test_zero_seed_and_alpha_one[seed0-alpha0] __________________

seed = [Fraction(0, 1), Fraction(0, 1), Fraction(0, 1), Fraction(0, 1), Fraction(0, 1)]
alpha = Fraction(1, 3)

    @pytest.mark.parametrize("seed,alpha", [([F(0)]*5, F(1,3)), ([F(1),F(0),F(0),F(0),F(0)], F(1))])
    def test_zero_seed_and_alpha_one(seed, alpha):
>       D = donor()

research/ocm-prototype/exact_sparse_donor_tests/test_exact.py:104: 
_ _ _ _ _ _ _ _ _ _ _ _ _ _ _ _ _ _ _ _ _ _ _ _ _ _ _ _ _ _ _ _ _ _ _ _ _ _ _ _ 

    def donor():
>       assert importlib.util.find_spec("exact_sparse_donor"), "missing exact sparse donor"
E       AssertionError: missing exact sparse donor
E       assert None
E        +  where None = <function find_spec at 0x7f88223f0040>('exact_sparse_donor')
E        +    where <function find_spec at 0x7f88223f0040> = <module 'importlib.util' (frozen)>.find_spec
E        +      where <module 'importlib.util' (frozen)> = importlib.util

research/ocm-prototype/exact_sparse_donor_tests/test_exact.py:12: AssertionError
__________________ test_zero_seed_and_alpha_one[seed1-alpha1] __________________

seed = [Fraction(1, 1), Fraction(0, 1), Fraction(0, 1), Fraction(0, 1), Fraction(0, 1)]
alpha = Fraction(1, 1)

    @pytest.mark.parametrize("seed,alpha", [([F(0)]*5, F(1,3)), ([F(1),F(0),F(0),F(0),F(0)], F(1))])
    def test_zero_seed_and_alpha_one(seed, alpha):
>       D = donor()

research/ocm-prototype/exact_sparse_donor_tests/test_exact.py:104: 
_ _ _ _ _ _ _ _ _ _ _ _ _ _ _ _ _ _ _ _ _ _ _ _ _ _ _ _ _ _ _ _ _ _ _ _ _ _ _ _ 

    def donor():
>       assert importlib.util.find_spec("exact_sparse_donor"), "missing exact sparse donor"
E       AssertionError: missing exact sparse donor
E       assert None
E        +  where None = <function find_spec at 0x7f88223f0040>('exact_sparse_donor')
E        +    where <function find_spec at 0x7f88223f0040> = <module 'importlib.util' (frozen)>.find_spec
E        +      where <module 'importlib.util' (frozen)> = importlib.util

research/ocm-prototype/exact_sparse_donor_tests/test_exact.py:12: AssertionError
____________________ test_empty_field_retains_empty_result _____________________

    def test_empty_field_retains_empty_result():
>       D = donor()

research/ocm-prototype/exact_sparse_donor_tests/test_exact.py:109: 
_ _ _ _ _ _ _ _ _ _ _ _ _ _ _ _ _ _ _ _ _ _ _ _ _ _ _ _ _ _ _ _ _ _ _ _ _ _ _ _ 

    def donor():
>       assert importlib.util.find_spec("exact_sparse_donor"), "missing exact sparse donor"
E       AssertionError: missing exact sparse donor
E       assert None
E        +  where None = <function find_spec at 0x7f88223f0040>('exact_sparse_donor')
E        +    where <function find_spec at 0x7f88223f0040> = <module 'importlib.util' (frozen)>.find_spec
E        +      where <module 'importlib.util' (frozen)> = importlib.util

research/ocm-prototype/exact_sparse_donor_tests/test_exact.py:12: AssertionError
_ test_checker_accepts_real_result_and_rejects_changed_missing_or_float_output _

    def test_checker_accepts_real_result_and_rejects_changed_missing_or_float_output():
>       D = donor()

research/ocm-prototype/exact_sparse_donor_tests/test_exact.py:115: 
_ _ _ _ _ _ _ _ _ _ _ _ _ _ _ _ _ _ _ _ _ _ _ _ _ _ _ _ _ _ _ _ _ _ _ _ _ _ _ _ 

    def donor():
>       assert importlib.util.find_spec("exact_sparse_donor"), "missing exact sparse donor"
E       AssertionError: missing exact sparse donor
E       assert None
E        +  where None = <function find_spec at 0x7f88223f0040>('exact_sparse_donor')
E        +    where <function find_spec at 0x7f88223f0040> = <module 'importlib.util' (frozen)>.find_spec
E        +      where <module 'importlib.util' (frozen)> = importlib.util

research/ocm-prototype/exact_sparse_donor_tests/test_exact.py:12: AssertionError
- generated xml file: /home/billy/orion-director-work/20260906/exact-sparse-controls/red.xml -
=========================== short test summary info ============================
FAILED research/ocm-prototype/exact_sparse_donor_tests/test_consumer.py::test_real_consumer_and_all_four_channels_match[revoked0-UNIFORM]
FAILED research/ocm-prototype/exact_sparse_donor_tests/test_consumer.py::test_real_consumer_and_all_four_channels_match[revoked0-PROPAGATED]
FAILED research/ocm-prototype/exact_sparse_donor_tests/test_consumer.py::test_real_consumer_and_all_four_channels_match[revoked1-UNIFORM]
FAILED research/ocm-prototype/exact_sparse_donor_tests/test_consumer.py::test_real_consumer_and_all_four_channels_match[revoked1-PROPAGATED]
FAILED research/ocm-prototype/exact_sparse_donor_tests/test_consumer.py::test_real_consumer_and_all_four_channels_match[revoked2-UNIFORM]
FAILED research/ocm-prototype/exact_sparse_donor_tests/test_consumer.py::test_real_consumer_and_all_four_channels_match[revoked2-PROPAGATED]
FAILED research/ocm-prototype/exact_sparse_donor_tests/test_consumer.py::test_real_consumer_and_all_four_channels_match[revoked3-UNIFORM]
FAILED research/ocm-prototype/exact_sparse_donor_tests/test_consumer.py::test_real_consumer_and_all_four_channels_match[revoked3-PROPAGATED]
FAILED research/ocm-prototype/exact_sparse_donor_tests/test_consumer.py::test_real_consumer_and_all_four_channels_match[revoked4-UNIFORM]
FAILED research/ocm-prototype/exact_sparse_donor_tests/test_consumer.py::test_real_consumer_and_all_four_channels_match[revoked4-PROPAGATED]
FAILED research/ocm-prototype/exact_sparse_donor_tests/test_consumer.py::test_real_consumer_and_all_four_channels_match[revoked5-UNIFORM]
FAILED research/ocm-prototype/exact_sparse_donor_tests/test_consumer.py::test_real_consumer_and_all_four_channels_match[revoked5-PROPAGATED]
FAILED research/ocm-prototype/exact_sparse_donor_tests/test_consumer.py::test_authority_refusal_is_unchanged
FAILED research/ocm-prototype/exact_sparse_donor_tests/test_exact.py::test_sparse_coefficients_and_full_values_match_original[None-revoked0-WARRANTED]
FAILED research/ocm-prototype/exact_sparse_donor_tests/test_exact.py::test_sparse_coefficients_and_full_values_match_original[None-revoked0-EXPLORATORY]
FAILED research/ocm-prototype/exact_sparse_donor_tests/test_exact.py::test_sparse_coefficients_and_full_values_match_original[None-revoked1-WARRANTED]
FAILED research/ocm-prototype/exact_sparse_donor_tests/test_exact.py::test_sparse_coefficients_and_full_values_match_original[None-revoked1-EXPLORATORY]
FAILED research/ocm-prototype/exact_sparse_donor_tests/test_exact.py::test_sparse_coefficients_and_full_values_match_original[None-revoked2-WARRANTED]
FAILED research/ocm-prototype/exact_sparse_donor_tests/test_exact.py::test_sparse_coefficients_and_full_values_match_original[None-revoked2-EXPLORATORY]
FAILED research/ocm-prototype/exact_sparse_donor_tests/test_exact.py::test_sparse_coefficients_and_full_values_match_original[None-revoked3-WARRANTED]
FAILED research/ocm-prototype/exact_sparse_donor_tests/test_exact.py::test_sparse_coefficients_and_full_values_match_original[None-revoked3-EXPLORATORY]
FAILED research/ocm-prototype/exact_sparse_donor_tests/test_exact.py::test_sparse_coefficients_and_full_values_match_original[None-revoked4-WARRANTED]
FAILED research/ocm-prototype/exact_sparse_donor_tests/test_exact.py::test_sparse_coefficients_and_full_values_match_original[None-revoked4-EXPLORATORY]
FAILED research/ocm-prototype/exact_sparse_donor_tests/test_exact.py::test_sparse_coefficients_and_full_values_match_original[relevance1-revoked0-WARRANTED]
FAILED research/ocm-prototype/exact_sparse_donor_tests/test_exact.py::test_sparse_coefficients_and_full_values_match_original[relevance1-revoked0-EXPLORATORY]
FAILED research/ocm-prototype/exact_sparse_donor_tests/test_exact.py::test_sparse_coefficients_and_full_values_match_original[relevance1-revoked1-WARRANTED]
FAILED research/ocm-prototype/exact_sparse_donor_tests/test_exact.py::test_sparse_coefficients_and_full_values_match_original[relevance1-revoked1-EXPLORATORY]
FAILED research/ocm-prototype/exact_sparse_donor_tests/test_exact.py::test_sparse_coefficients_and_full_values_match_original[relevance1-revoked2-WARRANTED]
FAILED research/ocm-prototype/exact_sparse_donor_tests/test_exact.py::test_sparse_coefficients_and_full_values_match_original[relevance1-revoked2-EXPLORATORY]
FAILED research/ocm-prototype/exact_sparse_donor_tests/test_exact.py::test_sparse_coefficients_and_full_values_match_original[relevance1-revoked3-WARRANTED]
FAILED research/ocm-prototype/exact_sparse_donor_tests/test_exact.py::test_sparse_coefficients_and_full_values_match_original[relevance1-revoked3-EXPLORATORY]
FAILED research/ocm-prototype/exact_sparse_donor_tests/test_exact.py::test_sparse_coefficients_and_full_values_match_original[relevance1-revoked4-WARRANTED]
FAILED research/ocm-prototype/exact_sparse_donor_tests/test_exact.py::test_sparse_coefficients_and_full_values_match_original[relevance1-revoked4-EXPLORATORY]
FAILED research/ocm-prototype/exact_sparse_donor_tests/test_exact.py::test_exact_builder_does_not_materialize_original_dense_kernel
FAILED research/ocm-prototype/exact_sparse_donor_tests/test_exact.py::test_original_elimination_is_not_used_for_supported_donor
FAILED research/ocm-prototype/exact_sparse_donor_tests/test_exact.py::test_callable_relevance_falls_back_without_extra_evaluation
FAILED research/ocm-prototype/exact_sparse_donor_tests/test_exact.py::test_supplied_matrix_keeps_original_contract
FAILED research/ocm-prototype/exact_sparse_donor_tests/test_exact.py::test_invalid_inputs_retain_original_exception_type[seed0-alpha0]
FAILED research/ocm-prototype/exact_sparse_donor_tests/test_exact.py::test_invalid_inputs_retain_original_exception_type[seed1-alpha1]
FAILED research/ocm-prototype/exact_sparse_donor_tests/test_exact.py::test_invalid_inputs_retain_original_exception_type[seed2-alpha2]
FAILED research/ocm-prototype/exact_sparse_donor_tests/test_exact.py::test_invalid_inputs_retain_original_exception_type[seed3-alpha3]
FAILED research/ocm-prototype/exact_sparse_donor_tests/test_exact.py::test_zero_seed_and_alpha_one[seed0-alpha0]
FAILED research/ocm-prototype/exact_sparse_donor_tests/test_exact.py::test_zero_seed_and_alpha_one[seed1-alpha1]
FAILED research/ocm-prototype/exact_sparse_donor_tests/test_exact.py::test_empty_field_retains_empty_result
FAILED research/ocm-prototype/exact_sparse_donor_tests/test_exact.py::test_checker_accepts_real_result_and_rejects_changed_missing_or_float_output
45 failed in 0.20s
