{
  "data_processing": {
    "checks": 20,
    "strict": 12
  },
  "determinism": "exhaustive/no-rng/exact-rational",
  "hypergraph_cut_theorem": {
    "all_equal": true,
    "graph_only_counterexample": {
      "hypergraph_chromatic": 2,
      "minimal_conflict_sizes": [
        3
      ],
      "pairwise_graph_chromatic": 1,
      "protocol_messages": 2
    },
    "task_families_checked": 117649
  },
  "information_computation_separation": [
    {
      "final_cut_bits_first": 1,
      "final_cut_bits_or": 1,
      "n": 2,
      "query_depth_first": 1,
      "query_depth_or": 2
    },
    {
      "final_cut_bits_first": 1,
      "final_cut_bits_or": 1,
      "n": 3,
      "query_depth_first": 1,
      "query_depth_or": 3
    },
    {
      "final_cut_bits_first": 1,
      "final_cut_bits_or": 1,
      "n": 4,
      "query_depth_first": 1,
      "query_depth_or": 4
    },
    {
      "final_cut_bits_first": 1,
      "final_cut_bits_or": 1,
      "n": 5,
      "query_depth_first": 1,
      "query_depth_or": 5
    },
    {
      "final_cut_bits_first": 1,
      "final_cut_bits_or": 1,
      "n": 6,
      "query_depth_first": 1,
      "query_depth_or": 6
    },
    {
      "final_cut_bits_first": 1,
      "final_cut_bits_or": 1,
      "n": 7,
      "query_depth_first": 1,
      "query_depth_or": 7
    }
  ],
  "terminal": "GRAND_GMI_SEMANTIC_CUT_TRANCHE_ALL_GREEN"
}
