F..FFFF.                                                                 [100%]
=================================== FAILURES ===================================
____ test_full_lifecycle_consumes_two_real_solve_routes_and_no_extra_checks ____

case = (PosixPath('/tmp/pytest-of-billy/pytest-253/test_full_lifecycle_consumes_t0/manifest.json'), '3f9f53a3a84449bf10912ea3...ifecycle_consumes_t0/run'), [], PosixPath('/tmp/pytest-of-billy/pytest-253/test_full_lifecycle_consumes_t0/source.py'))

    def test_full_lifecycle_consumes_two_real_solve_routes_and_no_extra_checks(case):
        manifest, digest, out, calls, _ = case
        result = L.run(manifest, digest, out)
>       assert result["terminal"] == "PROOF_RUNTIME_LIFECYCLE_COMMISSIONING_PASS", result
E       AssertionError: {'bytes_before_result_write': 176077, 'cost_scope': 'Outer wall includes freeze, two cold sessions, solve/check/admiss...outer costs.', 'cpu_s': None, 'freeze_sha256': '87271b9a1384cb1bd70ed762da12d1de486cd20129f3de5009b094bf2d170a20', ...}
E       assert 'CANNOT_CHECK' == 'PROOF_RUNTIM...SSIONING_PASS'
E         
E         - PROOF_RUNTIME_LIFECYCLE_COMMISSIONING_PASS
E         + CANNOT_CHECK

research/proof-runtime-v1/test_lifecycle_contract.py:32: AssertionError
_______________ test_wrong_status_cannot_create_success_receipt ________________

case = (PosixPath('/tmp/pytest-of-billy/pytest-253/test_wrong_status_cannot_creat0/manifest.json'), '6fa04e357b14bf9f22a47cc7...status_cannot_creat0/run'), [], PosixPath('/tmp/pytest-of-billy/pytest-253/test_wrong_status_cannot_creat0/source.py'))
monkeypatch = <_pytest.monkeypatch.MonkeyPatch object at 0x7f0607494bd0>

    def test_wrong_status_cannot_create_success_receipt(case, monkeypatch):
        manifest, digest, out, calls, _ = case
        original = L.ProofRuntimeView.proof_status
        def wrong(self):
            result = original(self)
            if result["terminal"] == "LIVE": result["terminal"] = "OPEN"
            return result
        monkeypatch.setattr(L.ProofRuntimeView, "proof_status", wrong)
        r = L.run(manifest, digest, out)
>       assert r["terminal"] == "CANNOT_CHECK" and [c[0] for c in calls] == ["worker", "checker"]
E       AssertionError: assert ('CANNOT_CHECK' == 'CANNOT_CHECK'
E         
E           CANNOT_CHECK and [] == ['worker', 'checker']
E         
E         Right contains 2 more items, first extra item: 'worker'
E         Use -v to get more diff)

research/proof-runtime-v1/test_lifecycle_contract.py:74: AssertionError
_________ test_post_dispatch_source_drift_preserves_returned_raw_value _________

case = (PosixPath('/tmp/pytest-of-billy/pytest-253/test_post_dispatch_source_drif0/manifest.json'), 'b202b1f821845c53dd41c867...ispatch_source_drif0/run'), [], PosixPath('/tmp/pytest-of-billy/pytest-253/test_post_dispatch_source_drif0/source.py'))
monkeypatch = <_pytest.monkeypatch.MonkeyPatch object at 0x7f060730df50>

    def test_post_dispatch_source_drift_preserves_returned_raw_value(case, monkeypatch):
        manifest, digest, out, calls, sentinel = case
        original = L.ProofRuntimeView.attempt
        def drift(self):
            result = original(self); sentinel.write_text("changed = True\n"); return result
        monkeypatch.setattr(L.ProofRuntimeView, "attempt", drift)
        r = L.run(manifest, digest, out)
>       assert r["terminal"] == "CANNOT_CHECK" and len(calls) == 2
E       AssertionError: assert ('CANNOT_CHECK' == 'CANNOT_CHECK'
E         
E           CANNOT_CHECK and 0 == 2)
E        +  where 0 = len([])

research/proof-runtime-v1/test_lifecycle_contract.py:85: AssertionError
_______________ test_status_cannot_dispatch_or_mint_even_if_live _______________

case = (PosixPath('/tmp/pytest-of-billy/pytest-253/test_status_cannot_dispatch_or0/manifest.json'), '99b073c99746bddda5d79b4f..._cannot_dispatch_or0/run'), [], PosixPath('/tmp/pytest-of-billy/pytest-253/test_status_cannot_dispatch_or0/source.py'))
monkeypatch = <_pytest.monkeypatch.MonkeyPatch object at 0x7f06074ca190>

    def test_status_cannot_dispatch_or_mint_even_if_live(case, monkeypatch):
        manifest, digest, out, calls, _ = case
        original = L.ProofRuntimeView.proof_status
        def mint(self):
            if self.routes(): self.rt.admit_evidence({"fake": True}, "instruction", "status")
            return original(self)
        monkeypatch.setattr(L.ProofRuntimeView, "proof_status", mint)
        r = L.run(manifest, digest, out)
>       assert r["terminal"] == "CANNOT_CHECK" and len(calls) == 2
E       AssertionError: assert ('CANNOT_CHECK' == 'CANNOT_CHECK'
E         
E           CANNOT_CHECK and 0 == 2)
E        +  where 0 = len([])

research/proof-runtime-v1/test_lifecycle_contract.py:98: AssertionError
__________________ test_nonzero_or_bound_replay_never_passes ___________________

case = (PosixPath('/tmp/pytest-of-billy/pytest-253/test_nonzero_or_bound_replay_n0/manifest.json'), '2ec913f488b2a76515b5053b...o_or_bound_replay_n0/run'), [], PosixPath('/tmp/pytest-of-billy/pytest-253/test_nonzero_or_bound_replay_n0/source.py'))
monkeypatch = <_pytest.monkeypatch.MonkeyPatch object at 0x7f060746b650>

    def test_nonzero_or_bound_replay_never_passes(case, monkeypatch):
        manifest, digest, out, calls, _ = case
        monkeypatch.setattr(L, "replay", lambda *args: {"returncode": 1, "terminal": "COMPLETED", "result": {
            "status": {"terminal": "LIVE"}, "session_bound": False, "host_operators": [],
            "executable_operators": [], "read_only": True}})
        r = L.run(manifest, digest, out)
>       assert r["terminal"] == "CANNOT_CHECK" and len(calls) == 2
E       AssertionError: assert ('CANNOT_CHECK' == 'CANNOT_CHECK'
E         
E           CANNOT_CHECK and 0 == 2)
E        +  where 0 = len([])

research/proof-runtime-v1/test_lifecycle_contract.py:108: AssertionError
=========================== short test summary info ============================
FAILED research/proof-runtime-v1/test_lifecycle_contract.py::test_full_lifecycle_consumes_two_real_solve_routes_and_no_extra_checks
FAILED research/proof-runtime-v1/test_lifecycle_contract.py::test_wrong_status_cannot_create_success_receipt
FAILED research/proof-runtime-v1/test_lifecycle_contract.py::test_post_dispatch_source_drift_preserves_returned_raw_value
FAILED research/proof-runtime-v1/test_lifecycle_contract.py::test_status_cannot_dispatch_or_mint_even_if_live
FAILED research/proof-runtime-v1/test_lifecycle_contract.py::test_nonzero_or_bound_replay_never_passes
5 failed, 3 passed in 0.78s
