FFFFFFFFFFFFFFFF                                                         [100%]
=================================== FAILURES ===================================
___ test_actual_sv_full_vectors_and_complete_consumer_match_informed_parent ____

    def test_actual_sv_full_vectors_and_complete_consumer_match_informed_parent():
>       D, p, actual = run()

research/ocm-prototype/representation_donor_tests/test_adapter.py:29: 
_ _ _ _ _ _ _ _ _ _ _ _ _ _ _ _ _ _ _ _ _ _ _ _ _ _ _ _ _ _ _ _ _ _ _ _ _ _ _ _ 
research/ocm-prototype/representation_donor_tests/test_adapter.py:23: in run
    D = module("representation_donor")
_ _ _ _ _ _ _ _ _ _ _ _ _ _ _ _ _ _ _ _ _ _ _ _ _ _ _ _ _ _ _ _ _ _ _ _ _ _ _ _ 

name = 'representation_donor'

    def module(name):
        path = PROTOTYPE / (name + ".py")
>       assert path.is_file(), f"Missing donor-absorption implementation: {name}"
E       AssertionError: Missing donor-absorption implementation: representation_donor
E       assert False
E        +  where False = is_file()
E        +    where is_file = PosixPath('/home/billy/orion-director-work/20260906/ocm-representation-donor/research/ocm-prototype/representation_donor.py').is_file

research/ocm-prototype/representation_donor_tests/test_adapter.py:14: AssertionError
_ test_incoming_edge_preserves_lumpability_but_requires_full_reconstruction_fallback _

    def test_incoming_edge_preserves_lumpability_but_requires_full_reconstruction_fallback():
>       D, p, actual = run("incoming")

research/ocm-prototype/representation_donor_tests/test_adapter.py:49: 
_ _ _ _ _ _ _ _ _ _ _ _ _ _ _ _ _ _ _ _ _ _ _ _ _ _ _ _ _ _ _ _ _ _ _ _ _ _ _ _ 
research/ocm-prototype/representation_donor_tests/test_adapter.py:23: in run
    D = module("representation_donor")
_ _ _ _ _ _ _ _ _ _ _ _ _ _ _ _ _ _ _ _ _ _ _ _ _ _ _ _ _ _ _ _ _ _ _ _ _ _ _ _ 

name = 'representation_donor'

    def module(name):
        path = PROTOTYPE / (name + ".py")
>       assert path.is_file(), f"Missing donor-absorption implementation: {name}"
E       AssertionError: Missing donor-absorption implementation: representation_donor
E       assert False
E        +  where False = is_file()
E        +    where is_file = PosixPath('/home/billy/orion-director-work/20260906/ocm-representation-donor/research/ocm-prototype/representation_donor.py').is_file

research/ocm-prototype/representation_donor_tests/test_adapter.py:14: AssertionError
_____________ test_mixed_warrants_fail_the_whole_registered_family _____________

    def test_mixed_warrants_fail_the_whole_registered_family():
>       D, p, actual = run("mixed_warrant")

research/ocm-prototype/representation_donor_tests/test_adapter.py:57: 
_ _ _ _ _ _ _ _ _ _ _ _ _ _ _ _ _ _ _ _ _ _ _ _ _ _ _ _ _ _ _ _ _ _ _ _ _ _ _ _ 
research/ocm-prototype/representation_donor_tests/test_adapter.py:23: in run
    D = module("representation_donor")
_ _ _ _ _ _ _ _ _ _ _ _ _ _ _ _ _ _ _ _ _ _ _ _ _ _ _ _ _ _ _ _ _ _ _ _ _ _ _ _ 

name = 'representation_donor'

    def module(name):
        path = PROTOTYPE / (name + ".py")
>       assert path.is_file(), f"Missing donor-absorption implementation: {name}"
E       AssertionError: Missing donor-absorption implementation: representation_donor
E       assert False
E        +  where False = is_file()
E        +    where is_file = PosixPath('/home/billy/orion-director-work/20260906/ocm-representation-donor/research/ocm-prototype/representation_donor.py').is_file

research/ocm-prototype/representation_donor_tests/test_adapter.py:14: AssertionError
______ test_missing_state_cannot_be_relabelled_as_negative_or_certificate ______

    def test_missing_state_cannot_be_relabelled_as_negative_or_certificate():
>       _, _, actual = run(available_states=(frozenset(),))

research/ocm-prototype/representation_donor_tests/test_adapter.py:64: 
_ _ _ _ _ _ _ _ _ _ _ _ _ _ _ _ _ _ _ _ _ _ _ _ _ _ _ _ _ _ _ _ _ _ _ _ _ _ _ _ 
research/ocm-prototype/representation_donor_tests/test_adapter.py:23: in run
    D = module("representation_donor")
_ _ _ _ _ _ _ _ _ _ _ _ _ _ _ _ _ _ _ _ _ _ _ _ _ _ _ _ _ _ _ _ _ _ _ _ _ _ _ _ 

name = 'representation_donor'

    def module(name):
        path = PROTOTYPE / (name + ".py")
>       assert path.is_file(), f"Missing donor-absorption implementation: {name}"
E       AssertionError: Missing donor-absorption implementation: representation_donor
E       assert False
E        +  where False = is_file()
E        +    where is_file = PosixPath('/home/billy/orion-director-work/20260906/ocm-representation-donor/research/ocm-prototype/representation_donor.py').is_file

research/ocm-prototype/representation_donor_tests/test_adapter.py:14: AssertionError
_ test_alternative_support_unknown_withdrawal_and_reinstatement_snapshots[revoked0] _

revoked = ()

    @pytest.mark.parametrize("revoked", [(), (1,), ("backup",), (1,"backup"), (2,), (3,), ("irrelevant",), ()])
    def test_alternative_support_unknown_withdrawal_and_reinstatement_snapshots(revoked):
>       D, p, actual = run("alternative", revoked=revoked)

research/ocm-prototype/representation_donor_tests/test_adapter.py:71: 
_ _ _ _ _ _ _ _ _ _ _ _ _ _ _ _ _ _ _ _ _ _ _ _ _ _ _ _ _ _ _ _ _ _ _ _ _ _ _ _ 
research/ocm-prototype/representation_donor_tests/test_adapter.py:23: in run
    D = module("representation_donor")
_ _ _ _ _ _ _ _ _ _ _ _ _ _ _ _ _ _ _ _ _ _ _ _ _ _ _ _ _ _ _ _ _ _ _ _ _ _ _ _ 

name = 'representation_donor'

    def module(name):
        path = PROTOTYPE / (name + ".py")
>       assert path.is_file(), f"Missing donor-absorption implementation: {name}"
E       AssertionError: Missing donor-absorption implementation: representation_donor
E       assert False
E        +  where False = is_file()
E        +    where is_file = PosixPath('/home/billy/orion-director-work/20260906/ocm-representation-donor/research/ocm-prototype/representation_donor.py').is_file

research/ocm-prototype/representation_donor_tests/test_adapter.py:14: AssertionError
_ test_alternative_support_unknown_withdrawal_and_reinstatement_snapshots[revoked1] _

revoked = (1,)

    @pytest.mark.parametrize("revoked", [(), (1,), ("backup",), (1,"backup"), (2,), (3,), ("irrelevant",), ()])
    def test_alternative_support_unknown_withdrawal_and_reinstatement_snapshots(revoked):
>       D, p, actual = run("alternative", revoked=revoked)

research/ocm-prototype/representation_donor_tests/test_adapter.py:71: 
_ _ _ _ _ _ _ _ _ _ _ _ _ _ _ _ _ _ _ _ _ _ _ _ _ _ _ _ _ _ _ _ _ _ _ _ _ _ _ _ 
research/ocm-prototype/representation_donor_tests/test_adapter.py:23: in run
    D = module("representation_donor")
_ _ _ _ _ _ _ _ _ _ _ _ _ _ _ _ _ _ _ _ _ _ _ _ _ _ _ _ _ _ _ _ _ _ _ _ _ _ _ _ 

name = 'representation_donor'

    def module(name):
        path = PROTOTYPE / (name + ".py")
>       assert path.is_file(), f"Missing donor-absorption implementation: {name}"
E       AssertionError: Missing donor-absorption implementation: representation_donor
E       assert False
E        +  where False = is_file()
E        +    where is_file = PosixPath('/home/billy/orion-director-work/20260906/ocm-representation-donor/research/ocm-prototype/representation_donor.py').is_file

research/ocm-prototype/representation_donor_tests/test_adapter.py:14: AssertionError
_ test_alternative_support_unknown_withdrawal_and_reinstatement_snapshots[revoked2] _

revoked = ('backup',)

    @pytest.mark.parametrize("revoked", [(), (1,), ("backup",), (1,"backup"), (2,), (3,), ("irrelevant",), ()])
    def test_alternative_support_unknown_withdrawal_and_reinstatement_snapshots(revoked):
>       D, p, actual = run("alternative", revoked=revoked)

research/ocm-prototype/representation_donor_tests/test_adapter.py:71: 
_ _ _ _ _ _ _ _ _ _ _ _ _ _ _ _ _ _ _ _ _ _ _ _ _ _ _ _ _ _ _ _ _ _ _ _ _ _ _ _ 
research/ocm-prototype/representation_donor_tests/test_adapter.py:23: in run
    D = module("representation_donor")
_ _ _ _ _ _ _ _ _ _ _ _ _ _ _ _ _ _ _ _ _ _ _ _ _ _ _ _ _ _ _ _ _ _ _ _ _ _ _ _ 

name = 'representation_donor'

    def module(name):
        path = PROTOTYPE / (name + ".py")
>       assert path.is_file(), f"Missing donor-absorption implementation: {name}"
E       AssertionError: Missing donor-absorption implementation: representation_donor
E       assert False
E        +  where False = is_file()
E        +    where is_file = PosixPath('/home/billy/orion-director-work/20260906/ocm-representation-donor/research/ocm-prototype/representation_donor.py').is_file

research/ocm-prototype/representation_donor_tests/test_adapter.py:14: AssertionError
_ test_alternative_support_unknown_withdrawal_and_reinstatement_snapshots[revoked3] _

revoked = (1, 'backup')

    @pytest.mark.parametrize("revoked", [(), (1,), ("backup",), (1,"backup"), (2,), (3,), ("irrelevant",), ()])
    def test_alternative_support_unknown_withdrawal_and_reinstatement_snapshots(revoked):
>       D, p, actual = run("alternative", revoked=revoked)

research/ocm-prototype/representation_donor_tests/test_adapter.py:71: 
_ _ _ _ _ _ _ _ _ _ _ _ _ _ _ _ _ _ _ _ _ _ _ _ _ _ _ _ _ _ _ _ _ _ _ _ _ _ _ _ 
research/ocm-prototype/representation_donor_tests/test_adapter.py:23: in run
    D = module("representation_donor")
_ _ _ _ _ _ _ _ _ _ _ _ _ _ _ _ _ _ _ _ _ _ _ _ _ _ _ _ _ _ _ _ _ _ _ _ _ _ _ _ 

name = 'representation_donor'

    def module(name):
        path = PROTOTYPE / (name + ".py")
>       assert path.is_file(), f"Missing donor-absorption implementation: {name}"
E       AssertionError: Missing donor-absorption implementation: representation_donor
E       assert False
E        +  where False = is_file()
E        +    where is_file = PosixPath('/home/billy/orion-director-work/20260906/ocm-representation-donor/research/ocm-prototype/representation_donor.py').is_file

research/ocm-prototype/representation_donor_tests/test_adapter.py:14: AssertionError
_ test_alternative_support_unknown_withdrawal_and_reinstatement_snapshots[revoked4] _

revoked = (2,)

    @pytest.mark.parametrize("revoked", [(), (1,), ("backup",), (1,"backup"), (2,), (3,), ("irrelevant",), ()])
    def test_alternative_support_unknown_withdrawal_and_reinstatement_snapshots(revoked):
>       D, p, actual = run("alternative", revoked=revoked)

research/ocm-prototype/representation_donor_tests/test_adapter.py:71: 
_ _ _ _ _ _ _ _ _ _ _ _ _ _ _ _ _ _ _ _ _ _ _ _ _ _ _ _ _ _ _ _ _ _ _ _ _ _ _ _ 
research/ocm-prototype/representation_donor_tests/test_adapter.py:23: in run
    D = module("representation_donor")
_ _ _ _ _ _ _ _ _ _ _ _ _ _ _ _ _ _ _ _ _ _ _ _ _ _ _ _ _ _ _ _ _ _ _ _ _ _ _ _ 

name = 'representation_donor'

    def module(name):
        path = PROTOTYPE / (name + ".py")
>       assert path.is_file(), f"Missing donor-absorption implementation: {name}"
E       AssertionError: Missing donor-absorption implementation: representation_donor
E       assert False
E        +  where False = is_file()
E        +    where is_file = PosixPath('/home/billy/orion-director-work/20260906/ocm-representation-donor/research/ocm-prototype/representation_donor.py').is_file

research/ocm-prototype/representation_donor_tests/test_adapter.py:14: AssertionError
_ test_alternative_support_unknown_withdrawal_and_reinstatement_snapshots[revoked5] _

revoked = (3,)

    @pytest.mark.parametrize("revoked", [(), (1,), ("backup",), (1,"backup"), (2,), (3,), ("irrelevant",), ()])
    def test_alternative_support_unknown_withdrawal_and_reinstatement_snapshots(revoked):
>       D, p, actual = run("alternative", revoked=revoked)

research/ocm-prototype/representation_donor_tests/test_adapter.py:71: 
_ _ _ _ _ _ _ _ _ _ _ _ _ _ _ _ _ _ _ _ _ _ _ _ _ _ _ _ _ _ _ _ _ _ _ _ _ _ _ _ 
research/ocm-prototype/representation_donor_tests/test_adapter.py:23: in run
    D = module("representation_donor")
_ _ _ _ _ _ _ _ _ _ _ _ _ _ _ _ _ _ _ _ _ _ _ _ _ _ _ _ _ _ _ _ _ _ _ _ _ _ _ _ 

name = 'representation_donor'

    def module(name):
        path = PROTOTYPE / (name + ".py")
>       assert path.is_file(), f"Missing donor-absorption implementation: {name}"
E       AssertionError: Missing donor-absorption implementation: representation_donor
E       assert False
E        +  where False = is_file()
E        +    where is_file = PosixPath('/home/billy/orion-director-work/20260906/ocm-representation-donor/research/ocm-prototype/representation_donor.py').is_file

research/ocm-prototype/representation_donor_tests/test_adapter.py:14: AssertionError
_ test_alternative_support_unknown_withdrawal_and_reinstatement_snapshots[revoked6] _

revoked = ('irrelevant',)

    @pytest.mark.parametrize("revoked", [(), (1,), ("backup",), (1,"backup"), (2,), (3,), ("irrelevant",), ()])
    def test_alternative_support_unknown_withdrawal_and_reinstatement_snapshots(revoked):
>       D, p, actual = run("alternative", revoked=revoked)

research/ocm-prototype/representation_donor_tests/test_adapter.py:71: 
_ _ _ _ _ _ _ _ _ _ _ _ _ _ _ _ _ _ _ _ _ _ _ _ _ _ _ _ _ _ _ _ _ _ _ _ _ _ _ _ 
research/ocm-prototype/representation_donor_tests/test_adapter.py:23: in run
    D = module("representation_donor")
_ _ _ _ _ _ _ _ _ _ _ _ _ _ _ _ _ _ _ _ _ _ _ _ _ _ _ _ _ _ _ _ _ _ _ _ _ _ _ _ 

name = 'representation_donor'

    def module(name):
        path = PROTOTYPE / (name + ".py")
>       assert path.is_file(), f"Missing donor-absorption implementation: {name}"
E       AssertionError: Missing donor-absorption implementation: representation_donor
E       assert False
E        +  where False = is_file()
E        +    where is_file = PosixPath('/home/billy/orion-director-work/20260906/ocm-representation-donor/research/ocm-prototype/representation_donor.py').is_file

research/ocm-prototype/representation_donor_tests/test_adapter.py:14: AssertionError
_ test_alternative_support_unknown_withdrawal_and_reinstatement_snapshots[revoked7] _

revoked = ()

    @pytest.mark.parametrize("revoked", [(), (1,), ("backup",), (1,"backup"), (2,), (3,), ("irrelevant",), ()])
    def test_alternative_support_unknown_withdrawal_and_reinstatement_snapshots(revoked):
>       D, p, actual = run("alternative", revoked=revoked)

research/ocm-prototype/representation_donor_tests/test_adapter.py:71: 
_ _ _ _ _ _ _ _ _ _ _ _ _ _ _ _ _ _ _ _ _ _ _ _ _ _ _ _ _ _ _ _ _ _ _ _ _ _ _ _ 
research/ocm-prototype/representation_donor_tests/test_adapter.py:23: in run
    D = module("representation_donor")
_ _ _ _ _ _ _ _ _ _ _ _ _ _ _ _ _ _ _ _ _ _ _ _ _ _ _ _ _ _ _ _ _ _ _ _ _ _ _ _ 

name = 'representation_donor'

    def module(name):
        path = PROTOTYPE / (name + ".py")
>       assert path.is_file(), f"Missing donor-absorption implementation: {name}"
E       AssertionError: Missing donor-absorption implementation: representation_donor
E       assert False
E        +  where False = is_file()
E        +    where is_file = PosixPath('/home/billy/orion-director-work/20260906/ocm-representation-donor/research/ocm-prototype/representation_donor.py').is_file

research/ocm-prototype/representation_donor_tests/test_adapter.py:14: AssertionError
_ test_changed_query_config_state_and_unregistered_revocation_cannot_reuse_binding _

    def test_changed_query_config_state_and_unregistered_revocation_cannot_reuse_binding():
        from dataclasses import replace
        from fractions import Fraction
>       D = module("representation_donor")

research/ocm-prototype/representation_donor_tests/test_adapter.py:81: 
_ _ _ _ _ _ _ _ _ _ _ _ _ _ _ _ _ _ _ _ _ _ _ _ _ _ _ _ _ _ _ _ _ _ _ _ _ _ _ _ 

name = 'representation_donor'

    def module(name):
        path = PROTOTYPE / (name + ".py")
>       assert path.is_file(), f"Missing donor-absorption implementation: {name}"
E       AssertionError: Missing donor-absorption implementation: representation_donor
E       assert False
E        +  where False = is_file()
E        +    where is_file = PosixPath('/home/billy/orion-director-work/20260906/ocm-representation-donor/research/ocm-prototype/representation_donor.py').is_file

research/ocm-prototype/representation_donor_tests/test_adapter.py:14: AssertionError
__ test_external_grader_rejects_actual_selected_vector_and_consumer_tampering __

    def test_external_grader_rejects_actual_selected_vector_and_consumer_tampering():
>       D, p, actual = run()

research/ocm-prototype/representation_donor_tests/test_adapter.py:95: 
_ _ _ _ _ _ _ _ _ _ _ _ _ _ _ _ _ _ _ _ _ _ _ _ _ _ _ _ _ _ _ _ _ _ _ _ _ _ _ _ 
research/ocm-prototype/representation_donor_tests/test_adapter.py:23: in run
    D = module("representation_donor")
_ _ _ _ _ _ _ _ _ _ _ _ _ _ _ _ _ _ _ _ _ _ _ _ _ _ _ _ _ _ _ _ _ _ _ _ _ _ _ _ 

name = 'representation_donor'

    def module(name):
        path = PROTOTYPE / (name + ".py")
>       assert path.is_file(), f"Missing donor-absorption implementation: {name}"
E       AssertionError: Missing donor-absorption implementation: representation_donor
E       assert False
E        +  where False = is_file()
E        +    where is_file = PosixPath('/home/billy/orion-director-work/20260906/ocm-representation-donor/research/ocm-prototype/representation_donor.py').is_file

research/ocm-prototype/representation_donor_tests/test_adapter.py:14: AssertionError
______ test_exact_donor_source_is_loaded_and_a_changed_source_is_refused _______

tmp_path = PosixPath('/tmp/pytest-of-billy/pytest-113/test_exact_donor_source_is_loa0')

    def test_exact_donor_source_is_loaded_and_a_changed_source_is_refused(tmp_path):
>       I = module("representation_donor_imports")

research/ocm-prototype/representation_donor_tests/test_adapter.py:109: 
_ _ _ _ _ _ _ _ _ _ _ _ _ _ _ _ _ _ _ _ _ _ _ _ _ _ _ _ _ _ _ _ _ _ _ _ _ _ _ _ 

name = 'representation_donor_imports'

    def module(name):
        path = PROTOTYPE / (name + ".py")
>       assert path.is_file(), f"Missing donor-absorption implementation: {name}"
E       AssertionError: Missing donor-absorption implementation: representation_donor_imports
E       assert False
E        +  where False = is_file()
E        +    where is_file = PosixPath('/home/billy/orion-director-work/20260906/ocm-representation-donor/research/ocm-prototype/representation_donor_imports.py').is_file

research/ocm-prototype/representation_donor_tests/test_adapter.py:14: AssertionError
____ test_existing_revision_checker_refuses_split_fibre_and_malformed_maps _____

    def test_existing_revision_checker_refuses_split_fibre_and_malformed_maps():
>       I = module("representation_donor_imports")

research/ocm-prototype/representation_donor_tests/test_adapter.py:120: 
_ _ _ _ _ _ _ _ _ _ _ _ _ _ _ _ _ _ _ _ _ _ _ _ _ _ _ _ _ _ _ _ _ _ _ _ _ _ _ _ 

name = 'representation_donor_imports'

    def module(name):
        path = PROTOTYPE / (name + ".py")
>       assert path.is_file(), f"Missing donor-absorption implementation: {name}"
E       AssertionError: Missing donor-absorption implementation: representation_donor_imports
E       assert False
E        +  where False = is_file()
E        +    where is_file = PosixPath('/home/billy/orion-director-work/20260906/ocm-representation-donor/research/ocm-prototype/representation_donor_imports.py').is_file

research/ocm-prototype/representation_donor_tests/test_adapter.py:14: AssertionError
- generated xml file: /home/billy/orion-director-work/20260906/representation-donor-diagnostic/red.xml -
=========================== short test summary info ============================
FAILED research/ocm-prototype/representation_donor_tests/test_adapter.py::test_actual_sv_full_vectors_and_complete_consumer_match_informed_parent
FAILED research/ocm-prototype/representation_donor_tests/test_adapter.py::test_incoming_edge_preserves_lumpability_but_requires_full_reconstruction_fallback
FAILED research/ocm-prototype/representation_donor_tests/test_adapter.py::test_mixed_warrants_fail_the_whole_registered_family
FAILED research/ocm-prototype/representation_donor_tests/test_adapter.py::test_missing_state_cannot_be_relabelled_as_negative_or_certificate
FAILED research/ocm-prototype/representation_donor_tests/test_adapter.py::test_alternative_support_unknown_withdrawal_and_reinstatement_snapshots[revoked0]
FAILED research/ocm-prototype/representation_donor_tests/test_adapter.py::test_alternative_support_unknown_withdrawal_and_reinstatement_snapshots[revoked1]
FAILED research/ocm-prototype/representation_donor_tests/test_adapter.py::test_alternative_support_unknown_withdrawal_and_reinstatement_snapshots[revoked2]
FAILED research/ocm-prototype/representation_donor_tests/test_adapter.py::test_alternative_support_unknown_withdrawal_and_reinstatement_snapshots[revoked3]
FAILED research/ocm-prototype/representation_donor_tests/test_adapter.py::test_alternative_support_unknown_withdrawal_and_reinstatement_snapshots[revoked4]
FAILED research/ocm-prototype/representation_donor_tests/test_adapter.py::test_alternative_support_unknown_withdrawal_and_reinstatement_snapshots[revoked5]
FAILED research/ocm-prototype/representation_donor_tests/test_adapter.py::test_alternative_support_unknown_withdrawal_and_reinstatement_snapshots[revoked6]
FAILED research/ocm-prototype/representation_donor_tests/test_adapter.py::test_alternative_support_unknown_withdrawal_and_reinstatement_snapshots[revoked7]
FAILED research/ocm-prototype/representation_donor_tests/test_adapter.py::test_changed_query_config_state_and_unregistered_revocation_cannot_reuse_binding
FAILED research/ocm-prototype/representation_donor_tests/test_adapter.py::test_external_grader_rejects_actual_selected_vector_and_consumer_tampering
FAILED research/ocm-prototype/representation_donor_tests/test_adapter.py::test_exact_donor_source_is_loaded_and_a_changed_source_is_refused
FAILED research/ocm-prototype/representation_donor_tests/test_adapter.py::test_existing_revision_checker_refuses_split_fibre_and_malformed_maps
16 failed in 0.09s
