{
 "aggregate": "REFUSED",
 "missing": [
  "R01_E0_direct_s0",
  "R01_E0_direct_s1",
  "R01_E0_direct_s2",
  "R01_E1_cgp_s0",
  "R01_E1_cgp_s1",
  "R01_E1_cgp_s2",
  "M03_E0_direct_s0",
  "M03_E0_direct_s1",
  "M03_E0_direct_s2",
  "M03_E1_cgp_s0",
  "M03_E1_cgp_s1",
  "M03_E1_cgp_s2",
  "M05_E0_direct_s0",
  "M05_E0_direct_s1",
  "M05_E0_direct_s2",
  "M05_E1_cgp_s0",
  "M05_E1_cgp_s1",
  "M05_E1_cgp_s2",
  "M06_E0_direct_s0",
  "M06_E0_direct_s1",
  "M06_E0_direct_s2",
  "M06_E1_cgp_s0",
  "M06_E1_cgp_s1",
  "M06_E1_cgp_s2"
 ],
 "failed": []
}
