=== host cn090 world=M2P2_WORLD_hc01-binary-ladder main-runner reproduction of controller_v5; runner_sha=5bf2f8c2e2b19a8f methods_sha=e0a0565466dc6778
{
 "schema": "M2P1_DEV_STATE",
 "eu_admission": {
  "policy": "EXPECTED_UTILITY_WITH_BOUNDED_REGRET_V1",
  "mean_delta": 32902.7,
  "ci95_low": 25513.3,
  "worst_ratio": 2.0,
  "rho_max": 2.0,
  "all_verified": true,
  "admitted": true,
  "reason": "admitted"
 },
 "ocm_controller": {
  "rule": {
   "[1, 2, 1, 1]": false
  },
  "fallback": false,
  "probe_depth": 4,
  "rule_fit": "controller_v4: miss-conditional (validation tasks tiling deeper than the probe depth); 3 of 49 rows",
  "beta": 11110,
  "liveness_window": 8,
  "liveness_min_hit_rate": 0.25,
  "depth_rule": "expected-cost on held-out validation (controller_v2)",
  "liveness": "v2: counter advances every target; stood-down => RESET until re-probe hits",
  "library": "mdl",
  "library_rule": "controller_v5: interleave validation (v2 rule) + v4 miss-conditional rule",
  "expected_probe_cost": {
   "frequency": 3542.6,
   "mdl": 4940.9
  },
  "validated_better_interleave": {
   "frequency": 43,
   "mdl": 46
  }
 },
 "mdl_fragments": [
  [
   "double",
   "double"
  ],
  [
   "double",
   "inc"
  ],
  [
   "double",
   "dec"
  ],
  [
   "inc",
   "inc"
  ],
  [
   "inc",
   "double"
  ],
  [
   "dec",
   "double"
  ]
 ],
 "mdl_admission": false,
 "mdl_terminal": "KEEP_PRIMITIVE_BASELINE",
 "mdl_strictly_better": 46,
 "train_solved": 100,
 "train_unsolved": 0,
 "fragments_mined": 16,
 "admission": false,
 "terminal": "KEEP_PRIMITIVE_BASELINE",
 "validated_on": 49,
 "held_out_strictly_better": 43,
 "held_out_never_worse": false,
 "held_out_mean_baseline": 35611.6,
 "held_out_mean_candidate": 2708.8,
 "wall_seconds": 95.12,
 "pid": 2452763
}
checkpoint written, pid 2453385
{
 "schema": "M2P1_ARM_REPORT",
 "arm": "CONTINUED_OCM",
 "calibration_only": false,
 "note": "integrated controller: probe depth 4 beta 11110, rule cells 1",
 "fragments_served": 6,
 "process": {
  "pid": 2453387,
  "pre_restart_pid": 2453385,
  "pid_changed": true
 },
 "targets": 46,
 "ladder": [
  200000
 ],
 "successes": 46,
 "attempts": 46,
 "all_targets_verified": true,
 "ladder_total": 46,
 "mean_B_slots": 2494.7,
 "external_verifications": 46,
 "successes_by_budget": {
  "200000": 46
 },
 "wall_seconds": 5.58
}

{
 "schema": "M2P1_ARM_REPORT",
 "arm": "PARENT_WITH_MDL",
 "calibration_only": false,
 "note": "ungated parent serving the MDL library: isolates selection rule from OCM",
 "fragments_served": 6,
 "process": {
  "pid": 2453470,
  "pre_restart_pid": 2453385,
  "pid_changed": true
 },
 "targets": 46,
 "ladder": [
  200000
 ],
 "successes": 46,
 "attempts": 46,
 "all_targets_verified": true,
 "ladder_total": 46,
 "mean_B_slots": 4986.8,
 "external_verifications": 46,
 "successes_by_budget": {
  "200000": 46
 },
 "wall_seconds": 5.92
}

=== DONE M2P2_WORLD_hc01-binary-ladder 2026-09-11T17:32:12Z
