=== host cn090 world=M2P2_WORLD_hc02-square-shift main-runner reproduction of controller_v5; runner_sha=5bf2f8c2e2b19a8f methods_sha=e0a0565466dc6778
{
 "schema": "M2P1_DEV_STATE",
 "eu_admission": {
  "policy": "EXPECTED_UTILITY_WITH_BOUNDED_REGRET_V1",
  "mean_delta": 6067.6,
  "ci95_low": 3548.1,
  "worst_ratio": 1.2175,
  "rho_max": 2.0,
  "all_verified": true,
  "admitted": true,
  "reason": "admitted"
 },
 "ocm_controller": {
  "rule": {},
  "fallback": false,
  "probe_depth": 4,
  "rule_fit": "controller_v4: miss-conditional (validation tasks tiling deeper than the probe depth); 0 of 224 rows",
  "beta": 41370,
  "liveness_window": 8,
  "liveness_min_hit_rate": 0.25,
  "depth_rule": "expected-cost on held-out validation (controller_v2)",
  "liveness": "v2: counter advances every target; stood-down => RESET until re-probe hits",
  "library": "mdl",
  "library_rule": "controller_v5: interleave validation (v2 rule) + v4 miss-conditional rule",
  "expected_probe_cost": {
   "frequency": 54847.1,
   "mdl": 18447.6
  },
  "validated_better_interleave": {
   "frequency": 160,
   "mdl": 224
  }
 },
 "mdl_fragments": [
  [
   "square",
   "dec",
   "square"
  ],
  [
   "inc",
   "square"
  ],
  [
   "double",
   "square"
  ],
  [
   "dec",
   "square"
  ],
  [
   "square",
   "inc"
  ],
  [
   "square",
   "double"
  ],
  [
   "square",
   "dec"
  ],
  [
   "dec",
   "dec"
  ],
  [
   "inc",
   "double"
  ],
  [
   "inc",
   "inc"
  ]
 ],
 "mdl_admission": true,
 "mdl_terminal": "HELD_OUT_SEARCH_IMPROVEMENT",
 "mdl_strictly_better": 224,
 "train_solved": 523,
 "train_unsolved": 0,
 "fragments_mined": 16,
 "admission": false,
 "terminal": "KEEP_PRIMITIVE_BASELINE",
 "validated_on": 224,
 "held_out_strictly_better": 160,
 "held_out_never_worse": false,
 "held_out_mean_baseline": 54827.1,
 "held_out_mean_candidate": 48759.5,
 "wall_seconds": 2599.15,
 "pid": 2452770
}
checkpoint written, pid 2467873
{
 "schema": "M2P1_ARM_REPORT",
 "arm": "CONTINUED_OCM",
 "calibration_only": false,
 "note": "integrated controller: probe depth 4 beta 41370, rule cells 0",
 "fragments_served": 10,
 "process": {
  "pid": 2467875,
  "pre_restart_pid": 2467873,
  "pid_changed": true
 },
 "targets": 447,
 "ladder": [
  200000
 ],
 "successes": 447,
 "attempts": 447,
 "all_targets_verified": true,
 "ladder_total": 447,
 "mean_B_slots": 9744.6,
 "external_verifications": 447,
 "successes_by_budget": {
  "200000": 447
 },
 "wall_seconds": 462.69
}

{
 "schema": "M2P1_ARM_REPORT",
 "arm": "PARENT_WITH_MDL",
 "calibration_only": false,
 "note": "ungated parent serving the MDL library: isolates selection rule from OCM",
 "fragments_served": 10,
 "process": {
  "pid": 2469185,
  "pre_restart_pid": 2467873,
  "pid_changed": true
 },
 "targets": 447,
 "ladder": [
  200000
 ],
 "successes": 447,
 "attempts": 447,
 "all_targets_verified": true,
 "ladder_total": 447,
 "mean_B_slots": 19488.1,
 "external_verifications": 447,
 "successes_by_budget": {
  "200000": 447
 },
 "wall_seconds": 274.75
}

=== DONE M2P2_WORLD_hc02-square-shift 2026-09-11T18:26:02Z
