=== host cn090 world=M2P2_WORLD_hc03-shift-runs main-runner reproduction of controller_v5; runner_sha=5bf2f8c2e2b19a8f methods_sha=e0a0565466dc6778
{
 "schema": "M2P1_DEV_STATE",
 "eu_admission": {
  "policy": "EXPECTED_UTILITY_WITH_BOUNDED_REGRET_V1",
  "mean_delta": 20722.4,
  "ci95_low": 16286.7,
  "worst_ratio": 2.0,
  "rho_max": 2.0,
  "all_verified": true,
  "admitted": true,
  "reason": "admitted"
 },
 "ocm_controller": {
  "rule": {
   "[2, 3, 0, 1]": true,
   "[1, 2, 0, 1]": true,
   "[2, 3, 1, 1]": true,
   "[4, 5, 1, 1]": false,
   "[4, 5, 2, 1]": false,
   "[4, 3, 0, 1]": true,
   "[4, 3, 1, 1]": true,
   "[4, 4, 1, 1]": false,
   "[2, 2, 0, 1]": true,
   "[4, 5, 0, 1]": false,
   "[4, 4, 0, 1]": false
  },
  "fallback": true,
  "probe_depth": 4,
  "rule_fit": "controller_v4: miss-conditional (validation tasks tiling deeper than the probe depth); 25 of 203 rows",
  "beta": 11110,
  "liveness_window": 8,
  "liveness_min_hit_rate": 0.25,
  "depth_rule": "expected-cost on held-out validation (controller_v2)",
  "liveness": "v2: counter advances every target; stood-down => RESET until re-probe hits",
  "library": "mdl",
  "library_rule": "controller_v5: interleave validation (v2 rule) + v4 miss-conditional rule",
  "expected_probe_cost": {
   "frequency": 17127.9,
   "mdl": 6883.5
  },
  "validated_better_interleave": {
   "frequency": 163,
   "mdl": 189
  }
 },
 "mdl_fragments": [
  [
   "square",
   "inc"
  ],
  [
   "square",
   "dec"
  ],
  [
   "dec",
   "dec"
  ],
  [
   "inc",
   "inc"
  ],
  [
   "dec",
   "square"
  ],
  [
   "inc",
   "square"
  ]
 ],
 "mdl_admission": false,
 "mdl_terminal": "KEEP_PRIMITIVE_BASELINE",
 "mdl_strictly_better": 189,
 "train_solved": 304,
 "train_unsolved": 0,
 "fragments_mined": 16,
 "admission": false,
 "terminal": "KEEP_PRIMITIVE_BASELINE",
 "validated_on": 203,
 "held_out_strictly_better": 163,
 "held_out_never_worse": false,
 "held_out_mean_baseline": 38009.1,
 "held_out_mean_candidate": 17286.7,
 "wall_seconds": 895.24,
 "pid": 2452765
}
checkpoint written, pid 2458919
{
 "schema": "M2P1_ARM_REPORT",
 "arm": "CONTINUED_OCM",
 "calibration_only": false,
 "note": "integrated controller: probe depth 4 beta 11110, rule cells 11",
 "fragments_served": 6,
 "process": {
  "pid": 2458921,
  "pre_restart_pid": 2458919,
  "pid_changed": true
 },
 "targets": 303,
 "ladder": [
  200000
 ],
 "successes": 303,
 "attempts": 303,
 "all_targets_verified": true,
 "ladder_total": 303,
 "mean_B_slots": 3593.4,
 "external_verifications": 303,
 "successes_by_budget": {
  "200000": 303
 },
 "wall_seconds": 85.47
}

{
 "schema": "M2P1_ARM_REPORT",
 "arm": "PARENT_WITH_MDL",
 "calibration_only": false,
 "note": "ungated parent serving the MDL library: isolates selection rule from OCM",
 "fragments_served": 6,
 "process": {
  "pid": 2459446,
  "pre_restart_pid": 2458919,
  "pid_changed": true
 },
 "targets": 303,
 "ladder": [
  200000
 ],
 "successes": 303,
 "attempts": 303,
 "all_targets_verified": true,
 "ladder_total": 303,
 "mean_B_slots": 7185.1,
 "external_verifications": 303,
 "successes_by_budget": {
  "200000": 303
 },
 "wall_seconds": 69.0
}

=== DONE M2P2_WORLD_hc03-shift-runs 2026-09-11T17:47:55Z
