=== host cn090 world=M2P2_WORLD_hc08-drawn-lot-b main-runner reproduction of controller_v5; runner_sha=5bf2f8c2e2b19a8f methods_sha=e0a0565466dc6778
{
 "schema": "M2P1_DEV_STATE",
 "eu_admission": {
  "policy": "EXPECTED_UTILITY_WITH_BOUNDED_REGRET_V1",
  "mean_delta": 16931.6,
  "ci95_low": 7283.2,
  "worst_ratio": 2.0,
  "rho_max": 2.0,
  "all_verified": true,
  "admitted": true,
  "reason": "admitted"
 },
 "ocm_controller": {
  "rule": {
   "[4, 5, 1, 4]": false,
   "[2, 2, 1, 4]": true,
   "[4, 5, 3, 4]": false,
   "[8, 6, 3, 4]": false,
   "[1, 2, 1, 4]": false,
   "[8, 6, 2, 4]": false,
   "[8, 6, 4, 4]": false
  },
  "fallback": false,
  "probe_depth": 3,
  "rule_fit": "controller_v4: miss-conditional (validation tasks tiling deeper than the probe depth); 9 of 46 rows",
  "beta": 8420,
  "liveness_window": 8,
  "liveness_min_hit_rate": 0.25,
  "depth_rule": "expected-cost on held-out validation (controller_v2)",
  "liveness": "v2: counter advances every target; stood-down => RESET until re-probe hits",
  "library": "frequency",
  "library_rule": "controller_v5: interleave validation (v2 rule) + v4 miss-conditional rule",
  "expected_probe_cost": {
   "frequency": 10746.8,
   "mdl": 30225.5
  },
  "validated_better_interleave": {
   "frequency": 36,
   "mdl": 31
  }
 },
 "mdl_fragments": [
  [
   "square",
   "dec"
  ],
  [
   "dec",
   "double"
  ],
  [
   "double",
   "inc"
  ],
  [
   "inc",
   "square",
   "inc"
  ],
  [
   "double",
   "double"
  ],
  [
   "double",
   "square"
  ]
 ],
 "mdl_admission": false,
 "mdl_terminal": "KEEP_PRIMITIVE_BASELINE",
 "mdl_strictly_better": 36,
 "train_solved": 80,
 "train_unsolved": 0,
 "fragments_mined": 16,
 "admission": false,
 "terminal": "KEEP_PRIMITIVE_BASELINE",
 "validated_on": 46,
 "held_out_strictly_better": 36,
 "held_out_never_worse": false,
 "held_out_mean_baseline": 31735.3,
 "held_out_mean_candidate": 14803.8,
 "wall_seconds": 188.54,
 "pid": 2452769
}
checkpoint written, pid 2454061
{
 "schema": "M2P1_ARM_REPORT",
 "arm": "CONTINUED_OCM",
 "calibration_only": false,
 "note": "integrated controller: probe depth 3 beta 8420, rule cells 7",
 "fragments_served": 16,
 "process": {
  "pid": 2454066,
  "pre_restart_pid": 2454061,
  "pid_changed": true
 },
 "targets": 55,
 "ladder": [
  200000
 ],
 "successes": 55,
 "attempts": 55,
 "all_targets_verified": true,
 "ladder_total": 55,
 "mean_B_slots": 15508.9,
 "external_verifications": 55,
 "successes_by_budget": {
  "200000": 55
 },
 "wall_seconds": 37.22
}

{
 "schema": "M2P1_ARM_REPORT",
 "arm": "PARENT_WITH_MDL",
 "calibration_only": false,
 "note": "ungated parent serving the MDL library: isolates selection rule from OCM",
 "fragments_served": 6,
 "process": {
  "pid": 2454652,
  "pre_restart_pid": 2454061,
  "pid_changed": true
 },
 "targets": 55,
 "ladder": [
  200000
 ],
 "successes": 55,
 "attempts": 55,
 "all_targets_verified": true,
 "ladder_total": 55,
 "mean_B_slots": 19449.2,
 "external_verifications": 55,
 "successes_by_budget": {
  "200000": 55
 },
 "wall_seconds": 22.28
}

=== DONE M2P2_WORLD_hc08-drawn-lot-b 2026-09-11T17:34:33Z
