=== host cn090 world=M2P2_WORLD_hc09-negative-ladder main-runner reproduction of controller_v5; runner_sha=5bf2f8c2e2b19a8f methods_sha=e0a0565466dc6778
{
 "schema": "M2P1_DEV_STATE",
 "eu_admission": {
  "policy": "EXPECTED_UTILITY_WITH_BOUNDED_REGRET_V1",
  "mean_delta": 33725.9,
  "ci95_low": 26249.2,
  "worst_ratio": 1.5591,
  "rho_max": 2.0,
  "all_verified": true,
  "admitted": true,
  "reason": "admitted"
 },
 "ocm_controller": {
  "rule": {
   "[1, 2, 1, 1]": true,
   "[2, 3, 1, 1]": true,
   "[4, 4, 2, 1]": true,
   "[2, 2, 1, 1]": true,
   "[4, 3, 1, 1]": true,
   "[4, 5, 1, 1]": true
  },
  "fallback": true,
  "probe_depth": 4,
  "rule_fit": "controller_v4: miss-conditional (validation tasks tiling deeper than the probe depth); 12 of 59 rows",
  "beta": 7380,
  "liveness_window": 8,
  "liveness_min_hit_rate": 0.25,
  "depth_rule": "expected-cost on held-out validation (controller_v2)",
  "liveness": "v2: counter advances every target; stood-down => RESET until re-probe hits",
  "library": "mdl",
  "library_rule": "controller_v5: interleave validation (v2 rule) + v4 miss-conditional rule",
  "expected_probe_cost": {
   "frequency": 10727.0,
   "mdl": 6907.5
  },
  "validated_better_interleave": {
   "frequency": 58,
   "mdl": 58
  }
 },
 "mdl_fragments": [
  [
   "square",
   "dec"
  ],
  [
   "dec",
   "double"
  ],
  [
   "double",
   "dec"
  ],
  [
   "dec",
   "square"
  ],
  [
   "double",
   "double"
  ]
 ],
 "mdl_admission": false,
 "mdl_terminal": "KEEP_PRIMITIVE_BASELINE",
 "mdl_strictly_better": 58,
 "train_solved": 122,
 "train_unsolved": 0,
 "fragments_mined": 16,
 "admission": false,
 "terminal": "KEEP_PRIMITIVE_BASELINE",
 "validated_on": 59,
 "held_out_strictly_better": 58,
 "held_out_never_worse": false,
 "held_out_mean_baseline": 41789.1,
 "held_out_mean_candidate": 8063.2,
 "wall_seconds": 248.04,
 "pid": 2452766
}
checkpoint written, pid 2454830
{
 "schema": "M2P1_ARM_REPORT",
 "arm": "CONTINUED_OCM",
 "calibration_only": false,
 "note": "integrated controller: probe depth 4 beta 7380, rule cells 6",
 "fragments_served": 5,
 "process": {
  "pid": 2454833,
  "pre_restart_pid": 2454830,
  "pid_changed": true
 },
 "targets": 58,
 "ladder": [
  200000
 ],
 "successes": 58,
 "attempts": 58,
 "all_targets_verified": true,
 "ladder_total": 58,
 "mean_B_slots": 5627.8,
 "external_verifications": 58,
 "successes_by_budget": {
  "200000": 58
 },
 "wall_seconds": 10.85
}

{
 "schema": "M2P1_ARM_REPORT",
 "arm": "PARENT_WITH_MDL",
 "calibration_only": false,
 "note": "ungated parent serving the MDL library: isolates selection rule from OCM",
 "fragments_served": 5,
 "process": {
  "pid": 2454968,
  "pre_restart_pid": 2454830,
  "pid_changed": true
 },
 "targets": 58,
 "ladder": [
  200000
 ],
 "successes": 58,
 "attempts": 58,
 "all_targets_verified": true,
 "ladder_total": 58,
 "mean_B_slots": 6977.1,
 "external_verifications": 58,
 "successes_by_budget": {
  "200000": 58
 },
 "wall_seconds": 9.39
}

=== DONE M2P2_WORLD_hc09-negative-ladder 2026-09-11T17:34:53Z
