FFF                                                                      [100%]
=================================== FAILURES ===================================
___________ test_every_new_mode_has_engineering_authority[flags0-V3] ___________

tmp_path = PosixPath('/tmp/pytest-of-billy/pytest-51/test_every_new_mode_has_engine0')
archived_phases = {'authority': 'eight paired lifetimes on OCM-authored per-lifetime protected streams inside the bounded world; matched...s'], 'identification_verdict_type': 'GUARANTEED_IDENTIFICATION_NOT_CLAIMED', 'interaction_turns': 18, ...}, ...]}, ...}
flags = [], mode = 'V3'

    @pytest.mark.parametrize("flags,mode", [([], "V3"), (["--v4"], "V4"), (["--v5"], "V5")])
    def test_every_new_mode_has_engineering_authority(tmp_path, archived_phases, flags, mode):
        output = tmp_path / "mode.json"
        assert PE.main([*flags, "--out", str(output)]) == 0
        result = json.loads(output.read_text())
        assert result["deterministic"]["decision"] == "CANNOT_CHECK_CURRENT_SCIENTIFIC_PROMOTION"
        assert "historical_rule_diagnostic" in result["deterministic"]
>       assert result["current_scientific_promotion"] == "NOT_ESTABLISHED"
E       KeyError: 'current_scientific_promotion'

tests/m12/test_v5_execution_authority.py:66: KeyError
----------------------------- Captured stdout call -----------------------------
{
 "decision": "CANNOT_CHECK_CURRENT_SCIENTIFIC_PROMOTION",
 "study_status": "ENGINEERING_REGRESSION_ONLY__AFTER_OUTCOME_ACCESS",
 "gates": {
  "identity_chain_broken": 0,
  "protected_exposure": 0,
  "external_io": 0,
  "live_on_revoked_after_F": 0,
  "missing_phase_outcomes": 0,
  "stream_leaks": 0,
  "hits": 0
 },
 "tests": {
  "A_conversations": [
   0.9954,
   0.6088,
   8,
   8,
   0.00781,
   "OCM_RESIDUAL"
  ],
  "A_factual": [
   1.0,
   0.9,
   8,
   8,
   0.00781,
   "OCM_RESIDUAL"
  ],
  "A_honest_unknown": [
   0.9667,
   0.5667,
   8,
   8,
   0.00781,
   "OCM_RESIDUAL"
  ],
  "A_post_deployment": [
   0.8929,
   0.7143,
   8,
   8,
   0.00781,
   "OCM_RESIDUAL"
  ],
  "A_negative_transfer": [
   0.8571,
   0.7143,
   8,
   8,
   0.00781,
   "OCM_RESIDUAL"
  ],
  "B_enterprise": [
   1.0,
   1.0,
   0,
   0,
   1.0,
   "TIES_ONLY"
  ],
  "C_software": [
   1.0,
   1.0,
   0,
   0,
   1.0,
   "TIES_ONLY"
  ],
  "D_causal": [
   1.0,
   0.6,
   8,
   8,
   0.00781,
   "OCM_RESIDUAL"
  ],
  "D_selection": [
   1.0,
   1.0,
   0,
   0,
   1.0,
   "TIES_ONLY"
  ],
  "D_analysis": [
   0.9167,
   0.9167,
   0,
   0,
   1.0,
   "TIES_ONLY"
  ],
  "D_proof": [
   1.0,
   1.0,
   0,
   0,
   1.0,
   "TIES_ONLY"
  ],
  "D_communication": [
   1.0,
   0.5,
   8,
   8,
   0.00781,
   "OCM_RESIDUAL"
  ],
  "E_transfer": [
   1.0,
   0.1667,
   8,
   8,
   0.00781,
   "OCM_RESIDUAL"
  ],
  "F_integrity": [
   1.0,
   0.0,
   8,
   8,
   0.00781,
   "OCM_RESIDUAL"
  ],
  "G_self_repair": [
   1.0,
   0.0,
   8,
   8,
   0.00781,
   "OCM_RESIDUAL"
  ],
  "unknown_no_action": [
   1.0,
   1.0,
   0,
   0,
   1.0,
   "TIES_ONLY"
  ]
 }
}
___________ test_every_new_mode_has_engineering_authority[flags1-V4] ___________

tmp_path = PosixPath('/tmp/pytest-of-billy/pytest-51/test_every_new_mode_has_engine1')
archived_phases = {'authority': 'eight paired lifetimes on OCM-authored per-lifetime protected streams inside the bounded world; matched...s'], 'identification_verdict_type': 'GUARANTEED_IDENTIFICATION_NOT_CLAIMED', 'interaction_turns': 18, ...}, ...]}, ...}
flags = ['--v4'], mode = 'V4'

    @pytest.mark.parametrize("flags,mode", [([], "V3"), (["--v4"], "V4"), (["--v5"], "V5")])
    def test_every_new_mode_has_engineering_authority(tmp_path, archived_phases, flags, mode):
        output = tmp_path / "mode.json"
        assert PE.main([*flags, "--out", str(output)]) == 0
        result = json.loads(output.read_text())
        assert result["deterministic"]["decision"] == "CANNOT_CHECK_CURRENT_SCIENTIFIC_PROMOTION"
        assert "historical_rule_diagnostic" in result["deterministic"]
>       assert result["current_scientific_promotion"] == "NOT_ESTABLISHED"
E       KeyError: 'current_scientific_promotion'

tests/m12/test_v5_execution_authority.py:66: KeyError
----------------------------- Captured stdout call -----------------------------
{
 "decision": "CANNOT_CHECK_CURRENT_SCIENTIFIC_PROMOTION",
 "study_status": "ENGINEERING_REGRESSION_ONLY__AFTER_OUTCOME_ACCESS",
 "gates": {
  "identity_chain_broken": 0,
  "protected_exposure": 0,
  "external_io": 0,
  "live_on_revoked_after_F": 0,
  "missing_phase_outcomes": 0,
  "stream_leaks": 0,
  "hits": 0
 },
 "tests": {
  "A_conversations": [
   0.9954,
   0.6088,
   8,
   8,
   0.00391,
   "OCM_RESIDUAL"
  ],
  "A_factual": [
   1.0,
   0.9,
   8,
   8,
   0.00391,
   "DESCRIPTIVE (not pre-registered)"
  ],
  "A_honest_unknown": [
   0.9667,
   0.5667,
   8,
   8,
   0.00391,
   "OCM_RESIDUAL"
  ],
  "A_post_deployment": [
   0.8929,
   0.7143,
   8,
   8,
   0.00391,
   "OCM_RESIDUAL"
  ],
  "A_negative_transfer": [
   0.8571,
   0.7143,
   8,
   8,
   0.00391,
   "DESCRIPTIVE (not pre-registered)"
  ],
  "B_enterprise": [
   1.0,
   1.0,
   0,
   0,
   1.0,
   "DESCRIPTIVE (not pre-registered)"
  ],
  "C_software": [
   1.0,
   1.0,
   0,
   0,
   1.0,
   "DESCRIPTIVE (not pre-registered)"
  ],
  "D_causal": [
   1.0,
   0.6,
   8,
   8,
   0.00391,
   "OCM_RESIDUAL"
  ],
  "D_selection": [
   1.0,
   1.0,
   0,
   0,
   1.0,
   "DESCRIPTIVE (not pre-registered)"
  ],
  "D_analysis": [
   0.9167,
   0.9167,
   0,
   0,
   1.0,
   "DESCRIPTIVE (not pre-registered)"
  ],
  "D_proof": [
   1.0,
   1.0,
   0,
   0,
   1.0,
   "DESCRIPTIVE (not pre-registered)"
  ],
  "D_communication": [
   1.0,
   0.5,
   8,
   8,
   0.00391,
   "DESCRIPTIVE (not pre-registered)"
  ],
  "E_transfer": [
   1.0,
   0.1667,
   8,
   8,
   0.00391,
   "OCM_RESIDUAL"
  ],
  "F_integrity": [
   1.0,
   0.0,
   8,
   8,
   0.00391,
   "OCM_RESIDUAL"
  ],
  "G_self_repair": [
   1.0,
   0.0,
   8,
   8,
   0.00391,
   "OCM_RESIDUAL"
  ],
  "unknown_no_action": [
   1.0,
   1.0,
   0,
   0,
   1.0,
   "DESCRIPTIVE (not pre-registered)"
  ]
 }
}
___________ test_every_new_mode_has_engineering_authority[flags2-V5] ___________

tmp_path = PosixPath('/tmp/pytest-of-billy/pytest-51/test_every_new_mode_has_engine2')
archived_phases = {'authority': 'eight paired lifetimes on OCM-authored per-lifetime protected streams inside the bounded world; matched...s'], 'identification_verdict_type': 'GUARANTEED_IDENTIFICATION_NOT_CLAIMED', 'interaction_turns': 18, ...}, ...]}, ...}
flags = ['--v5'], mode = 'V5'

    @pytest.mark.parametrize("flags,mode", [([], "V3"), (["--v4"], "V4"), (["--v5"], "V5")])
    def test_every_new_mode_has_engineering_authority(tmp_path, archived_phases, flags, mode):
        output = tmp_path / "mode.json"
        assert PE.main([*flags, "--out", str(output)]) == 0
        result = json.loads(output.read_text())
        assert result["deterministic"]["decision"] == "CANNOT_CHECK_CURRENT_SCIENTIFIC_PROMOTION"
        assert "historical_rule_diagnostic" in result["deterministic"]
        assert result["current_scientific_promotion"] == "NOT_ESTABLISHED"
        assert result["protected_reevaluation"] == "NOT_RUN"
        assert result["study_status"] == "ENGINEERING_REGRESSION_ONLY__AFTER_OUTCOME_ACCESS"
>       assert result["authority"] == (f"Engineering replay on exposed {mode} streams; historical-rule diagnostic only; "
                                       "comparator adequacy and scientific promotion are not established")
E       AssertionError: assert 'Engineering ...t established' == 'Engineering ...t established'
E         
E         - Engineering replay on exposed V5 streams; historical-rule diagnostic only; comparator adequacy and scientific promotion are not established
E         ?               -- ^^
E         + Engineering reaggregation on exposed V5 streams; historical-rule diagnostic only; comparator adequacy and scientific promotion are not established
E         ?                ^^^^^^^^  +++

tests/m12/test_v5_execution_authority.py:69: AssertionError
----------------------------- Captured stdout call -----------------------------
{
 "decision": "CANNOT_CHECK_CURRENT_SCIENTIFIC_PROMOTION",
 "study_status": "ENGINEERING_REGRESSION_ONLY__AFTER_OUTCOME_ACCESS",
 "gates": {
  "identity_chain_broken": 0,
  "protected_exposure": 0,
  "external_io": 0,
  "live_on_revoked_after_F": 0,
  "missing_phase_outcomes": 0,
  "stream_leaks": 0,
  "adoption_predecessors_unbound": 0,
  "frozen_manifest_mismatch": 0,
  "hits": 0
 },
 "tests": {
  "A_conversations": [
   0.9954,
   0.6088,
   8,
   8,
   0.00391,
   "OCM_RESIDUAL"
  ],
  "A_factual": [
   1.0,
   0.9,
   8,
   8,
   0.00391,
   "DESCRIPTIVE (not pre-registered)"
  ],
  "A_honest_unknown": [
   0.9667,
   0.5667,
   8,
   8,
   0.00391,
   "OCM_RESIDUAL"
  ],
  "A_post_deployment": [
   0.8929,
   0.7143,
   8,
   8,
   0.00391,
   "OCM_RESIDUAL"
  ],
  "A_negative_transfer": [
   0.8571,
   0.7143,
   8,
   8,
   0.00391,
   "DESCRIPTIVE (not pre-registered)"
  ],
  "B_enterprise": [
   1.0,
   1.0,
   0,
   0,
   1.0,
   "DESCRIPTIVE (not pre-registered)"
  ],
  "C_software": [
   1.0,
   1.0,
   0,
   0,
   1.0,
   "DESCRIPTIVE (not pre-registered)"
  ],
  "D_causal": [
   1.0,
   0.6,
   8,
   8,
   0.00391,
   "OCM_RESIDUAL"
  ],
  "D_selection": [
   1.0,
   1.0,
   0,
   0,
   1.0,
   "DESCRIPTIVE (not pre-registered)"
  ],
  "D_analysis": [
   0.9167,
   0.9167,
   0,
   0,
   1.0,
   "DESCRIPTIVE (not pre-registered)"
  ],
  "D_proof": [
   1.0,
   1.0,
   0,
   0,
   1.0,
   "DESCRIPTIVE (not pre-registered)"
  ],
  "D_communication": [
   1.0,
   0.5,
   8,
   8,
   0.00391,
   "DESCRIPTIVE (not pre-registered)"
  ],
  "E_transfer": [
   1.0,
   0.1667,
   8,
   8,
   null,
   "CATEGORICAL (pre-registered descriptive)"
  ],
  "F_integrity": [
   1.0,
   0.0,
   8,
   8,
   null,
   "CATEGORICAL (pre-registered descriptive)"
  ],
  "G_self_repair": [
   1.0,
   0.0,
   8,
   8,
   null,
   "CATEGORICAL (pre-registered descriptive)"
  ],
  "unknown_no_action": [
   1.0,
   1.0,
   0,
   0,
   1.0,
   "DESCRIPTIVE (not pre-registered)"
  ]
 }
}
- generated xml file: /home/billy/orion-director-work/20260906/v5-authority-diagnostic/all-modes-before.xml -
=========================== short test summary info ============================
FAILED tests/m12/test_v5_execution_authority.py::test_every_new_mode_has_engineering_authority[flags0-V3]
FAILED tests/m12/test_v5_execution_authority.py::test_every_new_mode_has_engineering_authority[flags1-V4]
FAILED tests/m12/test_v5_execution_authority.py::test_every_new_mode_has_engineering_authority[flags2-V5]
3 failed in 0.33s
