FF...FFFFFFFFFFFFF                                                       [100%]
=================================== FAILURES ===================================
_ test_new_v5_output_cannot_promote_positive_historical_rule[engineering.json] _

tmp_path = PosixPath('/tmp/pytest-of-billy/pytest-47/test_new_v5_output_cannot_prom0')
archived_phases = {'authority': 'eight paired lifetimes on OCM-authored per-lifetime protected streams inside the bounded world; matched...s'], 'identification_verdict_type': 'GUARANTEED_IDENTIFICATION_NOT_CLAIMED', 'interaction_turns': 18, ...}, ...]}, ...}
capsys = <_pytest.capture.CaptureFixture object at 0x7f34827386e0>
name = 'engineering.json'

    @pytest.mark.parametrize("name", ["engineering.json", "PROTECTED_V5_NEW_NAME.json"])
    def test_new_v5_output_cannot_promote_positive_historical_rule(tmp_path, archived_phases, capsys, name):
        output = tmp_path / name
        assert PE.main(["--v5", "--out", str(output)]) == 0
        result = json.loads(output.read_text())
>       assert result["deterministic"]["decision"] == "CANNOT_CHECK_CURRENT_SCIENTIFIC_PROMOTION"
E       AssertionError: assert 'OCM_LIFETIME...UAL_SUPPORTED' == 'CANNOT_CHECK...FIC_PROMOTION'
E         
E         - CANNOT_CHECK_CURRENT_SCIENTIFIC_PROMOTION
E         + OCM_LIFETIME_RESIDUAL_SUPPORTED

tests/m12/test_v5_execution_authority.py:45: AssertionError
----------------------------- Captured stdout call -----------------------------
{
 "decision": "OCM_LIFETIME_RESIDUAL_SUPPORTED",
 "study_status": "PROTECTED_PREREGISTERED_V5__FRESH_STREAMS_CURRENT_RUNTIME",
 "gates": {
  "identity_chain_broken": 0,
  "protected_exposure": 0,
  "external_io": 0,
  "live_on_revoked_after_F": 0,
  "missing_phase_outcomes": 0,
  "stream_leaks": 0,
  "adoption_predecessors_unbound": 0,
  "frozen_manifest_mismatch": 0,
  "hits": 0
 },
 "tests": {
  "A_conversations": [
   0.9954,
   0.6088,
   8,
   8,
   0.00391,
   "OCM_RESIDUAL"
  ],
  "A_factual": [
   1.0,
   0.9,
   8,
   8,
   0.00391,
   "DESCRIPTIVE (not pre-registered)"
  ],
  "A_honest_unknown": [
   0.9667,
   0.5667,
   8,
   8,
   0.00391,
   "OCM_RESIDUAL"
  ],
  "A_post_deployment": [
   0.8929,
   0.7143,
   8,
   8,
   0.00391,
   "OCM_RESIDUAL"
  ],
  "A_negative_transfer": [
   0.8571,
   0.7143,
   8,
   8,
   0.00391,
   "DESCRIPTIVE (not pre-registered)"
  ],
  "B_enterprise": [
   1.0,
   1.0,
   0,
   0,
   1.0,
   "DESCRIPTIVE (not pre-registered)"
  ],
  "C_software": [
   1.0,
   1.0,
   0,
   0,
   1.0,
   "DESCRIPTIVE (not pre-registered)"
  ],
  "D_causal": [
   1.0,
   0.6,
   8,
   8,
   0.00391,
   "OCM_RESIDUAL"
  ],
  "D_selection": [
   1.0,
   1.0,
   0,
   0,
   1.0,
   "DESCRIPTIVE (not pre-registered)"
  ],
  "D_analysis": [
   0.9167,
   0.9167,
   0,
   0,
   1.0,
   "DESCRIPTIVE (not pre-registered)"
  ],
  "D_proof": [
   1.0,
   1.0,
   0,
   0,
   1.0,
   "DESCRIPTIVE (not pre-registered)"
  ],
  "D_communication": [
   1.0,
   0.5,
   8,
   8,
   0.00391,
   "DESCRIPTIVE (not pre-registered)"
  ],
  "E_transfer": [
   1.0,
   0.1667,
   8,
   8,
   null,
   "CATEGORICAL (pre-registered descriptive)"
  ],
  "F_integrity": [
   1.0,
   0.0,
   8,
   8,
   null,
   "CATEGORICAL (pre-registered descriptive)"
  ],
  "G_self_repair": [
   1.0,
   0.0,
   8,
   8,
   null,
   "CATEGORICAL (pre-registered descriptive)"
  ],
  "unknown_no_action": [
   1.0,
   1.0,
   0,
   0,
   1.0,
   "DESCRIPTIVE (not pre-registered)"
  ]
 }
}
_ test_new_v5_output_cannot_promote_positive_historical_rule[PROTECTED_V5_NEW_NAME.json] _

tmp_path = PosixPath('/tmp/pytest-of-billy/pytest-47/test_new_v5_output_cannot_prom1')
archived_phases = {'authority': 'eight paired lifetimes on OCM-authored per-lifetime protected streams inside the bounded world; matched...s'], 'identification_verdict_type': 'GUARANTEED_IDENTIFICATION_NOT_CLAIMED', 'interaction_turns': 18, ...}, ...]}, ...}
capsys = <_pytest.capture.CaptureFixture object at 0x7f3482bd0cd0>
name = 'PROTECTED_V5_NEW_NAME.json'

    @pytest.mark.parametrize("name", ["engineering.json", "PROTECTED_V5_NEW_NAME.json"])
    def test_new_v5_output_cannot_promote_positive_historical_rule(tmp_path, archived_phases, capsys, name):
        output = tmp_path / name
        assert PE.main(["--v5", "--out", str(output)]) == 0
        result = json.loads(output.read_text())
>       assert result["deterministic"]["decision"] == "CANNOT_CHECK_CURRENT_SCIENTIFIC_PROMOTION"
E       AssertionError: assert 'OCM_LIFETIME...UAL_SUPPORTED' == 'CANNOT_CHECK...FIC_PROMOTION'
E         
E         - CANNOT_CHECK_CURRENT_SCIENTIFIC_PROMOTION
E         + OCM_LIFETIME_RESIDUAL_SUPPORTED

tests/m12/test_v5_execution_authority.py:45: AssertionError
----------------------------- Captured stdout call -----------------------------
{
 "decision": "OCM_LIFETIME_RESIDUAL_SUPPORTED",
 "study_status": "PROTECTED_PREREGISTERED_V5__FRESH_STREAMS_CURRENT_RUNTIME",
 "gates": {
  "identity_chain_broken": 0,
  "protected_exposure": 0,
  "external_io": 0,
  "live_on_revoked_after_F": 0,
  "missing_phase_outcomes": 0,
  "stream_leaks": 0,
  "adoption_predecessors_unbound": 0,
  "frozen_manifest_mismatch": 0,
  "hits": 0
 },
 "tests": {
  "A_conversations": [
   0.9954,
   0.6088,
   8,
   8,
   0.00391,
   "OCM_RESIDUAL"
  ],
  "A_factual": [
   1.0,
   0.9,
   8,
   8,
   0.00391,
   "DESCRIPTIVE (not pre-registered)"
  ],
  "A_honest_unknown": [
   0.9667,
   0.5667,
   8,
   8,
   0.00391,
   "OCM_RESIDUAL"
  ],
  "A_post_deployment": [
   0.8929,
   0.7143,
   8,
   8,
   0.00391,
   "OCM_RESIDUAL"
  ],
  "A_negative_transfer": [
   0.8571,
   0.7143,
   8,
   8,
   0.00391,
   "DESCRIPTIVE (not pre-registered)"
  ],
  "B_enterprise": [
   1.0,
   1.0,
   0,
   0,
   1.0,
   "DESCRIPTIVE (not pre-registered)"
  ],
  "C_software": [
   1.0,
   1.0,
   0,
   0,
   1.0,
   "DESCRIPTIVE (not pre-registered)"
  ],
  "D_causal": [
   1.0,
   0.6,
   8,
   8,
   0.00391,
   "OCM_RESIDUAL"
  ],
  "D_selection": [
   1.0,
   1.0,
   0,
   0,
   1.0,
   "DESCRIPTIVE (not pre-registered)"
  ],
  "D_analysis": [
   0.9167,
   0.9167,
   0,
   0,
   1.0,
   "DESCRIPTIVE (not pre-registered)"
  ],
  "D_proof": [
   1.0,
   1.0,
   0,
   0,
   1.0,
   "DESCRIPTIVE (not pre-registered)"
  ],
  "D_communication": [
   1.0,
   0.5,
   8,
   8,
   0.00391,
   "DESCRIPTIVE (not pre-registered)"
  ],
  "E_transfer": [
   1.0,
   0.1667,
   8,
   8,
   null,
   "CATEGORICAL (pre-registered descriptive)"
  ],
  "F_integrity": [
   1.0,
   0.0,
   8,
   8,
   null,
   "CATEGORICAL (pre-registered descriptive)"
  ],
  "G_self_repair": [
   1.0,
   0.0,
   8,
   8,
   null,
   "CATEGORICAL (pre-registered descriptive)"
  ],
  "unknown_no_action": [
   1.0,
   1.0,
   0,
   0,
   1.0,
   "DESCRIPTIVE (not pre-registered)"
  ]
 }
}
___________ test_generation_refused_before_historical_recipe[argv0] ____________

argv = []
monkeypatch = <_pytest.monkeypatch.MonkeyPatch object at 0x7f348245ec50>
tmp_path = PosixPath('/tmp/pytest-of-billy/pytest-47/test_generation_refused_before0')

    @pytest.mark.parametrize("argv", [[], ["--write"], ["--verify", "--write"], ["--out", "new.json"]])
    def test_generation_refused_before_historical_recipe(argv, monkeypatch, tmp_path):
        frozen = tmp_path / "historical.json"
        frozen.write_bytes(b"HISTORICAL_SENTINEL\n")
        monkeypatch.setattr(W, "RECEIPT", frozen)
        def forbidden():
            raise AssertionError("historical regeneration must not run")
        monkeypatch.setattr(W, "fresh", forbidden, raising=False)
>       assert W.main(argv) == 2

tests/m12/test_v5_archive_verification.py:27: 
_ _ _ _ _ _ _ _ _ _ _ _ _ _ _ _ _ _ _ _ _ _ _ _ _ _ _ _ _ _ _ _ _ _ _ _ _ _ _ _ 
tools/m12_paired_v5_receipt.py:39: in main
    new = fresh()
_ _ _ _ _ _ _ _ _ _ _ _ _ _ _ _ _ _ _ _ _ _ _ _ _ _ _ _ _ _ _ _ _ _ _ _ _ _ _ _ 

    def forbidden():
>       raise AssertionError("historical regeneration must not run")
E       AssertionError: historical regeneration must not run

tests/m12/test_v5_archive_verification.py:25: AssertionError
___________ test_generation_refused_before_historical_recipe[argv1] ____________

argv = ['--write']
monkeypatch = <_pytest.monkeypatch.MonkeyPatch object at 0x7f348245ea50>
tmp_path = PosixPath('/tmp/pytest-of-billy/pytest-47/test_generation_refused_before1')

    @pytest.mark.parametrize("argv", [[], ["--write"], ["--verify", "--write"], ["--out", "new.json"]])
    def test_generation_refused_before_historical_recipe(argv, monkeypatch, tmp_path):
        frozen = tmp_path / "historical.json"
        frozen.write_bytes(b"HISTORICAL_SENTINEL\n")
        monkeypatch.setattr(W, "RECEIPT", frozen)
        def forbidden():
            raise AssertionError("historical regeneration must not run")
        monkeypatch.setattr(W, "fresh", forbidden, raising=False)
>       assert W.main(argv) == 2

tests/m12/test_v5_archive_verification.py:27: 
_ _ _ _ _ _ _ _ _ _ _ _ _ _ _ _ _ _ _ _ _ _ _ _ _ _ _ _ _ _ _ _ _ _ _ _ _ _ _ _ 
tools/m12_paired_v5_receipt.py:39: in main
    new = fresh()
_ _ _ _ _ _ _ _ _ _ _ _ _ _ _ _ _ _ _ _ _ _ _ _ _ _ _ _ _ _ _ _ _ _ _ _ _ _ _ _ 

    def forbidden():
>       raise AssertionError("historical regeneration must not run")
E       AssertionError: historical regeneration must not run

tests/m12/test_v5_archive_verification.py:25: AssertionError
___________ test_generation_refused_before_historical_recipe[argv2] ____________

argv = ['--verify', '--write']
monkeypatch = <_pytest.monkeypatch.MonkeyPatch object at 0x7f348258a210>
tmp_path = PosixPath('/tmp/pytest-of-billy/pytest-47/test_generation_refused_before2')

    @pytest.mark.parametrize("argv", [[], ["--write"], ["--verify", "--write"], ["--out", "new.json"]])
    def test_generation_refused_before_historical_recipe(argv, monkeypatch, tmp_path):
        frozen = tmp_path / "historical.json"
        frozen.write_bytes(b"HISTORICAL_SENTINEL\n")
        monkeypatch.setattr(W, "RECEIPT", frozen)
        def forbidden():
            raise AssertionError("historical regeneration must not run")
        monkeypatch.setattr(W, "fresh", forbidden, raising=False)
>       assert W.main(argv) == 2

tests/m12/test_v5_archive_verification.py:27: 
_ _ _ _ _ _ _ _ _ _ _ _ _ _ _ _ _ _ _ _ _ _ _ _ _ _ _ _ _ _ _ _ _ _ _ _ _ _ _ _ 
tools/m12_paired_v5_receipt.py:39: in main
    new = fresh()
_ _ _ _ _ _ _ _ _ _ _ _ _ _ _ _ _ _ _ _ _ _ _ _ _ _ _ _ _ _ _ _ _ _ _ _ _ _ _ _ 

    def forbidden():
>       raise AssertionError("historical regeneration must not run")
E       AssertionError: historical regeneration must not run

tests/m12/test_v5_archive_verification.py:25: AssertionError
___________ test_generation_refused_before_historical_recipe[argv3] ____________

argv = ['--out', 'new.json']
monkeypatch = <_pytest.monkeypatch.MonkeyPatch object at 0x7f348258a8a0>
tmp_path = PosixPath('/tmp/pytest-of-billy/pytest-47/test_generation_refused_before3')

    @pytest.mark.parametrize("argv", [[], ["--write"], ["--verify", "--write"], ["--out", "new.json"]])
    def test_generation_refused_before_historical_recipe(argv, monkeypatch, tmp_path):
        frozen = tmp_path / "historical.json"
        frozen.write_bytes(b"HISTORICAL_SENTINEL\n")
        monkeypatch.setattr(W, "RECEIPT", frozen)
        def forbidden():
            raise AssertionError("historical regeneration must not run")
        monkeypatch.setattr(W, "fresh", forbidden, raising=False)
>       assert W.main(argv) == 2

tests/m12/test_v5_archive_verification.py:27: 
_ _ _ _ _ _ _ _ _ _ _ _ _ _ _ _ _ _ _ _ _ _ _ _ _ _ _ _ _ _ _ _ _ _ _ _ _ _ _ _ 
tools/m12_paired_v5_receipt.py:39: in main
    new = fresh()
_ _ _ _ _ _ _ _ _ _ _ _ _ _ _ _ _ _ _ _ _ _ _ _ _ _ _ _ _ _ _ _ _ _ _ _ _ _ _ _ 

    def forbidden():
>       raise AssertionError("historical regeneration must not run")
E       AssertionError: historical regeneration must not run

tests/m12/test_v5_archive_verification.py:25: AssertionError
______________ test_real_archive_verifies_without_current_recipe _______________

custody = (<module 'engineering_predecessor' from '/home/billy/orion-director-work/20260906/ocm-g1-support/tools/engineering_predecessor.py'>, PosixPath('/home/billy/orion-director-work/20260906/ocm-g1-support'))
monkeypatch = <_pytest.monkeypatch.MonkeyPatch object at 0x7f348250c9f0>
capsys = <_pytest.capture.CaptureFixture object at 0x7f34826fbed0>

    def test_real_archive_verifies_without_current_recipe(custody, monkeypatch, capsys):
        P, root = custody
        def forbidden():
            raise AssertionError("verification must not regenerate a historical receipt")
        monkeypatch.setattr(W, "fresh", forbidden, raising=False)
>       assert W.main(["--verify"]) == 0

tests/m12/test_v5_archive_verification.py:47: 
_ _ _ _ _ _ _ _ _ _ _ _ _ _ _ _ _ _ _ _ _ _ _ _ _ _ _ _ _ _ _ _ _ _ _ _ _ _ _ _ 
tools/m12_paired_v5_receipt.py:39: in main
    new = fresh()
_ _ _ _ _ _ _ _ _ _ _ _ _ _ _ _ _ _ _ _ _ _ _ _ _ _ _ _ _ _ _ _ _ _ _ _ _ _ _ _ 

    def forbidden():
>       raise AssertionError("verification must not regenerate a historical receipt")
E       AssertionError: verification must not regenerate a historical receipt

tests/m12/test_v5_archive_verification.py:45: AssertionError
________________ test_real_custody_drift_fails_closed[receipt] _________________

custody = (<module 'engineering_predecessor' from '/home/billy/orion-director-work/20260906/ocm-g1-support/tools/engineering_predecessor.py'>, PosixPath('/home/billy/orion-director-work/20260906/ocm-g1-support'))
monkeypatch = <_pytest.monkeypatch.MonkeyPatch object at 0x7f348250da90>
capsys = <_pytest.capture.CaptureFixture object at 0x7f348274be10>
target = 'receipt'

    @pytest.mark.parametrize("target", ["receipt", "prereg", "anchor", "archive"])
    def test_real_custody_drift_fails_closed(custody, monkeypatch, capsys, target):
        P, root = custody
        paths = {"receipt": P.PROTECTED, "prereg": "research/ocm-m12/M12_LIFETIME_PREREGISTRATION_V5.md",
                 "anchor": P.MANIFEST, "archive": P.ARCHIVE}
        original = P.V4.raw
        def changed(base, relative):
            data = original(base, relative)
            return data + b"CUSTODY_NEGATIVE_CONTROL" if relative == paths[target] else data
        with monkeypatch.context() as patch:
            patch.setattr(P.V4, "raw", changed)
>           assert W.main(["--verify"]) == 1
E           AssertionError: assert 0 == 1
E            +  where 0 = <function main at 0x7f34825823e0>(['--verify'])
E            +    where <function main at 0x7f34825823e0> = W.main

tests/m12/test_v5_archive_verification.py:68: AssertionError
----------------------------- Captured stdout call -----------------------------
M12 paired V5 receipt verified; bound files: 12
_________________ test_real_custody_drift_fails_closed[prereg] _________________

custody = (<module 'engineering_predecessor' from '/home/billy/orion-director-work/20260906/ocm-g1-support/tools/engineering_predecessor.py'>, PosixPath('/home/billy/orion-director-work/20260906/ocm-g1-support'))
monkeypatch = <_pytest.monkeypatch.MonkeyPatch object at 0x7f34826ef110>
capsys = <_pytest.capture.CaptureFixture object at 0x7f348274b820>
target = 'prereg'

    @pytest.mark.parametrize("target", ["receipt", "prereg", "anchor", "archive"])
    def test_real_custody_drift_fails_closed(custody, monkeypatch, capsys, target):
        P, root = custody
        paths = {"receipt": P.PROTECTED, "prereg": "research/ocm-m12/M12_LIFETIME_PREREGISTRATION_V5.md",
                 "anchor": P.MANIFEST, "archive": P.ARCHIVE}
        original = P.V4.raw
        def changed(base, relative):
            data = original(base, relative)
            return data + b"CUSTODY_NEGATIVE_CONTROL" if relative == paths[target] else data
        with monkeypatch.context() as patch:
            patch.setattr(P.V4, "raw", changed)
>           assert W.main(["--verify"]) == 1
E           AssertionError: assert 0 == 1
E            +  where 0 = <function main at 0x7f34825823e0>(['--verify'])
E            +    where <function main at 0x7f34825823e0> = W.main

tests/m12/test_v5_archive_verification.py:68: AssertionError
----------------------------- Captured stdout call -----------------------------
M12 paired V5 receipt verified; bound files: 12
_________________ test_real_custody_drift_fails_closed[anchor] _________________

custody = (<module 'engineering_predecessor' from '/home/billy/orion-director-work/20260906/ocm-g1-support/tools/engineering_predecessor.py'>, PosixPath('/home/billy/orion-director-work/20260906/ocm-g1-support'))
monkeypatch = <_pytest.monkeypatch.MonkeyPatch object at 0x7f3482501bd0>
capsys = <_pytest.capture.CaptureFixture object at 0x7f34827432f0>
target = 'anchor'

    @pytest.mark.parametrize("target", ["receipt", "prereg", "anchor", "archive"])
    def test_real_custody_drift_fails_closed(custody, monkeypatch, capsys, target):
        P, root = custody
        paths = {"receipt": P.PROTECTED, "prereg": "research/ocm-m12/M12_LIFETIME_PREREGISTRATION_V5.md",
                 "anchor": P.MANIFEST, "archive": P.ARCHIVE}
        original = P.V4.raw
        def changed(base, relative):
            data = original(base, relative)
            return data + b"CUSTODY_NEGATIVE_CONTROL" if relative == paths[target] else data
        with monkeypatch.context() as patch:
            patch.setattr(P.V4, "raw", changed)
>           assert W.main(["--verify"]) == 1
E           AssertionError: assert 0 == 1
E            +  where 0 = <function main at 0x7f34825823e0>(['--verify'])
E            +    where <function main at 0x7f34825823e0> = W.main

tests/m12/test_v5_archive_verification.py:68: AssertionError
----------------------------- Captured stdout call -----------------------------
M12 paired V5 receipt verified; bound files: 12
________________ test_real_custody_drift_fails_closed[archive] _________________

custody = (<module 'engineering_predecessor' from '/home/billy/orion-director-work/20260906/ocm-g1-support/tools/engineering_predecessor.py'>, PosixPath('/home/billy/orion-director-work/20260906/ocm-g1-support'))
monkeypatch = <_pytest.monkeypatch.MonkeyPatch object at 0x7f3482522e90>
capsys = <_pytest.capture.CaptureFixture object at 0x7f3482511e10>
target = 'archive'

    @pytest.mark.parametrize("target", ["receipt", "prereg", "anchor", "archive"])
    def test_real_custody_drift_fails_closed(custody, monkeypatch, capsys, target):
        P, root = custody
        paths = {"receipt": P.PROTECTED, "prereg": "research/ocm-m12/M12_LIFETIME_PREREGISTRATION_V5.md",
                 "anchor": P.MANIFEST, "archive": P.ARCHIVE}
        original = P.V4.raw
        def changed(base, relative):
            data = original(base, relative)
            return data + b"CUSTODY_NEGATIVE_CONTROL" if relative == paths[target] else data
        with monkeypatch.context() as patch:
            patch.setattr(P.V4, "raw", changed)
>           assert W.main(["--verify"]) == 1
E           AssertionError: assert 0 == 1
E            +  where 0 = <function main at 0x7f34825823e0>(['--verify'])
E            +    where <function main at 0x7f34825823e0> = W.main

tests/m12/test_v5_archive_verification.py:68: AssertionError
----------------------------- Captured stdout call -----------------------------
M12 paired V5 receipt verified; bound files: 12
______________ test_each_v5_archived_source_is_bound[streams.py] _______________

custody = (<module 'engineering_predecessor' from '/home/billy/orion-director-work/20260906/ocm-g1-support/tools/engineering_predecessor.py'>, PosixPath('/home/billy/orion-director-work/20260906/ocm-g1-support'))
monkeypatch = <_pytest.monkeypatch.MonkeyPatch object at 0x7f348262b9b0>
capsys = <_pytest.capture.CaptureFixture object at 0x7f34825119d0>
source = 'streams.py'

    @pytest.mark.parametrize("source", ["streams.py", "m12_paired_eval.py", "phases.py", "machine.py"])
    def test_each_v5_archived_source_is_bound(custody, monkeypatch, capsys, source):
        P, root = custody
        original = P.V4.raw
        data = original(root, P.ARCHIVE)
        result = io.BytesIO()
        with zipfile.ZipFile(io.BytesIO(data)) as old, zipfile.ZipFile(result, "w") as new:
            matches = [n for n in old.namelist() if n.endswith("/" + source)]
            assert len(matches) == 1
            for name in old.namelist():
                new.writestr(name, old.read(name) + (b"\n# CUSTODY_NEGATIVE_CONTROL\n" if name == matches[0] else b""))
        with monkeypatch.context() as patch:
            patch.setattr(P.V4, "raw", lambda base, relative: result.getvalue() if relative == P.ARCHIVE else original(base, relative))
>           assert W.main(["--verify"]) == 1
E           AssertionError: assert 0 == 1
E            +  where 0 = <function main at 0x7f34825823e0>(['--verify'])
E            +    where <function main at 0x7f34825823e0> = W.main

tests/m12/test_v5_archive_verification.py:85: AssertionError
----------------------------- Captured stdout call -----------------------------
M12 paired V5 receipt verified; bound files: 12
__________ test_each_v5_archived_source_is_bound[m12_paired_eval.py] ___________

custody = (<module 'engineering_predecessor' from '/home/billy/orion-director-work/20260906/ocm-g1-support/tools/engineering_predecessor.py'>, PosixPath('/home/billy/orion-director-work/20260906/ocm-g1-support'))
monkeypatch = <_pytest.monkeypatch.MonkeyPatch object at 0x7f34823a7cd0>
capsys = <_pytest.capture.CaptureFixture object at 0x7f348245ed50>
source = 'm12_paired_eval.py'

    @pytest.mark.parametrize("source", ["streams.py", "m12_paired_eval.py", "phases.py", "machine.py"])
    def test_each_v5_archived_source_is_bound(custody, monkeypatch, capsys, source):
        P, root = custody
        original = P.V4.raw
        data = original(root, P.ARCHIVE)
        result = io.BytesIO()
        with zipfile.ZipFile(io.BytesIO(data)) as old, zipfile.ZipFile(result, "w") as new:
            matches = [n for n in old.namelist() if n.endswith("/" + source)]
            assert len(matches) == 1
            for name in old.namelist():
                new.writestr(name, old.read(name) + (b"\n# CUSTODY_NEGATIVE_CONTROL\n" if name == matches[0] else b""))
        with monkeypatch.context() as patch:
            patch.setattr(P.V4, "raw", lambda base, relative: result.getvalue() if relative == P.ARCHIVE else original(base, relative))
>           assert W.main(["--verify"]) == 1
E           AssertionError: assert 0 == 1
E            +  where 0 = <function main at 0x7f34825823e0>(['--verify'])
E            +    where <function main at 0x7f34825823e0> = W.main

tests/m12/test_v5_archive_verification.py:85: AssertionError
----------------------------- Captured stdout call -----------------------------
M12 paired V5 receipt verified; bound files: 12
_______________ test_each_v5_archived_source_is_bound[phases.py] _______________

custody = (<module 'engineering_predecessor' from '/home/billy/orion-director-work/20260906/ocm-g1-support/tools/engineering_predecessor.py'>, PosixPath('/home/billy/orion-director-work/20260906/ocm-g1-support'))
monkeypatch = <_pytest.monkeypatch.MonkeyPatch object at 0x7f3482470600>
capsys = <_pytest.capture.CaptureFixture object at 0x7f348245ca50>
source = 'phases.py'

    @pytest.mark.parametrize("source", ["streams.py", "m12_paired_eval.py", "phases.py", "machine.py"])
    def test_each_v5_archived_source_is_bound(custody, monkeypatch, capsys, source):
        P, root = custody
        original = P.V4.raw
        data = original(root, P.ARCHIVE)
        result = io.BytesIO()
        with zipfile.ZipFile(io.BytesIO(data)) as old, zipfile.ZipFile(result, "w") as new:
            matches = [n for n in old.namelist() if n.endswith("/" + source)]
            assert len(matches) == 1
            for name in old.namelist():
                new.writestr(name, old.read(name) + (b"\n# CUSTODY_NEGATIVE_CONTROL\n" if name == matches[0] else b""))
        with monkeypatch.context() as patch:
            patch.setattr(P.V4, "raw", lambda base, relative: result.getvalue() if relative == P.ARCHIVE else original(base, relative))
>           assert W.main(["--verify"]) == 1
E           AssertionError: assert 0 == 1
E            +  where 0 = <function main at 0x7f34825823e0>(['--verify'])
E            +    where <function main at 0x7f34825823e0> = W.main

tests/m12/test_v5_archive_verification.py:85: AssertionError
----------------------------- Captured stdout call -----------------------------
M12 paired V5 receipt verified; bound files: 12
______________ test_each_v5_archived_source_is_bound[machine.py] _______________

custody = (<module 'engineering_predecessor' from '/home/billy/orion-director-work/20260906/ocm-g1-support/tools/engineering_predecessor.py'>, PosixPath('/home/billy/orion-director-work/20260906/ocm-g1-support'))
monkeypatch = <_pytest.monkeypatch.MonkeyPatch object at 0x7f3482536a50>
capsys = <_pytest.capture.CaptureFixture object at 0x7f348258aa80>
source = 'machine.py'

    @pytest.mark.parametrize("source", ["streams.py", "m12_paired_eval.py", "phases.py", "machine.py"])
    def test_each_v5_archived_source_is_bound(custody, monkeypatch, capsys, source):
        P, root = custody
        original = P.V4.raw
        data = original(root, P.ARCHIVE)
        result = io.BytesIO()
        with zipfile.ZipFile(io.BytesIO(data)) as old, zipfile.ZipFile(result, "w") as new:
            matches = [n for n in old.namelist() if n.endswith("/" + source)]
            assert len(matches) == 1
            for name in old.namelist():
                new.writestr(name, old.read(name) + (b"\n# CUSTODY_NEGATIVE_CONTROL\n" if name == matches[0] else b""))
        with monkeypatch.context() as patch:
            patch.setattr(P.V4, "raw", lambda base, relative: result.getvalue() if relative == P.ARCHIVE else original(base, relative))
>           assert W.main(["--verify"]) == 1
E           AssertionError: assert 0 == 1
E            +  where 0 = <function main at 0x7f34825823e0>(['--verify'])
E            +    where <function main at 0x7f34825823e0> = W.main

tests/m12/test_v5_archive_verification.py:85: AssertionError
----------------------------- Captured stdout call -----------------------------
M12 paired V5 receipt verified; bound files: 12
- generated xml file: /home/billy/orion-director-work/20260906/v5-authority-diagnostic/authority-before.xml -
=========================== short test summary info ============================
FAILED tests/m12/test_v5_execution_authority.py::test_new_v5_output_cannot_promote_positive_historical_rule[engineering.json]
FAILED tests/m12/test_v5_execution_authority.py::test_new_v5_output_cannot_promote_positive_historical_rule[PROTECTED_V5_NEW_NAME.json]
FAILED tests/m12/test_v5_archive_verification.py::test_generation_refused_before_historical_recipe[argv0]
FAILED tests/m12/test_v5_archive_verification.py::test_generation_refused_before_historical_recipe[argv1]
FAILED tests/m12/test_v5_archive_verification.py::test_generation_refused_before_historical_recipe[argv2]
FAILED tests/m12/test_v5_archive_verification.py::test_generation_refused_before_historical_recipe[argv3]
FAILED tests/m12/test_v5_archive_verification.py::test_real_archive_verifies_without_current_recipe
FAILED tests/m12/test_v5_archive_verification.py::test_real_custody_drift_fails_closed[receipt]
FAILED tests/m12/test_v5_archive_verification.py::test_real_custody_drift_fails_closed[prereg]
FAILED tests/m12/test_v5_archive_verification.py::test_real_custody_drift_fails_closed[anchor]
FAILED tests/m12/test_v5_archive_verification.py::test_real_custody_drift_fails_closed[archive]
FAILED tests/m12/test_v5_archive_verification.py::test_each_v5_archived_source_is_bound[streams.py]
FAILED tests/m12/test_v5_archive_verification.py::test_each_v5_archived_source_is_bound[m12_paired_eval.py]
FAILED tests/m12/test_v5_archive_verification.py::test_each_v5_archived_source_is_bound[phases.py]
FAILED tests/m12/test_v5_archive_verification.py::test_each_v5_archived_source_is_bound[machine.py]
15 failed, 3 passed in 0.72s
