FFF                                                                      [100%]
=================================== FAILURES ===================================
_________ test_bool_alias_in_returned_tuple_and_history_overlap_refuse _________

    def test_bool_alias_in_returned_tuple_and_history_overlap_refuse():
        desc = descriptor(); q = request(desc, [0, 0, 0]); output = CompiledProgram(desc).apply(q)
>       assert check_value(desc, q, {**output, 'arguments': [False, 0, 0]})['status'] == 'FAIL'
E       AssertionError: assert 'PASS' == 'FAIL'
E         
E         - FAIL
E         + PASS

research/ocm-prototype/test_clia_reuse_program.py:99: AssertionError
_________ test_forged_import_and_native_audit_do_not_restore_authority _________

tmp_path = PosixPath('/tmp/pytest-of-billy/pytest-64/test_forged_import_and_native_0')

    def test_forged_import_and_native_audit_do_not_restore_authority(tmp_path):
        desc = descriptor(); library = NativeLibrary(tmp_path); library.install(desc); library.bind(desc['id'])
        result = library.apply(request(desc, [41, -7, 12]))
        library.revoke(['query-unit'])
>       audit = library.audit()
E       AttributeError: 'NativeLibrary' object has no attribute 'audit'

research/ocm-prototype/test_clia_reuse_program.py:109: AttributeError
________________ test_audit_is_read_only_and_names_real_support ________________

tmp_path = PosixPath('/tmp/pytest-of-billy/pytest-64/test_audit_is_read_only_and_na0')

    def test_audit_is_read_only_and_names_real_support(tmp_path):
        runtime, records, history, shared = fixture_state(tmp_path)
        desc = V.adopt(runtime, records['jmbl_fg_max3'][0], history=[history]); V.bind(runtime, desc['id'])
        result = V.apply(runtime, request(desc, [41, -7, 12]))
        runtime.revoke([records['jmbl_fg_max3'][1]]); runtime.persist()
        count = len(runtime.events); snapshot = runtime.state.ks.digest()
>       audit = V.audit(runtime)
E       AttributeError: module 'clia_reuse_vessel' has no attribute 'audit'

research/ocm-prototype/test_clia_reuse_vessel.py:119: AttributeError
- generated xml file: /home/billy/orion-director-work/20260906/clia-reuse-unit-diagnostic/audit-before.xml -
=========================== short test summary info ============================
FAILED research/ocm-prototype/test_clia_reuse_program.py::test_bool_alias_in_returned_tuple_and_history_overlap_refuse
FAILED research/ocm-prototype/test_clia_reuse_program.py::test_forged_import_and_native_audit_do_not_restore_authority
FAILED research/ocm-prototype/test_clia_reuse_vessel.py::test_audit_is_read_only_and_names_real_support
3 failed in 0.68s
