Tagger model 1 columns: lemma use=1/provide=1, xpostag use=1/provide=1, feats use=1/provide=1
Creating morphological dictionary for tagger model 1.
Tagger model 1 dictionary options: max_form_analyses=0, custom dictionary_file=none
Tagger model 1 guesser options: suffix_rules=8, prefixes_max=4, prefix_min_count=10, enrich_dictionary=6
Tagger model 1 options: iterations=20, early_stopping=0, templates=tagger
Training tagger model 1.
Iteration 1: done, accuracy 87.09%
Iteration 2: done, accuracy 94.03%
Iteration 3: done, accuracy 95.81%
Iteration 4: done, accuracy 96.91%
Iteration 5: done, accuracy 97.45%
Iteration 6: done, accuracy 98.06%
Iteration 7: done, accuracy 98.30%
Iteration 8: done, accuracy 98.58%
Iteration 9: done, accuracy 98.77%
Iteration 10: done, accuracy 99.00%
Iteration 11: done, accuracy 99.08%
Iteration 12: done, accuracy 99.19%
Iteration 13: done, accuracy 99.32%
Iteration 14: done, accuracy 99.34%
Iteration 15: done, accuracy 99.39%
Iteration 16: done, accuracy 99.46%
Iteration 17: done, accuracy 99.51%
Iteration 18: done, accuracy 99.56%
Iteration 19: done, accuracy 99.61%
Iteration 20: done, accuracy 99.62%
Parser transition options: system=projective, oracle=dynamic, structured_interval=8, single_root=1
Parser uses lemmas/upos/xpos/feats: automatically generated by tagger
Parser embeddings options: upostag=20, feats=20, xpostag=0, form=50, lemma=0, deprel=20
  form mincount=2, precomputed form embeddings=none
  lemma mincount=2, precomputed lemma embeddings=none
Parser network options: iterations=10, hidden_layer=200, batch_size=10,
  learning_rate=0.0200, learning_rate_final=0.0010, l2=0.5000, early_stopping=0
Initialized 'universal_tag' embedding with 0,17 words and 0.0%,100.0% coverage.
Initialized 'feats' embedding with 0,207 words and 0.0%,100.0% coverage.
Initialized 'form' embedding with 0,9873 words and 0.0%,96.1% coverage.
Initialized 'deprel' embedding with 0,53 words and 0.0%,100.0% coverage.
Iteration 1: training logprob -2.5213e+05
Iteration 2: 