........................................................................ [  5%]
........................................................................ [ 11%]
........................................................................ [ 17%]
........................................................................ [ 22%]
........................................................................ [ 28%]
........................................................................ [ 34%]
........................................................................ [ 40%]
........................................................................ [ 45%]
........................................................................ [ 51%]
........................................................................ [ 57%]
........................................................................ [ 63%]
........................................................................ [ 68%]
........................................................................ [ 74%]
........................................................................ [ 80%]
........................................................................ [ 86%]
........................................................................ [ 91%]
........................................................................ [ 97%]
.............................                                            [100%]
- generated xml file: /home/billy/orion-director-work/20260906/ocm-completion-runtime/docs/provenance/engineering_revisions/runs/cc612a9f7f7dcde7d8d4103a4c4f4c0fc6c80a8fa7c7c788bf98943aabf1d25c/c4704fa614bc4726/FULL_SUITE.xml -
1253 passed in 293.75s (0:04:53)
