research/ocm-n1/test_bootstrap_audit.py::BootstrapAuditTests::test_audit_binds_current_sources_and_inventory
research/ocm-n1/test_bootstrap_audit.py::BootstrapAuditTests::test_current_runtime_is_not_mislabeled_minimal
research/ocm-n1/test_bootstrap_audit.py::BootstrapAuditTests::test_language_prior_counts_include_communication_policy
research/ocm-n1/test_language_acquisition_preflight.py::LanguageAcquisitionPreflightTests::test_frozen_m5_transitive_family_is_one_demo_at_cold_start
research/ocm-n1/test_language_acquisition_preflight.py::LanguageAcquisitionPreflightTests::test_one_demo_floor_blocks_meta_learning_headline
research/ocm-n1/test_language_lifetime_calibration.py::LanguageLifetimeCalibrationTests::test_every_arm_learns_registered_unique_orders
research/ocm-n1/test_language_lifetime_calibration.py::LanguageLifetimeCalibrationTests::test_harmful_transfer_is_detected_and_does_not_increase_information_cost
research/ocm-n1/test_language_lifetime_calibration.py::LanguageLifetimeCalibrationTests::test_related_nested_families_get_cheaper_than_reset
research/ocm-n1/test_language_lifetime_calibration.py::LanguageLifetimeCalibrationTests::test_strong_persistent_skill_parent_matches_exactly
research/ocm-n1/test_language_lifetime_calibration.py::LanguageLifetimeCalibrationTests::test_unrelated_language_receives_no_cross_scope_reuse
research/ocm-n1/test_language_meta_strategy.py::LanguageMetaStrategyTests::test_meta_strategy_reduces_target_interactions_without_grammar_fact_transfer
research/ocm-n1/test_language_meta_strategy.py::LanguageMetaStrategyTests::test_meta_training_is_paired_isomorphic_and_discriminating
research/ocm-n1/test_language_meta_strategy.py::LanguageMetaStrategyTests::test_strategy_is_evidence_scoped_and_revocation_reopens_choice
research/ocm-n1/test_language_meta_strategy.py::LanguageMetaStrategyTests::test_strong_parent_matches_meta_strategy_exactly
research/ocm-n1/test_minimal_construction_recovery.py::MinimalConstructionRecoveryTests::test_all_seven_families_recover_from_zero_constructions
research/ocm-n1/test_minimal_construction_recovery.py::MinimalConstructionRecoveryTests::test_every_family_generalizes_and_is_revocable
research/ocm-n1/test_minimal_construction_recovery.py::MinimalConstructionRecoveryTests::test_hypothesis_classes_are_nontrivial_and_declared
research/ocm-n1/test_minimal_construction_recovery.py::MinimalConstructionRecoveryTests::test_teacher_information_is_explicit
research/ocm-n1/test_minimal_construction_recovery.py::MinimalConstructionRecoveryTests::test_wh_unresolved_reference_does_not_masquerade_as_parse_failure
research/ocm-n1/test_minimal_language_learning.py::MinimalLanguageLearningTests::test_learned_construction_depends_on_its_demonstration
research/ocm-n1/test_minimal_language_learning.py::MinimalLanguageLearningTests::test_registered_receipt_is_calibration_only
research/ocm-n1/test_minimal_language_learning.py::MinimalLanguageLearningTests::test_same_learner_acquires_svo_and_conflicting_sov
research/ocm-n1/test_minimal_language_learning.py::MinimalLanguageLearningTests::test_time_zero_inventory_is_empty
research/ocm-n1/test_minimal_language_learning.py::MinimalLanguageLearningTests::test_wrong_order_is_not_accepted_by_learned_inventory
research/ocm-n1/test_minimal_morphology_recovery.py::MinimalMorphologyRecoveryTests::test_productive_and_exception_support_are_revocable
research/ocm-n1/test_minimal_morphology_recovery.py::MinimalMorphologyRecoveryTests::test_productive_rule_generalizes_to_held_out_verb
research/ocm-n1/test_minimal_morphology_recovery.py::MinimalMorphologyRecoveryTests::test_receipt_stays_calibration_only
research/ocm-n1/test_minimal_morphology_recovery.py::MinimalMorphologyRecoveryTests::test_zero_rule_start_and_hybrid_recovery
research/ocm-n1/test_packed_chart.py::PackedChartTests::test_agrees_with_historical_interpreter_on_frozen_microworld
research/ocm-n1/test_packed_chart.py::PackedChartTests::test_alternate_clause_and_reading_warrants_are_not_discarded
research/ocm-n1/test_packed_chart.py::PackedChartTests::test_catalan_attachment_ambiguity_is_packed_with_exact_integer_multiplicity
research/ocm-n1/test_packed_chart.py::PackedChartTests::test_duplicate_clause_derivations_are_counted_not_mistaken_for_semantic_ambiguity
research/ocm-n1/test_packed_chart.py::PackedChartTests::test_oversized_intermediate_phrase_does_not_abort_other_candidates
research/ocm-n1/test_packed_chart.py::PackedChartTests::test_packed_non_head_alternatives_preserve_warrants_after_revocation
research/ocm-n1/test_packed_chart.py::PackedChartTests::test_phrase_cycles_without_lexical_progress_fail_closed
research/ocm-n1/test_packed_chart.py::PackedChartTests::test_unknown_lexeme_matches_historical_terminal
research/ocm-n1/test_persistent_language_smoke.py::test_learned_composition_and_support_changes_survive_process_restart
research/ocm-n1/test_ud_dev_eval.py::UDDevEvalTests::test_receipt_is_aggregate_and_non_protected
research/ocm-n1/test_ud_induction_grammar.py::UDInductionGrammarTests::test_clause_skeleton_is_order_sensitive
research/ocm-n1/test_ud_induction_grammar.py::UDInductionGrammarTests::test_conllu_parser_skips_multiword_rows_but_keeps_basic_tokens
research/ocm-n1/test_ud_induction_grammar.py::UDInductionGrammarTests::test_gold_tree_identity_distinguishes_head_surface_position
research/ocm-n1/test_ud_induction_grammar.py::UDInductionGrammarTests::test_induced_lexicon_and_past_morphology_are_evidence_backed
research/ocm-n1/test_ud_induction_grammar.py::UDInductionGrammarTests::test_nonprojective_dependency_tree_is_explicitly_outside_cfg_bridge
research/ocm-n1/test_ud_induction_grammar.py::UDInductionGrammarTests::test_packed_ud_parser_recovers_seen_projective_structure
research/ocm-n1/test_ud_induction_grammar.py::UDInductionGrammarTests::test_same_dependency_family_retains_conflicting_svo_and_sov_orders
research/ocm-n1/test_ud_induction_grammar.py::UDInductionGrammarTests::test_test_split_requires_explicit_protected_evaluator_before_hash_check
research/ocm-prototype/exact_sparse_donor_tests/test_cli.py::test_named_fixture_cli_has_complete_stage_and_channel_counts[reference]
research/ocm-prototype/exact_sparse_donor_tests/test_cli.py::test_named_fixture_cli_has_complete_stage_and_channel_counts[sympy]
research/ocm-prototype/exact_sparse_donor_tests/test_consumer.py::test_real_consumer_and_all_four_channels_match[revoked0-UNIFORM]
research/ocm-prototype/exact_sparse_donor_tests/test_consumer.py::test_real_consumer_and_all_four_channels_match[revoked0-PROPAGATED]
research/ocm-prototype/exact_sparse_donor_tests/test_consumer.py::test_real_consumer_and_all_four_channels_match[revoked1-UNIFORM]
research/ocm-prototype/exact_sparse_donor_tests/test_consumer.py::test_real_consumer_and_all_four_channels_match[revoked1-PROPAGATED]
research/ocm-prototype/exact_sparse_donor_tests/test_consumer.py::test_real_consumer_and_all_four_channels_match[revoked2-UNIFORM]
research/ocm-prototype/exact_sparse_donor_tests/test_consumer.py::test_real_consumer_and_all_four_channels_match[revoked2-PROPAGATED]
research/ocm-prototype/exact_sparse_donor_tests/test_consumer.py::test_real_consumer_and_all_four_channels_match[revoked3-UNIFORM]
research/ocm-prototype/exact_sparse_donor_tests/test_consumer.py::test_real_consumer_and_all_four_channels_match[revoked3-PROPAGATED]
research/ocm-prototype/exact_sparse_donor_tests/test_consumer.py::test_real_consumer_and_all_four_channels_match[revoked4-UNIFORM]
research/ocm-prototype/exact_sparse_donor_tests/test_consumer.py::test_real_consumer_and_all_four_channels_match[revoked4-PROPAGATED]
research/ocm-prototype/exact_sparse_donor_tests/test_consumer.py::test_real_consumer_and_all_four_channels_match[revoked5-UNIFORM]
research/ocm-prototype/exact_sparse_donor_tests/test_consumer.py::test_real_consumer_and_all_four_channels_match[revoked5-PROPAGATED]
research/ocm-prototype/exact_sparse_donor_tests/test_consumer.py::test_authority_refusal_is_unchanged
research/ocm-prototype/exact_sparse_donor_tests/test_consumer.py::test_three_atom_channels_match_independent_known_values[UNIFORM]
research/ocm-prototype/exact_sparse_donor_tests/test_consumer.py::test_three_atom_channels_match_independent_known_values[PROPAGATED]
research/ocm-prototype/exact_sparse_donor_tests/test_exact.py::test_sparse_coefficients_and_full_values_match_original[None-revoked0-WARRANTED]
research/ocm-prototype/exact_sparse_donor_tests/test_exact.py::test_sparse_coefficients_and_full_values_match_original[None-revoked0-EXPLORATORY]
research/ocm-prototype/exact_sparse_donor_tests/test_exact.py::test_sparse_coefficients_and_full_values_match_original[None-revoked1-WARRANTED]
research/ocm-prototype/exact_sparse_donor_tests/test_exact.py::test_sparse_coefficients_and_full_values_match_original[None-revoked1-EXPLORATORY]
research/ocm-prototype/exact_sparse_donor_tests/test_exact.py::test_sparse_coefficients_and_full_values_match_original[None-revoked2-WARRANTED]
research/ocm-prototype/exact_sparse_donor_tests/test_exact.py::test_sparse_coefficients_and_full_values_match_original[None-revoked2-EXPLORATORY]
research/ocm-prototype/exact_sparse_donor_tests/test_exact.py::test_sparse_coefficients_and_full_values_match_original[None-revoked3-WARRANTED]
research/ocm-prototype/exact_sparse_donor_tests/test_exact.py::test_sparse_coefficients_and_full_values_match_original[None-revoked3-EXPLORATORY]
research/ocm-prototype/exact_sparse_donor_tests/test_exact.py::test_sparse_coefficients_and_full_values_match_original[None-revoked4-WARRANTED]
research/ocm-prototype/exact_sparse_donor_tests/test_exact.py::test_sparse_coefficients_and_full_values_match_original[None-revoked4-EXPLORATORY]
research/ocm-prototype/exact_sparse_donor_tests/test_exact.py::test_sparse_coefficients_and_full_values_match_original[relevance1-revoked0-WARRANTED]
research/ocm-prototype/exact_sparse_donor_tests/test_exact.py::test_sparse_coefficients_and_full_values_match_original[relevance1-revoked0-EXPLORATORY]
research/ocm-prototype/exact_sparse_donor_tests/test_exact.py::test_sparse_coefficients_and_full_values_match_original[relevance1-revoked1-WARRANTED]
research/ocm-prototype/exact_sparse_donor_tests/test_exact.py::test_sparse_coefficients_and_full_values_match_original[relevance1-revoked1-EXPLORATORY]
research/ocm-prototype/exact_sparse_donor_tests/test_exact.py::test_sparse_coefficients_and_full_values_match_original[relevance1-revoked2-WARRANTED]
research/ocm-prototype/exact_sparse_donor_tests/test_exact.py::test_sparse_coefficients_and_full_values_match_original[relevance1-revoked2-EXPLORATORY]
research/ocm-prototype/exact_sparse_donor_tests/test_exact.py::test_sparse_coefficients_and_full_values_match_original[relevance1-revoked3-WARRANTED]
research/ocm-prototype/exact_sparse_donor_tests/test_exact.py::test_sparse_coefficients_and_full_values_match_original[relevance1-revoked3-EXPLORATORY]
research/ocm-prototype/exact_sparse_donor_tests/test_exact.py::test_sparse_coefficients_and_full_values_match_original[relevance1-revoked4-WARRANTED]
research/ocm-prototype/exact_sparse_donor_tests/test_exact.py::test_sparse_coefficients_and_full_values_match_original[relevance1-revoked4-EXPLORATORY]
research/ocm-prototype/exact_sparse_donor_tests/test_exact.py::test_exact_builder_does_not_materialize_original_dense_kernel
research/ocm-prototype/exact_sparse_donor_tests/test_exact.py::test_original_elimination_is_not_used_for_supported_donor
research/ocm-prototype/exact_sparse_donor_tests/test_exact.py::test_callable_relevance_falls_back_without_extra_evaluation
research/ocm-prototype/exact_sparse_donor_tests/test_exact.py::test_supplied_matrix_keeps_original_contract
research/ocm-prototype/exact_sparse_donor_tests/test_exact.py::test_invalid_inputs_retain_original_exception_type[seed0-alpha0]
research/ocm-prototype/exact_sparse_donor_tests/test_exact.py::test_invalid_inputs_retain_original_exception_type[seed1-alpha1]
research/ocm-prototype/exact_sparse_donor_tests/test_exact.py::test_invalid_inputs_retain_original_exception_type[seed2-alpha2]
research/ocm-prototype/exact_sparse_donor_tests/test_exact.py::test_invalid_inputs_retain_original_exception_type[seed3-alpha3]
research/ocm-prototype/exact_sparse_donor_tests/test_exact.py::test_zero_seed_and_alpha_one[seed0-alpha0]
research/ocm-prototype/exact_sparse_donor_tests/test_exact.py::test_zero_seed_and_alpha_one[seed1-alpha1]
research/ocm-prototype/exact_sparse_donor_tests/test_exact.py::test_empty_field_retains_empty_result
research/ocm-prototype/exact_sparse_donor_tests/test_exact.py::test_checker_accepts_real_result_and_rejects_changed_missing_or_float_output
research/ocm-prototype/exact_sparse_donor_tests/test_refusals.py::test_real_singular_system_keeps_cannot_check
research/ocm-prototype/exact_sparse_donor_tests/test_refusals.py::test_bad_solver_certificate_is_refused
research/ocm-prototype/exact_sparse_donor_tests/test_refusals.py::test_zero_denominator_certificate_is_refused
research/ocm-prototype/exact_sparse_donor_tests/test_refusals.py::test_wrong_candidate_kernel_is_caught_by_independent_original_residual
research/ocm-prototype/exact_sparse_donor_tests/test_refusals.py::test_repeated_call_and_changed_relevance_rebuild_exact_values
research/ocm-prototype/exact_sparse_donor_tests/test_refusals.py::test_reference_consumer_does_not_import_unused_sympy
research/ocm-prototype/exact_sparse_donor_tests/test_refusals.py::test_changed_field_modes_have_full_consumer_parity[incoming]
research/ocm-prototype/exact_sparse_donor_tests/test_refusals.py::test_changed_field_modes_have_full_consumer_parity[mixed_warrant]
research/ocm-prototype/exact_sparse_donor_tests/test_refusals.py::test_public_checker_preserves_one_shot_revocation_iterable
research/ocm-prototype/representation_donor_tests/test_adapter.py::test_actual_sv_full_vectors_and_complete_consumer_match_informed_parent
research/ocm-prototype/representation_donor_tests/test_adapter.py::test_incoming_edge_preserves_lumpability_but_requires_full_reconstruction_fallback
research/ocm-prototype/representation_donor_tests/test_adapter.py::test_mixed_warrants_fail_the_whole_registered_family
research/ocm-prototype/representation_donor_tests/test_adapter.py::test_missing_state_cannot_be_relabelled_as_negative_or_certificate
research/ocm-prototype/representation_donor_tests/test_adapter.py::test_alternative_support_unknown_withdrawal_and_reinstatement_snapshots[revoked0]
research/ocm-prototype/representation_donor_tests/test_adapter.py::test_alternative_support_unknown_withdrawal_and_reinstatement_snapshots[revoked1]
research/ocm-prototype/representation_donor_tests/test_adapter.py::test_alternative_support_unknown_withdrawal_and_reinstatement_snapshots[revoked2]
research/ocm-prototype/representation_donor_tests/test_adapter.py::test_alternative_support_unknown_withdrawal_and_reinstatement_snapshots[revoked3]
research/ocm-prototype/representation_donor_tests/test_adapter.py::test_alternative_support_unknown_withdrawal_and_reinstatement_snapshots[revoked4]
research/ocm-prototype/representation_donor_tests/test_adapter.py::test_alternative_support_unknown_withdrawal_and_reinstatement_snapshots[revoked5]
research/ocm-prototype/representation_donor_tests/test_adapter.py::test_alternative_support_unknown_withdrawal_and_reinstatement_snapshots[revoked6]
research/ocm-prototype/representation_donor_tests/test_adapter.py::test_alternative_support_unknown_withdrawal_and_reinstatement_snapshots[revoked7]
research/ocm-prototype/representation_donor_tests/test_adapter.py::test_changed_query_config_state_and_unregistered_revocation_cannot_reuse_binding
research/ocm-prototype/representation_donor_tests/test_adapter.py::test_external_grader_rejects_actual_selected_vector_and_consumer_tampering
research/ocm-prototype/representation_donor_tests/test_adapter.py::test_exact_donor_source_is_loaded_and_a_changed_source_is_refused
research/ocm-prototype/representation_donor_tests/test_adapter.py::test_existing_revision_checker_refuses_split_fibre_and_malformed_maps
research/ocm-prototype/representation_donor_tests/test_adapter.py::test_mutating_original_registration_cannot_change_frozen_authority[task]
research/ocm-prototype/representation_donor_tests/test_adapter.py::test_mutating_original_registration_cannot_change_frozen_authority[config]
research/ocm-prototype/representation_donor_tests/test_adapter.py::test_mutating_original_registration_cannot_change_frozen_authority[family]
research/ocm-prototype/representation_donor_tests/test_capture.py::test_actual_capture_is_create_only_sealed_and_independently_graded
research/ocm-prototype/representation_donor_tests/test_grading.py::test_error_does_not_hide_observed_fine_vector_or_request_mismatch
research/ocm-prototype/representation_donor_tests/test_grading.py::test_repaired_capture_completes_and_binds_arms
research/ocm-prototype/representation_donor_tests/test_grading.py::test_immutable_historical_partial_capture_keeps_distinct_cli_status
research/ocm-prototype/test_clia_contract.py::test_actual_public_solver_outputs_pass_independent_check[jmbl_fg_max3]
research/ocm-prototype/test_clia_contract.py::test_actual_public_solver_outputs_pass_independent_check[jmbl_fg_max10]
research/ocm-prototype/test_clia_contract.py::test_actual_public_solver_outputs_pass_independent_check[jmbl_fg_array_search_4]
research/ocm-prototype/test_clia_contract.py::test_actual_public_solver_outputs_pass_independent_check[jmbl_fg_array_search_10]
research/ocm-prototype/test_clia_contract.py::test_actual_public_solver_outputs_pass_independent_check[jmbl_fg_mpg_guard2]
research/ocm-prototype/test_clia_contract.py::test_invalid_programs_fail_before_native_checker[(define-fun other ((x Int) (y Int) (z Int)) Int (ite (>= x y) (ite (>= x z) x z) (ite (>= y z) y z)))]
research/ocm-prototype/test_clia_contract.py::test_invalid_programs_fail_before_native_checker[(define-fun mux_3 ((x Int) (y Int) (z Int)) Int (ite (>= x y) (ite (>= x z) x z) (ite (>= y z) y z)))\n(define-fun mux_3 ((x Int) (y Int) (z Int)) Int (ite (>= x y) (ite (>= x z) x z) (ite (>= y z) y z)))]
research/ocm-prototype/test_clia_contract.py::test_invalid_programs_fail_before_native_checker[(define-fun mux_3 ((x Int) (y Int)) Int (ite (>= x y) (ite (>= x z) x z) (ite (>= y z) y z)))]
research/ocm-prototype/test_clia_contract.py::test_invalid_programs_fail_before_native_checker[(define-fun mux_3 ((x Bool) (y Int) (z Int)) Int (ite (>= x y) (ite (>= x z) x z) (ite (>= y z) y z)))]
research/ocm-prototype/test_clia_contract.py::test_invalid_programs_fail_before_native_checker[(define-fun mux_3 ((x Int) (y Int) (z Int)) Bool (ite (>= x y) (ite (>= x z) x z) (ite (>= y z) y z)))]
research/ocm-prototype/test_clia_contract.py::test_invalid_programs_fail_before_native_checker[(define-fun mux_3 ((x Int) (y Int) (z Int)) Int (ite (>= x missing) (ite (>= x z) x z) (ite (>= y z) y z)))]
research/ocm-prototype/test_clia_contract.py::test_invalid_programs_fail_before_native_checker[(define-fun mux_3 ((x Int) (y Int) (z Int)) Int (ite (>= (* x y) z) (ite (>= x z) x z) (ite (>= y z) y z)))]
research/ocm-prototype/test_clia_contract.py::test_invalid_programs_fail_before_native_checker[(define-fun mux_3 ((x Int) (y Int) (z Int)) Int (ite (>= (div x 2) z) (ite (>= x z) x z) (ite (>= y z) y z)))]
research/ocm-prototype/test_clia_contract.py::test_invalid_programs_fail_before_native_checker[(define-fun mux_3 ((x Int) (y Int) (z Int)) Int (ite (>= (sin x) z) (ite (>= x z) x z) (ite (>= y z) y z)))]
research/ocm-prototype/test_clia_contract.py::test_invalid_programs_fail_before_native_checker[(define-fun mux_3 ((x Int) (y Int) (z Int)) Int (ite (>= x y) (ite (>= x z) x z) (ite (>= y z) y z)))\n(check-sat)]
research/ocm-prototype/test_clia_contract.py::test_invalid_programs_fail_before_native_checker[(define-fun mux_3 ((x Int) (y Int) (z Int)) Int (ite (>= true 0) (ite (>= x z) x z) (ite (>= y z) y z)))]
research/ocm-prototype/test_clia_contract.py::test_invalid_programs_fail_before_native_checker[(define-fun mux_3 ((x Int) (y Int) (z Int)) Int (ite (= (let ((v x) (v y)) v) z) (ite (>= x z) x z) (ite (>= y z) y z)))]
research/ocm-prototype/test_clia_contract.py::test_wrong_allowed_program_is_counterexample_not_grammar_error
research/ocm-prototype/test_clia_contract.py::test_total_let_and_linear_constant_multiplication_are_accepted
research/ocm-prototype/test_clia_contract.py::test_task_and_proposal_binding_cannot_change_contract
research/ocm-prototype/test_clia_contract.py::test_deadline_and_unavailable_native_checker_are_not_false_proofs
research/ocm-prototype/test_clia_contract.py::test_non_solution_and_oversized_candidate_are_not_admitted
research/ocm-prototype/test_clia_contract.py::test_malformed_data_is_a_receipt_not_an_exception[(]
research/ocm-prototype/test_clia_contract.py::test_malformed_data_is_a_receipt_not_an_exception["define-fun"]
research/ocm-prototype/test_clia_contract.py::test_malformed_data_is_a_receipt_not_an_exception[(define-fun mux_3 ((x Int) (y Int) (z Int)) Int "0")]
research/ocm-prototype/test_clia_contract.py::test_missing_fixture_custody_is_cannot_check
research/ocm-prototype/test_clia_contract.py::test_actual_external_deadline_stops_native_child
research/ocm-prototype/test_clia_reuse_cold_withdrawal.py::test_new_request_after_fresh_withdrawal_refuses_then_same_request_recovers
research/ocm-prototype/test_clia_reuse_initialization.py::test_actual_fresh_ocm_constructor_is_not_mistaken_for_prior_state
research/ocm-prototype/test_clia_reuse_initialization.py::test_genuinely_prepopulated_ocm_state_is_refused_before_constructor
research/ocm-prototype/test_clia_reuse_program.py::test_actual_z3_application_and_wrong_value_control
research/ocm-prototype/test_clia_reuse_program.py::test_bad_tuple_is_refused[args0]
research/ocm-prototype/test_clia_reuse_program.py::test_bad_tuple_is_refused[args1]
research/ocm-prototype/test_clia_reuse_program.py::test_bad_tuple_is_refused[args2]
research/ocm-prototype/test_clia_reuse_program.py::test_bad_tuple_is_refused[args3]
research/ocm-prototype/test_clia_reuse_program.py::test_bad_tuple_is_refused[args4]
research/ocm-prototype/test_clia_reuse_program.py::test_descriptor_hash_grammar_and_proof_custody_refuse
research/ocm-prototype/test_clia_reuse_program.py::test_native_restart_support_and_history_are_separate
research/ocm-prototype/test_clia_reuse_program.py::test_native_real_new_process_rebind_and_guard_unit
research/ocm-prototype/test_clia_reuse_program.py::test_native_tampered_disk_and_alternate_unknown_support
research/ocm-prototype/test_clia_reuse_program.py::test_bool_alias_in_returned_tuple_and_history_overlap_refuse
research/ocm-prototype/test_clia_reuse_program.py::test_forged_import_and_native_audit_do_not_restore_authority
research/ocm-prototype/test_clia_reuse_program.py::test_actual_archived_donor_programs_compile_without_application
research/ocm-prototype/test_clia_reuse_program.py::test_guard_negative_unit_branch
research/ocm-prototype/test_clia_reuse_program.py::test_lower_only_history_overlap_is_refused
research/ocm-prototype/test_clia_reuse_study.py::test_external_grader_rejects_wrong_value_and_nonintegers[40]
research/ocm-prototype/test_clia_reuse_study.py::test_external_grader_rejects_wrong_value_and_nonintegers[True]
research/ocm-prototype/test_clia_reuse_study.py::test_external_grader_rejects_wrong_value_and_nonintegers[41.0]
research/ocm-prototype/test_clia_reuse_study.py::test_external_grader_rejects_wrong_value_and_nonintegers[41]
research/ocm-prototype/test_clia_reuse_study.py::test_guard_oracle_uses_z_and_exact_boundary
research/ocm-prototype/test_clia_reuse_study.py::test_wrong_tuple_boolean_alias_and_diagnostic_not_selected
research/ocm-prototype/test_clia_reuse_study.py::test_policy_refusal_is_not_error_or_live_unbound
research/ocm-prototype/test_clia_reuse_study.py::test_actual_native_invocation_is_observed_without_changing_result
research/ocm-prototype/test_clia_reuse_study.py::test_wait4_records_actor_and_reaped_child_cpu_without_wrapper_omission
research/ocm-prototype/test_clia_reuse_study.py::test_timeout_is_preserved_as_incomplete_cpu_scope
research/ocm-prototype/test_clia_reuse_study.py::test_f1_different_canonical_program_refused_and_aliases_do_not_change_tuples
research/ocm-prototype/test_clia_reuse_study.py::test_actual_native_and_ocm_unit_outputs_qualify_external_grader
research/ocm-prototype/test_clia_reuse_study.py::test_end_revision_uses_exact_existing_support_without_query_reregistration
research/ocm-prototype/test_clia_reuse_study.py::test_serialized_acquisition_order_matches_protocol_actions
research/ocm-prototype/test_clia_reuse_study.py::test_real_public_task_freeze_binding_and_changed_source_refusal
research/ocm-prototype/test_clia_reuse_study.py::test_six_published_protocol_files_are_exact_and_required
research/ocm-prototype/test_clia_reuse_supervision.py::test_timeout_reaps_actor_and_terminates_resistant_group_child
research/ocm-prototype/test_clia_reuse_vessel.py::test_registry_rebind_full_catalogue_and_no_synthesis
research/ocm-prototype/test_clia_reuse_vessel.py::test_history_withdrawal_true_query_withdrawal_unaffected_and_restore
research/ocm-prototype/test_clia_reuse_vessel.py::test_wrong_host_value_never_admitted
research/ocm-prototype/test_clia_reuse_vessel.py::test_actual_fresh_process_host_rebind
research/ocm-prototype/test_clia_reuse_vessel.py::test_audit_is_read_only_and_names_real_support
research/ocm-prototype/test_clia_reuse_vessel.py::test_default_and_expanded_g1_catalogue_use_same_admission
research/ocm-prototype/test_clia_reuse_vessel.py::test_expanded_syntax_routes_to_existing_observation_gate
research/ocm-prototype/test_clia_reuse_worker_fixture.py::test_five_fresh_unit_workers_preserve_revision_authority_and_selected_values[native]
research/ocm-prototype/test_clia_reuse_worker_fixture.py::test_five_fresh_unit_workers_preserve_revision_authority_and_selected_values[ocm]
research/ocm-prototype/test_g1_stanza_capture.py::test_successor_exact_predecessor_profile_and_lineage
research/ocm-prototype/test_g1_stanza_capture.py::test_capture_fixed_worker_and_unknown_cpu_without_inference
research/ocm-prototype/test_g1_stanza_capture.py::test_legacy_resource_accessor_is_unchanged
research/ocm-prototype/test_g1_stanza_donor.py::test_same_bound_archive_and_forms_only_cache
research/ocm-prototype/test_g1_stanza_donor.py::test_donor_failure_and_invalid_completed_tree_are_distinct
research/ocm-prototype/test_g1_stanza_loader.py::test_optional_model_root_preserves_fixed_loader
research/ocm-prototype/test_g1_stanza_vessel.py::test_default_and_stanza_source_inventories_stay_aligned
research/ocm-prototype/test_g1_stanza_vessel.py::test_native_import_has_no_ocm_runtime
research/ocm-prototype/test_g1_stanza_vessel.py::test_same_native_answer_shared_trace_reload_and_withdrawal
research/ocm-prototype/test_g1_stanza_vessel.py::test_new_host_checker_keeps_missing_and_changed_bindings_refused
research/ocm-prototype/test_g1_stanza_vessel.py::test_chunk_protocol_native_memory_and_complete_archive
research/ocm-prototype/test_g1_stanza_vessel.py::test_end_chunk_archive_drift_refuses_completed_chunk
research/ocm-prototype/test_g1_vessel.py::test_structural_validator_accepts_and_rejects
research/ocm-prototype/test_g1_vessel.py::test_setup_idempotence_and_identity_refusal
research/ocm-prototype/test_g1_vessel.py::test_unavailable_or_changed_model_is_cannot_check
research/ocm-prototype/test_g1_vessel.py::test_syntax_observation_is_not_truth_and_whole_model_withdrawal
research/ocm-prototype/test_g1_vessel.py::test_final_admission_refusal_cannot_count_as_answer
research/ocm-prototype/test_g1_vessel.py::test_missing_checker_and_gold_inputs_refused
research/ocm-prototype/test_grade_clia_reuse.py::test_actual_native_and_ocm_selected_outputs_no_alarm
research/ocm-prototype/test_grade_clia_reuse.py::test_altered_actual_records_are_not_accepted[value-WRONG_VALUE]
research/ocm-prototype/test_grade_clia_reuse.py::test_altered_actual_records_are_not_accepted[tuple-WRONG_BINDING]
research/ocm-prototype/test_grade_clia_reuse.py::test_altered_actual_records_are_not_accepted[program-WRONG_BINDING]
research/ocm-prototype/test_grade_clia_reuse.py::test_altered_actual_records_are_not_accepted[not_selected-NO_SELECTED_VALUE]
research/ocm-prototype/test_grade_clia_reuse.py::test_altered_actual_records_are_not_accepted[check-CHECK_NOT_PASSED]
research/ocm-prototype/test_grade_clia_reuse.py::test_real_record_noninteger_values_are_rejected[True]
research/ocm-prototype/test_grade_clia_reuse.py::test_real_record_noninteger_values_are_rejected[41.0]
research/ocm-prototype/test_grade_clia_reuse.py::test_real_record_noninteger_values_are_rejected[41]
research/ocm-prototype/test_grade_clia_reuse.py::test_real_record_noninteger_values_are_rejected[None]
research/ocm-prototype/test_grade_clia_reuse.py::test_policy_refusal_needs_support_and_cannot_be_an_error
research/ocm-prototype/test_grade_clia_reuse.py::test_oracle_is_exact_and_policy_does_not_collapse_unknown
research/ocm-prototype/test_grade_clia_reuse.py::test_policy_needs_real_both_bound_support_and_ocm_trace
research/ocm-prototype/test_grade_clia_reuse.py::test_arm_status_cannot_be_swapped
research/ocm-prototype/test_grade_clia_reuse_audit.py::test_actual_audits_events_values_and_withdrawal_no_alarm
research/ocm-prototype/test_grade_clia_reuse_audit.py::test_altered_real_audit_is_rejected[liveness]
research/ocm-prototype/test_grade_clia_reuse_audit.py::test_altered_real_audit_is_rejected[support]
research/ocm-prototype/test_grade_clia_reuse_audit.py::test_altered_real_audit_is_rejected[payload]
research/ocm-prototype/test_grade_clia_reuse_audit.py::test_altered_real_audit_is_rejected[history]
research/ocm-prototype/test_grade_clia_reuse_audit.py::test_altered_real_audit_is_rejected[missing_proof]
research/ocm-prototype/test_grade_clia_reuse_audit.py::test_old_payload_cannot_be_replaced_or_dropped_after_revision
research/ocm-prototype/test_grade_clia_reuse_audit.py::test_actual_event_log_mutations_do_not_establish_reuse[tuple]
research/ocm-prototype/test_grade_clia_reuse_audit.py::test_actual_event_log_mutations_do_not_establish_reuse[unfinished]
research/ocm-prototype/test_grade_clia_reuse_audit.py::test_actual_event_log_mutations_do_not_establish_reuse[counter]
research/ocm-prototype/test_grade_clia_reuse_audit.py::test_actual_event_log_mutations_do_not_establish_reuse[extra_event]
research/ocm-prototype/test_grade_clia_reuse_audit.py::test_real_policy_cannot_be_relabelled_error_or_missing_invocation
research/ocm-prototype/test_grade_clia_reuse_audit.py::test_real_raw_bytes_seal_no_alarm_and_changed_or_unsealed_rejected
research/ocm-prototype/test_grade_clia_reuse_audit.py::test_missing_capture_keeps_assigned_denominators_and_unknown_cost
research/ocm-prototype/test_grade_clia_reuse_audit.py::test_actual_unit_model_placeholder_custody_not_prediction
research/ocm-prototype/test_grade_clia_reuse_audit.py::test_native_repeated_syntax_binds_without_timing_uniqueness
research/ocm-prototype/test_grade_g1_matched.py::test_actual_gold_perfect_no_alarm_and_real_programs
research/ocm-prototype/test_grade_g1_matched.py::test_wrong_label_is_valid_but_not_gold_correct
research/ocm-prototype/test_grade_g1_matched.py::test_crashed_partial_chunk_preserves_assigned_unknowns
research/ocm-prototype/test_grade_g1_matched.py::test_changed_rows_fail_sha_binding
research/ocm-prototype/test_grade_g1_matched.py::test_false_admission_and_completed_refusal_remain_distinct
research/ocm-prototype/test_grade_g1_matched.py::test_gold_hash_checked_before_loading
research/ocm-prototype/test_grade_g1_matched.py::test_bound_missing_row_is_incomplete_not_a_smaller_denominator
research/ocm-prototype/test_grade_g1_matched.py::test_program_rechecked_by_behavior_not_output_string
research/ocm-prototype/test_matched_capture.py::test_crashed_child_retains_missing_items
research/ocm-prototype/test_matched_capture.py::test_model_training_mismatch_refused_before_execution
research/ocm-prototype/test_shared_vessel.py::test_shared_loop_is_implemented
research/ocm-prototype/test_shared_vessel.py::test_both_domains_use_full_catalogue_and_same_host_fixture
research/ocm-prototype/test_shared_vessel.py::test_acquired_language_reloads_and_revokes_without_disabling_math
research/ocm-prototype/test_shared_vessel.py::test_generator_revocation_preserves_primitive_mathematical_fallback
research/ocm-prototype/test_shared_vessel.py::test_rejected_proposals_cannot_be_admitted
research/ocm-prototype/test_shared_vessel.py::test_costs_and_claim_scope_are_explicit
research/ocm-prototype/test_shared_vessel.py::test_study_refuses_nonempty_custody_directory
research/ocm-prototype/test_stanza_donor.py::test_clean_supplied_words_and_document
research/ocm-prototype/test_stanza_donor.py::test_malformed_output_refused[form]
research/ocm-prototype/test_stanza_donor.py::test_malformed_output_refused[sentence]
research/ocm-prototype/test_stanza_donor.py::test_malformed_output_refused[word_count]
research/ocm-prototype/test_stanza_donor.py::test_malformed_output_refused[mwt]
research/ocm-prototype/test_stanza_donor.py::test_malformed_output_refused[head]
research/ocm-prototype/test_stanza_donor.py::test_exact_file_binding_accepts_and_refuses
research/ocm-prototype/test_stanza_donor.py::test_real_public_inventory_accepts_and_refuses_annotated_input
research/ocm-prototype/test_stanza_qualification.py::test_execution_failure_never_becomes_contract_failure[record0-100-100-DONOR_QUALITY_PROGRESSION_ONLY]
research/ocm-prototype/test_stanza_qualification.py::test_execution_failure_never_becomes_contract_failure[record1-99-99-CANNOT_CHECK_EXECUTION_OR_BINDING]
research/ocm-prototype/test_stanza_qualification.py::test_execution_failure_never_becomes_contract_failure[record2-100-100-CANNOT_CHECK_EXECUTION_OR_BINDING]
research/ocm-prototype/test_stanza_qualification.py::test_execution_failure_never_becomes_contract_failure[record3-100-100-CANNOT_CHECK_EXECUTION_OR_BINDING]
research/ocm-prototype/test_stanza_qualification.py::test_execution_failure_never_becomes_contract_failure[record4-100-99-INPUT_CONTRACT_MISMATCH]
research/ocm-prototype/test_stanza_qualification.py::test_execution_failure_never_becomes_contract_failure[record5-20-20-EXECUTION_DEADLINE_EXCEEDED]
research/ocm-prototype/test_stanza_qualification.py::test_prediction_clean_and_explicit_refusal
research/ocm-prototype/test_stanza_qualification.py::test_prediction_binding_refusal[change0]
research/ocm-prototype/test_stanza_qualification.py::test_prediction_binding_refusal[change1]
research/ocm-prototype/test_stanza_qualification.py::test_prediction_binding_refusal[change2]
research/ocm-prototype/test_stanza_qualification.py::test_prediction_binding_refusal[change3]
research/ocm-prototype/test_stanza_qualification.py::test_qualified_launch_metadata_drift_refused_before_run[runtime-plan-v1.json]
research/ocm-prototype/test_stanza_qualification.py::test_qualified_launch_metadata_drift_refused_before_run[runtime-v1/launch-plan.json]
research/ocm-prototype/test_stanza_qualification.py::test_explicit_donor_inability_remains_cannot_check
research/ocm-prototype/test_stanza_qualification.py::test_cpu_accounting_does_not_infer_descendants_from_wait4

286 tests collected in 0.51s
