research/ocm-prototype/exact_sparse_donor_tests/test_cli.py::test_named_fixture_cli_has_complete_stage_and_channel_counts[reference]
research/ocm-prototype/exact_sparse_donor_tests/test_cli.py::test_named_fixture_cli_has_complete_stage_and_channel_counts[sympy]
research/ocm-prototype/exact_sparse_donor_tests/test_exact.py::test_sparse_coefficients_and_full_values_match_original[None-revoked0-WARRANTED]
research/ocm-prototype/exact_sparse_donor_tests/test_exact.py::test_sparse_coefficients_and_full_values_match_original[None-revoked0-EXPLORATORY]
research/ocm-prototype/exact_sparse_donor_tests/test_exact.py::test_sparse_coefficients_and_full_values_match_original[None-revoked1-WARRANTED]
research/ocm-prototype/exact_sparse_donor_tests/test_exact.py::test_sparse_coefficients_and_full_values_match_original[None-revoked1-EXPLORATORY]
research/ocm-prototype/exact_sparse_donor_tests/test_exact.py::test_sparse_coefficients_and_full_values_match_original[None-revoked2-WARRANTED]
research/ocm-prototype/exact_sparse_donor_tests/test_exact.py::test_sparse_coefficients_and_full_values_match_original[None-revoked2-EXPLORATORY]
research/ocm-prototype/exact_sparse_donor_tests/test_exact.py::test_sparse_coefficients_and_full_values_match_original[None-revoked3-WARRANTED]
research/ocm-prototype/exact_sparse_donor_tests/test_exact.py::test_sparse_coefficients_and_full_values_match_original[None-revoked3-EXPLORATORY]
research/ocm-prototype/exact_sparse_donor_tests/test_exact.py::test_sparse_coefficients_and_full_values_match_original[None-revoked4-WARRANTED]
research/ocm-prototype/exact_sparse_donor_tests/test_exact.py::test_sparse_coefficients_and_full_values_match_original[None-revoked4-EXPLORATORY]
research/ocm-prototype/exact_sparse_donor_tests/test_exact.py::test_sparse_coefficients_and_full_values_match_original[relevance1-revoked0-WARRANTED]
research/ocm-prototype/exact_sparse_donor_tests/test_exact.py::test_sparse_coefficients_and_full_values_match_original[relevance1-revoked0-EXPLORATORY]
research/ocm-prototype/exact_sparse_donor_tests/test_exact.py::test_sparse_coefficients_and_full_values_match_original[relevance1-revoked1-WARRANTED]
research/ocm-prototype/exact_sparse_donor_tests/test_exact.py::test_sparse_coefficients_and_full_values_match_original[relevance1-revoked1-EXPLORATORY]
research/ocm-prototype/exact_sparse_donor_tests/test_exact.py::test_sparse_coefficients_and_full_values_match_original[relevance1-revoked2-WARRANTED]
research/ocm-prototype/exact_sparse_donor_tests/test_exact.py::test_sparse_coefficients_and_full_values_match_original[relevance1-revoked2-EXPLORATORY]
research/ocm-prototype/exact_sparse_donor_tests/test_exact.py::test_sparse_coefficients_and_full_values_match_original[relevance1-revoked3-WARRANTED]
research/ocm-prototype/exact_sparse_donor_tests/test_exact.py::test_sparse_coefficients_and_full_values_match_original[relevance1-revoked3-EXPLORATORY]
research/ocm-prototype/exact_sparse_donor_tests/test_exact.py::test_sparse_coefficients_and_full_values_match_original[relevance1-revoked4-WARRANTED]
research/ocm-prototype/exact_sparse_donor_tests/test_exact.py::test_sparse_coefficients_and_full_values_match_original[relevance1-revoked4-EXPLORATORY]
research/ocm-prototype/exact_sparse_donor_tests/test_exact.py::test_exact_builder_does_not_materialize_original_dense_kernel
research/ocm-prototype/exact_sparse_donor_tests/test_exact.py::test_original_elimination_is_not_used_for_supported_donor
research/ocm-prototype/exact_sparse_donor_tests/test_exact.py::test_callable_relevance_falls_back_without_extra_evaluation
research/ocm-prototype/exact_sparse_donor_tests/test_exact.py::test_supplied_matrix_keeps_original_contract
research/ocm-prototype/exact_sparse_donor_tests/test_exact.py::test_invalid_inputs_retain_original_exception_type[seed0-alpha0]
research/ocm-prototype/exact_sparse_donor_tests/test_exact.py::test_invalid_inputs_retain_original_exception_type[seed1-alpha1]
research/ocm-prototype/exact_sparse_donor_tests/test_exact.py::test_invalid_inputs_retain_original_exception_type[seed2-alpha2]
research/ocm-prototype/exact_sparse_donor_tests/test_exact.py::test_invalid_inputs_retain_original_exception_type[seed3-alpha3]
research/ocm-prototype/exact_sparse_donor_tests/test_exact.py::test_zero_seed_and_alpha_one[seed0-alpha0]
research/ocm-prototype/exact_sparse_donor_tests/test_exact.py::test_zero_seed_and_alpha_one[seed1-alpha1]
research/ocm-prototype/exact_sparse_donor_tests/test_exact.py::test_empty_field_retains_empty_result
research/ocm-prototype/exact_sparse_donor_tests/test_exact.py::test_checker_accepts_real_result_and_rejects_changed_missing_or_float_output

==================================== ERRORS ====================================
_ ERROR collecting research/ocm-prototype/exact_sparse_donor_tests/test_consumer.py _
ImportError while importing test module '/home/billy/orion-director-work/20260906/ocm-exact-sparse/research/ocm-prototype/exact_sparse_donor_tests/test_consumer.py'.
Hint: make sure your test modules/packages have valid Python names.
Traceback:
../../../.local/share/uv/python/cpython-3.13.12-linux-x86_64-gnu/lib/python3.13/importlib/__init__.py:88: in import_module
    return _bootstrap._gcd_import(name[level:], package, level)
research/ocm-prototype/exact_sparse_donor_tests/test_consumer.py:9: in <module>
    from representation_donor_fixture import fixture
E   ModuleNotFoundError: No module named 'representation_donor_fixture'
_ ERROR collecting research/ocm-prototype/exact_sparse_donor_tests/test_refusals.py _
ImportError while importing test module '/home/billy/orion-director-work/20260906/ocm-exact-sparse/research/ocm-prototype/exact_sparse_donor_tests/test_refusals.py'.
Hint: make sure your test modules/packages have valid Python names.
Traceback:
../../../.local/share/uv/python/cpython-3.13.12-linux-x86_64-gnu/lib/python3.13/importlib/__init__.py:88: in import_module
    return _bootstrap._gcd_import(name[level:], package, level)
research/ocm-prototype/exact_sparse_donor_tests/test_refusals.py:12: in <module>
    import exact_sparse_donor as D
E   ModuleNotFoundError: No module named 'exact_sparse_donor'
=========================== short test summary info ============================
ERROR research/ocm-prototype/exact_sparse_donor_tests/test_consumer.py
ERROR research/ocm-prototype/exact_sparse_donor_tests/test_refusals.py
!!!!!!!!!!!!!!!!!!! Interrupted: 2 errors during collection !!!!!!!!!!!!!!!!!!!!
34 tests collected, 2 errors in 0.23s
