packed-chart	N1 parser and shared vessel lifecycle checks	﻿2026-09-06T11:16:53.6922544Z ##[group]Run python -m pytest research/ocm-n1 research/ocm-prototype -q \
packed-chart	N1 parser and shared vessel lifecycle checks	2026-09-06T11:16:53.6922979Z [36;1mpython -m pytest research/ocm-n1 research/ocm-prototype -q \[0m
packed-chart	N1 parser and shared vessel lifecycle checks	2026-09-06T11:16:53.6923320Z [36;1m  --ignore=research/ocm-prototype/results \[0m
packed-chart	N1 parser and shared vessel lifecycle checks	2026-09-06T11:16:53.6923626Z [36;1m  --ignore-glob='research/ocm-prototype/test_hosted_*.py'[0m
packed-chart	N1 parser and shared vessel lifecycle checks	2026-09-06T11:16:53.6955289Z shell: /usr/bin/bash -e {0}
packed-chart	N1 parser and shared vessel lifecycle checks	2026-09-06T11:16:53.6955492Z env:
packed-chart	N1 parser and shared vessel lifecycle checks	2026-09-06T11:16:53.6955708Z   pythonLocation: /opt/hostedtoolcache/Python/3.11.16/x64
packed-chart	N1 parser and shared vessel lifecycle checks	2026-09-06T11:16:53.6956046Z   PKG_CONFIG_PATH: /opt/hostedtoolcache/Python/3.11.16/x64/lib/pkgconfig
packed-chart	N1 parser and shared vessel lifecycle checks	2026-09-06T11:16:53.6956376Z   Python_ROOT_DIR: /opt/hostedtoolcache/Python/3.11.16/x64
packed-chart	N1 parser and shared vessel lifecycle checks	2026-09-06T11:16:53.6956683Z   Python2_ROOT_DIR: /opt/hostedtoolcache/Python/3.11.16/x64
packed-chart	N1 parser and shared vessel lifecycle checks	2026-09-06T11:16:53.6956977Z   Python3_ROOT_DIR: /opt/hostedtoolcache/Python/3.11.16/x64
packed-chart	N1 parser and shared vessel lifecycle checks	2026-09-06T11:16:53.6957273Z   LD_LIBRARY_PATH: /opt/hostedtoolcache/Python/3.11.16/x64/lib
packed-chart	N1 parser and shared vessel lifecycle checks	2026-09-06T11:16:53.6957581Z   OCM_G1_DEV_PATH: /home/runner/work/_temp/en_ewt-ud-dev.conllu
packed-chart	N1 parser and shared vessel lifecycle checks	2026-09-06T11:16:53.6957874Z ##[endgroup]
packed-chart	N1 parser and shared vessel lifecycle checks	2026-09-06T11:16:54.9443035Z 
packed-chart	N1 parser and shared vessel lifecycle checks	2026-09-06T11:16:54.9443634Z ==================================== ERRORS ====================================
packed-chart	N1 parser and shared vessel lifecycle checks	2026-09-06T11:16:54.9444306Z _ ERROR collecting research/ocm-prototype/exact_sparse_donor_tests/test_consumer.py _
packed-chart	N1 parser and shared vessel lifecycle checks	2026-09-06T11:16:54.9445266Z ImportError while importing test module '/home/runner/work/ORION-OCM/ORION-OCM/research/ocm-prototype/exact_sparse_donor_tests/test_consumer.py'.
packed-chart	N1 parser and shared vessel lifecycle checks	2026-09-06T11:16:54.9446126Z Hint: make sure your test modules/packages have valid Python names.
packed-chart	N1 parser and shared vessel lifecycle checks	2026-09-06T11:16:54.9446536Z Traceback:
packed-chart	N1 parser and shared vessel lifecycle checks	2026-09-06T11:16:54.9447000Z /opt/hostedtoolcache/Python/3.11.16/x64/lib/python3.11/importlib/__init__.py:126: in import_module
packed-chart	N1 parser and shared vessel lifecycle checks	2026-09-06T11:16:54.9447645Z     return _bootstrap._gcd_import(name[level:], package, level)
packed-chart	N1 parser and shared vessel lifecycle checks	2026-09-06T11:16:54.9448187Z research/ocm-prototype/exact_sparse_donor_tests/test_consumer.py:9: in <module>
packed-chart	N1 parser and shared vessel lifecycle checks	2026-09-06T11:16:54.9448717Z     from representation_donor_fixture import fixture
packed-chart	N1 parser and shared vessel lifecycle checks	2026-09-06T11:16:54.9449417Z E   ModuleNotFoundError: No module named 'representation_donor_fixture'
packed-chart	N1 parser and shared vessel lifecycle checks	2026-09-06T11:16:54.9450044Z _ ERROR collecting research/ocm-prototype/exact_sparse_donor_tests/test_refusals.py _
packed-chart	N1 parser and shared vessel lifecycle checks	2026-09-06T11:16:54.9450964Z ImportError while importing test module '/home/runner/work/ORION-OCM/ORION-OCM/research/ocm-prototype/exact_sparse_donor_tests/test_refusals.py'.
packed-chart	N1 parser and shared vessel lifecycle checks	2026-09-06T11:16:54.9451777Z Hint: make sure your test modules/packages have valid Python names.
packed-chart	N1 parser and shared vessel lifecycle checks	2026-09-06T11:16:54.9452156Z Traceback:
packed-chart	N1 parser and shared vessel lifecycle checks	2026-09-06T11:16:54.9452581Z /opt/hostedtoolcache/Python/3.11.16/x64/lib/python3.11/importlib/__init__.py:126: in import_module
packed-chart	N1 parser and shared vessel lifecycle checks	2026-09-06T11:16:54.9453196Z     return _bootstrap._gcd_import(name[level:], package, level)
packed-chart	N1 parser and shared vessel lifecycle checks	2026-09-06T11:16:54.9453733Z research/ocm-prototype/exact_sparse_donor_tests/test_refusals.py:12: in <module>
packed-chart	N1 parser and shared vessel lifecycle checks	2026-09-06T11:16:54.9454213Z     import exact_sparse_donor as D
packed-chart	N1 parser and shared vessel lifecycle checks	2026-09-06T11:16:54.9454586Z E   ModuleNotFoundError: No module named 'exact_sparse_donor'
packed-chart	N1 parser and shared vessel lifecycle checks	2026-09-06T11:16:54.9455048Z =========================== short test summary info ============================
packed-chart	N1 parser and shared vessel lifecycle checks	2026-09-06T11:16:54.9455892Z ERROR research/ocm-prototype/exact_sparse_donor_tests/test_consumer.py
packed-chart	N1 parser and shared vessel lifecycle checks	2026-09-06T11:16:54.9456430Z ERROR research/ocm-prototype/exact_sparse_donor_tests/test_refusals.py
packed-chart	N1 parser and shared vessel lifecycle checks	2026-09-06T11:16:54.9456935Z !!!!!!!!!!!!!!!!!!! Interrupted: 2 errors during collection !!!!!!!!!!!!!!!!!!!!
packed-chart	N1 parser and shared vessel lifecycle checks	2026-09-06T11:16:54.9457325Z 2 errors in 0.90s
packed-chart	N1 parser and shared vessel lifecycle checks	2026-09-06T11:16:55.0230059Z ##[error]Process completed with exit code 2.
