test_clean_declared_rewrites_use_original_on_left (test_qualification.QualificationTests.test_clean_declared_rewrites_use_original_on_left) ... ok
test_inventory_loss_is_not_success (test_qualification.QualificationTests.test_inventory_loss_is_not_success) ... ok
test_noop_cannot_pass_effective_normalization (test_qualification.QualificationTests.test_noop_cannot_pass_effective_normalization) ... ok
test_prepare_retains_exact_opposite_side_and_assignment (test_qualification.QualificationTests.test_prepare_retains_exact_opposite_side_and_assignment) ... ok
test_shadowing_refused_before_native (test_qualification.QualificationTests.test_shadowing_refused_before_native) ... ok
test_actual_call_boundary_serializes_exact_rule_and_native_args (test_capture.CaptureTests.test_actual_call_boundary_serializes_exact_rule_and_native_args) ... ok
test_train_noop_is_separate_and_uses_exact_four_checks (test_capture.CaptureTests.test_train_noop_is_separate_and_uses_exact_four_checks) ... ERROR
test_truncated_and_nonobject_responses_preserve_final_seal (test_capture.CaptureTests.test_truncated_and_nonobject_responses_preserve_final_seal) ... ok

======================================================================
ERROR: test_train_noop_is_separate_and_uses_exact_four_checks (test_capture.CaptureTests.test_train_noop_is_separate_and_uses_exact_four_checks)
----------------------------------------------------------------------
Traceback (most recent call last):
  File "/home/billy/orion-director-work/20260906/stitch-primitive-rewrite-breadth-20260906/test_capture.py", line 39, in test_train_noop_is_separate_and_uses_exact_four_checks
    group=json.loads((ROOT/'train.json').read_text()); prepared=Q.prepare(group)
                                                                ~~~~~~~~~^^^^^^^
  File "/home/billy/orion-director-work/20260906/stitch-primitive-rewrite-breadth-20260906/qualification.py", line 15, in prepare
    validate_task(row['task'])
    ~~~~~~~~~~~~~^^^^^^^^^^^^^
  File "/home/billy/orion-director-work/20260906/stitch-primitive-rewrite-breadth-20260906/source/clia_tasks.py", line 59, in validate_task
    if not isinstance(task, dict) or task != load_task(task.get('task_id')):
                                             ~~~~~~~~~^^^^^^^^^^^^^^^^^^^^^
  File "/home/billy/orion-director-work/20260906/stitch-primitive-rewrite-breadth-20260906/source/clia_tasks.py", line 33, in load_task
    manifest = json.loads((FIXTURES / 'manifest.json').read_text())
                          ~~~~~~~~~~~~~~~~~~~~~~~~~~~~~~~~~~~~~~^^
  File "/home/billy/.local/share/uv/python/cpython-3.13.12-linux-x86_64-gnu/lib/python3.13/pathlib/_local.py", line 546, in read_text
    return PathBase.read_text(self, encoding, errors, newline)
           ~~~~~~~~~~~~~~~~~~^^^^^^^^^^^^^^^^^^^^^^^^^^^^^^^^^
  File "/home/billy/.local/share/uv/python/cpython-3.13.12-linux-x86_64-gnu/lib/python3.13/pathlib/_abc.py", line 632, in read_text
    with self.open(mode='r', encoding=encoding, errors=errors, newline=newline) as f:
         ~~~~~~~~~^^^^^^^^^^^^^^^^^^^^^^^^^^^^^^^^^^^^^^^^^^^^^^^^^^^^^^^^^^^^^
  File "/home/billy/.local/share/uv/python/cpython-3.13.12-linux-x86_64-gnu/lib/python3.13/pathlib/_local.py", line 537, in open
    return io.open(self, mode, buffering, encoding, errors, newline)
           ~~~~~~~^^^^^^^^^^^^^^^^^^^^^^^^^^^^^^^^^^^^^^^^^^^^^^^^^^
FileNotFoundError: [Errno 2] No such file or directory: '/home/billy/orion-director-work/20260906/stitch-primitive-rewrite-breadth-20260906/source/clia_fixtures/manifest.json'

----------------------------------------------------------------------
Ran 8 tests in 0.016s

FAILED (errors=1)
