F_CONTINUAL_REAL 0.6 r0 pred=NONE cv=EXPANSION obs=EXPANSION adm=['EXPANSION'] agree=False margin=-1.0000 7.2s
F_CONTINUAL_REAL 0.6 r1 pred=EXPANSION cv=EXPANSION obs=EXPANSION adm=['EXPANSION'] agree=True margin=1.0000 7.0s
F_CONTINUAL_REAL 0.6 r2 pred=NONE cv=NONE obs=EXPANSION adm=['EXPANSION'] agree=False margin=-1.0000 7.2s
F_CONTINUAL_REAL 0.6 r3 pred=EXPANSION cv=EXPANSION obs=EXPANSION adm=['EXPANSION'] agree=True margin=1.0000 6.9s
F_CONTINUAL_REAL 0.6 r4 pred=EXPANSION cv=EXPANSION obs=EXPANSION adm=['EXPANSION'] agree=True margin=1.0000 6.7s
F_CONTINUAL_REAL 0.6 r5 pred=EXPANSION cv=EXPANSION obs=EXPANSION adm=['EXPANSION'] agree=True margin=1.0000 7.0s
F_CONTINUAL_REAL 0.6 r6 pred=EXPANSION cv=EXPANSION obs=EXPANSION adm=['EXPANSION'] agree=True margin=1.0000 7.0s
F_CONTINUAL_REAL 0.6 r7 pred=EXPANSION cv=EXPANSION obs=EXPANSION adm=['EXPANSION'] agree=True margin=1.0000 7.2s
F_CONTINUAL_REAL 0.8 r0 pred=EXPANSION cv=EXPANSION obs=EXPANSION adm=['EXPANSION'] agree=True margin=1.0000 7.0s
F_CONTINUAL_REAL 0.8 r1 pred=EXPANSION cv=EXPANSION obs=EXPANSION adm=['EXPANSION'] agree=True margin=1.0000 6.7s
F_CONTINUAL_REAL 0.8 r2 pred=NONE cv=EXPANSION obs=EXPANSION adm=['EXPANSION'] agree=False margin=-1.0000 6.7s
F_CONTINUAL_REAL 0.8 r3 pred=EXPANSION cv=EXPANSION obs=EXPANSION adm=['EXPANSION'] agree=True margin=1.0000 6.7s
F_CONTINUAL_REAL 0.8 r4 pred=EXPANSION cv=EXPANSION obs=EXPANSION adm=['EXPANSION'] agree=True margin=1.0000 6.9s
F_CONTINUAL_REAL 0.8 r5 pred=EXPANSION cv=EXPANSION obs=EXPANSION adm=['EXPANSION'] agree=True margin=1.0000 6.8s
F_CONTINUAL_REAL 0.8 r6 pred=EXPANSION cv=EXPANSION obs=EXPANSION adm=['EXPANSION'] agree=True margin=1.0000 6.9s
F_CONTINUAL_REAL 0.8 r7 pred=EXPANSION cv=EXPANSION obs=EXPANSION adm=['EXPANSION'] agree=True margin=1.0000 7.2s
F_CONTINUAL_REAL 0.9 r0 pred=EXPANSION cv=EXPANSION obs=EXPANSION adm=['EXPANSION'] agree=True margin=1.0000 7.3s
F_CONTINUAL_REAL 0.9 r1 pred=NONE cv=NONE obs=EXPANSION adm=['EXPANSION'] agree=False margin=-1.0000 7.3s
F_CONTINUAL_REAL 0.9 r2 pred=EXPANSION cv=EXPANSION obs=EXPANSION adm=['EXPANSION'] agree=True margin=1.0000 6.8s
F_CONTINUAL_REAL 0.9 r3 pred=EXPANSION cv=NONE obs=EXPANSION adm=['EXPANSION'] agree=True margin=1.0000 6.8s
F_CONTINUAL_REAL 0.9 r4 pred=NONE cv=EXPANSION obs=EXPANSION adm=['EXPANSION'] agree=False margin=-1.0000 6.9s
F_CONTINUAL_REAL 0.9 r5 pred=EXPANSION cv=EXPANSION obs=EXPANSION adm=['EXPANSION'] agree=True margin=1.0000 7.0s
F_CONTINUAL_REAL 0.9 r6 pred=EXPANSION cv=NONE obs=EXPANSION adm=['EXPANSION'] agree=True margin=1.0000 7.0s
F_CONTINUAL_REAL 0.9 r7 pred=EXPANSION cv=EXPANSION obs=EXPANSION adm=['EXPANSION'] agree=True margin=1.0000 7.0s
F_CONTINUAL_REAL 0.95 r0 pred=REPLAY cv=REPLAY obs=EXPANSION adm=['EXPANSION'] agree=False margin=-1.0000 6.6s
F_CONTINUAL_REAL 0.95 r1 pred=EXPANSION cv=EXPANSION obs=REPLAY adm=['REPLAY', 'EXPANSION'] agree=False margin=-4192.5900 6.7s
F_CONTINUAL_REAL 0.95 r2 pred=NONE cv=EXPANSION obs=REPLAY adm=['REPLAY', 'EXPANSION'] agree=False margin=-1.0000 6.7s
F_CONTINUAL_REAL 0.95 r3 pred=REPLAY cv=REPLAY obs=EXPANSION adm=['EXPANSION'] agree=False margin=-1.0000 7.0s
F_CONTINUAL_REAL 0.95 r4 pred=NONE cv=EXPANSION obs=EXPANSION adm=['EXPANSION'] agree=False margin=-1.0000 7.2s
F_CONTINUAL_REAL 0.95 r5 pred=NONE cv=EXPANSION obs=EXPANSION adm=['EXPANSION'] agree=False margin=-1.0000 7.1s
F_CONTINUAL_REAL 0.95 r6 pred=EXPANSION cv=EXPANSION obs=EXPANSION adm=['EXPANSION'] agree=True margin=1.0000 7.0s
F_CONTINUAL_REAL 0.95 r7 pred=NONE cv=REPLAY obs=REPLAY adm=['REPLAY', 'EXPANSION'] agree=False margin=-1.0000 6.9s
F_CONTINUAL_REAL 1.0 r0 pred=REWRITE cv=REWRITE obs=REWRITE adm=['REWRITE', 'REPLAY', 'EXPANSION'] agree=True margin=34.4320 6.9s
F_CONTINUAL_REAL 1.0 r1 pred=REWRITE cv=REWRITE obs=REWRITE adm=['REWRITE', 'REPLAY', 'EXPANSION'] agree=True margin=34.4320 6.8s
F_CONTINUAL_REAL 1.0 r2 pred=REWRITE cv=REWRITE obs=REWRITE adm=['REWRITE', 'REPLAY', 'EXPANSION'] agree=True margin=34.4320 6.8s
F_CONTINUAL_REAL 1.0 r3 pred=REWRITE cv=REWRITE obs=REWRITE adm=['REWRITE', 'REPLAY', 'EXPANSION'] agree=True margin=34.4320 6.9s
F_CONTINUAL_REAL 1.0 r4 pred=REWRITE cv=REWRITE obs=REWRITE adm=['REWRITE', 'REPLAY', 'EXPANSION'] agree=True margin=34.4320 6.8s
F_CONTINUAL_REAL 1.0 r5 pred=REWRITE cv=REWRITE obs=REWRITE adm=['REWRITE', 'REPLAY', 'EXPANSION'] agree=True margin=34.4320 6.9s
F_CONTINUAL_REAL 1.0 r6 pred=REWRITE cv=REWRITE obs=REWRITE adm=['REWRITE', 'REPLAY', 'EXPANSION'] agree=True margin=34.4320 6.9s
F_CONTINUAL_REAL 1.0 r7 pred=REWRITE cv=REWRITE obs=REWRITE adm=['REWRITE', 'REPLAY', 'EXPANSION'] agree=True margin=34.4320 9.8s
B_SPECIALIZATION_REAL 0.0 r0 pred=SHARED cv=SPECIALIZED obs=SPECIALIZED adm=['SHARED', 'SPECIALIZED'] agree=False margin=-0.0190 0.2s
B_SPECIALIZATION_REAL 0.0 r1 pred=SHARED cv=NONE obs=SHARED adm=['SHARED', 'SPECIALIZED'] agree=True margin=0.0052 0.0s
B_SPECIALIZATION_REAL 0.0 r2 pred=SHARED cv=SHARED obs=SHARED adm=['SHARED', 'SPECIALIZED'] agree=True margin=0.0340 0.0s
B_SPECIALIZATION_REAL 0.0 r3 pred=SHARED cv=SHARED obs=SHARED adm=['SHARED', 'SPECIALIZED'] agree=True margin=0.0126 0.2s
B_SPECIALIZATION_REAL 0.0 r4 pred=SHARED cv=SHARED obs=SHARED adm=['SHARED', 'SPECIALIZED'] agree=True margin=0.0438 0.3s
B_SPECIALIZATION_REAL 0.0 r5 pred=SHARED cv=SHARED obs=NONE adm=[] agree=False margin=-1.0000 0.1s
B_SPECIALIZATION_REAL 0.0 r6 pred=SHARED cv=SHARED obs=SHARED adm=['SHARED', 'SPECIALIZED'] agree=True margin=0.0006 0.2s
B_SPECIALIZATION_REAL 0.0 r7 pred=SHARED cv=NONE obs=SPECIALIZED adm=['SPECIALIZED'] agree=False margin=-1.0000 0.2s
B_SPECIALIZATION_REAL 0.1 r0 pred=SHARED cv=SPECIALIZED obs=SPECIALIZED adm=['SHARED', 'SPECIALIZED'] agree=False margin=-0.0400 0.1s
B_SPECIALIZATION_REAL 0.1 r1 pred=SHARED cv=SHARED obs=NONE adm=[] agree=False margin=-1.0000 0.2s
B_SPECIALIZATION_REAL 0.1 r2 pred=SHARED cv=SHARED obs=NONE adm=[] agree=False margin=-1.0000 0.2s
B_SPECIALIZATION_REAL 0.1 r3 pred=SHARED cv=SHARED obs=SHARED adm=['SHARED'] agree=True margin=1.0000 0.2s
B_SPECIALIZATION_REAL 0.1 r4 pred=SHARED cv=SHARED obs=NONE adm=[] agree=False margin=-1.0000 0.4s
B_SPECIALIZATION_REAL 0.1 r5 pred=SHARED cv=SHARED obs=SPECIALIZED adm=['SPECIALIZED'] agree=False margin=-1.0000 0.3s
B_SPECIALIZATION_REAL 0.1 r6 pred=SHARED cv=SHARED obs=SPECIALIZED adm=['SHARED', 'SPECIALIZED'] agree=False margin=-0.0065 0.1s
B_SPECIALIZATION_REAL 0.1 r7 pred=SHARED cv=SHARED obs=NONE adm=[] agree=False margin=-1.0000 0.2s
B_SPECIALIZATION_REAL 0.3 r0 pred=SHARED cv=SPECIALIZED obs=NONE adm=[] agree=False margin=-1.0000 0.2s
B_SPECIALIZATION_REAL 0.3 r1 pred=SHARED cv=SPECIALIZED obs=SPECIALIZED adm=['SHARED', 'SPECIALIZED'] agree=False margin=-0.0224 0.3s
B_SPECIALIZATION_REAL 0.3 r2 pred=SHARED cv=SPECIALIZED obs=NONE adm=[] agree=False margin=-1.0000 0.3s
B_SPECIALIZATION_REAL 0.3 r3 pred=SHARED cv=SPECIALIZED obs=SPECIALIZED adm=['SHARED', 'SPECIALIZED'] agree=False margin=-0.0676 0.2s
B_SPECIALIZATION_REAL 0.3 r4 pred=SHARED cv=NONE obs=SPECIALIZED adm=['SHARED', 'SPECIALIZED'] agree=False margin=-0.0413 0.3s
B_SPECIALIZATION_REAL 0.3 r5 pred=SHARED cv=NONE obs=SPECIALIZED adm=['SHARED', 'SPECIALIZED'] agree=False margin=-0.0819 0.3s
B_SPECIALIZATION_REAL 0.3 r6 pred=SHARED cv=SPECIALIZED obs=NONE adm=[] agree=False margin=-1.0000 0.3s
B_SPECIALIZATION_REAL 0.3 r7 pred=SHARED cv=SHARED obs=NONE adm=[] agree=False margin=-1.0000 0.3s
B_SPECIALIZATION_REAL 0.8 r0 pred=NONE cv=SPECIALIZED obs=SPECIALIZED adm=['SPECIALIZED'] agree=False margin=-1.0000 0.3s
B_SPECIALIZATION_REAL 0.8 r1 pred=SHARED cv=SPECIALIZED obs=SPECIALIZED adm=['SHARED', 'SPECIALIZED'] agree=False margin=-0.0805 0.3s
B_SPECIALIZATION_REAL 0.8 r2 pred=NONE cv=SPECIALIZED obs=SPECIALIZED adm=['SPECIALIZED'] agree=False margin=-1.0000 0.2s
B_SPECIALIZATION_REAL 0.8 r3 pred=SHARED cv=SPECIALIZED obs=SPECIALIZED adm=['SPECIALIZED'] agree=False margin=-1.0000 0.1s
B_SPECIALIZATION_REAL 0.8 r4 pred=SHARED cv=SPECIALIZED obs=SPECIALIZED adm=['SHARED', 'SPECIALIZED'] agree=False margin=-0.1011 0.2s
B_SPECIALIZATION_REAL 0.8 r5 pred=SHARED cv=SPECIALIZED obs=SPECIALIZED adm=['SHARED', 'SPECIALIZED'] agree=False margin=-0.1177 0.2s
B_SPECIALIZATION_REAL 0.8 r6 pred=SHARED cv=NONE obs=NONE adm=[] agree=False margin=-1.0000 0.1s
B_SPECIALIZATION_REAL 0.8 r7 pred=SHARED cv=SPECIALIZED obs=SPECIALIZED adm=['SHARED', 'SPECIALIZED'] agree=False margin=-0.1199 0.5s
C_FEATURE_LEARNING_REAL 0.0 r0 pred=TRAINABLE_FEATURE cv=TRAINABLE_FEATURE obs=TRAINABLE_FEATURE adm=['FIXED_FEATURE', 'TRAINABLE_FEATURE'] agree=True margin=2.1057 2.7s
C_FEATURE_LEARNING_REAL 0.0 r1 pred=TRAINABLE_FEATURE cv=TRAINABLE_FEATURE obs=TRAINABLE_FEATURE adm=['FIXED_FEATURE', 'TRAINABLE_FEATURE'] agree=True margin=3.4865 2.8s
C_FEATURE_LEARNING_REAL 0.0 r2 pred=TRAINABLE_FEATURE cv=TRAINABLE_FEATURE obs=TRAINABLE_FEATURE adm=['FIXED_FEATURE', 'TRAINABLE_FEATURE'] agree=True margin=3.8964 3.2s
C_FEATURE_LEARNING_REAL 0.0 r3 pred=TRAINABLE_FEATURE cv=TRAINABLE_FEATURE obs=TRAINABLE_FEATURE adm=['FIXED_FEATURE', 'TRAINABLE_FEATURE'] agree=True margin=5.6615 2.6s
C_FEATURE_LEARNING_REAL 0.0 r4 pred=TRAINABLE_FEATURE cv=TRAINABLE_FEATURE obs=TRAINABLE_FEATURE adm=['FIXED_FEATURE', 'TRAINABLE_FEATURE'] agree=True margin=3.2176 3.2s
C_FEATURE_LEARNING_REAL 0.0 r5 pred=TRAINABLE_FEATURE cv=TRAINABLE_FEATURE obs=TRAINABLE_FEATURE adm=['FIXED_FEATURE', 'TRAINABLE_FEATURE'] agree=True margin=3.9185 3.9s
C_FEATURE_LEARNING_REAL 0.0 r6 pred=TRAINABLE_FEATURE cv=TRAINABLE_FEATURE obs=TRAINABLE_FEATURE adm=['FIXED_FEATURE', 'TRAINABLE_FEATURE'] agree=True margin=4.1036 2.8s
C_FEATURE_LEARNING_REAL 0.0 r7 pred=TRAINABLE_FEATURE cv=TRAINABLE_FEATURE obs=TRAINABLE_FEATURE adm=['FIXED_FEATURE', 'TRAINABLE_FEATURE'] agree=True margin=2.9997 3.5s
C_FEATURE_LEARNING_REAL 0.3 r0 pred=TRAINABLE_FEATURE cv=TRAINABLE_FEATURE obs=TRAINABLE_FEATURE adm=['FIXED_FEATURE', 'TRAINABLE_FEATURE'] agree=True margin=0.9929 3.4s
C_FEATURE_LEARNING_REAL 0.3 r1 pred=TRAINABLE_FEATURE cv=TRAINABLE_FEATURE obs=TRAINABLE_FEATURE adm=['FIXED_FEATURE', 'TRAINABLE_FEATURE'] agree=True margin=0.7780 2.9s
C_FEATURE_LEARNING_REAL 0.3 r2 pred=TRAINABLE_FEATURE cv=TRAINABLE_FEATURE obs=TRAINABLE_FEATURE adm=['FIXED_FEATURE', 'TRAINABLE_FEATURE'] agree=True margin=0.9980 3.4s
C_FEATURE_LEARNING_REAL 0.3 r3 pred=TRAINABLE_FEATURE cv=TRAINABLE_FEATURE obs=TRAINABLE_FEATURE adm=['FIXED_FEATURE', 'TRAINABLE_FEATURE'] agree=True margin=0.7787 2.8s
C_FEATURE_LEARNING_REAL 0.3 r4 pred=TRAINABLE_FEATURE cv=TRAINABLE_FEATURE obs=TRAINABLE_FEATURE adm=['FIXED_FEATURE', 'TRAINABLE_FEATURE'] agree=True margin=1.0001 3.2s
C_FEATURE_LEARNING_REAL 0.3 r5 pred=TRAINABLE_FEATURE cv=TRAINABLE_FEATURE obs=TRAINABLE_FEATURE adm=['FIXED_FEATURE', 'TRAINABLE_FEATURE'] agree=True margin=1.6850 3.3s
C_FEATURE_LEARNING_REAL 0.3 r6 pred=TRAINABLE_FEATURE cv=TRAINABLE_FEATURE obs=TRAINABLE_FEATURE adm=['FIXED_FEATURE', 'TRAINABLE_FEATURE'] agree=True margin=1.2281 2.9s
C_FEATURE_LEARNING_REAL 0.3 r7 pred=TRAINABLE_FEATURE cv=TRAINABLE_FEATURE obs=FIXED_FEATURE adm=['FIXED_FEATURE', 'TRAINABLE_FEATURE'] agree=False margin=-0.0861 3.5s
C_FEATURE_LEARNING_REAL 0.6 r0 pred=TRAINABLE_FEATURE cv=TRAINABLE_FEATURE obs=TRAINABLE_FEATURE adm=['FIXED_FEATURE', 'TRAINABLE_FEATURE'] agree=True margin=2.1209 3.1s
C_FEATURE_LEARNING_REAL 0.6 r1 pred=TRAINABLE_FEATURE cv=TRAINABLE_FEATURE obs=TRAINABLE_FEATURE adm=['FIXED_FEATURE', 'TRAINABLE_FEATURE'] agree=True margin=2.1130 3.4s
C_FEATURE_LEARNING_REAL 0.6 r2 pred=TRAINABLE_FEATURE cv=TRAINABLE_FEATURE obs=TRAINABLE_FEATURE adm=['FIXED_FEATURE', 'TRAINABLE_FEATURE'] agree=True margin=3.0105 3.0s
C_FEATURE_LEARNING_REAL 0.6 r3 pred=TRAINABLE_FEATURE cv=TRAINABLE_FEATURE obs=TRAINABLE_FEATURE adm=['FIXED_FEATURE', 'TRAINABLE_FEATURE'] agree=True margin=1.2383 4.0s
C_FEATURE_LEARNING_REAL 0.6 r4 pred=TRAINABLE_FEATURE cv=TRAINABLE_FEATURE obs=TRAINABLE_FEATURE adm=['FIXED_FEATURE', 'TRAINABLE_FEATURE'] agree=True margin=1.4370 3.0s
C_FEATURE_LEARNING_REAL 0.6 r5 pred=TRAINABLE_FEATURE cv=TRAINABLE_FEATURE obs=FIXED_FEATURE adm=['FIXED_FEATURE', 'TRAINABLE_FEATURE'] agree=False margin=-0.5416 3.4s
C_FEATURE_LEARNING_REAL 0.6 r6 pred=TRAINABLE_FEATURE cv=TRAINABLE_FEATURE obs=TRAINABLE_FEATURE adm=['FIXED_FEATURE', 'TRAINABLE_FEATURE'] agree=True margin=0.7970 2.7s
C_FEATURE_LEARNING_REAL 0.6 r7 pred=TRAINABLE_FEATURE cv=TRAINABLE_FEATURE obs=TRAINABLE_FEATURE adm=['FIXED_FEATURE', 'TRAINABLE_FEATURE'] agree=True margin=1.2131 3.4s
C_FEATURE_LEARNING_REAL 1.0 r0 pred=TRAINABLE_FEATURE cv=TRAINABLE_FEATURE obs=TRAINABLE_FEATURE adm=['FIXED_FEATURE', 'TRAINABLE_FEATURE'] agree=True margin=1.6621 3.0s
C_FEATURE_LEARNING_REAL 1.0 r1 pred=TRAINABLE_FEATURE cv=TRAINABLE_FEATURE obs=TRAINABLE_FEATURE adm=['FIXED_FEATURE', 'TRAINABLE_FEATURE'] agree=True margin=1.6768 3.2s
C_FEATURE_LEARNING_REAL 1.0 r2 pred=TRAINABLE_FEATURE cv=TRAINABLE_FEATURE obs=TRAINABLE_FEATURE adm=['FIXED_FEATURE', 'TRAINABLE_FEATURE'] agree=True margin=1.2339 3.6s
C_FEATURE_LEARNING_REAL 1.0 r3 pred=TRAINABLE_FEATURE cv=TRAINABLE_FEATURE obs=TRAINABLE_FEATURE adm=['FIXED_FEATURE', 'TRAINABLE_FEATURE'] agree=True margin=0.1012 3.3s
C_FEATURE_LEARNING_REAL 1.0 r4 pred=TRAINABLE_FEATURE cv=TRAINABLE_FEATURE obs=TRAINABLE_FEATURE adm=['FIXED_FEATURE', 'TRAINABLE_FEATURE'] agree=True margin=1.6701 3.1s
C_FEATURE_LEARNING_REAL 1.0 r5 pred=TRAINABLE_FEATURE cv=TRAINABLE_FEATURE obs=FIXED_FEATURE adm=['FIXED_FEATURE', 'TRAINABLE_FEATURE'] agree=False margin=-0.9825 3.5s
C_FEATURE_LEARNING_REAL 1.0 r6 pred=TRAINABLE_FEATURE cv=TRAINABLE_FEATURE obs=TRAINABLE_FEATURE adm=['FIXED_FEATURE', 'TRAINABLE_FEATURE'] agree=True margin=1.4494 3.5s
C_FEATURE_LEARNING_REAL 1.0 r7 pred=TRAINABLE_FEATURE cv=TRAINABLE_FEATURE obs=TRAINABLE_FEATURE adm=['FIXED_FEATURE', 'TRAINABLE_FEATURE'] agree=True margin=3.6628 2.5s
{
 "lane_results": {
  "F_CONTINUAL_REAL": "INCONCLUSIVE",
  "F_CONTINUAL_REAL__parent": "GMI_LAW_DIFFERS_FROM_CV_ON_9_OF_40_REPLICATES",
  "B_SPECIALIZATION_REAL": "INCONCLUSIVE",
  "B_SPECIALIZATION_REAL__parent": "GMI_LAW_DIFFERS_FROM_CV_ON_19_OF_32_REPLICATES",
  "C_FEATURE_LEARNING_REAL": "GREEN",
  "C_FEATURE_LEARNING_REAL__parent": "PARENT_SUFFICIENT_CV"
 },
 "terminal": "REAL_TRANSFER_PHASE_LAWS_GREEN_ON_1_OF_3_LANES"
}
