=== host cn067 world=M2P2_WORLD_hc01-binary-ladder EXPLORATORY guided-first parent vs controller_v5; runner_sha=7d790905ada3ad76 methods_sha=e0a0565466dc6778 dev_state_sha=f413d97666a73134
{
 "schema": "M2P1_ARM_REPORT",
 "arm": "CONTINUED_OCM",
 "calibration_only": false,
 "note": "integrated controller: probe depth 4 beta 11110, rule cells 1",
 "fragments_served": 6,
 "process": {
  "pid": 2286069,
  "pre_restart_pid": 3757396,
  "pid_changed": true
 },
 "targets": 46,
 "ladder": [
  200000
 ],
 "successes": 46,
 "attempts": 46,
 "all_targets_verified": true,
 "ladder_total": 46,
 "mean_B_slots": 2494.7,
 "external_verifications": 46,
 "successes_by_budget": {
  "200000": 46
 },
 "wall_seconds": 5.57
}

{
 "schema": "M2P1_ARM_REPORT",
 "arm": "PARENT_GF_D1",
 "calibration_only": false,
 "note": "ungated guided-first parent, MDL library, fixed depth 1",
 "fragments_served": 6,
 "process": {
  "pid": 2286161,
  "pre_restart_pid": 3757396,
  "pid_changed": true
 },
 "targets": 46,
 "ladder": [
  200000
 ],
 "successes": 46,
 "attempts": 46,
 "all_targets_verified": true,
 "ladder_total": 46,
 "mean_B_slots": 34524.3,
 "external_verifications": 46,
 "successes_by_budget": {
  "200000": 46
 },
 "wall_seconds": 24.45
}

{
 "schema": "M2P1_ARM_REPORT",
 "arm": "PARENT_GF_D2",
 "calibration_only": false,
 "note": "ungated guided-first parent, MDL library, fixed depth 2",
 "fragments_served": 6,
 "process": {
  "pid": 2286283,
  "pre_restart_pid": 3757396,
  "pid_changed": true
 },
 "targets": 46,
 "ladder": [
  200000
 ],
 "successes": 46,
 "attempts": 46,
 "all_targets_verified": true,
 "ladder_total": 46,
 "mean_B_slots": 34607.6,
 "external_verifications": 46,
 "successes_by_budget": {
  "200000": 46
 },
 "wall_seconds": 24.36
}

{
 "schema": "M2P1_ARM_REPORT",
 "arm": "PARENT_GF_D3",
 "calibration_only": false,
 "note": "ungated guided-first parent, MDL library, fixed depth 3",
 "fragments_served": 6,
 "process": {
  "pid": 2286358,
  "pre_restart_pid": 3757396,
  "pid_changed": true
 },
 "targets": 46,
 "ladder": [
  200000
 ],
 "successes": 46,
 "attempts": 46,
 "all_targets_verified": true,
 "ladder_total": 46,
 "mean_B_slots": 34609.7,
 "external_verifications": 46,
 "successes_by_budget": {
  "200000": 46
 },
 "wall_seconds": 24.56
}

{
 "schema": "M2P1_ARM_REPORT",
 "arm": "PARENT_GF_D4",
 "calibration_only": false,
 "note": "ungated guided-first parent, MDL library, fixed depth 4",
 "fragments_served": 6,
 "process": {
  "pid": 2286456,
  "pre_restart_pid": 3757396,
  "pid_changed": true
 },
 "targets": 46,
 "ladder": [
  200000
 ],
 "successes": 46,
 "attempts": 46,
 "all_targets_verified": true,
 "ladder_total": 46,
 "mean_B_slots": 2494.7,
 "external_verifications": 46,
 "successes_by_budget": {
  "200000": 46
 },
 "wall_seconds": 5.43
}

{
 "schema": "M2P1_ARM_REPORT",
 "arm": "PARENT_GFQ_D1",
 "calibration_only": false,
 "note": "ungated guided-first parent, frequency library, fixed depth 1",
 "fragments_served": 16,
 "process": {
  "pid": 2286510,
  "pre_restart_pid": 3757396,
  "pid_changed": true
 },
 "targets": 46,
 "ladder": [
  200000
 ],
 "successes": 46,
 "attempts": 46,
 "all_targets_verified": true,
 "ladder_total": 46,
 "mean_B_slots": 34534.3,
 "external_verifications": 46,
 "successes_by_budget": {
  "200000": 46
 },
 "wall_seconds": 24.55
}

{
 "schema": "M2P1_ARM_REPORT",
 "arm": "PARENT_GFQ_D2",
 "calibration_only": false,
 "note": "ungated guided-first parent, frequency library, fixed depth 2",
 "fragments_served": 16,
 "process": {
  "pid": 2286601,
  "pre_restart_pid": 3757396,
  "pid_changed": true
 },
 "targets": 46,
 "ladder": [
  200000
 ],
 "successes": 46,
 "attempts": 46,
 "all_targets_verified": true,
 "ladder_total": 46,
 "mean_B_slots": 29994.2,
 "external_verifications": 46,
 "successes_by_budget": {
  "200000": 46
 },
 "wall_seconds": 22.04
}

{
 "schema": "M2P1_ARM_REPORT",
 "arm": "PARENT_GFQ_D3",
 "calibration_only": false,
 "note": "ungated guided-first parent, frequency library, fixed depth 3",
 "fragments_served": 16,
 "process": {
  "pid": 2286701,
  "pre_restart_pid": 3757396,
  "pid_changed": true
 },
 "targets": 46,
 "ladder": [
  200000
 ],
 "successes": 46,
 "attempts": 46,
 "all_targets_verified": true,
 "ladder_total": 46,
 "mean_B_slots": 1631.9,
 "external_verifications": 46,
 "successes_by_budget": {
  "200000": 46
 },
 "wall_seconds": 4.68
}

{
 "schema": "M2P1_ARM_REPORT",
 "arm": "PARENT_GFQ_D4",
 "calibration_only": false,
 "note": "ungated guided-first parent, frequency library, fixed depth 4",
 "fragments_served": 16,
 "process": {
  "pid": 2286754,
  "pre_restart_pid": 3757396,
  "pid_changed": true
 },
 "targets": 46,
 "ladder": [
  200000
 ],
 "successes": 46,
 "attempts": 46,
 "all_targets_verified": true,
 "ladder_total": 46,
 "mean_B_slots": 1631.9,
 "external_verifications": 46,
 "successes_by_budget": {
  "200000": 46
 },
 "wall_seconds": 4.65
}

=== DONE M2P2_WORLD_hc01-binary-ladder 2026-09-11T17:30:47Z
