=== host cn067 world=M2P2_WORLD_hc02-square-shift EXPLORATORY guided-first parent vs controller_v5; runner_sha=7d790905ada3ad76 methods_sha=e0a0565466dc6778 dev_state_sha=66b0ba5bdc03485a
{
 "schema": "M2P1_ARM_REPORT",
 "arm": "CONTINUED_OCM",
 "calibration_only": false,
 "note": "integrated controller: probe depth 4 beta 41370, rule cells 0",
 "fragments_served": 10,
 "process": {
  "pid": 2286070,
  "pre_restart_pid": 3769083,
  "pid_changed": true
 },
 "targets": 447,
 "ladder": [
  200000
 ],
 "successes": 447,
 "attempts": 447,
 "all_targets_verified": true,
 "ladder_total": 447,
 "mean_B_slots": 9744.6,
 "external_verifications": 447,
 "successes_by_budget": {
  "200000": 447
 },
 "wall_seconds": 432.64
}

{
 "schema": "M2P1_ARM_REPORT",
 "arm": "PARENT_GF_D1",
 "calibration_only": false,
 "note": "ungated guided-first parent, MDL library, fixed depth 1",
 "fragments_served": 10,
 "process": {
  "pid": 2287356,
  "pre_restart_pid": 3769083,
  "pid_changed": true
 },
 "targets": 447,
 "ladder": [
  200000
 ],
 "successes": 447,
 "attempts": 447,
 "all_targets_verified": true,
 "ladder_total": 447,
 "mean_B_slots": 53681.5,
 "external_verifications": 447,
 "successes_by_budget": {
  "200000": 447
 },
 "wall_seconds": 991.23
}

{
 "schema": "M2P1_ARM_REPORT",
 "arm": "PARENT_GF_D2",
 "calibration_only": false,
 "note": "ungated guided-first parent, MDL library, fixed depth 2",
 "fragments_served": 10,
 "process": {
  "pid": 2288693,
  "pre_restart_pid": 3769083,
  "pid_changed": true
 },
 "targets": 447,
 "ladder": [
  200000
 ],
 "successes": 447,
 "attempts": 447,
 "all_targets_verified": true,
 "ladder_total": 447,
 "mean_B_slots": 53866.5,
 "external_verifications": 447,
 "successes_by_budget": {
  "200000": 447
 },
 "wall_seconds": 981.89
}

{
 "schema": "M2P1_ARM_REPORT",
 "arm": "PARENT_GF_D3",
 "calibration_only": false,
 "note": "ungated guided-first parent, MDL library, fixed depth 3",
 "fragments_served": 10,
 "process": {
  "pid": 2291613,
  "pre_restart_pid": 3769083,
  "pid_changed": true
 },
 "targets": 447,
 "ladder": [
  200000
 ],
 "successes": 447,
 "attempts": 447,
 "all_targets_verified": true,
 "ladder_total": 447,
 "mean_B_slots": 55593.2,
 "external_verifications": 447,
 "successes_by_budget": {
  "200000": 447
 },
 "wall_seconds": 1084.18
}

{
 "schema": "M2P1_ARM_REPORT",
 "arm": "PARENT_GF_D4",
 "calibration_only": false,
 "note": "ungated guided-first parent, MDL library, fixed depth 4",
 "fragments_served": 10,
 "process": {
  "pid": 2293745,
  "pre_restart_pid": 3769083,
  "pid_changed": true
 },
 "targets": 447,
 "ladder": [
  200000
 ],
 "successes": 447,
 "attempts": 447,
 "all_targets_verified": true,
 "ladder_total": 447,
 "mean_B_slots": 9744.6,
 "external_verifications": 447,
 "successes_by_budget": {
  "200000": 447
 },
 "wall_seconds": 419.74
}

{
 "schema": "M2P1_ARM_REPORT",
 "arm": "PARENT_GFQ_D1",
 "calibration_only": false,
 "note": "ungated guided-first parent, frequency library, fixed depth 1",
 "fragments_served": 16,
 "process": {
  "pid": 2294767,
  "pre_restart_pid": 3769083,
  "pid_changed": true
 },
 "targets": 447,
 "ladder": [
  200000
 ],
 "successes": 447,
 "attempts": 447,
 "all_targets_verified": true,
 "ladder_total": 447,
 "mean_B_slots": 53687.5,
 "external_verifications": 447,
 "successes_by_budget": {
  "200000": 447
 },
 "wall_seconds": 975.53
}

{
 "schema": "M2P1_ARM_REPORT",
 "arm": "PARENT_GFQ_D2",
 "calibration_only": false,
 "note": "ungated guided-first parent, frequency library, fixed depth 2",
 "fragments_served": 16,
 "process": {
  "pid": 2296875,
  "pre_restart_pid": 3769083,
  "pid_changed": true
 },
 "targets": 447,
 "ladder": [
  200000
 ],
 "successes": 447,
 "attempts": 447,
 "all_targets_verified": true,
 "ladder_total": 447,
 "mean_B_slots": 54071.2,
 "external_verifications": 447,
 "successes_by_budget": {
  "200000": 447
 },
 "wall_seconds": 1001.5
}

{
 "schema": "M2P1_ARM_REPORT",
 "arm": "PARENT_GFQ_D3",
 "calibration_only": false,
 "note": "ungated guided-first parent, frequency library, fixed depth 3",
 "fragments_served": 16,
 "process": {
  "pid": 2299141,
  "pre_restart_pid": 3769083,
  "pid_changed": true
 },
 "targets": 447,
 "ladder": [
  200000
 ],
 "successes": 447,
 "attempts": 447,
 "all_targets_verified": true,
 "ladder_total": 447,
 "mean_B_slots": 60178.5,
 "external_verifications": 447,
 "successes_by_budget": {
  "200000": 447
 },
 "wall_seconds": 2123.45
}

{
 "schema": "M2P1_ARM_REPORT",
 "arm": "PARENT_GFQ_D4",
 "calibration_only": false,
 "note": "ungated guided-first parent, frequency library, fixed depth 4",
 "fragments_served": 16,
 "process": {
  "pid": 2303725,
  "pre_restart_pid": 3769083,
  "pid_changed": true
 },
 "targets": 447,
 "ladder": [
  200000
 ],
 "successes": 447,
 "attempts": 447,
 "all_targets_verified": true,
 "ladder_total": 447,
 "mean_B_slots": 24669.3,
 "external_verifications": 447,
 "successes_by_budget": {
  "200000": 447
 },
 "wall_seconds": 2266.64
}

=== DONE M2P2_WORLD_hc02-square-shift 2026-09-11T20:19:43Z
