=== host cn144 world=M2P2_WORLD_hc03-shift-runs EXPLORATORY guided-first parent vs controller_v5; runner_sha=7d790905ada3ad76 methods_sha=e0a0565466dc6778 dev_state_sha=84d4fa0c288cb8f5
{
 "schema": "M2P1_ARM_REPORT",
 "arm": "CONTINUED_OCM",
 "calibration_only": false,
 "note": "integrated controller: probe depth 4 beta 11110, rule cells 11",
 "fragments_served": 6,
 "process": {
  "pid": 3677481,
  "pre_restart_pid": 3760577,
  "pid_changed": true
 },
 "targets": 303,
 "ladder": [
  200000
 ],
 "successes": 303,
 "attempts": 303,
 "all_targets_verified": true,
 "ladder_total": 303,
 "mean_B_slots": 3593.4,
 "external_verifications": 303,
 "successes_by_budget": {
  "200000": 303
 },
 "wall_seconds": 78.92
}

{
 "schema": "M2P1_ARM_REPORT",
 "arm": "PARENT_GF_D1",
 "calibration_only": false,
 "note": "ungated guided-first parent, MDL library, fixed depth 1",
 "fragments_served": 6,
 "process": {
  "pid": 3677863,
  "pre_restart_pid": 3760577,
  "pid_changed": true
 },
 "targets": 303,
 "ladder": [
  200000
 ],
 "successes": 303,
 "attempts": 303,
 "all_targets_verified": true,
 "ladder_total": 303,
 "mean_B_slots": 37182.7,
 "external_verifications": 303,
 "successes_by_budget": {
  "200000": 303
 },
 "wall_seconds": 327.63
}

{
 "schema": "M2P1_ARM_REPORT",
 "arm": "PARENT_GF_D2",
 "calibration_only": false,
 "note": "ungated guided-first parent, MDL library, fixed depth 2",
 "fragments_served": 6,
 "process": {
  "pid": 3678505,
  "pre_restart_pid": 3760577,
  "pid_changed": true
 },
 "targets": 303,
 "ladder": [
  200000
 ],
 "successes": 303,
 "attempts": 303,
 "all_targets_verified": true,
 "ladder_total": 303,
 "mean_B_slots": 37282.7,
 "external_verifications": 303,
 "successes_by_budget": {
  "200000": 303
 },
 "wall_seconds": 327.96
}

{
 "schema": "M2P1_ARM_REPORT",
 "arm": "PARENT_GF_D3",
 "calibration_only": false,
 "note": "ungated guided-first parent, MDL library, fixed depth 3",
 "fragments_served": 6,
 "process": {
  "pid": 3679183,
  "pre_restart_pid": 3760577,
  "pid_changed": true
 },
 "targets": 303,
 "ladder": [
  200000
 ],
 "successes": 303,
 "attempts": 303,
 "all_targets_verified": true,
 "ladder_total": 303,
 "mean_B_slots": 37646.6,
 "external_verifications": 303,
 "successes_by_budget": {
  "200000": 303
 },
 "wall_seconds": 329.47
}

{
 "schema": "M2P1_ARM_REPORT",
 "arm": "PARENT_GF_D4",
 "calibration_only": false,
 "note": "ungated guided-first parent, MDL library, fixed depth 4",
 "fragments_served": 6,
 "process": {
  "pid": 3679829,
  "pre_restart_pid": 3760577,
  "pid_changed": true
 },
 "targets": 303,
 "ladder": [
  200000
 ],
 "successes": 303,
 "attempts": 303,
 "all_targets_verified": true,
 "ladder_total": 303,
 "mean_B_slots": 3593.4,
 "external_verifications": 303,
 "successes_by_budget": {
  "200000": 303
 },
 "wall_seconds": 80.71
}

{
 "schema": "M2P1_ARM_REPORT",
 "arm": "PARENT_GFQ_D1",
 "calibration_only": false,
 "note": "ungated guided-first parent, frequency library, fixed depth 1",
 "fragments_served": 16,
 "process": {
  "pid": 3680237,
  "pre_restart_pid": 3760577,
  "pid_changed": true
 },
 "targets": 303,
 "ladder": [
  200000
 ],
 "successes": 303,
 "attempts": 303,
 "all_targets_verified": true,
 "ladder_total": 303,
 "mean_B_slots": 37192.7,
 "external_verifications": 303,
 "successes_by_budget": {
  "200000": 303
 },
 "wall_seconds": 325.95
}

{
 "schema": "M2P1_ARM_REPORT",
 "arm": "PARENT_GFQ_D2",
 "calibration_only": false,
 "note": "ungated guided-first parent, frequency library, fixed depth 2",
 "fragments_served": 16,
 "process": {
  "pid": 3681263,
  "pre_restart_pid": 3760577,
  "pid_changed": true
 },
 "targets": 303,
 "ladder": [
  200000
 ],
 "successes": 303,
 "attempts": 303,
 "all_targets_verified": true,
 "ladder_total": 303,
 "mean_B_slots": 37294.9,
 "external_verifications": 303,
 "successes_by_budget": {
  "200000": 303
 },
 "wall_seconds": 330.44
}

{
 "schema": "M2P1_ARM_REPORT",
 "arm": "PARENT_GFQ_D3",
 "calibration_only": false,
 "note": "ungated guided-first parent, frequency library, fixed depth 3",
 "fragments_served": 16,
 "process": {
  "pid": 3682818,
  "pre_restart_pid": 3760577,
  "pid_changed": true
 },
 "targets": 303,
 "ladder": [
  200000
 ],
 "successes": 303,
 "attempts": 303,
 "all_targets_verified": true,
 "ladder_total": 303,
 "mean_B_slots": 11713.6,
 "external_verifications": 303,
 "successes_by_budget": {
  "200000": 303
 },
 "wall_seconds": 176.87
}

{
 "schema": "M2P1_ARM_REPORT",
 "arm": "PARENT_GFQ_D4",
 "calibration_only": false,
 "note": "ungated guided-first parent, frequency library, fixed depth 4",
 "fragments_served": 16,
 "process": {
  "pid": 3683319,
  "pre_restart_pid": 3760577,
  "pid_changed": true
 },
 "targets": 303,
 "ladder": [
  200000
 ],
 "successes": 303,
 "attempts": 303,
 "all_targets_verified": true,
 "ladder_total": 303,
 "mean_B_slots": 8483.6,
 "external_verifications": 303,
 "successes_by_budget": {
  "200000": 303
 },
 "wall_seconds": 219.08
}

=== DONE M2P2_WORLD_hc03-shift-runs 2026-09-11T18:05:03Z
