=== host cn090 world=M2P2_WORLD_hc05-long-form EXPLORATORY guided-first parent vs controller_v5; runner_sha=7d790905ada3ad76 methods_sha=e0a0565466dc6778 dev_state_sha=0d74f653a0a2e6e9
{
 "schema": "M2P1_ARM_REPORT",
 "arm": "CONTINUED_OCM",
 "calibration_only": false,
 "note": "integrated controller: probe depth 4 beta 11110, rule cells 2",
 "fragments_served": 6,
 "process": {
  "pid": 2451267,
  "pre_restart_pid": 3757718,
  "pid_changed": true
 },
 "targets": 55,
 "ladder": [
  200000
 ],
 "successes": 55,
 "attempts": 55,
 "all_targets_verified": true,
 "ladder_total": 55,
 "mean_B_slots": 7643.7,
 "external_verifications": 55,
 "successes_by_budget": {
  "200000": 55
 },
 "wall_seconds": 13.34
}

{
 "schema": "M2P1_ARM_REPORT",
 "arm": "PARENT_GF_D1",
 "calibration_only": false,
 "note": "ungated guided-first parent, MDL library, fixed depth 1",
 "fragments_served": 6,
 "process": {
  "pid": 2451545,
  "pre_restart_pid": 3757718,
  "pid_changed": true
 },
 "targets": 55,
 "ladder": [
  200000
 ],
 "successes": 55,
 "attempts": 55,
 "all_targets_verified": true,
 "ladder_total": 55,
 "mean_B_slots": 51417.9,
 "external_verifications": 55,
 "successes_by_budget": {
  "200000": 55
 },
 "wall_seconds": 70.79
}

{
 "schema": "M2P1_ARM_REPORT",
 "arm": "PARENT_GF_D2",
 "calibration_only": false,
 "note": "ungated guided-first parent, MDL library, fixed depth 2",
 "fragments_served": 6,
 "process": {
  "pid": 2452044,
  "pre_restart_pid": 3757718,
  "pid_changed": true
 },
 "targets": 55,
 "ladder": [
  200000
 ],
 "successes": 55,
 "attempts": 55,
 "all_targets_verified": true,
 "ladder_total": 55,
 "mean_B_slots": 51517.9,
 "external_verifications": 55,
 "successes_by_budget": {
  "200000": 55
 },
 "wall_seconds": 69.63
}

{
 "schema": "M2P1_ARM_REPORT",
 "arm": "PARENT_GF_D3",
 "calibration_only": false,
 "note": "ungated guided-first parent, MDL library, fixed depth 3",
 "fragments_served": 6,
 "process": {
  "pid": 2453005,
  "pre_restart_pid": 3757718,
  "pid_changed": true
 },
 "targets": 55,
 "ladder": [
  200000
 ],
 "successes": 55,
 "attempts": 55,
 "all_targets_verified": true,
 "ladder_total": 55,
 "mean_B_slots": 51822.9,
 "external_verifications": 55,
 "successes_by_budget": {
  "200000": 55
 },
 "wall_seconds": 70.52
}

{
 "schema": "M2P1_ARM_REPORT",
 "arm": "PARENT_GF_D4",
 "calibration_only": false,
 "note": "ungated guided-first parent, MDL library, fixed depth 4",
 "fragments_served": 6,
 "process": {
  "pid": 2453545,
  "pre_restart_pid": 3757718,
  "pid_changed": true
 },
 "targets": 55,
 "ladder": [
  200000
 ],
 "successes": 55,
 "attempts": 55,
 "all_targets_verified": true,
 "ladder_total": 55,
 "mean_B_slots": 6397.8,
 "external_verifications": 55,
 "successes_by_budget": {
  "200000": 55
 },
 "wall_seconds": 13.63
}

{
 "schema": "M2P1_ARM_REPORT",
 "arm": "PARENT_GFQ_D1",
 "calibration_only": false,
 "note": "ungated guided-first parent, frequency library, fixed depth 1",
 "fragments_served": 16,
 "process": {
  "pid": 2453680,
  "pre_restart_pid": 3757718,
  "pid_changed": true
 },
 "targets": 55,
 "ladder": [
  200000
 ],
 "successes": 55,
 "attempts": 55,
 "all_targets_verified": true,
 "ladder_total": 55,
 "mean_B_slots": 51427.9,
 "external_verifications": 55,
 "successes_by_budget": {
  "200000": 55
 },
 "wall_seconds": 69.87
}

{
 "schema": "M2P1_ARM_REPORT",
 "arm": "PARENT_GFQ_D2",
 "calibration_only": false,
 "note": "ungated guided-first parent, frequency library, fixed depth 2",
 "fragments_served": 16,
 "process": {
  "pid": 2454085,
  "pre_restart_pid": 3757718,
  "pid_changed": true
 },
 "targets": 55,
 "ladder": [
  200000
 ],
 "successes": 55,
 "attempts": 55,
 "all_targets_verified": true,
 "ladder_total": 55,
 "mean_B_slots": 50617.5,
 "external_verifications": 55,
 "successes_by_budget": {
  "200000": 55
 },
 "wall_seconds": 72.28
}

{
 "schema": "M2P1_ARM_REPORT",
 "arm": "PARENT_GFQ_D3",
 "calibration_only": false,
 "note": "ungated guided-first parent, frequency library, fixed depth 3",
 "fragments_served": 16,
 "process": {
  "pid": 2455010,
  "pre_restart_pid": 3757718,
  "pid_changed": true
 },
 "targets": 55,
 "ladder": [
  200000
 ],
 "successes": 55,
 "attempts": 55,
 "all_targets_verified": true,
 "ladder_total": 55,
 "mean_B_slots": 21608.8,
 "external_verifications": 55,
 "successes_by_budget": {
  "200000": 55
 },
 "wall_seconds": 35.38
}

{
 "schema": "M2P1_ARM_REPORT",
 "arm": "PARENT_GFQ_D4",
 "calibration_only": false,
 "note": "ungated guided-first parent, frequency library, fixed depth 4",
 "fragments_served": 16,
 "process": {
  "pid": 2455210,
  "pre_restart_pid": 3757718,
  "pid_changed": true
 },
 "targets": 55,
 "ladder": [
  200000
 ],
 "successes": 47,
 "attempts": 55,
 "all_targets_verified": false,
 "ladder_total": 47,
 "mean_B_slots": 9783.7,
 "external_verifications": 47,
 "successes_by_budget": {
  "200000": 47
 },
 "wall_seconds": 46.47
}

=== DONE M2P2_WORLD_hc05-long-form 2026-09-11T17:36:09Z
