=== host cn090 world=M2P2_WORLD_hc06-decoy-pair EXPLORATORY guided-first parent vs controller_v5; runner_sha=7d790905ada3ad76 methods_sha=e0a0565466dc6778 dev_state_sha=ec5e078837526f8f
{
 "schema": "M2P1_ARM_REPORT",
 "arm": "CONTINUED_OCM",
 "calibration_only": false,
 "note": "integrated controller: probe depth 4 beta 11110, rule cells 0",
 "fragments_served": 6,
 "process": {
  "pid": 2451270,
  "pre_restart_pid": 3759671,
  "pid_changed": true
 },
 "targets": 146,
 "ladder": [
  200000
 ],
 "successes": 146,
 "attempts": 146,
 "all_targets_verified": true,
 "ladder_total": 146,
 "mean_B_slots": 2546.5,
 "external_verifications": 146,
 "successes_by_budget": {
  "200000": 146
 },
 "wall_seconds": 42.71
}

{
 "schema": "M2P1_ARM_REPORT",
 "arm": "PARENT_GF_D1",
 "calibration_only": false,
 "note": "ungated guided-first parent, MDL library, fixed depth 1",
 "fragments_served": 6,
 "process": {
  "pid": 2451799,
  "pre_restart_pid": 3759671,
  "pid_changed": true
 },
 "targets": 146,
 "ladder": [
  200000
 ],
 "successes": 146,
 "attempts": 146,
 "all_targets_verified": true,
 "ladder_total": 146,
 "mean_B_slots": 47777.1,
 "external_verifications": 146,
 "successes_by_budget": {
  "200000": 146
 },
 "wall_seconds": 264.9
}

{
 "schema": "M2P1_ARM_REPORT",
 "arm": "PARENT_GF_D2",
 "calibration_only": false,
 "note": "ungated guided-first parent, MDL library, fixed depth 2",
 "fragments_served": 6,
 "process": {
  "pid": 2454065,
  "pre_restart_pid": 3759671,
  "pid_changed": true
 },
 "targets": 146,
 "ladder": [
  200000
 ],
 "successes": 146,
 "attempts": 146,
 "all_targets_verified": true,
 "ladder_total": 146,
 "mean_B_slots": 47858.5,
 "external_verifications": 146,
 "successes_by_budget": {
  "200000": 146
 },
 "wall_seconds": 266.23
}

{
 "schema": "M2P1_ARM_REPORT",
 "arm": "PARENT_GF_D3",
 "calibration_only": false,
 "note": "ungated guided-first parent, MDL library, fixed depth 3",
 "fragments_served": 6,
 "process": {
  "pid": 2456345,
  "pre_restart_pid": 3759671,
  "pid_changed": true
 },
 "targets": 146,
 "ladder": [
  200000
 ],
 "successes": 146,
 "attempts": 146,
 "all_targets_verified": true,
 "ladder_total": 146,
 "mean_B_slots": 47797.6,
 "external_verifications": 146,
 "successes_by_budget": {
  "200000": 146
 },
 "wall_seconds": 265.11
}

{
 "schema": "M2P1_ARM_REPORT",
 "arm": "PARENT_GF_D4",
 "calibration_only": false,
 "note": "ungated guided-first parent, MDL library, fixed depth 4",
 "fragments_served": 6,
 "process": {
  "pid": 2458186,
  "pre_restart_pid": 3759671,
  "pid_changed": true
 },
 "targets": 146,
 "ladder": [
  200000
 ],
 "successes": 146,
 "attempts": 146,
 "all_targets_verified": true,
 "ladder_total": 146,
 "mean_B_slots": 2546.5,
 "external_verifications": 146,
 "successes_by_budget": {
  "200000": 146
 },
 "wall_seconds": 43.04
}

{
 "schema": "M2P1_ARM_REPORT",
 "arm": "PARENT_GFQ_D1",
 "calibration_only": false,
 "note": "ungated guided-first parent, frequency library, fixed depth 1",
 "fragments_served": 16,
 "process": {
  "pid": 2458574,
  "pre_restart_pid": 3759671,
  "pid_changed": true
 },
 "targets": 146,
 "ladder": [
  200000
 ],
 "successes": 146,
 "attempts": 146,
 "all_targets_verified": true,
 "ladder_total": 146,
 "mean_B_slots": 47784.8,
 "external_verifications": 146,
 "successes_by_budget": {
  "200000": 146
 },
 "wall_seconds": 263.32
}

{
 "schema": "M2P1_ARM_REPORT",
 "arm": "PARENT_GFQ_D2",
 "calibration_only": false,
 "note": "ungated guided-first parent, frequency library, fixed depth 2",
 "fragments_served": 16,
 "process": {
  "pid": 2459757,
  "pre_restart_pid": 3759671,
  "pid_changed": true
 },
 "targets": 146,
 "ladder": [
  200000
 ],
 "successes": 146,
 "attempts": 146,
 "all_targets_verified": true,
 "ladder_total": 146,
 "mean_B_slots": 47262.8,
 "external_verifications": 146,
 "successes_by_budget": {
  "200000": 146
 },
 "wall_seconds": 268.11
}

{
 "schema": "M2P1_ARM_REPORT",
 "arm": "PARENT_GFQ_D3",
 "calibration_only": false,
 "note": "ungated guided-first parent, frequency library, fixed depth 3",
 "fragments_served": 16,
 "process": {
  "pid": 2460661,
  "pre_restart_pid": 3759671,
  "pid_changed": true
 },
 "targets": 146,
 "ladder": [
  200000
 ],
 "successes": 146,
 "attempts": 146,
 "all_targets_verified": true,
 "ladder_total": 146,
 "mean_B_slots": 25703.4,
 "external_verifications": 146,
 "successes_by_budget": {
  "200000": 146
 },
 "wall_seconds": 219.94
}

{
 "schema": "M2P1_ARM_REPORT",
 "arm": "PARENT_GFQ_D4",
 "calibration_only": false,
 "note": "ungated guided-first parent, frequency library, fixed depth 4",
 "fragments_served": 16,
 "process": {
  "pid": 2461887,
  "pre_restart_pid": 3759671,
  "pid_changed": true
 },
 "targets": 146,
 "ladder": [
  200000
 ],
 "successes": 146,
 "attempts": 146,
 "all_targets_verified": true,
 "ladder_total": 146,
 "mean_B_slots": 11497.9,
 "external_verifications": 146,
 "successes_by_budget": {
  "200000": 146
 },
 "wall_seconds": 213.52
}

=== DONE M2P2_WORLD_hc06-decoy-pair 2026-09-11T17:59:14Z
