=== host cn090 world=M2P2_WORLD_hc08-drawn-lot-b EXPLORATORY guided-first parent vs controller_v5; runner_sha=7d790905ada3ad76 methods_sha=e0a0565466dc6778 dev_state_sha=1a6ed7fe10d03490
{
 "schema": "M2P1_ARM_REPORT",
 "arm": "CONTINUED_OCM",
 "calibration_only": false,
 "note": "integrated controller: probe depth 3 beta 8420, rule cells 7",
 "fragments_served": 16,
 "process": {
  "pid": 2451268,
  "pre_restart_pid": 3757717,
  "pid_changed": true
 },
 "targets": 55,
 "ladder": [
  200000
 ],
 "successes": 55,
 "attempts": 55,
 "all_targets_verified": true,
 "ladder_total": 55,
 "mean_B_slots": 15508.9,
 "external_verifications": 55,
 "successes_by_budget": {
  "200000": 55
 },
 "wall_seconds": 36.68
}

{
 "schema": "M2P1_ARM_REPORT",
 "arm": "PARENT_GF_D1",
 "calibration_only": false,
 "note": "ungated guided-first parent, MDL library, fixed depth 1",
 "fragments_served": 6,
 "process": {
  "pid": 2451740,
  "pre_restart_pid": 3757717,
  "pid_changed": true
 },
 "targets": 55,
 "ladder": [
  200000
 ],
 "successes": 55,
 "attempts": 55,
 "all_targets_verified": true,
 "ladder_total": 55,
 "mean_B_slots": 32137.1,
 "external_verifications": 55,
 "successes_by_budget": {
  "200000": 55
 },
 "wall_seconds": 48.86
}

{
 "schema": "M2P1_ARM_REPORT",
 "arm": "PARENT_GF_D2",
 "calibration_only": false,
 "note": "ungated guided-first parent, MDL library, fixed depth 2",
 "fragments_served": 6,
 "process": {
  "pid": 2452056,
  "pre_restart_pid": 3757717,
  "pid_changed": true
 },
 "targets": 55,
 "ladder": [
  200000
 ],
 "successes": 55,
 "attempts": 55,
 "all_targets_verified": true,
 "ladder_total": 55,
 "mean_B_slots": 32218.7,
 "external_verifications": 55,
 "successes_by_budget": {
  "200000": 55
 },
 "wall_seconds": 52.4
}

{
 "schema": "M2P1_ARM_REPORT",
 "arm": "PARENT_GF_D3",
 "calibration_only": false,
 "note": "ungated guided-first parent, MDL library, fixed depth 3",
 "fragments_served": 6,
 "process": {
  "pid": 2452885,
  "pre_restart_pid": 3757717,
  "pid_changed": true
 },
 "targets": 55,
 "ladder": [
  200000
 ],
 "successes": 55,
 "attempts": 55,
 "all_targets_verified": true,
 "ladder_total": 55,
 "mean_B_slots": 31782.3,
 "external_verifications": 55,
 "successes_by_budget": {
  "200000": 55
 },
 "wall_seconds": 50.35
}

{
 "schema": "M2P1_ARM_REPORT",
 "arm": "PARENT_GF_D4",
 "calibration_only": false,
 "note": "ungated guided-first parent, MDL library, fixed depth 4",
 "fragments_served": 6,
 "process": {
  "pid": 2453154,
  "pre_restart_pid": 3757717,
  "pid_changed": true
 },
 "targets": 55,
 "ladder": [
  200000
 ],
 "successes": 55,
 "attempts": 55,
 "all_targets_verified": true,
 "ladder_total": 55,
 "mean_B_slots": 12891.0,
 "external_verifications": 55,
 "successes_by_budget": {
  "200000": 55
 },
 "wall_seconds": 29.75
}

{
 "schema": "M2P1_ARM_REPORT",
 "arm": "PARENT_GFQ_D1",
 "calibration_only": false,
 "note": "ungated guided-first parent, frequency library, fixed depth 1",
 "fragments_served": 16,
 "process": {
  "pid": 2453448,
  "pre_restart_pid": 3757717,
  "pid_changed": true
 },
 "targets": 55,
 "ladder": [
  200000
 ],
 "successes": 55,
 "attempts": 55,
 "all_targets_verified": true,
 "ladder_total": 55,
 "mean_B_slots": 32147.1,
 "external_verifications": 55,
 "successes_by_budget": {
  "200000": 55
 },
 "wall_seconds": 51.2
}

{
 "schema": "M2P1_ARM_REPORT",
 "arm": "PARENT_GFQ_D2",
 "calibration_only": false,
 "note": "ungated guided-first parent, frequency library, fixed depth 2",
 "fragments_served": 16,
 "process": {
  "pid": 2453851,
  "pre_restart_pid": 3757717,
  "pid_changed": true
 },
 "targets": 55,
 "ladder": [
  200000
 ],
 "successes": 55,
 "attempts": 55,
 "all_targets_verified": true,
 "ladder_total": 55,
 "mean_B_slots": 30877.6,
 "external_verifications": 55,
 "successes_by_budget": {
  "200000": 55
 },
 "wall_seconds": 49.33
}

{
 "schema": "M2P1_ARM_REPORT",
 "arm": "PARENT_GFQ_D3",
 "calibration_only": false,
 "note": "ungated guided-first parent, frequency library, fixed depth 3",
 "fragments_served": 16,
 "process": {
  "pid": 2454265,
  "pre_restart_pid": 3757717,
  "pid_changed": true
 },
 "targets": 55,
 "ladder": [
  200000
 ],
 "successes": 55,
 "attempts": 55,
 "all_targets_verified": true,
 "ladder_total": 55,
 "mean_B_slots": 15508.9,
 "external_verifications": 55,
 "successes_by_budget": {
  "200000": 55
 },
 "wall_seconds": 38.64
}

{
 "schema": "M2P1_ARM_REPORT",
 "arm": "PARENT_GFQ_D4",
 "calibration_only": false,
 "note": "ungated guided-first parent, frequency library, fixed depth 4",
 "fragments_served": 16,
 "process": {
  "pid": 2454767,
  "pre_restart_pid": 3757717,
  "pid_changed": true
 },
 "targets": 55,
 "ladder": [
  200000
 ],
 "successes": 53,
 "attempts": 55,
 "all_targets_verified": false,
 "ladder_total": 53,
 "mean_B_slots": 25147.2,
 "external_verifications": 53,
 "successes_by_budget": {
  "200000": 53
 },
 "wall_seconds": 100.69
}

=== DONE M2P2_WORLD_hc08-drawn-lot-b 2026-09-11T17:36:05Z
