=== host cn090 world=M2P2_WORLD_hc09-negative-ladder EXPLORATORY guided-first parent vs controller_v5; runner_sha=7d790905ada3ad76 methods_sha=e0a0565466dc6778 dev_state_sha=fd316f428d1553c1
{
 "schema": "M2P1_ARM_REPORT",
 "arm": "CONTINUED_OCM",
 "calibration_only": false,
 "note": "integrated controller: probe depth 4 beta 7380, rule cells 6",
 "fragments_served": 5,
 "process": {
  "pid": 2451269,
  "pre_restart_pid": 3757866,
  "pid_changed": true
 },
 "targets": 58,
 "ladder": [
  200000
 ],
 "successes": 58,
 "attempts": 58,
 "all_targets_verified": true,
 "ladder_total": 58,
 "mean_B_slots": 5627.8,
 "external_verifications": 58,
 "successes_by_budget": {
  "200000": 58
 },
 "wall_seconds": 10.34
}

{
 "schema": "M2P1_ARM_REPORT",
 "arm": "PARENT_GF_D1",
 "calibration_only": false,
 "note": "ungated guided-first parent, MDL library, fixed depth 1",
 "fragments_served": 5,
 "process": {
  "pid": 2451493,
  "pre_restart_pid": 3757866,
  "pid_changed": true
 },
 "targets": 58,
 "ladder": [
  200000
 ],
 "successes": 58,
 "attempts": 58,
 "all_targets_verified": true,
 "ladder_total": 58,
 "mean_B_slots": 40812.1,
 "external_verifications": 58,
 "successes_by_budget": {
  "200000": 58
 },
 "wall_seconds": 59.15
}

{
 "schema": "M2P1_ARM_REPORT",
 "arm": "PARENT_GF_D2",
 "calibration_only": false,
 "note": "ungated guided-first parent, MDL library, fixed depth 2",
 "fragments_served": 5,
 "process": {
  "pid": 2451951,
  "pre_restart_pid": 3757866,
  "pid_changed": true
 },
 "targets": 58,
 "ladder": [
  200000
 ],
 "successes": 58,
 "attempts": 58,
 "all_targets_verified": true,
 "ladder_total": 58,
 "mean_B_slots": 40893.1,
 "external_verifications": 58,
 "successes_by_budget": {
  "200000": 58
 },
 "wall_seconds": 58.58
}

{
 "schema": "M2P1_ARM_REPORT",
 "arm": "PARENT_GF_D3",
 "calibration_only": false,
 "note": "ungated guided-first parent, MDL library, fixed depth 3",
 "fragments_served": 5,
 "process": {
  "pid": 2452809,
  "pre_restart_pid": 3757866,
  "pid_changed": true
 },
 "targets": 58,
 "ladder": [
  200000
 ],
 "successes": 58,
 "attempts": 58,
 "all_targets_verified": true,
 "ladder_total": 58,
 "mean_B_slots": 40778.3,
 "external_verifications": 58,
 "successes_by_budget": {
  "200000": 58
 },
 "wall_seconds": 60.75
}

{
 "schema": "M2P1_ARM_REPORT",
 "arm": "PARENT_GF_D4",
 "calibration_only": false,
 "note": "ungated guided-first parent, MDL library, fixed depth 4",
 "fragments_served": 5,
 "process": {
  "pid": 2453162,
  "pre_restart_pid": 3757866,
  "pid_changed": true
 },
 "targets": 58,
 "ladder": [
  200000
 ],
 "successes": 58,
 "attempts": 58,
 "all_targets_verified": true,
 "ladder_total": 58,
 "mean_B_slots": 4985.7,
 "external_verifications": 58,
 "successes_by_budget": {
  "200000": 58
 },
 "wall_seconds": 11.28
}

{
 "schema": "M2P1_ARM_REPORT",
 "arm": "PARENT_GFQ_D1",
 "calibration_only": false,
 "note": "ungated guided-first parent, frequency library, fixed depth 1",
 "fragments_served": 16,
 "process": {
  "pid": 2453296,
  "pre_restart_pid": 3757866,
  "pid_changed": true
 },
 "targets": 58,
 "ladder": [
  200000
 ],
 "successes": 58,
 "attempts": 58,
 "all_targets_verified": true,
 "ladder_total": 58,
 "mean_B_slots": 40823.1,
 "external_verifications": 58,
 "successes_by_budget": {
  "200000": 58
 },
 "wall_seconds": 60.91
}

{
 "schema": "M2P1_ARM_REPORT",
 "arm": "PARENT_GFQ_D2",
 "calibration_only": false,
 "note": "ungated guided-first parent, frequency library, fixed depth 2",
 "fragments_served": 16,
 "process": {
  "pid": 2453781,
  "pre_restart_pid": 3757866,
  "pid_changed": true
 },
 "targets": 58,
 "ladder": [
  200000
 ],
 "successes": 58,
 "attempts": 58,
 "all_targets_verified": true,
 "ladder_total": 58,
 "mean_B_slots": 34795.5,
 "external_verifications": 58,
 "successes_by_budget": {
  "200000": 58
 },
 "wall_seconds": 50.4
}

{
 "schema": "M2P1_ARM_REPORT",
 "arm": "PARENT_GFQ_D3",
 "calibration_only": false,
 "note": "ungated guided-first parent, frequency library, fixed depth 3",
 "fragments_served": 16,
 "process": {
  "pid": 2454149,
  "pre_restart_pid": 3757866,
  "pid_changed": true
 },
 "targets": 58,
 "ladder": [
  200000
 ],
 "successes": 58,
 "attempts": 58,
 "all_targets_verified": true,
 "ladder_total": 58,
 "mean_B_slots": 6307.9,
 "external_verifications": 58,
 "successes_by_budget": {
  "200000": 58
 },
 "wall_seconds": 15.78
}

{
 "schema": "M2P1_ARM_REPORT",
 "arm": "PARENT_GFQ_D4",
 "calibration_only": false,
 "note": "ungated guided-first parent, frequency library, fixed depth 4",
 "fragments_served": 16,
 "process": {
  "pid": 2454411,
  "pre_restart_pid": 3757866,
  "pid_changed": true
 },
 "targets": 58,
 "ladder": [
  200000
 ],
 "successes": 58,
 "attempts": 58,
 "all_targets_verified": true,
 "ladder_total": 58,
 "mean_B_slots": 3344.1,
 "external_verifications": 58,
 "successes_by_budget": {
  "200000": 58
 },
 "wall_seconds": 10.52
}

=== DONE M2P2_WORLD_hc09-negative-ladder 2026-09-11T17:34:05Z
