=== host cn090 world=M2P2_WORLD_hc10-quartic-climb EXPLORATORY guided-first parent vs controller_v5; runner_sha=7d790905ada3ad76 methods_sha=e0a0565466dc6778 dev_state_sha=0c386f74e22d91f6
{
 "schema": "M2P1_ARM_REPORT",
 "arm": "CONTINUED_OCM",
 "calibration_only": false,
 "note": "integrated controller: probe depth 4 beta 22620, rule cells 10",
 "fragments_served": 8,
 "process": {
  "pid": 2451271,
  "pre_restart_pid": 3767359,
  "pid_changed": true
 },
 "targets": 163,
 "ladder": [
  200000
 ],
 "successes": 163,
 "attempts": 163,
 "all_targets_verified": true,
 "ladder_total": 163,
 "mean_B_slots": 8521.0,
 "external_verifications": 163,
 "successes_by_budget": {
  "200000": 163
 },
 "wall_seconds": 277.04
}

{
 "schema": "M2P1_ARM_REPORT",
 "arm": "PARENT_GF_D1",
 "calibration_only": false,
 "note": "ungated guided-first parent, MDL library, fixed depth 1",
 "fragments_served": 8,
 "process": {
  "pid": 2453901,
  "pre_restart_pid": 3767359,
  "pid_changed": true
 },
 "targets": 163,
 "ladder": [
  200000
 ],
 "successes": 163,
 "attempts": 163,
 "all_targets_verified": true,
 "ladder_total": 163,
 "mean_B_slots": 47499.5,
 "external_verifications": 163,
 "successes_by_budget": {
  "200000": 163
 },
 "wall_seconds": 723.21
}

{
 "schema": "M2P1_ARM_REPORT",
 "arm": "PARENT_GF_D2",
 "calibration_only": false,
 "note": "ungated guided-first parent, MDL library, fixed depth 2",
 "fragments_served": 8,
 "process": {
  "pid": 2458869,
  "pre_restart_pid": 3767359,
  "pid_changed": true
 },
 "targets": 163,
 "ladder": [
  200000
 ],
 "successes": 163,
 "attempts": 163,
 "all_targets_verified": true,
 "ladder_total": 163,
 "mean_B_slots": 47643.5,
 "external_verifications": 163,
 "successes_by_budget": {
  "200000": 163
 },
 "wall_seconds": 738.48
}

{
 "schema": "M2P1_ARM_REPORT",
 "arm": "PARENT_GF_D3",
 "calibration_only": false,
 "note": "ungated guided-first parent, MDL library, fixed depth 3",
 "fragments_served": 8,
 "process": {
  "pid": 2462177,
  "pre_restart_pid": 3767359,
  "pid_changed": true
 },
 "targets": 163,
 "ladder": [
  200000
 ],
 "successes": 163,
 "attempts": 163,
 "all_targets_verified": true,
 "ladder_total": 163,
 "mean_B_slots": 48523.1,
 "external_verifications": 163,
 "successes_by_budget": {
  "200000": 163
 },
 "wall_seconds": 728.93
}

{
 "schema": "M2P1_ARM_REPORT",
 "arm": "PARENT_GF_D4",
 "calibration_only": false,
 "note": "ungated guided-first parent, MDL library, fixed depth 4",
 "fragments_served": 8,
 "process": {
  "pid": 2467151,
  "pre_restart_pid": 3767359,
  "pid_changed": true
 },
 "targets": 163,
 "ladder": [
  200000
 ],
 "successes": 163,
 "attempts": 163,
 "all_targets_verified": true,
 "ladder_total": 163,
 "mean_B_slots": 8576.0,
 "external_verifications": 163,
 "successes_by_budget": {
  "200000": 163
 },
 "wall_seconds": 286.99
}

{
 "schema": "M2P1_ARM_REPORT",
 "arm": "PARENT_GFQ_D1",
 "calibration_only": false,
 "note": "ungated guided-first parent, frequency library, fixed depth 1",
 "fragments_served": 16,
 "process": {
  "pid": 2468033,
  "pre_restart_pid": 3767359,
  "pid_changed": true
 },
 "targets": 163,
 "ladder": [
  200000
 ],
 "successes": 163,
 "attempts": 163,
 "all_targets_verified": true,
 "ladder_total": 163,
 "mean_B_slots": 47507.5,
 "external_verifications": 163,
 "successes_by_budget": {
  "200000": 163
 },
 "wall_seconds": 736.29
}

{
 "schema": "M2P1_ARM_REPORT",
 "arm": "PARENT_GFQ_D2",
 "calibration_only": false,
 "note": "ungated guided-first parent, frequency library, fixed depth 2",
 "fragments_served": 16,
 "process": {
  "pid": 2474264,
  "pre_restart_pid": 3767359,
  "pid_changed": true
 },
 "targets": 163,
 "ladder": [
  200000
 ],
 "successes": 163,
 "attempts": 163,
 "all_targets_verified": true,
 "ladder_total": 163,
 "mean_B_slots": 43016.0,
 "external_verifications": 163,
 "successes_by_budget": {
  "200000": 163
 },
 "wall_seconds": 656.4
}

{
 "schema": "M2P1_ARM_REPORT",
 "arm": "PARENT_GFQ_D3",
 "calibration_only": false,
 "note": "ungated guided-first parent, frequency library, fixed depth 3",
 "fragments_served": 16,
 "process": {
  "pid": 2475826,
  "pre_restart_pid": 3767359,
  "pid_changed": true
 },
 "targets": 163,
 "ladder": [
  200000
 ],
 "successes": 163,
 "attempts": 163,
 "all_targets_verified": true,
 "ladder_total": 163,
 "mean_B_slots": 16444.8,
 "external_verifications": 163,
 "successes_by_budget": {
  "200000": 163
 },
 "wall_seconds": 457.29
}

{
 "schema": "M2P1_ARM_REPORT",
 "arm": "PARENT_GFQ_D4",
 "calibration_only": false,
 "note": "ungated guided-first parent, frequency library, fixed depth 4",
 "fragments_served": 16,
 "process": {
  "pid": 2476802,
  "pre_restart_pid": 3767359,
  "pid_changed": true
 },
 "targets": 163,
 "ladder": [
  200000
 ],
 "successes": 162,
 "attempts": 163,
 "all_targets_verified": false,
 "ladder_total": 162,
 "mean_B_slots": 11107.8,
 "external_verifications": 162,
 "successes_by_budget": {
  "200000": 162
 },
 "wall_seconds": 585.51
}

=== DONE M2P2_WORLD_hc10-quartic-climb 2026-09-11T18:54:58Z
