Verify: idi
Verify: a1ii
Verify: mp2
Verify: mp2b
Verify: a1i
Verify: 2a1i
Verify: ax1w
Verify: mp1i
Verify: a2i
Verify: mpd
Verify: imim2i
Verify: syl
Verify: 3syl
Verify: 4syl
Verify: mpi
Verify: mpisyl
Verify: id
Verify: idALT
Verify: idd
Verify: a1d
Verify: 2a1d
Verify: a1i13
Verify: 2a1
Verify: a2d
Verify: sylcom
Verify: syl5com
Verify: com12
Verify: syl11
Verify: syl5
Verify: syl6
Verify: syl56
Verify: syl6com
Verify: mpcom
Verify: syli
Verify: syl2im
Verify: syl2imc
Verify: pm2.27
Verify: mpdd
Verify: mpid
Verify: mpdi
Verify: mpii
Verify: syld
Verify: syldc
Verify: mp2d
Verify: a1dd
Verify: 2a1dd
Verify: pm2.43i
Verify: pm2.43d
Verify: pm2.43a
Verify: pm2.43b
Verify: pm2.43
Verify: imim2d
Verify: imim2
Verify: embantd
Verify: 3syld
Verify: sylsyld
Verify: imim12i
Verify: imim1i
Verify: imim3i
Verify: sylc
Verify: syl3c
Verify: syl6mpi
Verify: mpsyl
Verify: mpsylsyld
Verify: syl6c
Verify: syl6ci
Verify: syldd
Verify: syl5d
Verify: syl7
Verify: syl6d
Verify: syl8
Verify: syl9
Verify: syl9r
Verify: syl10
Verify: a1ddd
Verify: imim12d
Verify: imim1d
Verify: imim1
Verify: pm2.83
Verify: peirceroll
Verify: com23
Verify: com3r
Verify: com13
Verify: com3l
Verify: pm2.04
Verify: com34
Verify: com4l
Verify: com4t
Verify: com4r
Verify: com24
Verify: com14
Verify: com45
Verify: com35
Verify: com25
Verify: com5l
Verify: com15
Verify: com52l
Verify: com52r
Verify: com5r
Verify: imim12
Verify: jarr
Verify: jarri
Verify: pm2.86d
Verify: pm2.86
Verify: pm2.86i
Verify: loolin
Verify: loowoz
Verify: con4
Verify: con4i
Verify: con4d
Verify: mt4
Verify: mt4d
Verify: mt4i
Verify: pm2.21i
Verify: pm2.24ii
Verify: pm2.21d
Verify: pm2.21ddALT
Verify: pm2.21
Verify: pm2.24
Verify: jarl
Verify: jarli
Verify: pm2.18d
Verify: pm2.18
Verify: pm2.18i
Verify: notnotr
Verify: notnotri
Verify: notnotriALT
Verify: notnotrd
Verify: con2d
Verify: con2
Verify: mt2d
Verify: mt2i
Verify: nsyl3
Verify: con2i
Verify: nsyl
Verify: nsyl2
Verify: notnot
Verify: notnoti
Verify: notnotd
Verify: con1d
Verify: con1
Verify: con1i
Verify: mt3d
Verify: mt3i
Verify: pm2.24i
Verify: pm2.24d
Verify: con3d
Verify: con3
Verify: con3i
Verify: con3rr3
Verify: nsyld
Verify: nsyli
Verify: nsyl4
Verify: nsyl5
Verify: pm3.2im
Verify: jc
Verify: jcn
Verify: jcnd
Verify: impi
Verify: expi
Verify: simprim
Verify: simplim
Verify: pm2.5g
Verify: pm2.5
Verify: conax1
Verify: conax1k
Verify: pm2.51
Verify: pm2.52
Verify: pm2.521g
Verify: pm2.521g2
Verify: pm2.521
Verify: expt
Verify: exptOLD
Verify: impt
Verify: pm2.61d
Verify: pm2.61d1
Verify: pm2.61d2
Verify: pm2.61i
Verify: pm2.61ii
Verify: pm2.61nii
Verify: pm2.61iii
Verify: ja
Verify: jad
Verify: pm2.01
Verify: pm2.01i
Verify: pm2.01d
Verify: pm2.6
Verify: pm2.61
Verify: pm2.65
Verify: pm2.65i
Verify: pm2.65iOLD
Verify: pm2.21dd
Verify: pm2.65d
Verify: mto
Verify: mtod
Verify: mtoi
Verify: mt2
Verify: mt3
Verify: peirce
Verify: looinv
Verify: bijust0
Verify: bijust
Verify: impbi
Verify: impbii
Verify: impbidd
Verify: impbid21d
Verify: impbid
Verify: dfbi1
Verify: dfbi1ALT
Verify: biimp
Verify: biimpi
Verify: sylbi
Verify: sylib
Verify: sylbb
Verify: biimpr
Verify: bicom1
Verify: bicom
Verify: bicomd
Verify: bicomi
Verify: impbid1
Verify: impbid2
Verify: impcon4bid
Verify: biimpri
Verify: biimpd
Verify: mpbi
Verify: mpbir
Verify: mpbid
Verify: mpbii
Verify: sylibr
Verify: sylbir
Verify: sylbbr
Verify: sylbb1
Verify: sylbb2
Verify: sylibd
Verify: sylbid
Verify: mpbidi
Verify: biimtrid
Verify: biimtrrid
Verify: imbitrid
Verify: syl5ibcom
Verify: imbitrrid
Verify: syl5ibrcom
Verify: biimprd
Verify: biimpcd
Verify: biimprcd
Verify: imbitrdi
Verify: imbitrrdi
Verify: biimtrdi
Verify: biimtrrdi
Verify: syl7bi
Verify: syl8ib
Verify: mpbird
Verify: mpbiri
Verify: sylibrd
Verify: sylbird
Verify: biid
Verify: biidd
Verify: pm5.1im
Verify: 2th
Verify: 2thd
Verify: monothetic
Verify: ibi
Verify: ibir
Verify: ibd
Verify: pm5.74
Verify: pm5.74i
Verify: pm5.74ri
Verify: pm5.74d
Verify: pm5.74rd
Verify: bitri
Verify: bitr2i
Verify: bitr3i
Verify: bitr4i
Verify: bitrd
Verify: bitr2d
Verify: bitr3d
Verify: bitr4d
Verify: bitrid
Verify: bitr2id
Verify: bitr3id
Verify: bitr3di
Verify: bitrdi
Verify: bitr2di
Verify: bitr4di
Verify: bitr4id
Verify: 3imtr3i
Verify: 3imtr4i
Verify: 3imtr3d
Verify: 3imtr4d
Verify: 3imtr3g
Verify: 3imtr4g
Verify: 3bitri
Verify: 3bitrri
Verify: 3bitr2i
Verify: 3bitr2ri
Verify: 3bitr3i
Verify: 3bitr3ri
Verify: 3bitr4i
Verify: 3bitr4ri
Verify: 3bitrd
Verify: 3bitrrd
Verify: 3bitr2d
Verify: 3bitr2rd
Verify: 3bitr3d
Verify: 3bitr3rd
Verify: 3bitr4d
Verify: 3bitr4rd
Verify: 3bitr3g
Verify: 3bitr4g
Verify: notnotb
Verify: con34b
Verify: con4bid
Verify: notbid
Verify: notbi
Verify: notbii
Verify: con4bii
Verify: mtbi
Verify: mtbir
Verify: mtbid
Verify: mtbird
Verify: mtbii
Verify: mtbiri
Verify: sylnib
Verify: sylnibr
Verify: sylnbi
Verify: sylnbir
Verify: xchnxbi
Verify: xchnxbir
Verify: xchbinx
Verify: xchbinxr
Verify: imbi2i
Verify: bibi2i
Verify: bibi1i
Verify: bibi12i
Verify: imbi2d
Verify: imbi1d
Verify: bibi2d
Verify: bibi1d
Verify: imbi12d
Verify: bibi12d
Verify: imbi12
Verify: imbi1
Verify: imbi2
Verify: imbi1i
Verify: imbi12i
Verify: bibi1
Verify: bitr3
Verify: con2bi
Verify: con2bid
Verify: con1bid
Verify: con1bii
Verify: con2bii
Verify: con1b
Verify: con2b
Verify: biimt
Verify: pm5.5
Verify: a1bi
Verify: mt2bi
Verify: mtt
Verify: imnot
Verify: pm5.501
Verify: ibib
Verify: ibibr
Verify: tbt
Verify: nbn2
Verify: bibif
Verify: nbn
Verify: nbn3
Verify: pm5.21im
Verify: 2false
Verify: 2falsed
Verify: pm5.21ni
Verify: pm5.21nii
Verify: pm5.21ndd
Verify: bija
Verify: pm5.18
Verify: xor3
Verify: nbbn
Verify: nbbnOLD
Verify: biass
Verify: biluk
Verify: pm5.19
Verify: bi2.04
Verify: pm5.4
Verify: imdi
Verify: pm5.41
Verify: imbibi
Verify: imbibiOLD
Verify: pm4.8
Verify: pm4.81
Verify: imim21b
Verify: pm4.63
Verify: pm4.67
Verify: imnan
Verify: imnani
Verify: iman
Verify: pm3.24
Verify: annim
Verify: pm4.61
Verify: pm4.65
Verify: imp
Verify: impcom
Verify: con3dimp
Verify: mpnanrd
Verify: impd
Verify: impcomd
Verify: ex
Verify: expcom
Verify: expdcom
Verify: expd
Verify: expcomd
Verify: imp31
Verify: imp32
Verify: exp31
Verify: exp32
Verify: imp4b
Verify: imp4a
Verify: imp4c
Verify: imp4d
Verify: imp41
Verify: imp42
Verify: imp43
Verify: imp44
Verify: imp45
Verify: exp4b
Verify: exp4a
Verify: exp4c
Verify: exp4d
Verify: exp41
Verify: exp42
Verify: exp43
Verify: exp44
Verify: exp45
Verify: imp5d
Verify: imp5a
Verify: imp5g
Verify: imp55
Verify: imp511
Verify: exp5c
Verify: exp5j
Verify: exp5l
Verify: exp53
Verify: pm3.3
Verify: pm3.31
Verify: impexp
Verify: impancom
Verify: expdimp
Verify: expimpd
Verify: impr
Verify: impl
Verify: expr
Verify: expl
Verify: ancoms
Verify: pm3.22
Verify: ancom
Verify: ancomd
Verify: biancomi
Verify: biancomd
Verify: ancomst
Verify: ancomsd
Verify: anasss
Verify: anassrs
Verify: anass
Verify: pm3.2
Verify: pm3.2i
Verify: pm3.21
Verify: pm3.43i
Verify: pm3.43
Verify: dfbi2
Verify: dfbi
Verify: biimpa
Verify: biimpar
Verify: biimpac
Verify: biimparc
Verify: adantr
Verify: adantl
Verify: simpl
Verify: simpli
Verify: simpr
Verify: simpri
Verify: intnan
Verify: intnanr
Verify: intnand
Verify: intnanrd
Verify: adantld
Verify: adantrd
Verify: pm3.41
Verify: pm3.42
Verify: simpld
Verify: simprd
Verify: simplbi
Verify: simprbi
Verify: simprbda
Verify: simplbda
Verify: simplbi2
Verify: simplbi2comt
Verify: simplbi2com
Verify: birani
Verify: bilani
Verify: biranri
Verify: bilanri
Verify: simpl2im
Verify: simplbiim
Verify: impel
Verify: mpan9
Verify: sylan9
Verify: sylan9r
Verify: sylan9bb
Verify: sylan9bbr
Verify: jca
Verify: jcad
Verify: jca2
Verify: jca31
Verify: jca32
Verify: jcai
Verify: jcab
Verify: pm4.76
Verify: jctil
Verify: jctir
Verify: jccir
Verify: jccil
Verify: jctl
Verify: jctr
Verify: jctild
Verify: jctird
Verify: iba
Verify: ibar
Verify: biantru
Verify: biantrur
Verify: biantrud
Verify: biantrurd
Verify: bianfi
Verify: bianfd
Verify: baib
Verify: baibr
Verify: rbaibr
Verify: rbaib
Verify: baibd
Verify: rbaibd
Verify: bianabs
Verify: pm5.44
Verify: pm5.42
Verify: ancl
Verify: anclb
Verify: ancr
Verify: ancrb
Verify: ancli
Verify: ancri
Verify: ancld
Verify: ancrd
Verify: impac
Verify: anc2l
Verify: anc2r
Verify: anc2li
Verify: anc2ri
Verify: pm4.71
Verify: pm4.71r
Verify: pm4.71i
Verify: pm4.71ri
Verify: pm4.71d
Verify: pm4.71rd
Verify: pm4.71da
Verify: pm4.24
Verify: anidm
Verify: anidmdbi
Verify: anidms
Verify: imdistan
Verify: imdistani
Verify: imdistanri
Verify: imdistand
Verify: imdistanda
Verify: pm5.3
Verify: pm5.32
Verify: pm5.32i
Verify: pm5.32ri
Verify: bianim
Verify: pm5.32d
Verify: pm5.32rd
Verify: pm5.32da
Verify: bian1d
Verify: sylan
Verify: sylanb
Verify: sylanbr
Verify: sylanbrc
Verify: syl2anc
Verify: syl2anc2
Verify: sylancl
Verify: sylancr
Verify: sylancom
Verify: sylanblc
Verify: sylanblrc
Verify: syldan
Verify: sylbida
Verify: sylan2
Verify: sylan2b
Verify: sylan2br
Verify: syl2an
Verify: syl2anr
Verify: syl2anb
Verify: syl2anbr
Verify: sylancb
Verify: sylancbr
Verify: syldanl
Verify: syland
Verify: sylani
Verify: sylan2d
Verify: sylan2i
Verify: syl2ani
Verify: syl2and
Verify: anim12d
Verify: anim12d1
Verify: anim1d
Verify: anim2d
Verify: anim12i
Verify: anim12ci
Verify: anim1i
Verify: anim1ci
Verify: anim2i
Verify: anim12ii
Verify: anim12dan
Verify: im2anan9
Verify: im2anan9r
Verify: pm3.45
Verify: anbi2i
Verify: anbi1i
Verify: anbi2ci
Verify: anbi1ci
Verify: bianbi
Verify: anbi12i
Verify: anbi12ci
Verify: anbi2d
Verify: anbi1d
Verify: anbi12d
Verify: anbi1
Verify: anbi2
Verify: anbi1cd
Verify: an2anr
Verify: pm4.38
Verify: bi2anan9
Verify: bi2anan9r
Verify: bi2bian9
Verify: anbiim
Verify: anbiimOLD
Verify: bianass
Verify: bianassc
Verify: an21
Verify: an12
Verify: an32
Verify: an13
Verify: an31
Verify: an12s
Verify: ancom2s
Verify: an13s
Verify: an32s
Verify: ancom1s
Verify: an31s
Verify: anass1rs
Verify: an4
Verify: an42
Verify: an43
Verify: an3
Verify: an4s
Verify: an42s
Verify: anabs1
Verify: anabs5
Verify: anabs7
Verify: anabsan
Verify: anabss1
Verify: anabss4
Verify: anabss5
Verify: anabsi5
Verify: anabsi6
Verify: anabsi7
Verify: anabsi8
Verify: anabss7
Verify: anabsan2
Verify: anabss3
Verify: anandi
Verify: anandir
Verify: anandis
Verify: anandirs
Verify: sylanl1
Verify: sylanl2
Verify: sylanr1
Verify: sylanr2
Verify: syl6an
Verify: syl2an2r
Verify: syl2an2
Verify: mpdan
Verify: mpancom
Verify: mpidan
Verify: mpan
Verify: mpan2
Verify: mp2an
Verify: mp4an
Verify: mpan2d
Verify: mpand
Verify: mpani
Verify: mpan2i
Verify: mp2ani
Verify: mp2and
Verify: mpanl1
Verify: mpanl2
Verify: mpanl12
Verify: mpanr1
Verify: mpanr2
Verify: mpanr12
Verify: mpanlr1
Verify: mpbirand
Verify: mpbiran2d
Verify: mpbiran
Verify: mpbiran2
Verify: mpbir2an
Verify: mpbi2and
Verify: mpbir2and
Verify: adantll
Verify: adantlr
Verify: adantrl
Verify: adantrr
Verify: adantlll
Verify: adantllr
Verify: adantlrl
Verify: adantlrr
Verify: adantrll
Verify: adantrlr
Verify: adantrrl
Verify: adantrrr
Verify: ad2antrr
Verify: ad2antlr
Verify: ad2antrl
Verify: ad2antll
Verify: ad3antrrr
Verify: ad3antlr
Verify: ad4antr
Verify: ad4antlr
Verify: ad5antr
Verify: ad5antlr
Verify: ad6antr
Verify: ad6antlr
Verify: ad7antr
Verify: ad7antlr
Verify: ad8antr
Verify: ad8antlr
Verify: ad9antr
Verify: ad9antlr
Verify: ad10antr
Verify: ad10antlr
Verify: ad2ant2l
Verify: ad2ant2r
Verify: ad2ant2lr
Verify: ad2ant2rl
Verify: adantl3r
Verify: ad4ant13
Verify: ad4ant14
Verify: ad4ant23
Verify: ad4ant24
Verify: adantl4r
Verify: ad5ant13
Verify: ad5ant14
Verify: ad5ant15
Verify: ad5ant23
Verify: ad5ant24
Verify: ad5ant25
Verify: adantl5r
Verify: adantl6r
Verify: pm3.33
Verify: pm3.34
Verify: simpll
Verify: simplld
Verify: simplr
Verify: simplrd
Verify: simprl
Verify: simprld
Verify: simprr
Verify: simprrd
Verify: simplll
Verify: simpllr
Verify: simplrl
Verify: simplrr
Verify: simprll
Verify: simprlr
Verify: simprrl
Verify: simprrr
Verify: simp-4l
Verify: simp-4r
Verify: simp-5l
Verify: simp-5r
Verify: simp-6l
Verify: simp-6r
Verify: simp-7l
Verify: simp-7r
Verify: simp-8l
Verify: simp-8r
Verify: simp-9l
Verify: simp-9r
Verify: simp-10l
Verify: simp-10r
Verify: simp-11l
Verify: simp-11r
Verify: pm2.01da
Verify: pm2.18da
Verify: impbida
Verify: pm5.21nd
Verify: pm3.35
Verify: pm5.74da
Verify: bitr
Verify: biantr
Verify: pm4.14
Verify: pm3.37
Verify: anim12
Verify: pm3.4
Verify: exbiri
Verify: pm2.61ian
Verify: pm2.61dan
Verify: pm2.61ddan
Verify: pm2.61dda
Verify: mtand
Verify: pm2.65da
Verify: condan
Verify: biadan
Verify: biadani
Verify: biadaniALT
Verify: biadanii
Verify: biadanid
Verify: pm5.1
Verify: pm5.21
Verify: pm5.35
Verify: abai
Verify: abab
Verify: pm4.45im
Verify: impimprbi
Verify: nan
Verify: pm5.31
Verify: pm5.31r
Verify: pm4.15
Verify: pm5.36
Verify: annotanannot
Verify: pm5.33
Verify: syl12anc
Verify: syl21anc
Verify: syl22anc
Verify: bibiad
Verify: syl1111anc
Verify: syldbl2
Verify: mpsyl4anc
Verify: pm4.87
Verify: bimsc1
Verify: a2and
Verify: animpimp2impd
Verify: pm4.64
Verify: pm4.66
Verify: pm2.53
Verify: pm2.54
Verify: imor
Verify: imori
Verify: imorri
Verify: pm4.62
Verify: jaoi
Verify: jao1i
Verify: jaod
Verify: mpjaod
Verify: ori
Verify: orri
Verify: orrd
Verify: ord
Verify: orci
Verify: olci
Verify: orc
Verify: olc
Verify: pm1.4
Verify: orcom
Verify: orcomd
Verify: orcoms
Verify: orcd
Verify: olcd
Verify: orcs
Verify: olcs
Verify: olcnd
Verify: orcnd
Verify: mtord
Verify: pm3.2ni
Verify: pm2.45
Verify: pm2.46
Verify: pm2.47
Verify: pm2.48
Verify: pm2.49
Verify: norbi
Verify: nbior
Verify: orel1
Verify: pm2.25
Verify: orel2
Verify: pm2.67-2
Verify: pm2.67
Verify: curryax
Verify: exmid
Verify: exmidd
Verify: pm2.1
Verify: pm2.13
Verify: pm2.621
Verify: pm2.62
Verify: pm2.68
Verify: dfor2
Verify: pm2.07
Verify: pm1.2
Verify: oridm
Verify: pm4.25
Verify: pm2.4
Verify: pm2.41
Verify: orim12i
Verify: orim1i
Verify: orim2i
Verify: orim12dALT
Verify: orbi2i
Verify: orbi1i
Verify: orbi12i
Verify: orbi2d
Verify: orbi1d
Verify: orbi1
Verify: orbi12d
Verify: pm1.5
Verify: or12
Verify: orass
Verify: pm2.31
Verify: pm2.32
Verify: pm2.3
Verify: or32
Verify: or4
Verify: or42
Verify: orordi
Verify: orordir
Verify: orimdi
Verify: pm2.76
Verify: pm2.85
Verify: pm2.75
Verify: pm4.78
Verify: biort
Verify: biorf
Verify: biortn
Verify: biorfi
Verify: biorfri
Verify: pm2.26
Verify: pm2.63
Verify: pm2.64
Verify: pm2.42
Verify: pm5.11g
Verify: pm5.11
Verify: pm5.12
Verify: pm5.14
Verify: pm5.13
Verify: pm5.55
Verify: pm4.72
Verify: imimorb
Verify: oibabs
Verify: orbidi
Verify: pm5.7
Verify: jaao
Verify: jaoa
Verify: jaoian
Verify: jaodan
Verify: mpjaodan
Verify: pm3.44
Verify: jao
Verify: jaob
Verify: pm4.77
Verify: pm3.48
Verify: orim12d
Verify: orim12da
Verify: orim1d
Verify: orim2d
Verify: orim2
Verify: pm2.38
Verify: pm2.36
Verify: pm2.37
Verify: pm2.81
Verify: pm2.8
Verify: pm2.73
Verify: pm2.74
Verify: pm2.82
Verify: pm4.39
Verify: animorl
Verify: animorr
Verify: animorlr
Verify: animorrl
Verify: ianor
Verify: anor
Verify: ioran
Verify: pm4.52
Verify: pm4.53
Verify: pm4.54
Verify: pm4.55
Verify: pm4.56
Verify: oran
Verify: pm4.57
Verify: pm3.1
Verify: pm3.11
Verify: pm3.12
Verify: pm3.13
Verify: pm3.14
Verify: pm4.44
Verify: pm4.45
Verify: orabs
Verify: oranabs
Verify: pm5.61
Verify: pm5.6
Verify: orcanai
Verify: orsild
Verify: orsird
Verify: pm4.79
Verify: pm5.53
Verify: ordi
Verify: ordir
Verify: andi
Verify: andir
Verify: orddi
Verify: anddi
Verify: pm5.17
Verify: pm5.15
Verify: pm5.16
Verify: xor
Verify: nbi2
Verify: xordi
Verify: pm5.54
Verify: pm5.62
Verify: pm5.63
Verify: niabn
Verify: ninba
Verify: pm4.43
Verify: pm4.82
Verify: pm4.83
Verify: pclem6
Verify: bigolden
Verify: pm5.71
Verify: pm5.75
Verify: ecase2d
Verify: ecase3
Verify: ecase
Verify: ecase3d
Verify: ecased
Verify: ecase3ad
Verify: ccase
Verify: ccased
Verify: ccase2
Verify: 4cases
Verify: 4casesdan
Verify: cases
Verify: dedlem0a
Verify: dedlem0b
Verify: dedlema
Verify: dedlemb
Verify: cases2
Verify: cases2ALT
Verify: dfbi3
Verify: pm5.24
Verify: 4exmid
Verify: consensus
Verify: pm4.42
Verify: prlem1
Verify: prlem2
Verify: oplem1
Verify: dn1
Verify: bianir
Verify: jaoi2
Verify: jaoi3
Verify: ornld
Verify: dfifp2
Verify: dfifp3
Verify: dfifp4
Verify: dfifp5
Verify: dfifp6
Verify: dfifp7
Verify: ifpdfbi
Verify: ifpdfbiOLD
Verify: anifp
Verify: ifpor
Verify: ifpn
Verify: ifptru
Verify: ifpfal
Verify: ifpid
Verify: casesifp
Verify: ifpbi123d
Verify: ifpbi23d
Verify: ifpimpda
Verify: 1fpid3
Verify: elimh
Verify: dedt
Verify: con3ALT
Verify: 3orass
Verify: 3orel1
Verify: 3orrot
Verify: 3orcoma
Verify: 3orcomb
Verify: 3anass
Verify: 3anan12
Verify: 3anan32
Verify: 3anan32OLD
Verify: 3ancoma
Verify: 3ancomb
Verify: 3anrot
Verify: 3anrev
Verify: anandi3
Verify: anandi3r
Verify: 3anidm
Verify: 3an4anass
Verify: 3ioran
Verify: 3ianor
Verify: 3anor
Verify: 3oran
Verify: 3impa
Verify: 3imp
Verify: 3imp31
Verify: 3imp231
Verify: 3imp21
Verify: 3impb
Verify: bi23imp13
Verify: 3impib
Verify: 3impia
Verify: 3expa
Verify: 3exp
Verify: 3expb
Verify: 3expia
Verify: 3expib
Verify: 3com12
Verify: 3com13
Verify: 3comr
Verify: 3com23
Verify: 3coml
Verify: 3jca
Verify: 3jcad
Verify: 3adant1
Verify: 3adant2
Verify: 3adant3
Verify: 3ad2ant1
Verify: 3ad2ant2
Verify: 3ad2ant3
Verify: simp1
Verify: simp2
Verify: simp3
Verify: simp1i
Verify: simp2i
Verify: simp3i
Verify: simp1d
Verify: simp2d
Verify: simp3d
Verify: simp1bi
Verify: simp2bi
Verify: simp3bi
Verify: 3simpa
Verify: 3simpb
Verify: 3simpc
Verify: 3anim123i
Verify: 3anim1i
Verify: 3anim2i
Verify: 3anim3i
Verify: 3anbi123i
Verify: 3orbi123i
Verify: 3anbi1i
Verify: 3anbi2i
Verify: 3anbi3i
Verify: syl3an
Verify: syl3anb
Verify: syl3anbr
Verify: syl3an1
Verify: syl3an2
Verify: syl3an3
Verify: syl3an132
Verify: 3adantl1
Verify: 3adantl2
Verify: 3adantl3
Verify: 3adantr1
Verify: 3adantr2
Verify: 3adantr3
Verify: ad4ant123
Verify: ad4ant124
Verify: ad4ant134
Verify: ad4ant234
Verify: 3adant1l
Verify: 3adant1r
Verify: 3adant2l
Verify: 3adant2r
Verify: 3adant3l
Verify: 3adant3r
Verify: 3adant3r1
Verify: 3adant3r2
Verify: 3adant3r3
Verify: 3ad2antl1
Verify: 3ad2antl2
Verify: 3ad2antl3
Verify: 3ad2antr1
Verify: 3ad2antr2
Verify: 3ad2antr3
Verify: simpl1
Verify: simpl2
Verify: simpl3
Verify: simpr1
Verify: simpr2
Verify: simpr3
Verify: simp1l
Verify: simp1r
Verify: simp2l
Verify: simp2r
Verify: simp3l
Verify: simp3r
Verify: simp11
Verify: simp12
Verify: simp13
Verify: simp21
Verify: simp22
Verify: simp23
Verify: simp31
Verify: simp32
Verify: simp33
Verify: simpll1
Verify: simpll2
Verify: simpll3
Verify: simplr1
Verify: simplr2
Verify: simplr3
Verify: simprl1
Verify: simprl2
Verify: simprl3
Verify: simprr1
Verify: simprr2
Verify: simprr3
Verify: simpl1l
Verify: simpl1r
Verify: simpl2l
Verify: simpl2r
Verify: simpl3l
Verify: simpl3r
Verify: simpr1l
Verify: simpr1r
Verify: simpr2l
Verify: simpr2r
Verify: simpr3l
Verify: simpr3r
Verify: simp1ll
Verify: simp1lr
Verify: simp1rl
Verify: simp1rr
Verify: simp2ll
Verify: simp2lr
Verify: simp2rl
Verify: simp2rr
Verify: simp3ll
Verify: simp3lr
Verify: simp3rl
Verify: simp3rr
Verify: simpl11
Verify: simpl12
Verify: simpl13
Verify: simpl21
Verify: simpl22
Verify: simpl23
Verify: simpl31
Verify: simpl32
Verify: simpl33
Verify: simpr11
Verify: simpr12
Verify: simpr13
Verify: simpr21
Verify: simpr22
Verify: simpr23
Verify: simpr31
Verify: simpr32
Verify: simpr33
Verify: simp1l1
Verify: simp1l2
Verify: simp1l3
Verify: simp1r1
Verify: simp1r2
Verify: simp1r3
Verify: simp2l1
Verify: simp2l2
Verify: simp2l3
Verify: simp2r1
Verify: simp2r2
Verify: simp2r3
Verify: simp3l1
Verify: simp3l2
Verify: simp3l3
Verify: simp3r1
Verify: simp3r2
Verify: simp3r3
Verify: simp11l
Verify: simp11r
Verify: simp12l
Verify: simp12r
Verify: simp13l
Verify: simp13r
Verify: simp21l
Verify: simp21r
Verify: simp22l
Verify: simp22r
Verify: simp23l
Verify: simp23r
Verify: simp31l
Verify: simp31r
Verify: simp32l
Verify: simp32r
Verify: simp33l
Verify: simp33r
Verify: simp111
Verify: simp112
Verify: simp113
Verify: simp121
Verify: simp122
Verify: simp123
Verify: simp131
Verify: simp132
Verify: simp133
Verify: simp211
Verify: simp212
Verify: simp213
Verify: simp221
Verify: simp222
Verify: simp223
Verify: simp231
Verify: simp232
Verify: simp233
Verify: simp311
Verify: simp312
Verify: simp313
Verify: simp321
Verify: simp322
Verify: simp323
Verify: simp331
Verify: simp332
Verify: simp333
Verify: 3anibar
Verify: 3mix1
Verify: 3mix2
Verify: 3mix3
Verify: 3mix1i
Verify: 3mix2i
Verify: 3mix3i
Verify: 3mix1d
Verify: 3mix2d
Verify: 3mix3d
Verify: 3pm3.2i
Verify: pm3.2an3
Verify: mpbir3an
Verify: mpbir3and
Verify: syl3anbrc
Verify: syl21anbrc
Verify: 3imp3i2an
Verify: ex3
Verify: 3imp1
Verify: 3impd
Verify: 3imp2
Verify: 3impdi
Verify: 3impdir
Verify: 3exp1
Verify: 3expd
Verify: 3exp2
Verify: exp5o
Verify: exp516
Verify: exp520
Verify: 3impexp
Verify: 3an1rs
Verify: 13an22anass
Verify: 3anasss
Verify: 3anassrs
Verify: 4anpull2
Verify: 4anpull2OLD
Verify: ad5ant245
Verify: ad5ant234
Verify: ad5ant235
Verify: ad5ant123
Verify: ad5ant124
Verify: ad5ant124OLD
Verify: ad5ant125
Verify: ad5ant125OLD
Verify: ad5ant134
Verify: ad5ant134OLD
Verify: ad5ant135
Verify: ad5ant135OLD
Verify: ad5ant145
Verify: ad5ant2345
Verify: syl3anc
Verify: syl13anc
Verify: syl31anc
Verify: syl112anc
Verify: syl121anc
Verify: syl211anc
Verify: syl23anc
Verify: syl32anc
Verify: syl122anc
Verify: syl212anc
Verify: syl221anc
Verify: syl113anc
Verify: syl131anc
Verify: syl311anc
Verify: syl33anc
Verify: syl222anc
Verify: syl123anc
Verify: syl132anc
Verify: syl213anc
Verify: syl231anc
Verify: syl312anc
Verify: syl321anc
Verify: syl133anc
Verify: syl313anc
Verify: syl331anc
Verify: syl223anc
Verify: syl232anc
Verify: syl322anc
Verify: syl233anc
Verify: syl323anc
Verify: syl332anc
Verify: syl333anc
Verify: syl3an1b
Verify: syl3an2b
Verify: syl3an3b
Verify: syl3an1br
Verify: syl3an2br
Verify: syl3an3br
Verify: syld3an3
Verify: syld3an1
Verify: syld3an2
Verify: syl3anl1
Verify: syl3anl2
Verify: syl3anl3
Verify: syl3anl
Verify: syl3anr1
Verify: syl3anr2
Verify: syl3anr3
Verify: 3anidm12
Verify: 3anidm13
Verify: 3anidm23
Verify: syl2an3an
Verify: syl2an23an
Verify: 3ori
Verify: 3jao
Verify: 3jaob
Verify: 3jaoi
Verify: 3jaoiOLD
Verify: 3jaod
Verify: 3jaoian
Verify: 3jaodan
Verify: mpjao3dan
Verify: 3jaao
Verify: 3jaaoOLD
Verify: syl3an9b
Verify: 3orbi123d
Verify: 3anbi123d
Verify: 3anbi12d
Verify: 3anbi13d
Verify: 3anbi23d
Verify: 3anbi1d
Verify: 3anbi2d
Verify: 3anbi3d
Verify: 3anim123d
Verify: 3orim123d
Verify: 3orim123da
Verify: an6
Verify: 3an6
Verify: 3or6
Verify: mp3an1
Verify: mp3an2
Verify: mp3an3
Verify: mp3an12
Verify: mp3an13
Verify: mp3an23
Verify: mp3an1i
Verify: mp3anl1
Verify: mp3anl2
Verify: mp3anl3
Verify: mp3anr1
Verify: mp3anr2
Verify: mp3anr3
Verify: mp3an
Verify: mpd3an3
Verify: mpd3an23
Verify: mp3and
Verify: mp3an12i
Verify: mp3an2i
Verify: mp3an3an
Verify: mp3an2ani
Verify: biimp3a
Verify: biimp3ar
Verify: 3anandis
Verify: 3anandirs
Verify: ecase13d
Verify: ecase23d
Verify: ecase33d
Verify: 3ecase
Verify: 3bior1fd
Verify: 3bior1fand
Verify: 3bior2fd
Verify: 3biant1d
Verify: intn3an1d
Verify: intn3an2d
Verify: intn3an3d
Verify: an3andi
Verify: an33rean
Verify: 3orel2
Verify: 3orel2OLD
Verify: 3orel3
Verify: 3orel13
Verify: 3pm3.2ni
Verify: an42ds
Verify: nanan
Verify: dfnan2
Verify: nanor
Verify: nancom
Verify: nannan
Verify: nanim
Verify: nannot
Verify: nanbi
Verify: nanbi1
Verify: nanbi2
Verify: nanbi12
Verify: nanbi1i
Verify: nanbi2i
Verify: nanbi12i
Verify: nanbi1d
Verify: nanbi2d
Verify: nanbi12d
Verify: nanass
Verify: xnor
Verify: xorcom
Verify: xorass
Verify: excxor
Verify: xor2
Verify: xoror
Verify: xornan
Verify: xornan2
Verify: xorneg2
Verify: xorneg1
Verify: xorneg
Verify: xorbi12i
Verify: xorbi12d
Verify: anxordi
Verify: xorexmid
Verify: norcom
Verify: nornot
Verify: noran
Verify: noror
Verify: norasslem1
Verify: norasslem2
Verify: norasslem3
Verify: norass
Verify: trujust
Verify: tru
Verify: dftru2
Verify: trut
Verify: mptru
Verify: tbtru
Verify: bitru
Verify: trud
Verify: truan
Verify: fal
Verify: nbfal
Verify: bifal
Verify: falim
Verify: falimd
Verify: dfnot
Verify: inegd
Verify: efald
Verify: pm2.21fal
Verify: truimtru
Verify: truimfal
Verify: falimtru
Verify: falimfal
Verify: nottru
Verify: notfal
Verify: trubitru
Verify: falbitru
Verify: trubifal
Verify: falbifal
Verify: truantru
Verify: truanfal
Verify: falantru
Verify: falanfal
Verify: truortru
Verify: truorfal
Verify: falortru
Verify: falorfal
Verify: trunantru
Verify: trunanfal
Verify: falnantru
Verify: falnanfal
Verify: truxortru
Verify: truxorfal
Verify: falxortru
Verify: falxorfal
Verify: trunortru
Verify: trunorfal
Verify: falnortru
Verify: falnorfal
Verify: hadbi123d
Verify: hadbi123i
Verify: hadass
Verify: hadbi
Verify: hadcoma
Verify: hadcomb
Verify: hadrot
Verify: hadnot
Verify: had1
Verify: had0
Verify: hadifp
Verify: cador
Verify: cadan
Verify: cadbi123d
Verify: cadbi123i
Verify: cadcoma
Verify: cadcomb
Verify: cadrot
Verify: cadnot
Verify: cad11
Verify: cad1
Verify: cad0
Verify: cadifp
Verify: cadtru
Verify: minimp
Verify: minimp-syllsimp
Verify: minimp-ax1
Verify: minimp-ax2c
Verify: minimp-ax2
Verify: minimp-pm2.43
Verify: impsingle
Verify: impsingle-step4
Verify: impsingle-step8
Verify: impsingle-ax1
Verify: impsingle-step15
Verify: impsingle-step18
Verify: impsingle-step19
Verify: impsingle-step20
Verify: impsingle-step21
Verify: impsingle-step22
Verify: impsingle-step25
Verify: impsingle-imim1
Verify: impsingle-peirce
Verify: tarski-bernays-ax2
Verify: meredith
Verify: merlem1
Verify: merlem2
Verify: merlem3
Verify: merlem4
Verify: merlem5
Verify: merlem6
Verify: merlem7
Verify: merlem8
Verify: merlem9
Verify: merlem10
Verify: merlem11
Verify: merlem12
Verify: merlem13
Verify: luk-1
Verify: luk-2
Verify: luk-3
Verify: luklem1
Verify: luklem2
Verify: luklem3
Verify: luklem4
Verify: luklem5
Verify: luklem6
Verify: luklem7
Verify: luklem8
Verify: ax1
Verify: ax2
Verify: ax3
Verify: nic-dfim
Verify: nic-dfneg
Verify: nic-mp
Verify: nic-mpALT
Verify: nic-ax
Verify: nic-axALT
Verify: nic-imp
Verify: nic-idlem1
Verify: nic-idlem2
Verify: nic-id
Verify: nic-swap
Verify: nic-isw1
Verify: nic-isw2
Verify: nic-iimp1
Verify: nic-iimp2
Verify: nic-idel
Verify: nic-ich
Verify: nic-idbl
Verify: nic-bijust
Verify: nic-bi1
Verify: nic-bi2
Verify: nic-stdmp
Verify: nic-luk1
Verify: nic-luk2
Verify: nic-luk3
Verify: lukshef-ax1
Verify: lukshefth1
Verify: lukshefth2
Verify: renicax
Verify: tbw-bijust
Verify: tbw-negdf
Verify: tbw-ax1
Verify: tbw-ax2
Verify: tbw-ax3
Verify: tbw-ax4
Verify: tbwsyl
Verify: tbwlem1
Verify: tbwlem2
Verify: tbwlem3
Verify: tbwlem4
Verify: tbwlem5
Verify: re1luk1
Verify: re1luk2
Verify: re1luk3
Verify: merco1
Verify: merco1lem1
Verify: retbwax4
Verify: retbwax2
Verify: merco1lem2
Verify: merco1lem3
Verify: merco1lem4
Verify: merco1lem5
Verify: merco1lem6
Verify: merco1lem7
Verify: retbwax3
Verify: merco1lem8
Verify: merco1lem9
Verify: merco1lem10
Verify: merco1lem11
Verify: merco1lem12
Verify: merco1lem13
Verify: merco1lem14
Verify: merco1lem15
Verify: merco1lem16
Verify: merco1lem17
Verify: merco1lem18
Verify: retbwax1
Verify: merco2
Verify: mercolem1
Verify: mercolem2
Verify: mercolem3
Verify: mercolem4
Verify: mercolem5
Verify: mercolem6
Verify: mercolem7
Verify: mercolem8
Verify: re1tbw1
Verify: re1tbw2
Verify: re1tbw3
Verify: re1tbw4
Verify: rb-bijust
Verify: rb-imdf
Verify: anmp
Verify: rb-ax1
Verify: rb-ax2
Verify: rb-ax3
Verify: rb-ax4
Verify: rbsyl
Verify: rblem1
Verify: rblem2
Verify: rblem3
Verify: rblem4
Verify: rblem5
Verify: rblem6
Verify: rblem7
Verify: re1axmp
Verify: re2luk1
Verify: re2luk2
Verify: re2luk3
Verify: mptnan
Verify: mptxor
Verify: mtpor
Verify: mtpxor
Verify: stoic1a
Verify: stoic1b
Verify: stoic2a
Verify: stoic2b
Verify: stoic3
Verify: stoic4a
Verify: stoic4b
Verify: alnex
Verify: eximal
Verify: nf2
Verify: nf3
Verify: nf4
Verify: nfi
Verify: nfri
Verify: nfd
Verify: nfrd
Verify: nftht
Verify: nfntht
Verify: nfntht2
Verify: gen2
Verify: mpg
Verify: mpgbi
Verify: mpgbir
Verify: nex
Verify: nfth
Verify: nfnth
Verify: hbth
Verify: nftru
Verify: nffal
Verify: sptruw
Verify: altru
Verify: alfal
Verify: alim
Verify: alimi
Verify: 2alimi
Verify: ala1
Verify: al2im
Verify: al2imi
Verify: alanimi
Verify: alimdh
Verify: albi
Verify: albii
Verify: 2albii
Verify: 3albii
Verify: sylgt
Verify: sylg
Verify: alrimih
Verify: hbxfrbi
Verify: alex
Verify: exnal
Verify: 2nalexn
Verify: 2exnaln
Verify: 2nexaln
Verify: alimex
Verify: aleximi
Verify: alexbii
Verify: exim
Verify: eximi
Verify: 2eximi
Verify: eximii
Verify: exa1
Verify: 19.38
Verify: 19.38a
Verify: 19.38b
Verify: imnang
Verify: alinexa
Verify: exnalimn
Verify: alexn
Verify: 2exnexn
Verify: exbi
Verify: exbii
Verify: 2exbii
Verify: 3exbii
Verify: nfbiit
Verify: nfbii
Verify: nfxfr
Verify: nfxfrd
Verify: nfnbi
Verify: nfnt
Verify: nfn
Verify: nfnd
Verify: exanali
Verify: 2exanali
Verify: exancom
Verify: exan
Verify: alrimdh
Verify: eximdh
Verify: nexdh
Verify: albidh
Verify: exbidh
Verify: exsimpl
Verify: exsimpr
Verify: 19.26
Verify: 19.26-2
Verify: 19.26-3an
Verify: 19.29
Verify: 19.29r
Verify: 19.29r2
Verify: 19.29x
Verify: 19.35
Verify: 19.35i
Verify: 19.35ri
Verify: 19.25
Verify: 19.30
Verify: 19.43
Verify: 19.43OLD
Verify: 19.33
Verify: 19.33b
Verify: 19.40
Verify: 19.40-2
Verify: 19.40b
Verify: albiim
Verify: 2albiim
Verify: exintrbi
Verify: exintr
Verify: alsyl
Verify: nfimd
Verify: nfimt
Verify: nfim
Verify: nfand
Verify: nf3and
Verify: nfan
Verify: nfnan
Verify: nf3an
Verify: nfbid
Verify: nfbi
Verify: nfor
Verify: nf3or
Verify: empty
Verify: emptyex
Verify: emptyal
Verify: emptynf
Verify: ax5d
Verify: ax5e
Verify: ax5ea
Verify: nfv
Verify: nfvd
Verify: alimdv
Verify: eximdv
Verify: 2alimdv
Verify: 2eximdv
Verify: albidv
Verify: exbidv
Verify: nfbidv
Verify: 2albidv
Verify: 2exbidv
Verify: 3exbidv
Verify: 4exbidv
Verify: alrimiv
Verify: alrimivv
Verify: alrimdv
Verify: exlimiv
Verify: exlimiiv
Verify: exlimivv
Verify: exlimdv
Verify: exlimdvv
Verify: exlimddv
Verify: nexdv
Verify: 2ax5
Verify: stdpc5v
Verify: 19.21v
Verify: 19.32v
Verify: 19.31v
Verify: 19.23v
Verify: 19.23vv
Verify: pm11.53v
Verify: 19.36imv
Verify: 19.36iv
Verify: 19.37imv
Verify: 19.37iv
Verify: 19.41v
Verify: 19.41vv
Verify: 19.41vvv
Verify: 19.41vvvv
Verify: 19.42v
Verify: exdistr
Verify: exdistrv
Verify: 4exdistrv
Verify: 19.42vv
Verify: exdistr2
Verify: 19.42vvv
Verify: 3exdistr
Verify: 4exdistr
Verify: weq
Verify: speimfw
Verify: speimfwALT
Verify: spimfw
Verify: ax12i
Verify: ax6v
Verify: ax6ev
Verify: spimw
Verify: spimew
Verify: speiv
Verify: speivw
Verify: exgen
Verify: extru
Verify: 19.2
Verify: 19.2d
Verify: 19.8w
Verify: spnfw
Verify: spfalw
Verify: spvw
Verify: 19.3v
Verify: 19.8v
Verify: 19.9v
Verify: spimevw
Verify: spimvw
Verify: spsv
Verify: spvv
Verify: chvarvv
Verify: 19.39
Verify: 19.24
Verify: 19.34
Verify: 19.36v
Verify: 19.12vvv
Verify: 19.27v
Verify: 19.28v
Verify: 19.37v
Verify: 19.44v
Verify: 19.45v
Verify: equs4v
Verify: alequexv
Verify: exsbim
Verify: equsv
Verify: equsalvw
Verify: equsexvw
Verify: cbvaliw
Verify: cbvalivw
Verify: ax7v
Verify: ax7v1
Verify: ax7v2
Verify: equid
Verify: nfequid
Verify: equcomiv
Verify: ax6evr
Verify: ax7
Verify: equcomi
Verify: equcom
Verify: equcomd
Verify: equcoms
Verify: equtr
Verify: equtrr
Verify: equeuclr
Verify: equeucl
Verify: equequ1
Verify: equequ2
Verify: equtr2
Verify: stdpc6
Verify: equvinv
Verify: equvinva
Verify: equvelv
Verify: ax13b
Verify: spfw
Verify: spw
Verify: cbvalw
Verify: cbvalvw
Verify: cbvexvw
Verify: cbvaldvaw
Verify: cbvexdvaw
Verify: cbval2vw
Verify: cbvex2vw
Verify: cbvex4vw
Verify: alcomimw
Verify: excomimw
Verify: alcomw
Verify: excomw
Verify: hbn1fw
Verify: hbn1w
Verify: hba1w
Verify: hbe1w
Verify: hbalw
Verify: 19.8aw
Verify: exexw
Verify: spaev
Verify: cbvaev
Verify: aevlem0
Verify: aevlem
Verify: aeveq
Verify: aev
Verify: aev2
Verify: hbaev
Verify: naev
Verify: naev2
Verify: hbnaev
Verify: sbjust
Verify: dfsb
Verify: sbtlem
Verify: sbt
Verify: sbtru
Verify: stdpc4
Verify: sbtALT
Verify: 2stdpc4
Verify: sbi1
Verify: spsbim
Verify: spsbbi
Verify: sbimi
Verify: sb2imi
Verify: sbbii
Verify: 2sbbii
Verify: sbimdv
Verify: sbbidv
Verify: sban
Verify: sb3an
Verify: spsbe
Verify: sbequ
Verify: sbequi
Verify: sb6
Verify: 2sb6
Verify: sb1v
Verify: sbv
Verify: sbcom4
Verify: pm11.07
Verify: sbrimvw
Verify: sbrimvwOLD
Verify: sbbiiev
Verify: sbievw
Verify: sbievwOLD
Verify: sbiedvw
Verify: 2sbievw
Verify: sbcom3vv
Verify: sbievw2
Verify: sbco2vv
Verify: cbvsbv
Verify: sbco4lem
Verify: sbco4
Verify: equsb3
Verify: equsb3r
Verify: equsb1v
Verify: nsb
Verify: sbn1
Verify: wel
Verify: ax8v
Verify: ax8v1
Verify: ax8v2
Verify: ax8
Verify: elequ1
Verify: elsb1
Verify: cleljust
Verify: ax9v
Verify: ax9v1
Verify: ax9v2
Verify: ax9
Verify: elequ2
Verify: elequ2g
Verify: elsb2
Verify: elequ12
Verify: ru0
Verify: ax6dgen
Verify: ax10w
Verify: ax11w
Verify: ax11dgen
Verify: ax12wlem
Verify: ax12w
Verify: ax12dgen
Verify: ax12wdemo
Verify: ax13w
Verify: ax13dgen1
Verify: ax13dgen2
Verify: ax13dgen3
Verify: ax13dgen4
Verify: hbn1
Verify: hbe1
Verify: hbe1a
Verify: nf5-1
Verify: nf5i
Verify: nf5dh
Verify: nf5dv
Verify: nfnaew
Verify: nfe1
Verify: nfa1
Verify: nfna1
Verify: nfia1
Verify: nfnf1
Verify: modal5
Verify: nfs1v
Verify: alcoms
Verify: alcom
Verify: alrot3
Verify: alrot4
Verify: excom
Verify: excomim
Verify: excom13
Verify: exrot3
Verify: exrot4
Verify: hbal
Verify: hbald
Verify: sbal
Verify: sbalv
Verify: hbsbw
Verify: sbcom2
Verify: sbco4lemOLD
Verify: sbco4OLD
Verify: nfa2
Verify: nfexhe
Verify: nfexa2
Verify: ax12v
Verify: ax12v2
Verify: ax12ev2
Verify: 19.8a
Verify: 19.8ad
Verify: sp
Verify: spi
Verify: sps
Verify: 2sp
Verify: spsd
Verify: 19.2g
Verify: 19.21bi
Verify: 19.21bbi
Verify: 19.23bi
Verify: nexr
Verify: qexmid
Verify: nf5r
Verify: nf5ri
Verify: nf5rd
Verify: spimedv
Verify: spimefv
Verify: nfim1
Verify: nfan1
Verify: 19.3t
Verify: 19.3
Verify: 19.9d
Verify: 19.9t
Verify: 19.9
Verify: 19.21t
Verify: 19.21
Verify: stdpc5
Verify: 19.21-2
Verify: 19.23t
Verify: 19.23
Verify: alimd
Verify: alrimi
Verify: alrimdd
Verify: alrimd
Verify: eximd
Verify: exlimi
Verify: exlimd
Verify: exlimimdd
Verify: exlimdd
Verify: nexd
Verify: albid
Verify: exbid
Verify: nfbidf
Verify: 19.16
Verify: 19.17
Verify: 19.27
Verify: 19.28
Verify: 19.19
Verify: 19.36
Verify: 19.36i
Verify: 19.37
Verify: 19.32
Verify: 19.31
Verify: 19.41
Verify: 19.42
Verify: 19.44
Verify: 19.45
Verify: spimfv
Verify: chvarfv
Verify: cbv3v2
Verify: sbalex
Verify: sbalexOLD
Verify: sb4av
Verify: sbimd
Verify: sbbid
Verify: 2sbbid
Verify: sbequ1
Verify: sbequ2
Verify: stdpc7
Verify: sbequ12
Verify: sbequ12r
Verify: sbelx
Verify: sbequ12a
Verify: sbid
Verify: sbcov
Verify: sbcovOLD
Verify: sb6a
Verify: sbid2vw
Verify: axc16g
Verify: axc16
Verify: axc16gb
Verify: axc16nf
Verify: axc11v
Verify: axc11rv
Verify: drsb2
Verify: equsalv
Verify: equsexv
Verify: sbft
Verify: sbf
Verify: sbf2
Verify: sbh
Verify: hbs1
Verify: nfs1f
Verify: sb5
Verify: equs5av
Verify: 2sb5
Verify: dfsb7
Verify: sbn
Verify: sbex
Verify: nf5
Verify: nf6
Verify: nf5d
Verify: nf5di
Verify: 19.9h
Verify: 19.21h
Verify: 19.23h
Verify: exlimih
Verify: exlimdh
Verify: equsalhw
Verify: equsexhv
Verify: hba1
Verify: hbnt
Verify: hbn
Verify: hbnd
Verify: hbim1
Verify: hbimd
Verify: hbim
Verify: hban
Verify: hb3an
Verify: sbi2
Verify: sbim
Verify: sbrim
Verify: sblim
Verify: sbor
Verify: sbbi
Verify: sblbis
Verify: sbrbis
Verify: sbrbif
Verify: sbnf
Verify: sbiev
Verify: sbievOLD
Verify: sbiedw
Verify: axc7
Verify: axc7e
Verify: modal-b
Verify: 19.9ht
Verify: axc4
Verify: axc4i
Verify: nfal
Verify: nfex
Verify: hbex
Verify: nfnf
Verify: 19.12
Verify: nfald
Verify: nfexd
Verify: nfsbv
Verify: sbco2v
Verify: aaan
Verify: eeor
Verify: cbv3v
Verify: cbv1v
Verify: cbv2w
Verify: cbvaldw
Verify: cbvexdw
Verify: cbv3hv
Verify: cbvalv1
Verify: cbvexv1
Verify: cbval2v
Verify: cbvex2v
Verify: dvelimhw
Verify: pm11.53
Verify: 19.12vv
Verify: eean
Verify: eeanv
Verify: eeeanv
Verify: ee4anv
Verify: ee4anvOLD
Verify: sb8v
Verify: sb8f
Verify: sb8ef
Verify: 2sb8ef
Verify: sb6rfv
Verify: sbnf2
Verify: exsb
Verify: 2exsb
Verify: sbbib
Verify: sbbibvv
Verify: cbvsbvf
Verify: cleljustALT
Verify: cleljustALT2
Verify: equs5aALT
Verify: equs5eALT
Verify: axc11r
Verify: dral1v
Verify: drex1v
Verify: drnf1v
Verify: ax13v
Verify: ax13lem1
Verify: ax13
Verify: ax13lem2
Verify: nfeqf2
Verify: dveeq2
Verify: nfeqf1
Verify: dveeq1
Verify: nfeqf
Verify: axc9
Verify: ax6e
Verify: ax6
Verify: axc10
Verify: spimt
Verify: spim
Verify: spimed
Verify: spime
Verify: spimv
Verify: spimvALT
Verify: spimev
Verify: spv
Verify: spei
Verify: chvar
Verify: chvarv
Verify: cbv3
Verify: cbval
Verify: cbvex
Verify: cbvalv
Verify: cbvexv
Verify: cbv1
Verify: cbv2
Verify: cbv3h
Verify: cbv1h
Verify: cbv2h
Verify: cbvald
Verify: cbvexd
Verify: cbvaldva
Verify: cbvexdva
Verify: cbval2
Verify: cbvex2
Verify: cbval2vv
Verify: cbvex2vv
Verify: cbvex4v
Verify: equs4
Verify: equsal
Verify: equsex
Verify: equsexALT
Verify: equsalh
Verify: equsexh
Verify: axc15
Verify: ax12
Verify: ax12b
Verify: ax13ALT
Verify: axc11n
Verify: aecom
Verify: aecoms
Verify: naecoms
Verify: axc11
Verify: hbae
Verify: hbnae
Verify: nfae
Verify: nfnae
Verify: hbnaes
Verify: axc16i
Verify: axc16nfALT
Verify: dral2
Verify: dral1
Verify: dral1ALT
Verify: drex1
Verify: drex2
Verify: drnf1
Verify: drnf2
Verify: nfald2
Verify: nfexd2
Verify: exdistrf
Verify: dvelimf
Verify: dvelimdf
Verify: dvelimh
Verify: dvelim
Verify: dvelimv
Verify: dvelimnf
Verify: dveeq2ALT
Verify: equvini
Verify: equvel
Verify: equs5a
Verify: equs5e
Verify: equs45f
Verify: equs5
Verify: dveel1
Verify: dveel2
Verify: axc14
Verify: sb6x
Verify: sbequ5
Verify: sbequ6
Verify: sb5rf
Verify: sb6rf
Verify: ax12vALT
Verify: 2ax6elem
Verify: 2ax6e
Verify: 2sb5rf
Verify: 2sb6rf
Verify: sbel2x
Verify: sb4b
Verify: sb3b
Verify: sb3
Verify: sb1
Verify: sb2
Verify: sb4a
Verify: dfsb1
Verify: hbsb2
Verify: nfsb2
Verify: hbsb2a
Verify: sb4e
Verify: hbsb2e
Verify: hbsb3
Verify: nfs1
Verify: axc16ALT
Verify: axc16gALT
Verify: equsb1
Verify: equsb2
Verify: dfsb2
Verify: dfsb3
Verify: drsb1
Verify: sb2ae
Verify: sb6f
Verify: sb5f
Verify: nfsb4t
Verify: nfsb4
Verify: sbequ8
Verify: sbie
Verify: sbied
Verify: sbiedv
Verify: 2sbiev
Verify: sbcom3
Verify: sbco
Verify: sbid2
Verify: sbid2v
Verify: sbidm
Verify: sbco2
Verify: sbco2d
Verify: sbco3
Verify: sbcom
Verify: sbtrt
Verify: sbtr
Verify: sb8
Verify: sb8e
Verify: sb9
Verify: sb9i
Verify: sbhb
Verify: nfsbd
Verify: nfsb
Verify: hbsb
Verify: sb7f
Verify: sb7h
Verify: sb10f
Verify: sbal1
Verify: sbal2
Verify: 2sb8e
Verify: dfmoeu
Verify: dfeumo
Verify: mojust
Verify: dfmo
Verify: nexmo
Verify: exmo
Verify: moabs
Verify: moim
Verify: moimi
Verify: moimdv
Verify: mobi
Verify: mobii
Verify: mobidv
Verify: mobid
Verify: moa1
Verify: moan
Verify: moani
Verify: moor
Verify: mooran1
Verify: mooran2
Verify: nfmo1
Verify: nfmod2
Verify: nfmodv
Verify: nfmov
Verify: nfmod
Verify: nfmo
Verify: mof
Verify: mo3
Verify: mo
Verify: mo4
Verify: mo4f
Verify: eu3v
Verify: eujust
Verify: eujustALT
Verify: eu6lem
Verify: eu6
Verify: eu6im
Verify: euf
Verify: euex
Verify: eumo
Verify: eumoi
Verify: exmoeub
Verify: exmoeu
Verify: moeuex
Verify: moeu
Verify: eubi
Verify: eubii
Verify: eubidv
Verify: eubid
Verify: nfeu1ALT
Verify: nfeu1
Verify: nfeud2
Verify: nfeudw
Verify: nfeud
Verify: nfeuw
Verify: nfeu
Verify: dfeu
Verify: dfmo2
Verify: euequ
Verify: sb8eulem
Verify: sb8euv
Verify: sb8eu
Verify: sb8mo
Verify: cbvmovw
Verify: cbvmow
Verify: cbvmo
Verify: cbveuvw
Verify: cbveuw
Verify: cbveu
Verify: cbveuALT
Verify: eu2
Verify: eu1
Verify: euor
Verify: euorv
Verify: euor2
Verify: sbmo
Verify: eu4
Verify: euimmo
Verify: euim
Verify: moanimlem
Verify: moanimv
Verify: moanim
Verify: euan
Verify: moanmo
Verify: moaneu
Verify: euanv
Verify: mopick
Verify: moexexlem
Verify: 2moexv
Verify: moexexvw
Verify: 2moswapv
Verify: 2euswapv
Verify: 2euexv
Verify: 2exeuv
Verify: eupick
Verify: eupicka
Verify: eupickb
Verify: eupickbi
Verify: mopick2
Verify: moexex
Verify: moexexv
Verify: 2moex
Verify: 2euex
Verify: 2eumo
Verify: 2eu2ex
Verify: 2moswap
Verify: 2euswap
Verify: 2exeu
Verify: 2mo2
Verify: 2mo
Verify: 2mos
Verify: 2eu1
Verify: 2eu1v
Verify: 2eu2
Verify: 2eu3
Verify: 2eu4
Verify: 2eu5
Verify: 2eu6
Verify: 2eu7
Verify: 2eu8
Verify: euae
Verify: exists1
Verify: exists2
Verify: barbara
Verify: celarent
Verify: darii
Verify: dariiALT
Verify: ferio
Verify: barbarilem
Verify: barbari
Verify: barbariALT
Verify: celaront
Verify: cesare
Verify: camestres
Verify: festino
Verify: festinoALT
Verify: baroco
Verify: barocoALT
Verify: cesaro
Verify: camestros
Verify: datisi
Verify: disamis
Verify: ferison
Verify: bocardo
Verify: darapti
Verify: daraptiALT
Verify: felapton
Verify: calemes
Verify: dimatis
Verify: fresison
Verify: calemos
Verify: fesapo
Verify: bamalip
Verify: axia1
Verify: axia2
Verify: axia3
Verify: axin1
Verify: axin2
Verify: axio
Verify: axi4
Verify: axi5r
Verify: axial
Verify: axie1
Verify: axie2
Verify: axi9
Verify: axi10
Verify: axi12
Verify: axbnd
Verify: axexte
Verify: axextg
Verify: axextb
Verify: axextmo
Verify: nulmo
Verify: eleq1ab
Verify: cleljustab
Verify: abid
Verify: vexwt
Verify: vexw
Verify: vextru
Verify: nfsab1
Verify: hbab1
Verify: hbab
Verify: hbabg
Verify: nfsab
Verify: nfsabg
Verify: dfcleq
Verify: cvjust
Verify: ax9ALT
Verify: eleq2w2
Verify: eqriv
Verify: eqrdv
Verify: eqrdav
Verify: eqid
Verify: eqidd
Verify: eqeq1d
Verify: eqeq1dALT
Verify: eqeq1
Verify: eqeq1i
Verify: eqcomd
Verify: eqcom
Verify: eqcoms
Verify: eqcomi
Verify: neqcomd
Verify: eqeq2d
Verify: eqeq2
Verify: eqeq2i
Verify: eqeqan12d
Verify: eqeqan12rd
Verify: eqeq12d
Verify: eqeq12
Verify: eqeq12i
Verify: eqeqan12dALT
Verify: eqtr
Verify: eqtr2
Verify: eqtr3
Verify: eqtri
Verify: eqtr2i
Verify: eqtr3i
Verify: eqtr4i
Verify: 3eqtri
Verify: 3eqtrri
Verify: 3eqtr2i
Verify: 3eqtr2ri
Verify: 3eqtr3i
Verify: 3eqtr3ri
Verify: 3eqtr4i
Verify: 3eqtr4ri
Verify: eqtrd
Verify: eqtr2d
Verify: eqtr3d
Verify: eqtr4d
Verify: 3eqtrd
Verify: 3eqtrrd
Verify: 3eqtr2d
Verify: 3eqtr2rd
Verify: 3eqtr3d
Verify: 3eqtr3rd
Verify: 3eqtr4d
Verify: 3eqtr4rd
Verify: eqtrid
Verify: eqtr2id
Verify: eqtr3id
Verify: eqtr3di
Verify: eqtrdi
Verify: eqtr2di
Verify: eqtr4di
Verify: eqtr4id
Verify: sylan9eq
Verify: sylan9req
Verify: sylan9eqr
Verify: 3eqtr3g
Verify: 3eqtr3a
Verify: 3eqtr4g
Verify: 3eqtr4a
Verify: eq2tri
Verify: iseqsetvlem
Verify: iseqsetv-cleq
Verify: abbi
Verify: abbidv
Verify: abbii
Verify: abbid
Verify: abbib
Verify: cbvabv
Verify: cbvabw
Verify: cbvab
Verify: eqabbw
Verify: eqabcbw
Verify: dfclel
Verify: elex2
Verify: issettru
Verify: iseqsetv-clel
Verify: issetlem
Verify: elissetv
Verify: elisset
Verify: eleq1w
Verify: eleq2w
Verify: eleq1d
Verify: eleq2d
Verify: eleq2dALT
Verify: eleq1
Verify: eleq2
Verify: eleq12
Verify: eleq1i
Verify: eleq2i
Verify: eleq12i
Verify: eleq12d
Verify: eleq1a
Verify: eqeltri
Verify: eqeltrri
Verify: eleqtri
Verify: eleqtrri
Verify: eqeltrd
Verify: eqeltrrd
Verify: eleqtrd
Verify: eleqtrrd
Verify: eqeltrid
Verify: eqeltrrid
Verify: eleqtrid
Verify: eleqtrrid
Verify: eqeltrdi
Verify: eqeltrrdi
Verify: eleqtrdi
Verify: eleqtrrdi
Verify: 3eltr3i
Verify: 3eltr4i
Verify: 3eltr3d
Verify: 3eltr4d
Verify: 3eltr3g
Verify: 3eltr4g
Verify: eleq2s
Verify: eqneltri
Verify: eqneltrd
Verify: eqneltrrd
Verify: neleqtrd
Verify: neleqtrrd
Verify: nelneq
Verify: nelneq2
Verify: eqsb1
Verify: clelsb1
Verify: clelsb2
Verify: cleqh
Verify: hbxfreq
Verify: hblem
Verify: hblemg
Verify: eqabdv
Verify: eqabcdv
Verify: eqabi
Verify: abid1
Verify: abid2
Verify: eqab
Verify: eqabb
Verify: eqabcb
Verify: eqabrd
Verify: eqabri
Verify: eqabcri
Verify: clelab
Verify: clabel
Verify: sbab
Verify: nfcjust
Verify: nfci
Verify: nfcii
Verify: nfcr
Verify: nfcrALT
Verify: nfcri
Verify: nfcd
Verify: nfcrd
Verify: nfcrii
Verify: nfceqdf
Verify: nfceqi
Verify: nfcxfr
Verify: nfcxfrd
Verify: nfcv
Verify: nfcvd
Verify: nfab1
Verify: nfnfc1
Verify: clelsb1fw
Verify: clelsb1f
Verify: nfab
Verify: nfabg
Verify: nfaba1
Verify: nfaba1g
Verify: nfeqd
Verify: nfeld
Verify: nfnfc
Verify: nfeq
Verify: nfel
Verify: nfeq1
Verify: nfel1
Verify: nfeq2
Verify: nfel2
Verify: drnfc1
Verify: drnfc2
Verify: nfabdw
Verify: nfabd
Verify: nfabd2
Verify: dvelimdc
Verify: dvelimc
Verify: nfcvf
Verify: nfcvf2
Verify: cleqf
Verify: eqabf
Verify: abid2f
Verify: abid2fOLD
Verify: sbabel
Verify: neii
Verify: neir
Verify: nne
Verify: neneqd
Verify: neneq
Verify: neqned
Verify: neqne
Verify: neirr
Verify: exmidne
Verify: eqneqall
Verify: nonconne
Verify: necon3ad
Verify: necon3bd
Verify: necon2ad
Verify: necon2bd
Verify: necon1ad
Verify: necon1bd
Verify: necon4ad
Verify: necon4bd
Verify: necon3d
Verify: necon1d
Verify: necon2d
Verify: necon4d
Verify: necon3ai
Verify: necon3bi
Verify: necon1ai
Verify: necon1bi
Verify: necon2ai
Verify: necon2bi
Verify: necon4ai
Verify: necon3i
Verify: necon1i
Verify: necon2i
Verify: necon4i
Verify: necon3abid
Verify: necon3bbid
Verify: necon1abid
Verify: necon1bbid
Verify: necon4abid
Verify: necon4bbid
Verify: necon2abid
Verify: necon2bbid
Verify: necon3bid
Verify: necon4bid
Verify: necon3abii
Verify: necon3bbii
Verify: necon1abii
Verify: necon1bbii
Verify: necon2abii
Verify: necon2bbii
Verify: necon3bii
Verify: necom
Verify: necomi
Verify: necomd
Verify: nesym
Verify: nesymi
Verify: nesymir
Verify: neeq1d
Verify: neeq2d
Verify: neeq12d
Verify: neeq1
Verify: neeq2
Verify: neeq1i
Verify: neeq2i
Verify: neeq12i
Verify: eqnetrd
Verify: eqnetrrd
Verify: neeqtrd
Verify: eqnetri
Verify: eqnetrri
Verify: neeqtri
Verify: neeqtrri
Verify: neeqtrrd
Verify: eqnetrrid
Verify: 3netr3d
Verify: 3netr4d
Verify: 3netr3g
Verify: 3netr4g
Verify: nebi
Verify: pm13.18
Verify: pm13.181
Verify: pm2.61ine
Verify: pm2.21ddne
Verify: pm2.61ne
Verify: pm2.61dne
Verify: pm2.61dane
Verify: pm2.61da2ne
Verify: pm2.61da3ne
Verify: pm2.61iine
Verify: mteqand
Verify: neor
Verify: neanior
Verify: ne3anior
Verify: neorian
Verify: nemtbir
Verify: nelne1
Verify: nelne2
Verify: elnelneqd
Verify: elnelneq2d
Verify: nelelne
Verify: neneor
Verify: nfne
Verify: nfned
Verify: nabbib
Verify: neli
Verify: nelir
Verify: nelcon3d
Verify: neleq12d
Verify: neleq1
Verify: neleq2
Verify: nfnel
Verify: nfneld
Verify: nnel
Verify: elnelne1
Verify: elnelne2
Verify: pm2.24nel
Verify: pm2.61danel
Verify: rgen
Verify: ralel
Verify: rgenw
Verify: rgen2w
Verify: mprg
Verify: mprgbir
Verify: ralrid
Verify: raln
Verify: ralnex
Verify: dfrex2
Verify: nrex
Verify: alral
Verify: rexex
Verify: rextru
Verify: ralimi2
Verify: reximi2
Verify: ralimia
Verify: reximia
Verify: ralimiaa
Verify: ralimi
Verify: reximi
Verify: ral2imi
Verify: ralim
Verify: rexim
Verify: ralbii2
Verify: rexbii2
Verify: ralbiia
Verify: rexbiia
Verify: ralbii
Verify: rexbii
Verify: ralanid
Verify: rexanid
Verify: ralcom3
Verify: dfral2
Verify: rexnal
Verify: ralinexa
Verify: rexanali
Verify: ralbi
Verify: rexbi
Verify: ralrexbid
Verify: r19.35
Verify: r19.26m
Verify: r19.26
Verify: r19.26-3
Verify: ralbiim
Verify: r19.29
Verify: r19.29r
Verify: r19.29imd
Verify: r19.40
Verify: r19.30
Verify: r19.43
Verify: 3r19.43
Verify: 2ralimi
Verify: 3ralimi
Verify: 4ralimi
Verify: 5ralimi
Verify: 6ralimi
Verify: 2ralbii
Verify: 2rexbii
Verify: 3ralbii
Verify: 4ralbii
Verify: 2ralbiim
Verify: ralnex2
Verify: ralnex3
Verify: rexnal2
Verify: rexnal3
Verify: nrexralim
Verify: r19.26-2
Verify: 2r19.29
Verify: r19.29d2r
Verify: r2allem
Verify: r2exlem
Verify: hbralrimi
Verify: ralrimiv
Verify: ralrimiva
Verify: rexlimiva
Verify: rexlimiv
Verify: nrexdv
Verify: ralrimivw
Verify: rexlimivw
Verify: ralrimdv
Verify: rexlimdv
Verify: ralrimdva
Verify: rexlimdva
Verify: rexlimdvaa
Verify: rexlimdva2
Verify: r19.29an
Verify: rexlimdv3a
Verify: rexlimdvw
Verify: rexlimddv
Verify: r19.29a
Verify: ralimdv2
Verify: reximdv2
Verify: reximdvai
Verify: ralimdva
Verify: reximdva
Verify: ralimdv
Verify: reximdv
Verify: reximddv
Verify: reximddv3
Verify: reximssdv
Verify: ralbidv2
Verify: rexbidv2
Verify: ralbidva
Verify: rexbidva
Verify: ralbidv
Verify: rexbidv
Verify: r19.21v
Verify: r19.37v
Verify: r19.23v
Verify: r19.36v
Verify: r19.27v
Verify: r19.41v
Verify: r19.28v
Verify: r19.42v
Verify: r19.32v
Verify: r19.45v
Verify: r19.44v
Verify: r2al
Verify: r2ex
Verify: r3al
Verify: r3ex
Verify: rgen2
Verify: ralrimivv
Verify: rexlimivv
Verify: ralrimivva
Verify: ralrimdvv
Verify: rgen3
Verify: ralrimivvva
Verify: ralimdvva
Verify: reximdvva
Verify: ralimdvv
Verify: ralimdvvOLD
Verify: ralimd4v
Verify: ralimd4vOLD
Verify: ralimd6v
Verify: ralimd6vOLD
Verify: ralrimdvva
Verify: rexlimdvv
Verify: rexlimdvva
Verify: rexlimdvvva
Verify: reximddv2
Verify: r19.29vva
Verify: 2rexbiia
Verify: 2ralbidva
Verify: 2rexbidva
Verify: 2ralbidv
Verify: 2rexbidv
Verify: rexralbidv
Verify: 3ralbidv
Verify: 4ralbidv
Verify: 6ralbidv
Verify: r19.41vv
Verify: reeanlem
Verify: reeanv
Verify: 3reeanv
Verify: 2ralor
Verify: risset
Verify: nelb
Verify: rspw
Verify: cbvralvw
Verify: cbvrexvw
Verify: cbvraldva
Verify: cbvrexdva
Verify: cbvral2vw
Verify: cbvrex2vw
Verify: cbvral3vw
Verify: cbvral4vw
Verify: cbvral6vw
Verify: cbvral8vw
Verify: rsp
Verify: rspa
Verify: rspe
Verify: rspec
Verify: r19.21bi
Verify: r19.21be
Verify: r19.21t
Verify: r19.21
Verify: r19.23t
Verify: r19.23
Verify: ralrimi
Verify: ralrimia
Verify: rexlimi
Verify: ralimdaa
Verify: reximdai
Verify: r19.37
Verify: r19.41
Verify: ralrimd
Verify: rexlimd2
Verify: rexlimd
Verify: r19.29af2
Verify: r19.29af
Verify: reximd2a
Verify: ralbida
Verify: rexbida
Verify: ralbid
Verify: rexbid
Verify: rexbidvALT
Verify: rexbidvaALT
Verify: rsp2
Verify: rsp2e
Verify: rspec2
Verify: rspec3
Verify: r2alf
Verify: r2exf
Verify: 2ralbida
Verify: nfra1
Verify: nfre1
Verify: ralcom4
Verify: rexcom4
Verify: ralcom
Verify: rexcom
Verify: rexcom4a
Verify: ralrot3
Verify: ralcom13
Verify: rexcom13
Verify: rexrot4
Verify: 2ex2rexrot
Verify: nfra2w
Verify: hbra1
Verify: ralcomf
Verify: rexcomf
Verify: cbvralfw
Verify: cbvrexfw
Verify: cbvralw
Verify: cbvrexw
Verify: hbral
Verify: nfraldw
Verify: nfrexdw
Verify: nfralw
Verify: nfrexw
Verify: r19.12
Verify: reean
Verify: cbvralsvw
Verify: cbvrexsvw
Verify: cbvralsvwOLD
Verify: rexeq
Verify: raleq
Verify: raleqi
Verify: rexeqi
Verify: raleqdv
Verify: rexeqdv
Verify: raleqtrdv
Verify: rexeqtrdv
Verify: raleqtrrdv
Verify: rexeqtrrdv
Verify: raleqbidva
Verify: rexeqbidva
Verify: raleqbidvv
Verify: rexeqbidvv
Verify: raleqbi1dv
Verify: rexeqbi1dv
Verify: raleleq
Verify: raleqbii
Verify: rexeqbii
Verify: raleqbidv
Verify: rexeqbidv
Verify: cbvraldva2
Verify: cbvrexdva2
Verify: sbralie
Verify: sbralieALT
Verify: sbralieOLD
Verify: raleqf
Verify: rexeqf
Verify: raleqbid
Verify: rexeqbid
Verify: cbvralf
Verify: cbvrexf
Verify: cbvral
Verify: cbvrex
Verify: cbvralv
Verify: cbvrexv
Verify: cbvralsv
Verify: cbvrexsv
Verify: cbvral2v
Verify: cbvrex2v
Verify: cbvral3v
Verify: rgen2a
Verify: nfrald
Verify: nfrexd
Verify: nfral
Verify: nfrex
Verify: nfra2
Verify: ralcom2
Verify: reu5
Verify: reurmo
Verify: reurex
Verify: mormo
Verify: rmobiia
Verify: reubiia
Verify: rmobii
Verify: reubii
Verify: rmoanid
Verify: reuanid
Verify: 2reu2rex
Verify: rmobidva
Verify: reubidva
Verify: rmobidv
Verify: reubidv
Verify: reueubd
Verify: rmo5
Verify: nrexrmo
Verify: moel
Verify: cbvrmovw
Verify: cbvreuvw
Verify: rmobida
Verify: reubida
Verify: cbvrmow
Verify: cbvreuw
Verify: nfrmo1
Verify: nfreu1
Verify: nfrmow
Verify: nfreuw
Verify: rmoeq1
Verify: reueq1
Verify: rmoeqd
Verify: reueqd
Verify: reueqdv
Verify: reueqbidv
Verify: rmoeq1f
Verify: reueq1f
Verify: cbvreu
Verify: cbvrmo
Verify: cbvrmov
Verify: cbvreuv
Verify: nfrmod
Verify: nfreud
Verify: nfrmo
Verify: nfreu
Verify: rabbidva2
Verify: rabbia2
Verify: rabbiia
Verify: rabbii
Verify: rabbidva
Verify: rabbidv
Verify: rabbieq
Verify: rabswap
Verify: cbvrabv
Verify: rabeqcda
Verify: rabeqc
Verify: rabeqi
Verify: rabeq
Verify: rabeqdv
Verify: rabeqbidva
Verify: rabeqbidvaOLD
Verify: rabeqbidv
Verify: rabrabi
Verify: nfrab1
Verify: rabid
Verify: rabidim1
Verify: reqabi
Verify: rabrab
Verify: rabbida4
Verify: rabbida
Verify: rabbid
Verify: rabeqd
Verify: rabeqbida
Verify: rabbi
Verify: rabid2f
Verify: rabid2im
Verify: rabid2
Verify: rabeqf
Verify: cbvrabw
Verify: nfrabw
Verify: nfrab
Verify: cbvrab
Verify: vjust
Verify: dfv2
Verify: vex
Verify: elv
Verify: elvd
Verify: el2v
Verify: el3v
Verify: el3v3
Verify: eqv
Verify: eqvf
Verify: abv
Verify: abvALT
Verify: isset
Verify: cbvexeqsetf
Verify: issetft
Verify: issetf
Verify: isseti
Verify: issetri
Verify: eqvisset
Verify: elex
Verify: elexi
Verify: elexd
Verify: elex22
Verify: prcnel
Verify: ralv
Verify: rexv
Verify: reuv
Verify: rmov
Verify: rabab
Verify: rexcom4b
Verify: ceqsal1t
Verify: ceqsalt
Verify: ceqsralt
Verify: ceqsalg
Verify: ceqsalgALT
Verify: ceqsal
Verify: ceqsalALT
Verify: ceqsalv
Verify: ceqsralv
Verify: gencl
Verify: 2gencl
Verify: 3gencl
Verify: cgsexg
Verify: cgsex2g
Verify: cgsex4g
Verify: ceqsex
Verify: ceqsexv
Verify: ceqsexv2d
Verify: ceqsex2
Verify: ceqsex2v
Verify: ceqsex3v
Verify: ceqsex4v
Verify: ceqsex6v
Verify: ceqsex8v
Verify: gencbvex
Verify: gencbvex2
Verify: gencbval
Verify: sbhypf
Verify: spcimgft
Verify: spcimgfi1
Verify: spcgft
Verify: spcimgf
Verify: spcimegf
Verify: vtoclgft
Verify: vtocleg
Verify: vtoclg
Verify: vtocle
Verify: vtoclbg
Verify: vtocl
Verify: vtocldf
Verify: vtocld
Verify: vtocl2d
Verify: vtoclef
Verify: vtoclf
Verify: vtocl2
Verify: vtocl3
Verify: vtoclb
Verify: vtoclgf
Verify: vtoclg1f
Verify: vtocl2gf
Verify: vtocl3gf
Verify: vtocl2g
Verify: vtocl3g
Verify: vtoclgaf
Verify: vtoclga
Verify: vtocl2ga
Verify: vtocl2gaf
Verify: vtocl3gaf
Verify: vtocl3ga
Verify: vtocl4g
Verify: vtocl4ga
Verify: vtoclegft
Verify: vtoclri
Verify: spcgf
Verify: spcegf
Verify: spcimdv
Verify: spcdv
Verify: spcimedv
Verify: spcgv
Verify: spcegv
Verify: spcedv
Verify: spc2egv
Verify: spc2gv
Verify: spc2ed
Verify: spc2d
Verify: spc3egv
Verify: spc3gv
Verify: spcv
Verify: spcev
Verify: spc2ev
Verify: rspct
Verify: rspcdf
Verify: rspc
Verify: rspce
Verify: rspcimdv
Verify: rspcimedv
Verify: rspcdv
Verify: rspcedv
Verify: rspcebdv
Verify: rspcdv2
Verify: rspcv
Verify: rspccv
Verify: rspcva
Verify: rspccva
Verify: rspcev
Verify: rspcdva
Verify: rspcedvd
Verify: rspcedvdw
Verify: rspceb2dv
Verify: rspcime
Verify: rspceaimv
Verify: rspcedeq1vd
Verify: rspcedeq2vd
Verify: rspc2
Verify: rspc2gv
Verify: rspc2v
Verify: rspc2va
Verify: rspc2ev
Verify: 2rspcedvdw
Verify: rspc2dv
Verify: rspc3v
Verify: rspc3ev
Verify: 3rspcedvdw
Verify: rspc3dv
Verify: rspc4v
Verify: rspc6v
Verify: rspc8v
Verify: rspceeqv
Verify: ralxpxfr2d
Verify: rexraleqim
Verify: eqvincg
Verify: eqvinc
Verify: eqvincf
Verify: alexeqg
Verify: ceqex
Verify: ceqsexg
Verify: ceqsexgv
Verify: ceqsrexv
Verify: ceqsrexbv
Verify: ceqsralbv
Verify: ceqsrex2v
Verify: clel2g
Verify: clel2
Verify: clel3g
Verify: clel3
Verify: clel4g
Verify: clel4
Verify: clel5
Verify: pm13.183
Verify: rr19.3v
Verify: rr19.28v
Verify: elab6g
Verify: elabd2
Verify: elabd3
Verify: elabgt
Verify: elabgtOLD
Verify: elabgf
Verify: elabf
Verify: elabg
Verify: elabgw
Verify: elab2gw
Verify: elab
Verify: elab2g
Verify: elabd
Verify: elab2
Verify: elab4g
Verify: elab3gf
Verify: elab3g
Verify: elab3
Verify: elrabi
Verify: elrabf
Verify: rabtru
Verify: elrab3t
Verify: elrab
Verify: elrab3
Verify: elrabd
Verify: elrabrd
Verify: elrab2
Verify: elrab2w
Verify: ralab
Verify: ralrab
Verify: rexab
Verify: rexrab
Verify: ralab2
Verify: ralrab2
Verify: rexab2
Verify: rexrab2
Verify: reurab
Verify: abidnf
Verify: dedhb
Verify: class2seteq
Verify: nelrdva
Verify: eqeu
Verify: moeq
Verify: eueq
Verify: eueqi
Verify: eueq2
Verify: eueq3
Verify: moeq3
Verify: mosub
Verify: mo2icl
Verify: mob2
Verify: moi2
Verify: mob
Verify: moi
Verify: morex
Verify: euxfr2w
Verify: euxfrw
Verify: euxfr2
Verify: euxfr
Verify: euind
Verify: reu2
Verify: reu6
Verify: reu3
Verify: reu6i
Verify: eqreu
Verify: rmo4
Verify: reu4
Verify: reu7
Verify: reu8
Verify: rmo3f
Verify: rmo4f
Verify: reu2eqd
Verify: reueq
Verify: rmoeq
Verify: rmoan
Verify: rmoim
Verify: rmoimia
Verify: rmoimi
Verify: rmoimi2
Verify: 2reu5a
Verify: reuimrmo
Verify: 2reuswap
Verify: 2reuswap2
Verify: reuxfrd
Verify: reuxfr
Verify: reuxfr1d
Verify: reuxfr1ds
Verify: reuxfr1
Verify: reuind
Verify: 2rmorex
Verify: 2reu5lem1
Verify: 2reu5lem2
Verify: 2reu5lem3
Verify: 2reu5
Verify: 2reurmo
Verify: 2reurex
Verify: 2rmoswap
Verify: 2rexreu
Verify: cdeqi
Verify: cdeqri
Verify: cdeqth
Verify: cdeqnot
Verify: cdeqal
Verify: cdeqab
Verify: cdeqal1
Verify: cdeqab1
Verify: cdeqim
Verify: cdeqcv
Verify: cdeqeq
Verify: cdeqel
Verify: nfcdeq
Verify: nfccdeq
Verify: rru
Verify: ru
Verify: dfsbcq
Verify: dfsbcq2
Verify: sbsbc
Verify: sbceq1d
Verify: sbceq1dd
Verify: sbceqbid
Verify: sbc8g
Verify: sbc2or
Verify: sbcex
Verify: sbceq1a
Verify: sbceq2a
Verify: spsbc
Verify: spsbcd
Verify: sbcth
Verify: sbcthdv
Verify: sbcid
Verify: nfsbc1d
Verify: nfsbc1
Verify: nfsbc1v
Verify: nfsbcdw
Verify: nfsbcw
Verify: sbccow
Verify: nfsbcd
Verify: nfsbc
Verify: sbcco
Verify: sbcco2
Verify: sbc5
Verify: sbc5ALT
Verify: sbc6g
Verify: sbc6
Verify: sbc7
Verify: cbvsbcw
Verify: cbvsbcvw
Verify: cbvsbc
Verify: cbvsbcv
Verify: sbciegft
Verify: sbciegf
Verify: sbcieg
Verify: sbcie2g
Verify: sbcie
Verify: sbciedf
Verify: sbcied
Verify: sbcied2
Verify: elrabsf
Verify: eqsbc1
Verify: sbcng
Verify: sbcimg
Verify: sbcan
Verify: sbcor
Verify: sbcbig
Verify: sbcn1
Verify: sbcim1
Verify: sbcbid
Verify: sbcbidv
Verify: sbcbii
Verify: sbcbi1
Verify: sbcbi2
Verify: sbcal
Verify: sbcex2
Verify: sbceqal
Verify: sbeqalb
Verify: eqsbc2
Verify: sbc3an
Verify: sbcel1v
Verify: sbcel2gv
Verify: sbcel21v
Verify: sbcimdv
Verify: sbctt
Verify: sbcgf
Verify: sbc19.21g
Verify: sbcg
Verify: sbcgfi
Verify: sbc2iegf
Verify: sbc2ie
Verify: sbc2iedv
Verify: sbc3ie
Verify: sbccomlem
Verify: sbccomlemOLD
Verify: sbccom
Verify: sbcralt
Verify: sbcrext
Verify: sbcralg
Verify: sbcrex
Verify: sbcreu
Verify: reu8nf
Verify: sbcabel
Verify: rspsbc
Verify: rspsbca
Verify: rspesbca
Verify: spesbc
Verify: spesbcd
Verify: sbcth2
Verify: ra4v
Verify: ra4
Verify: rmo2
Verify: rmo2i
Verify: rmo3
Verify: rmob
Verify: rmoi
Verify: nrmod
Verify: rmob2
Verify: rmoi2
Verify: rmoanim
Verify: rmoanimALT
Verify: reuan
Verify: 2reu1
Verify: 2reu2
Verify: csb2
Verify: csbeq1
Verify: csbeq1d
Verify: csbeq2
Verify: csbeq2d
Verify: csbeq2dv
Verify: csbeq2i
Verify: csbeq12dv
Verify: cbvcsbw
Verify: cbvcsb
Verify: cbvcsbv
Verify: csbid
Verify: csbeq1a
Verify: csbcow
Verify: csbco
Verify: csbtt
Verify: csbconstgf
Verify: csbconstg
Verify: csbgfi
Verify: csbconstgi
Verify: nfcsb1d
Verify: nfcsb1
Verify: nfcsb1v
Verify: nfcsbd
Verify: nfcsbw
Verify: nfcsb
Verify: csbhypf
Verify: csbiebt
Verify: csbiedf
Verify: csbieb
Verify: csbiebg
Verify: csbiegf
Verify: csbief
Verify: csbie
Verify: csbied
Verify: csbied2
Verify: csbie2t
Verify: csbie2
Verify: csbie2g
Verify: cbvrabcsfw
Verify: cbvralcsf
Verify: cbvrexcsf
Verify: cbvreucsf
Verify: cbvrabcsf
Verify: cbvralv2
Verify: cbvrexv2
Verify: rspc2vd
Verify: difjust
Verify: unjust
Verify: injust
Verify: dfin5
Verify: dfdif2
Verify: eldif
Verify: eldifd
Verify: eldifad
Verify: eldifbd
Verify: elneeldif
Verify: velcomp
Verify: elin
Verify: dfss2
Verify: dfss
Verify: dfss3
Verify: dfss6
Verify: dfssf
Verify: dfss3f
Verify: nfss
Verify: ssel
Verify: ssel2
Verify: sseli
Verify: sselii
Verify: sselid
Verify: sseld
Verify: sselda
Verify: sseldd
Verify: ssneld
Verify: ssneldd
Verify: ssriv
Verify: ssrd
Verify: ssrdv
Verify: sstr2
Verify: sstr
Verify: sstri
Verify: sstrd
Verify: sstrid
Verify: sstrdi
Verify: sylan9ss
Verify: sylan9ssr
Verify: eqss
Verify: eqssi
Verify: eqssd
Verify: sssseq
Verify: eqrd
Verify: eqri
Verify: eqelssd
Verify: ssid
Verify: ssidd
Verify: ssv
Verify: sseq1
Verify: sseq2
Verify: sseq12
Verify: sseq1i
Verify: sseq2i
Verify: sseq12i
Verify: sseq1d
Verify: sseq2d
Verify: sseq12d
Verify: eqsstrd
Verify: eqsstrrd
Verify: sseqtrd
Verify: sseqtrrd
Verify: eqsstrid
Verify: eqsstrrid
Verify: sseqtrdi
Verify: sseqtrrdi
Verify: sseqtrid
Verify: sseqtrrid
Verify: eqsstrdi
Verify: eqsstrrdi
Verify: eqsstri
Verify: eqsstrri
Verify: sseqtri
Verify: sseqtrri
Verify: 3sstr3i
Verify: 3sstr4i
Verify: 3sstr3g
Verify: 3sstr4g
Verify: 3sstr3d
Verify: 3sstr4d
Verify: eqimssd
Verify: eqimsscd
Verify: eqimss
Verify: eqimss2
Verify: eqimssi
Verify: eqimss2i
Verify: nssne1
Verify: nssne2
Verify: nss
Verify: nssrex
Verify: nelss
Verify: ssrexf
Verify: ssrmof
Verify: ssralv
Verify: ssrexv
Verify: ss2ralv
Verify: ss2rexv
Verify: ralss
Verify: rexss
Verify: ralssOLD
Verify: rexssOLD
Verify: ss2abim
Verify: ss2ab
Verify: abss
Verify: ssab
Verify: ssabral
Verify: ss2abdv
Verify: ss2abi
Verify: abssdv
Verify: abssi
Verify: ss2rab
Verify: rabss
Verify: ssrab
Verify: ss2rabd
Verify: ssrabdv
Verify: rabssdv
Verify: ss2rabdv
Verify: ss2rabi
Verify: rabss2
Verify: rabss2OLD
Verify: ssab2
Verify: ssrab2
Verify: rabss3d
Verify: ssrab3
Verify: rabssrabd
Verify: ssrabeq
Verify: rabssab
Verify: eqrrabd
Verify: uniiunlem
Verify: dfpss2
Verify: dfpss3
Verify: psseq1
Verify: psseq2
Verify: psseq1i
Verify: psseq2i
Verify: psseq12i
Verify: psseq1d
Verify: psseq2d
Verify: psseq12d
Verify: pssss
Verify: pssne
Verify: pssssd
Verify: pssned
Verify: sspss
Verify: pssirr
Verify: pssirrOLD
Verify: pssn2lp
Verify: sspsstri
Verify: ssnpss
Verify: psstr
Verify: sspsstr
Verify: psssstr
Verify: psstrd
Verify: sspsstrd
Verify: psssstrd
Verify: npss
Verify: ssnelpss
Verify: ssnelpssd
Verify: ssexnelpss
Verify: dfdif3
Verify: dfdif3OLD
Verify: difeq1
Verify: difeq2
Verify: difeq12
Verify: difeq1i
Verify: difeq2i
Verify: difeq12i
Verify: difeq1d
Verify: difeq2d
Verify: difeq12d
Verify: difeqri
Verify: nfdif
Verify: eldifi
Verify: eldifn
Verify: elndif
Verify: neldif
Verify: difdif
Verify: difss
Verify: difssd
Verify: difss2
Verify: difss2d
Verify: ssdifss
Verify: ddif
Verify: ssconb
Verify: sscon
Verify: ssdif
Verify: ssdifd
Verify: sscond
Verify: ssdifssd
Verify: ssdif2d
Verify: raldifb
Verify: rexdifi
Verify: complss
Verify: compleq
Verify: elun
Verify: elunnel1
Verify: elunnel2
Verify: uneqri
Verify: unidm
Verify: uncom
Verify: equncom
Verify: equncomi
Verify: uneq1
Verify: uneq2
Verify: uneq12
Verify: uneq1i
Verify: uneq2i
Verify: uneq12i
Verify: uneq1d
Verify: uneq2d
Verify: uneq12d
Verify: nfun
Verify: unass
Verify: un12
Verify: un23
Verify: un4
Verify: unundi
Verify: unundir
Verify: ssun1
Verify: ssun2
Verify: ssun3
Verify: ssun4
Verify: elun1
Verify: elun2
Verify: elunant
Verify: unss1
Verify: ssequn1
Verify: unss2
Verify: unss12
Verify: ssequn2
Verify: unss
Verify: unssi
Verify: unssd
Verify: unssad
Verify: unssbd
Verify: ssun
Verify: rexun
Verify: ralunb
Verify: ralun
Verify: elini
Verify: elind
Verify: elinel1
Verify: elinel2
Verify: elin2
Verify: elin1d
Verify: elin2d
Verify: elin3
Verify: nel1nelin
Verify: nel2nelin
Verify: incom
Verify: ineqcom
Verify: ineqcomi
Verify: ineqri
Verify: ineq1
Verify: ineq2
Verify: ineq12
Verify: ineq1i
Verify: ineq2i
Verify: ineq12i
Verify: ineq1d
Verify: ineq2d
Verify: ineq12d
Verify: ineqan12d
Verify: sseqin2
Verify: nfin
Verify: rabbi2dva
Verify: inidm
Verify: inass
Verify: in12
Verify: in32
Verify: in13
Verify: in31
Verify: inrot
Verify: in4
Verify: inindi
Verify: inindir
Verify: inss1
Verify: inss2
Verify: ssin
Verify: ssini
Verify: typed-wff-training-0
Verify: typed-wff-training-1
