FFFF.                                                                    [100%]
=================================== FAILURES ===================================
__ test_materialized_cache_storage_counts_own_containers_once[atom_view-True] __

cache = 'atom_view', evidence = True

    @pytest.mark.parametrize("cache,evidence", [
        ("atom_view", True), ("edge_view", True),
        ("evidence_universe", True), ("evidence_universe", False),
    ])
    def test_materialized_cache_storage_counts_own_containers_once(cache, evidence):
        ks = _space(evidence)
        ks.atom_map()
        ks.edge_map()  # Existing index dictionaries already own and charge these entries.
        before = ks.index_resources()
        digest = ks.digest()
        value = ks.evidence_universe() if cache == "evidence_universe" else getattr(ks, cache)
        after = ks.index_resources()
>       assert after.memory_bytes - before.memory_bytes == sys.getsizeof(value)
E       AssertionError: assert (424 - 424) == 40
E        +  where 424 = ResourceVector(object_count=0, relation_count=0, warrant_size=0, index_size=5, navigation_steps=0, navigation_work=0, composition_work=0, memory_bytes=424, io_calls=0, verification_calls=0, update_work=0).memory_bytes
E        +  and   424 = ResourceVector(object_count=0, relation_count=0, warrant_size=0, index_size=5, navigation_steps=0, navigation_work=0, composition_work=0, memory_bytes=424, io_calls=0, verification_calls=0, update_work=0).memory_bytes
E        +  and   40 = <built-in function getsizeof>(mappingproxy({'a': Atom(atom_id='a', atom_type='claim', warrant=WarrantProfile(lower=(frozenset({'a-support'}),), uppe...thority(ranks=()), scope=Scope(contexts=None, epoch=(0, inf)), epoch=0, quarantined=False, content_ref=None, meta=())}))
E        +    where <built-in function getsizeof> = sys.getsizeof

tests/m1/test_space_cache_accounting.py:31: AssertionError
__ test_materialized_cache_storage_counts_own_containers_once[edge_view-True] __

cache = 'edge_view', evidence = True

    @pytest.mark.parametrize("cache,evidence", [
        ("atom_view", True), ("edge_view", True),
        ("evidence_universe", True), ("evidence_universe", False),
    ])
    def test_materialized_cache_storage_counts_own_containers_once(cache, evidence):
        ks = _space(evidence)
        ks.atom_map()
        ks.edge_map()  # Existing index dictionaries already own and charge these entries.
        before = ks.index_resources()
        digest = ks.digest()
        value = ks.evidence_universe() if cache == "evidence_universe" else getattr(ks, cache)
        after = ks.index_resources()
>       assert after.memory_bytes - before.memory_bytes == sys.getsizeof(value)
E       AssertionError: assert (424 - 424) == 40
E        +  where 424 = ResourceVector(object_count=0, relation_count=0, warrant_size=0, index_size=5, navigation_steps=0, navigation_work=0, composition_work=0, memory_bytes=424, io_calls=0, verification_calls=0, update_work=0).memory_bytes
E        +  and   424 = ResourceVector(object_count=0, relation_count=0, warrant_size=0, index_size=5, navigation_steps=0, navigation_work=0, composition_work=0, memory_bytes=424, io_calls=0, verification_calls=0, update_work=0).memory_bytes
E        +  and   40 = <built-in function getsizeof>(mappingproxy({'e': Hyperedge(edge_id='e', tails=('a',), heads=('b',), relation_type='SUPPORT', weight=Fraction(1, 1), ...pport'}),)), authority=Authority(ranks=()), scope=Scope(contexts=None, epoch=(0, inf)), executable_ref=None, meta=())}))
E        +    where <built-in function getsizeof> = sys.getsizeof

tests/m1/test_space_cache_accounting.py:31: AssertionError
_ test_materialized_cache_storage_counts_own_containers_once[evidence_universe-True] _

cache = 'evidence_universe', evidence = True

    @pytest.mark.parametrize("cache,evidence", [
        ("atom_view", True), ("edge_view", True),
        ("evidence_universe", True), ("evidence_universe", False),
    ])
    def test_materialized_cache_storage_counts_own_containers_once(cache, evidence):
        ks = _space(evidence)
        ks.atom_map()
        ks.edge_map()  # Existing index dictionaries already own and charge these entries.
        before = ks.index_resources()
        digest = ks.digest()
        value = ks.evidence_universe() if cache == "evidence_universe" else getattr(ks, cache)
        after = ks.index_resources()
>       assert after.memory_bytes - before.memory_bytes == sys.getsizeof(value)
E       AssertionError: assert (424 - 424) == 216
E        +  where 424 = ResourceVector(object_count=0, relation_count=0, warrant_size=0, index_size=5, navigation_steps=0, navigation_work=0, composition_work=0, memory_bytes=424, io_calls=0, verification_calls=0, update_work=0).memory_bytes
E        +  and   424 = ResourceVector(object_count=0, relation_count=0, warrant_size=0, index_size=5, navigation_steps=0, navigation_work=0, composition_work=0, memory_bytes=424, io_calls=0, verification_calls=0, update_work=0).memory_bytes
E        +  and   216 = <built-in function getsizeof>(frozenset({'a-support', 'b-support', 'edge-support'}))
E        +    where <built-in function getsizeof> = sys.getsizeof

tests/m1/test_space_cache_accounting.py:31: AssertionError
_ test_materialized_cache_storage_counts_own_containers_once[evidence_universe-False] _

cache = 'evidence_universe', evidence = False

    @pytest.mark.parametrize("cache,evidence", [
        ("atom_view", True), ("edge_view", True),
        ("evidence_universe", True), ("evidence_universe", False),
    ])
    def test_materialized_cache_storage_counts_own_containers_once(cache, evidence):
        ks = _space(evidence)
        ks.atom_map()
        ks.edge_map()  # Existing index dictionaries already own and charge these entries.
        before = ks.index_resources()
        digest = ks.digest()
        value = ks.evidence_universe() if cache == "evidence_universe" else getattr(ks, cache)
        after = ks.index_resources()
>       assert after.memory_bytes - before.memory_bytes == sys.getsizeof(value)
E       assert (424 - 424) == 216
E        +  where 424 = ResourceVector(object_count=0, relation_count=0, warrant_size=0, index_size=5, navigation_steps=0, navigation_work=0, composition_work=0, memory_bytes=424, io_calls=0, verification_calls=0, update_work=0).memory_bytes
E        +  and   424 = ResourceVector(object_count=0, relation_count=0, warrant_size=0, index_size=5, navigation_steps=0, navigation_work=0, composition_work=0, memory_bytes=424, io_calls=0, verification_calls=0, update_work=0).memory_bytes
E        +  and   216 = <built-in function getsizeof>(frozenset())
E        +    where <built-in function getsizeof> = sys.getsizeof

tests/m1/test_space_cache_accounting.py:31: AssertionError
- generated xml file: /home/billy/orion-director-work/20260906/ocm-pr90-accounting/research/ocm-prototype/results/pr90-cache-accounting-port-20260906/raw/red.xml -
=========================== short test summary info ============================
FAILED tests/m1/test_space_cache_accounting.py::test_materialized_cache_storage_counts_own_containers_once[atom_view-True]
FAILED tests/m1/test_space_cache_accounting.py::test_materialized_cache_storage_counts_own_containers_once[edge_view-True]
FAILED tests/m1/test_space_cache_accounting.py::test_materialized_cache_storage_counts_own_containers_once[evidence_universe-True]
FAILED tests/m1/test_space_cache_accounting.py::test_materialized_cache_storage_counts_own_containers_once[evidence_universe-False]
4 failed, 1 passed in 0.05s
